src/components/gallery/masonry-gallery-grid.tsx(85,25): error TS2345: Argument of type '(item: GalleryItem) => JSX.Element' is not assignable to parameter of type '(value: GallerySubmission, index: number, array: GallerySubmission[]) => Element'.
  Types of parameters 'item' and 'value' are incompatible.
    Type 'GallerySubmission' is missing the following properties from type 'GalleryItem': customerName, tankSize
src/components/recommendations/product-recommendations.tsx(142,9): error TS2769: No overload matches this call.
  Overload 1 of 3, '(options: DefinedInitialDataOptions<unknown, Error, unknown, string[]>, queryClient?: QueryClient | undefined): DefinedUseQueryResult<unknown, Error>', gave the following error.
    Type '(params?: ProductQueryParams | undefined) => Promise<{ products: Product[]; }>' is not assignable to type 'QueryFunction<unknown, string[]>'.
      Types of parameters 'params' and 'context' are incompatible.
        Type '{ client: QueryClient; queryKey: string[]; signal: AbortSignal; meta: Record<string, unknown> | undefined; pageParam?: unknown; direction?: unknown; }' has no properties in common with type 'ProductQueryParams'.
  Overload 2 of 3, '(options: UndefinedInitialDataOptions<{ products: Product[]; }, Error, { products: Product[]; }, string[]>, queryClient?: QueryClient | undefined): UseQueryResult<...>', gave the following error.
    Type '(params?: ProductQueryParams | undefined) => Promise<{ products: Product[]; }>' is not assignable to type 'unique symbol | QueryFunction<{ products: Product[]; }, string[], never> | undefined'.
      Type '(params?: ProductQueryParams | undefined) => Promise<{ products: Product[]; }>' is not assignable to type 'QueryFunction<{ products: Product[]; }, string[], never>'.
        Types of parameters 'params' and 'context' are incompatible.
          Type '{ client: QueryClient; queryKey: string[]; signal: AbortSignal; meta: Record<string, unknown> | undefined; pageParam?: unknown; direction?: unknown; }' has no properties in common with type 'ProductQueryParams'.
  Overload 3 of 3, '(options: UseQueryOptions<{ products: Product[]; }, Error, { products: Product[]; }, string[]>, queryClient?: QueryClient | undefined): UseQueryResult<...>', gave the following error.
    Type '(params?: ProductQueryParams | undefined) => Promise<{ products: Product[]; }>' is not assignable to type 'unique symbol | QueryFunction<{ products: Product[]; }, string[], never> | undefined'.
      Type '(params?: ProductQueryParams | undefined) => Promise<{ products: Product[]; }>' is not assignable to type 'QueryFunction<{ products: Product[]; }, string[], never>'.
        Types of parameters 'params' and 'context' are incompatible.
          Type '{ client: QueryClient; queryKey: string[]; signal: AbortSignal; meta: Record<string, unknown> | undefined; pageParam?: unknown; direction?: unknown; }' has no properties in common with type 'ProductQueryParams'.
src/components/recommendations/product-recommendations.tsx(146,20): error TS2339: Property 'products' does not exist on type '{}'.
src/components/recommendations/product-recommendations.tsx(148,29): error TS2339: Property 'products' does not exist on type '{}'.
src/components/recommendations/product-recommendations.tsx(148,46): error TS7006: Parameter 'p' implicitly has an 'any' type.
src/components/recommendations/product-recommendations.tsx(152,51): error TS7006: Parameter 'p' implicitly has an 'any' type.
src/components/recommendations/product-recommendations.tsx(153,52): error TS7006: Parameter 'p' implicitly has an 'any' type.
src/components/recommendations/product-recommendations.tsx(156,32): error TS7006: Parameter 'a' implicitly has an 'any' type.
src/components/recommendations/product-recommendations.tsx(156,35): error TS7006: Parameter 'b' implicitly has an 'any' type.
src/components/recommendations/product-recommendations.tsx(157,33): error TS7006: Parameter 'a' implicitly has an 'any' type.
src/components/recommendations/product-recommendations.tsx(157,36): error TS7006: Parameter 'b' implicitly has an 'any' type.
src/components/recommendations/product-recommendations.tsx(162,28): error TS7006: Parameter 'a' implicitly has an 'any' type.
src/components/recommendations/product-recommendations.tsx(162,31): error TS7006: Parameter 'b' implicitly has an 'any' type.
src/components/recommendations/product-recommendations.tsx(208,39): error TS7006: Parameter 'product' implicitly has an 'any' type.
src/components/recommendations/product-recommendations.tsx(230,9): error TS2769: No overload matches this call.
  Overload 1 of 3, '(options: DefinedInitialDataOptions<unknown, Error, unknown, string[]>, queryClient?: QueryClient | undefined): DefinedUseQueryResult<unknown, Error>', gave the following error.
    Type '(params?: ProductQueryParams | undefined) => Promise<{ products: Product[]; }>' is not assignable to type 'QueryFunction<unknown, string[]>'.
      Types of parameters 'params' and 'context' are incompatible.
        Type '{ client: QueryClient; queryKey: string[]; signal: AbortSignal; meta: Record<string, unknown> | undefined; pageParam?: unknown; direction?: unknown; }' has no properties in common with type 'ProductQueryParams'.
  Overload 2 of 3, '(options: UndefinedInitialDataOptions<{ products: Product[]; }, Error, { products: Product[]; }, string[]>, queryClient?: QueryClient | undefined): UseQueryResult<...>', gave the following error.
    Type '(params?: ProductQueryParams | undefined) => Promise<{ products: Product[]; }>' is not assignable to type 'unique symbol | QueryFunction<{ products: Product[]; }, string[], never> | undefined'.
      Type '(params?: ProductQueryParams | undefined) => Promise<{ products: Product[]; }>' is not assignable to type 'QueryFunction<{ products: Product[]; }, string[], never>'.
        Types of parameters 'params' and 'context' are incompatible.
          Type '{ client: QueryClient; queryKey: string[]; signal: AbortSignal; meta: Record<string, unknown> | undefined; pageParam?: unknown; direction?: unknown; }' has no properties in common with type 'ProductQueryParams'.
  Overload 3 of 3, '(options: UseQueryOptions<{ products: Product[]; }, Error, { products: Product[]; }, string[]>, queryClient?: QueryClient | undefined): UseQueryResult<...>', gave the following error.
    Type '(params?: ProductQueryParams | undefined) => Promise<{ products: Product[]; }>' is not assignable to type 'unique symbol | QueryFunction<{ products: Product[]; }, string[], never> | undefined'.
      Type '(params?: ProductQueryParams | undefined) => Promise<{ products: Product[]; }>' is not assignable to type 'QueryFunction<{ products: Product[]; }, string[], never>'.
        Types of parameters 'params' and 'context' are incompatible.
          Type '{ client: QueryClient; queryKey: string[]; signal: AbortSignal; meta: Record<string, unknown> | undefined; pageParam?: unknown; direction?: unknown; }' has no properties in common with type 'ProductQueryParams'.
src/components/recommendations/product-recommendations.tsx(234,20): error TS2339: Property 'products' does not exist on type '{}'.
src/components/recommendations/product-recommendations.tsx(236,21): error TS2339: Property 'products' does not exist on type '{}'.
src/components/recommendations/product-recommendations.tsx(237,22): error TS7006: Parameter 'p' implicitly has an 'any' type.
src/components/recommendations/product-recommendations.tsx(247,20): error TS7006: Parameter 'a' implicitly has an 'any' type.
src/components/recommendations/product-recommendations.tsx(247,23): error TS7006: Parameter 'b' implicitly has an 'any' type.
src/components/recommendations/product-recommendations.tsx(273,39): error TS7006: Parameter 'product' implicitly has an 'any' type.
src/components/recommendations/product-recommendations.tsx(297,9): error TS2769: No overload matches this call.
  Overload 1 of 3, '(options: DefinedInitialDataOptions<unknown, Error, unknown, string[]>, queryClient?: QueryClient | undefined): DefinedUseQueryResult<unknown, Error>', gave the following error.
    Type '(params?: ProductQueryParams | undefined) => Promise<{ products: Product[]; }>' is not assignable to type 'QueryFunction<unknown, string[]>'.
      Types of parameters 'params' and 'context' are incompatible.
        Type '{ client: QueryClient; queryKey: string[]; signal: AbortSignal; meta: Record<string, unknown> | undefined; pageParam?: unknown; direction?: unknown; }' has no properties in common with type 'ProductQueryParams'.
  Overload 2 of 3, '(options: UndefinedInitialDataOptions<{ products: Product[]; }, Error, { products: Product[]; }, string[]>, queryClient?: QueryClient | undefined): UseQueryResult<...>', gave the following error.
    Type '(params?: ProductQueryParams | undefined) => Promise<{ products: Product[]; }>' is not assignable to type 'unique symbol | QueryFunction<{ products: Product[]; }, string[], never> | undefined'.
      Type '(params?: ProductQueryParams | undefined) => Promise<{ products: Product[]; }>' is not assignable to type 'QueryFunction<{ products: Product[]; }, string[], never>'.
        Types of parameters 'params' and 'context' are incompatible.
          Type '{ client: QueryClient; queryKey: string[]; signal: AbortSignal; meta: Record<string, unknown> | undefined; pageParam?: unknown; direction?: unknown; }' has no properties in common with type 'ProductQueryParams'.
  Overload 3 of 3, '(options: UseQueryOptions<{ products: Product[]; }, Error, { products: Product[]; }, string[]>, queryClient?: QueryClient | undefined): UseQueryResult<...>', gave the following error.
    Type '(params?: ProductQueryParams | undefined) => Promise<{ products: Product[]; }>' is not assignable to type 'unique symbol | QueryFunction<{ products: Product[]; }, string[], never> | undefined'.
      Type '(params?: ProductQueryParams | undefined) => Promise<{ products: Product[]; }>' is not assignable to type 'QueryFunction<{ products: Product[]; }, string[], never>'.
        Types of parameters 'params' and 'context' are incompatible.
          Type '{ client: QueryClient; queryKey: string[]; signal: AbortSignal; meta: Record<string, unknown> | undefined; pageParam?: unknown; direction?: unknown; }' has no properties in common with type 'ProductQueryParams'.
src/components/recommendations/product-recommendations.tsx(301,20): error TS2339: Property 'products' does not exist on type '{}'.
src/components/recommendations/product-recommendations.tsx(305,31): error TS2339: Property 'products' does not exist on type '{}'.
src/components/recommendations/product-recommendations.tsx(305,46): error TS7006: Parameter 'p' implicitly has an 'any' type.
src/components/recommendations/product-recommendations.tsx(354,9): error TS2769: No overload matches this call.
  Overload 1 of 3, '(options: DefinedInitialDataOptions<unknown, Error, unknown, string[]>, queryClient?: QueryClient | undefined): DefinedUseQueryResult<unknown, Error>', gave the following error.
    Type '(params?: ProductQueryParams | undefined) => Promise<{ products: Product[]; }>' is not assignable to type 'QueryFunction<unknown, string[]>'.
      Types of parameters 'params' and 'context' are incompatible.
        Type '{ client: QueryClient; queryKey: string[]; signal: AbortSignal; meta: Record<string, unknown> | undefined; pageParam?: unknown; direction?: unknown; }' has no properties in common with type 'ProductQueryParams'.
  Overload 2 of 3, '(options: UndefinedInitialDataOptions<{ products: Product[]; }, Error, { products: Product[]; }, string[]>, queryClient?: QueryClient | undefined): UseQueryResult<...>', gave the following error.
    Type '(params?: ProductQueryParams | undefined) => Promise<{ products: Product[]; }>' is not assignable to type 'unique symbol | QueryFunction<{ products: Product[]; }, string[], never> | undefined'.
      Type '(params?: ProductQueryParams | undefined) => Promise<{ products: Product[]; }>' is not assignable to type 'QueryFunction<{ products: Product[]; }, string[], never>'.
        Types of parameters 'params' and 'context' are incompatible.
          Type '{ client: QueryClient; queryKey: string[]; signal: AbortSignal; meta: Record<string, unknown> | undefined; pageParam?: unknown; direction?: unknown; }' has no properties in common with type 'ProductQueryParams'.
  Overload 3 of 3, '(options: UseQueryOptions<{ products: Product[]; }, Error, { products: Product[]; }, string[]>, queryClient?: QueryClient | undefined): UseQueryResult<...>', gave the following error.
    Type '(params?: ProductQueryParams | undefined) => Promise<{ products: Product[]; }>' is not assignable to type 'unique symbol | QueryFunction<{ products: Product[]; }, string[], never> | undefined'.
      Type '(params?: ProductQueryParams | undefined) => Promise<{ products: Product[]; }>' is not assignable to type 'QueryFunction<{ products: Product[]; }, string[], never>'.
        Types of parameters 'params' and 'context' are incompatible.
          Type '{ client: QueryClient; queryKey: string[]; signal: AbortSignal; meta: Record<string, unknown> | undefined; pageParam?: unknown; direction?: unknown; }' has no properties in common with type 'ProductQueryParams'.
src/components/recommendations/product-recommendations.tsx(358,20): error TS2339: Property 'products' does not exist on type '{}'.
src/components/recommendations/product-recommendations.tsx(362,31): error TS2339: Property 'products' does not exist on type '{}'.
src/components/recommendations/product-recommendations.tsx(362,46): error TS7006: Parameter 'p' implicitly has an 'any' type.
src/components/search/global-search.tsx(88,5): error TS2769: No overload matches this call.
  Overload 1 of 3, '(options: DefinedInitialDataOptions<{ products: Product[]; }, Error, { products: Product[]; }, readonly unknown[]>, queryClient?: QueryClient | undefined): DefinedUseQueryResult<...>', gave the following error.
    Type '(params?: ProductQueryParams | undefined) => Promise<{ products: Product[]; }>' is not assignable to type 'QueryFunction<{ products: Product[]; }, readonly unknown[]>'.
      Types of parameters 'params' and 'context' are incompatible.
        Type '{ client: QueryClient; queryKey: readonly unknown[]; signal: AbortSignal; meta: Record<string, unknown> | undefined; pageParam?: unknown; direction?: unknown; }' has no properties in common with type 'ProductQueryParams'.
  Overload 2 of 3, '(options: UndefinedInitialDataOptions<{ products: Product[]; }, Error, { products: Product[]; }, readonly unknown[]>, queryClient?: QueryClient | undefined): UseQueryResult<...>', gave the following error.
    Type '(params?: ProductQueryParams | undefined) => Promise<{ products: Product[]; }>' is not assignable to type 'unique symbol | QueryFunction<{ products: Product[]; }, readonly unknown[], never> | undefined'.
      Type '(params?: ProductQueryParams | undefined) => Promise<{ products: Product[]; }>' is not assignable to type 'QueryFunction<{ products: Product[]; }, readonly unknown[], never>'.
        Types of parameters 'params' and 'context' are incompatible.
          Type '{ client: QueryClient; queryKey: readonly unknown[]; signal: AbortSignal; meta: Record<string, unknown> | undefined; pageParam?: unknown; direction?: unknown; }' has no properties in common with type 'ProductQueryParams'.
  Overload 3 of 3, '(options: UseQueryOptions<{ products: Product[]; }, Error, { products: Product[]; }, readonly unknown[]>, queryClient?: QueryClient | undefined): UseQueryResult<...>', gave the following error.
    Type '(params?: ProductQueryParams | undefined) => Promise<{ products: Product[]; }>' is not assignable to type 'unique symbol | QueryFunction<{ products: Product[]; }, readonly unknown[], never> | undefined'.
      Type '(params?: ProductQueryParams | undefined) => Promise<{ products: Product[]; }>' is not assignable to type 'QueryFunction<{ products: Product[]; }, readonly unknown[], never>'.
        Types of parameters 'params' and 'context' are incompatible.
          Type '{ client: QueryClient; queryKey: readonly unknown[]; signal: AbortSignal; meta: Record<string, unknown> | undefined; pageParam?: unknown; direction?: unknown; }' has no properties in common with type 'ProductQueryParams'.
src/components/search/global-search.tsx(129,12): error TS2339: Property 'products' does not exist on type 'NonNullable<NoInfer<TQueryFnData>>'.
src/components/search/global-search.tsx(129,37): error TS7006: Parameter 'product' implicitly has an 'any' type.
src/components/search/search-dialog.tsx(17,80): error TS2769: No overload matches this call.
  Overload 1 of 3, '(options: DefinedInitialDataOptions<{ products: Product[]; }, Error, { products: Product[]; }, readonly unknown[]>, queryClient?: QueryClient | undefined): DefinedUseQueryResult<...>', gave the following error.
    Type '(params?: ProductQueryParams | undefined) => Promise<{ products: Product[]; }>' is not assignable to type 'QueryFunction<{ products: Product[]; }, readonly unknown[]>'.
      Types of parameters 'params' and 'context' are incompatible.
        Type '{ client: QueryClient; queryKey: readonly unknown[]; signal: AbortSignal; meta: Record<string, unknown> | undefined; pageParam?: unknown; direction?: unknown; }' has no properties in common with type 'ProductQueryParams'.
  Overload 2 of 3, '(options: UndefinedInitialDataOptions<{ products: Product[]; }, Error, { products: Product[]; }, readonly unknown[]>, queryClient?: QueryClient | undefined): UseQueryResult<...>', gave the following error.
    Type '(params?: ProductQueryParams | undefined) => Promise<{ products: Product[]; }>' is not assignable to type 'unique symbol | QueryFunction<{ products: Product[]; }, readonly unknown[], never> | undefined'.
      Type '(params?: ProductQueryParams | undefined) => Promise<{ products: Product[]; }>' is not assignable to type 'QueryFunction<{ products: Product[]; }, readonly unknown[], never>'.
        Types of parameters 'params' and 'context' are incompatible.
          Type '{ client: QueryClient; queryKey: readonly unknown[]; signal: AbortSignal; meta: Record<string, unknown> | undefined; pageParam?: unknown; direction?: unknown; }' has no properties in common with type 'ProductQueryParams'.
  Overload 3 of 3, '(options: UseQueryOptions<{ products: Product[]; }, Error, { products: Product[]; }, readonly unknown[]>, queryClient?: QueryClient | undefined): UseQueryResult<...>', gave the following error.
    Type '(params?: ProductQueryParams | undefined) => Promise<{ products: Product[]; }>' is not assignable to type 'unique symbol | QueryFunction<{ products: Product[]; }, readonly unknown[], never> | undefined'.
      Type '(params?: ProductQueryParams | undefined) => Promise<{ products: Product[]; }>' is not assignable to type 'QueryFunction<{ products: Product[]; }, readonly unknown[], never>'.
        Types of parameters 'params' and 'context' are incompatible.
          Type '{ client: QueryClient; queryKey: readonly unknown[]; signal: AbortSignal; meta: Record<string, unknown> | undefined; pageParam?: unknown; direction?: unknown; }' has no properties in common with type 'ProductQueryParams'.
src/components/search/search-dialog.tsx(27,28): error TS2339: Property 'products' does not exist on type 'NonNullable<NoInfer<TQueryFnData>>'.
src/components/search/search-dialog.tsx(27,51): error TS7006: Parameter 'product' implicitly has an 'any' type.
src/lib/recommendations.ts(38,9): error TS2322: Type 'Record<string, unknown>' is not assignable to type 'ProductSpecification'.
  'string' index signatures are incompatible.
    Type 'unknown' is not assignable to type 'string | number | boolean | null | undefined'.
src/pages/deals.tsx(21,5): error TS2769: No overload matches this call.
  Overload 1 of 3, '(options: DefinedInitialDataOptions<unknown, Error, unknown, string[]>, queryClient?: QueryClient | undefined): DefinedUseQueryResult<unknown, Error>', gave the following error.
    Type '(params?: ProductQueryParams | undefined) => Promise<{ products: Product[]; }>' is not assignable to type 'QueryFunction<unknown, string[]>'.
      Types of parameters 'params' and 'context' are incompatible.
        Type '{ client: QueryClient; queryKey: string[]; signal: AbortSignal; meta: Record<string, unknown> | undefined; pageParam?: unknown; direction?: unknown; }' has no properties in common with type 'ProductQueryParams'.
  Overload 2 of 3, '(options: UndefinedInitialDataOptions<{ products: Product[]; }, Error, { products: Product[]; }, string[]>, queryClient?: QueryClient | undefined): UseQueryResult<...>', gave the following error.
    Type '(params?: ProductQueryParams | undefined) => Promise<{ products: Product[]; }>' is not assignable to type 'unique symbol | QueryFunction<{ products: Product[]; }, string[], never> | undefined'.
      Type '(params?: ProductQueryParams | undefined) => Promise<{ products: Product[]; }>' is not assignable to type 'QueryFunction<{ products: Product[]; }, string[], never>'.
        Types of parameters 'params' and 'context' are incompatible.
          Type '{ client: QueryClient; queryKey: string[]; signal: AbortSignal; meta: Record<string, unknown> | undefined; pageParam?: unknown; direction?: unknown; }' has no properties in common with type 'ProductQueryParams'.
  Overload 3 of 3, '(options: UseQueryOptions<{ products: Product[]; }, Error, { products: Product[]; }, string[]>, queryClient?: QueryClient | undefined): UseQueryResult<...>', gave the following error.
    Type '(params?: ProductQueryParams | undefined) => Promise<{ products: Product[]; }>' is not assignable to type 'unique symbol | QueryFunction<{ products: Product[]; }, string[], never> | undefined'.
      Type '(params?: ProductQueryParams | undefined) => Promise<{ products: Product[]; }>' is not assignable to type 'QueryFunction<{ products: Product[]; }, string[], never>'.
        Types of parameters 'params' and 'context' are incompatible.
          Type '{ client: QueryClient; queryKey: string[]; signal: AbortSignal; meta: Record<string, unknown> | undefined; pageParam?: unknown; direction?: unknown; }' has no properties in common with type 'ProductQueryParams'.
src/pages/deals.tsx(28,31): error TS2339: Property 'products' does not exist on type '{}'.
src/pages/journey.tsx(107,5): error TS2769: No overload matches this call.
  Overload 1 of 3, '(options: DefinedInitialDataOptions<unknown, Error, unknown, string[]>, queryClient?: QueryClient | undefined): DefinedUseQueryResult<unknown, Error>', gave the following error.
    Type '(params?: ProductQueryParams | undefined) => Promise<{ products: Product[]; }>' is not assignable to type 'QueryFunction<unknown, string[]>'.
      Types of parameters 'params' and 'context' are incompatible.
        Type '{ client: QueryClient; queryKey: string[]; signal: AbortSignal; meta: Record<string, unknown> | undefined; pageParam?: unknown; direction?: unknown; }' has no properties in common with type 'ProductQueryParams'.
  Overload 2 of 3, '(options: UndefinedInitialDataOptions<{ products: Product[]; }, Error, { products: Product[]; }, string[]>, queryClient?: QueryClient | undefined): UseQueryResult<...>', gave the following error.
    Type '(params?: ProductQueryParams | undefined) => Promise<{ products: Product[]; }>' is not assignable to type 'unique symbol | QueryFunction<{ products: Product[]; }, string[], never> | undefined'.
      Type '(params?: ProductQueryParams | undefined) => Promise<{ products: Product[]; }>' is not assignable to type 'QueryFunction<{ products: Product[]; }, string[], never>'.
        Types of parameters 'params' and 'context' are incompatible.
          Type '{ client: QueryClient; queryKey: string[]; signal: AbortSignal; meta: Record<string, unknown> | undefined; pageParam?: unknown; direction?: unknown; }' has no properties in common with type 'ProductQueryParams'.
  Overload 3 of 3, '(options: UseQueryOptions<{ products: Product[]; }, Error, { products: Product[]; }, string[]>, queryClient?: QueryClient | undefined): UseQueryResult<...>', gave the following error.
    Type '(params?: ProductQueryParams | undefined) => Promise<{ products: Product[]; }>' is not assignable to type 'unique symbol | QueryFunction<{ products: Product[]; }, string[], never> | undefined'.
      Type '(params?: ProductQueryParams | undefined) => Promise<{ products: Product[]; }>' is not assignable to type 'QueryFunction<{ products: Product[]; }, string[], never>'.
        Types of parameters 'params' and 'context' are incompatible.
          Type '{ client: QueryClient; queryKey: string[]; signal: AbortSignal; meta: Record<string, unknown> | undefined; pageParam?: unknown; direction?: unknown; }' has no properties in common with type 'ProductQueryParams'.
src/pages/journey.tsx(261,24): error TS2339: Property 'products' does not exist on type '{}'.
src/pages/journey.tsx(263,35): error TS2339: Property 'products' does not exist on type '{}'.
src/pages/journey.tsx(277,35): error TS2339: Property 'toLowerCase' does not exist on type 'string | number | boolean'.
  Property 'toLowerCase' does not exist on type 'number'.
src/pages/journey.tsx(1770,38): error TS2339: Property 'products' does not exist on type '{}'.
src/pages/product-details.tsx(98,5): error TS2769: No overload matches this call.
  Overload 1 of 3, '(options: DefinedInitialDataOptions<unknown, Error, unknown, string[]>, queryClient?: QueryClient | undefined): DefinedUseQueryResult<unknown, Error>', gave the following error.
    Type '(params?: ProductQueryParams | undefined) => Promise<{ products: Product[]; }>' is not assignable to type 'QueryFunction<unknown, string[]>'.
      Types of parameters 'params' and 'context' are incompatible.
        Type '{ client: QueryClient; queryKey: string[]; signal: AbortSignal; meta: Record<string, unknown> | undefined; pageParam?: unknown; direction?: unknown; }' has no properties in common with type 'ProductQueryParams'.
  Overload 2 of 3, '(options: UndefinedInitialDataOptions<{ products: Product[]; }, Error, { products: Product[]; }, string[]>, queryClient?: QueryClient | undefined): UseQueryResult<...>', gave the following error.
    Type '(params?: ProductQueryParams | undefined) => Promise<{ products: Product[]; }>' is not assignable to type 'unique symbol | QueryFunction<{ products: Product[]; }, string[], never> | undefined'.
      Type '(params?: ProductQueryParams | undefined) => Promise<{ products: Product[]; }>' is not assignable to type 'QueryFunction<{ products: Product[]; }, string[], never>'.
        Types of parameters 'params' and 'context' are incompatible.
          Type '{ client: QueryClient; queryKey: string[]; signal: AbortSignal; meta: Record<string, unknown> | undefined; pageParam?: unknown; direction?: unknown; }' has no properties in common with type 'ProductQueryParams'.
  Overload 3 of 3, '(options: UseQueryOptions<{ products: Product[]; }, Error, { products: Product[]; }, string[]>, queryClient?: QueryClient | undefined): UseQueryResult<...>', gave the following error.
    Type '(params?: ProductQueryParams | undefined) => Promise<{ products: Product[]; }>' is not assignable to type 'unique symbol | QueryFunction<{ products: Product[]; }, string[], never> | undefined'.
      Type '(params?: ProductQueryParams | undefined) => Promise<{ products: Product[]; }>' is not assignable to type 'QueryFunction<{ products: Product[]; }, string[], never>'.
        Types of parameters 'params' and 'context' are incompatible.
          Type '{ client: QueryClient; queryKey: string[]; signal: AbortSignal; meta: Record<string, unknown> | undefined; pageParam?: unknown; direction?: unknown; }' has no properties in common with type 'ProductQueryParams'.
src/pages/product-details.tsx(101,44): error TS2339: Property 'products' does not exist on type '{}'.
src/pages/product-details.tsx(102,15): error TS7006: Parameter 'p' implicitly has an 'any' type.
