
> aquavo@1.0.0 test
> vitest


[1m[46m RUN [49m[22m [36mv4.0.15 [39m[90mC:/Users/jaafa/Desktop/upload/FishWebClean[39m

stderr | client/src/hooks/__tests__/use-pwa.test.ts > usePWA > Initial State > should start with default values
An update to TestComponent inside a test was not wrapped in act(...).

When testing, code that causes React state updates should be wrapped into act(...):

act(() => {
  /* fire events that update state */
});
/* assert on the output */

This ensures that you're testing the behavior the user would see in the browser. Learn more at https://react.dev/link/wrap-tests-with-act

stderr | .claude/worktrees/jovial-germain-89e4df/client/src/hooks/__tests__/use-pwa.test.ts > usePWA > Initial State > should start with default values
An update to TestComponent inside a test was not wrapped in act(...).

When testing, code that causes React state updates should be wrapped into act(...):

act(() => {
  /* fire events that update state */
});
/* assert on the output */

This ensures that you're testing the behavior the user would see in the browser. Learn more at https://react.dev/link/wrap-tests-with-act

stderr | .claude/worktrees/hardcore-noether-c55378/client/src/hooks/__tests__/use-pwa.test.ts > usePWA > Initial State > should start with default values
An update to TestComponent inside a test was not wrapped in act(...).

When testing, code that causes React state updates should be wrapped into act(...):

act(() => {
  /* fire events that update state */
});
/* assert on the output */

This ensures that you're testing the behavior the user would see in the browser. Learn more at https://react.dev/link/wrap-tests-with-act

stderr | client/src/hooks/__tests__/use-pwa.test.ts > usePWA > Initial State > should detect standalone mode as installed
An update to TestComponent inside a test was not wrapped in act(...).

When testing, code that causes React state updates should be wrapped into act(...):

act(() => {
  /* fire events that update state */
});
/* assert on the output */

This ensures that you're testing the behavior the user would see in the browser. Learn more at https://react.dev/link/wrap-tests-with-act

stderr | .claude/worktrees/jovial-germain-89e4df/client/src/hooks/__tests__/use-pwa.test.ts > usePWA > Initial State > should detect standalone mode as installed
An update to TestComponent inside a test was not wrapped in act(...).

When testing, code that causes React state updates should be wrapped into act(...):

act(() => {
  /* fire events that update state */
});
/* assert on the output */

This ensures that you're testing the behavior the user would see in the browser. Learn more at https://react.dev/link/wrap-tests-with-act

stderr | .claude/worktrees/hardcore-noether-c55378/client/src/hooks/__tests__/use-pwa.test.ts > usePWA > Initial State > should detect standalone mode as installed
An update to TestComponent inside a test was not wrapped in act(...).

When testing, code that causes React state updates should be wrapped into act(...):

act(() => {
  /* fire events that update state */
});
/* assert on the output */

This ensures that you're testing the behavior the user would see in the browser. Learn more at https://react.dev/link/wrap-tests-with-act

 [31m❯[39m client/src/components/effects/__tests__/effects.test.tsx [2m([22m[2m16 tests[22m[2m | [22m[31m16 failed[39m[2m)[22m[32m 132[2mms[22m[39m
[31m     [31m×[31m should render the progress bar[39m[32m 37[2mms[22m[39m
[31m     [31m×[31m should have fixed positioning[39m[32m 11[2mms[22m[39m
[31m     [31m×[31m should start with 0% width[39m[32m 5[2mms[22m[39m
[31m     [31m×[31m should update progress on scroll[39m[32m 4[2mms[22m[39m
[31m     [31m×[31m should have correct z-index for visibility[39m[32m 5[2mms[22m[39m
[31m     [31m×[31m should be pointer-events-none[39m[32m 2[2mms[22m[39m
[31m     [31m×[31m should render the FAB container[39m[32m 7[2mms[22m[39m
[31m     [31m×[31m should have fixed positioning[39m[32m 2[2mms[22m[39m
[31m     [31m×[31m should be hidden initially when not scrolled[39m[32m 5[2mms[22m[39m
[31m     [31m×[31m should show button after scrolling past threshold[39m[32m 4[2mms[22m[39m
[31m     [31m×[31m should call scrollTo when clicked[39m[32m 4[2mms[22m[39m
[31m     [31m×[31m should have aria-label for accessibility[39m[32m 2[2mms[22m[39m
[31m     [31m×[31m should have LTR direction[39m[32m 5[2mms[22m[39m
[31m     [31m×[31m should have rounded button[39m[32m 4[2mms[22m[39m
[31m     [31m×[31m ScrollProgress renders without crashing[39m[32m 19[2mms[22m[39m
[31m     [31m×[31m FloatingActionButton renders without crashing[39m[32m 10[2mms[22m[39m
 [31m❯[39m .claude/worktrees/hardcore-noether-c55378/client/src/contexts/__tests__/auth-context.test.tsx [2m([22m[2m8 tests[22m[2m | [22m[31m7 failed[39m[2m)[22m[32m 143[2mms[22m[39m
[31m       [31m×[31m should start with loading state and check auth on mount[39m[32m 61[2mms[22m[39m
[31m       [31m×[31m should set user if auth check succeeds[39m[32m 10[2mms[22m[39m
[31m       [31m×[31m should login successfully and set user[39m[32m 18[2mms[22m[39m
[31m       [31m×[31m should handle login failure[39m[32m 5[2mms[22m[39m
[31m       [31m×[31m should logout and clear user[39m[32m 12[2mms[22m[39m
[31m       [31m×[31m should set isAdmin true for admin users[39m[32m 8[2mms[22m[39m
[31m       [31m×[31m should set isAdmin false for regular users[39m[32m 5[2mms[22m[39m
       [32m✓[39m should throw error when used outside AuthProvider[32m 17[2mms[22m[39m
 [31m❯[39m client/src/__tests__/cart.test.tsx [2m([22m[2m12 tests[22m[2m | [22m[31m12 failed[39m[2m)[22m[32m 124[2mms[22m[39m
[31m     [31m×[31m should add item to cart[39m[32m 65[2mms[22m[39m
[31m     [31m×[31m should update item quantity in cart[39m[32m 9[2mms[22m[39m
[31m     [31m×[31m should remove item from cart[39m[32m 8[2mms[22m[39m
[31m     [31m×[31m should calculate total price correctly[39m[32m 6[2mms[22m[39m
[31m     [31m×[31m should clear entire cart[39m[32m 9[2mms[22m[39m
[31m     [31m×[31m should not exceed stock limit[39m[32m 7[2mms[22m[39m
[31m     [31m×[31m should increase quantity when adding same product[39m[32m 2[2mms[22m[39m
[31m     [31m×[31m should persist cart to localStorage[39m[32m 6[2mms[22m[39m
[31m     [31m×[31m should display cart items[39m[32m 1[2mms[22m[39m
[31m     [31m×[31m should show empty cart message when cart is empty[39m[32m 1[2mms[22m[39m
[31m     [31m×[31m should calculate and display total price[39m[32m 1[2mms[22m[39m
[31m     [31m×[31m should generate invoice with correct details[39m[32m 1[2mms[22m[39m
 [31m❯[39m .claude/worktrees/jovial-germain-89e4df/client/src/components/ui/__tests__/error-boundary.test.tsx [2m([22m[2m12 tests[22m[2m | [22m[31m7 failed[39m[2m)[22m[32m 221[2mms[22m[39m
       [32m✓[39m should render children when no error[32m 83[2mms[22m[39m
       [32m✓[39m should render multiple children[32m 15[2mms[22m[39m
[31m       [31m×[31m should catch errors and show fallback UI[39m[32m 24[2mms[22m[39m
[31m       [31m×[31m should show retry button[39m[32m 12[2mms[22m[39m
[31m       [31m×[31m should call onError callback when error occurs[39m[32m 9[2mms[22m[39m
       [32m✓[39m should render custom fallback when provided[32m 16[2mms[22m[39m
       [32m✓[39m should not show default UI when custom fallback provided[32m 11[2mms[22m[39m
[31m       [31m×[31m should have clickable retry button[39m[32m 12[2mms[22m[39m
[31m       [31m×[31m should show descriptive error message[39m[32m 7[2mms[22m[39m
       [32m✓[39m should catch error at nearest boundary[32m 12[2mms[22m[39m
[31m       [31m×[31m should have accessible retry button[39m[32m 6[2mms[22m[39m
[31m       [31m×[31m should have descriptive error text[39m[32m 5[2mms[22m[39m
 [31m❯[39m .claude/worktrees/hardcore-noether-c55378/client/src/components/ui/__tests__/error-boundary.test.tsx [2m([22m[2m12 tests[22m[2m | [22m[31m7 failed[39m[2m)[22m[32m 224[2mms[22m[39m
       [32m✓[39m should render children when no error[32m 78[2mms[22m[39m
       [32m✓[39m should render multiple children[32m 13[2mms[22m[39m
[31m       [31m×[31m should catch errors and show fallback UI[39m[32m 28[2mms[22m[39m
[31m       [31m×[31m should show retry button[39m[32m 15[2mms[22m[39m
[31m       [31m×[31m should call onError callback when error occurs[39m[32m 11[2mms[22m[39m
       [32m✓[39m should render custom fallback when provided[32m 16[2mms[22m[39m
       [32m✓[39m should not show default UI when custom fallback provided[32m 8[2mms[22m[39m
[31m       [31m×[31m should have clickable retry button[39m[32m 15[2mms[22m[39m
[31m       [31m×[31m should show descriptive error message[39m[32m 6[2mms[22m[39m
       [32m✓[39m should catch error at nearest boundary[32m 9[2mms[22m[39m
[31m       [31m×[31m should have accessible retry button[39m[32m 6[2mms[22m[39m
[31m       [31m×[31m should have descriptive error text[39m[32m 7[2mms[22m[39m
stderr | client/src/hooks/__tests__/use-pwa.test.ts > usePWA > promptInstall > should be a function
An update to TestComponent inside a test was not wrapped in act(...).

When testing, code that causes React state updates should be wrapped into act(...):

act(() => {
  /* fire events that update state */
});
/* assert on the output */

This ensures that you're testing the behavior the user would see in the browser. Learn more at https://react.dev/link/wrap-tests-with-act

stderr | .claude/worktrees/hardcore-noether-c55378/client/src/hooks/__tests__/use-pwa.test.ts > usePWA > promptInstall > should be a function
An update to TestComponent inside a test was not wrapped in act(...).

When testing, code that causes React state updates should be wrapped into act(...):

act(() => {
  /* fire events that update state */
});
/* assert on the output */

This ensures that you're testing the behavior the user would see in the browser. Learn more at https://react.dev/link/wrap-tests-with-act

stderr | .claude/worktrees/jovial-germain-89e4df/client/src/hooks/__tests__/use-pwa.test.ts > usePWA > promptInstall > should be a function
An update to TestComponent inside a test was not wrapped in act(...).

When testing, code that causes React state updates should be wrapped into act(...):

act(() => {
  /* fire events that update state */
});
/* assert on the output */

This ensures that you're testing the behavior the user would see in the browser. Learn more at https://react.dev/link/wrap-tests-with-act

stderr | client/src/hooks/__tests__/use-pwa.test.ts > usePWA > updateApp > should be a function
An update to TestComponent inside a test was not wrapped in act(...).

When testing, code that causes React state updates should be wrapped into act(...):

act(() => {
  /* fire events that update state */
});
/* assert on the output */

This ensures that you're testing the behavior the user would see in the browser. Learn more at https://react.dev/link/wrap-tests-with-act

stderr | .claude/worktrees/jovial-germain-89e4df/client/src/hooks/__tests__/use-pwa.test.ts > usePWA > updateApp > should be a function
An update to TestComponent inside a test was not wrapped in act(...).

When testing, code that causes React state updates should be wrapped into act(...):

act(() => {
  /* fire events that update state */
});
/* assert on the output */

This ensures that you're testing the behavior the user would see in the browser. Learn more at https://react.dev/link/wrap-tests-with-act

stderr | .claude/worktrees/hardcore-noether-c55378/client/src/hooks/__tests__/use-pwa.test.ts > usePWA > updateApp > should be a function
An update to TestComponent inside a test was not wrapped in act(...).

When testing, code that causes React state updates should be wrapped into act(...):

act(() => {
  /* fire events that update state */
});
/* assert on the output */

This ensures that you're testing the behavior the user would see in the browser. Learn more at https://react.dev/link/wrap-tests-with-act

 [31m❯[39m client/src/hooks/__tests__/use-pwa.test.ts [2m([22m[2m12 tests[22m[2m | [22m[31m1 failed[39m[2m)[22m[33m 1128[2mms[22m[39m
       [32m✓[39m should start with default values[32m 26[2mms[22m[39m
       [32m✓[39m should detect standalone mode as installed[32m 6[2mms[22m[39m
       [32m✓[39m should update isOnline when going offline[32m 9[2mms[22m[39m
       [32m✓[39m should update isOnline when coming back online[32m 8[2mms[22m[39m
[31m       [31m×[31m should register service worker on mount[39m[33m 1037[2mms[22m[39m
       [32m✓[39m should be a function[32m 7[2mms[22m[39m
       [32m✓[39m should do nothing if no deferred prompt[32m 11[2mms[22m[39m
       [32m✓[39m should be a function[32m 10[2mms[22m[39m
     [32m✓[39m should return false if Notification API not supported[32m 3[2mms[22m[39m
     [32m✓[39m should return true if permission already granted[32m 1[2mms[22m[39m
     [32m✓[39m should return false if permission denied[32m 0[2mms[22m[39m
     [32m✓[39m should request permission if not decided[32m 1[2mms[22m[39m
 [31m❯[39m .claude/worktrees/hardcore-noether-c55378/client/src/hooks/__tests__/use-pwa.test.ts [2m([22m[2m12 tests[22m[2m | [22m[31m1 failed[39m[2m)[22m[33m 1132[2mms[22m[39m
       [32m✓[39m should start with default values[32m 26[2mms[22m[39m
       [32m✓[39m should detect standalone mode as installed[32m 6[2mms[22m[39m
       [32m✓[39m should update isOnline when going offline[32m 12[2mms[22m[39m
       [32m✓[39m should update isOnline when coming back online[32m 5[2mms[22m[39m
[31m       [31m×[31m should register service worker on mount[39m[33m 1037[2mms[22m[39m
       [32m✓[39m should be a function[32m 9[2mms[22m[39m
       [32m✓[39m should do nothing if no deferred prompt[32m 13[2mms[22m[39m
       [32m✓[39m should be a function[32m 6[2mms[22m[39m
     [32m✓[39m should return false if Notification API not supported[32m 6[2mms[22m[39m
     [32m✓[39m should return true if permission already granted[32m 2[2mms[22m[39m
     [32m✓[39m should return false if permission denied[32m 0[2mms[22m[39m
     [32m✓[39m should request permission if not decided[32m 5[2mms[22m[39m
 [31m❯[39m .claude/worktrees/jovial-germain-89e4df/client/src/hooks/__tests__/use-pwa.test.ts [2m([22m[2m12 tests[22m[2m | [22m[31m1 failed[39m[2m)[22m[33m 1131[2mms[22m[39m
       [32m✓[39m should start with default values[32m 26[2mms[22m[39m
       [32m✓[39m should detect standalone mode as installed[32m 6[2mms[22m[39m
       [32m✓[39m should update isOnline when going offline[32m 11[2mms[22m[39m
       [32m✓[39m should update isOnline when coming back online[32m 5[2mms[22m[39m
[31m       [31m×[31m should register service worker on mount[39m[33m 1035[2mms[22m[39m
       [32m✓[39m should be a function[32m 7[2mms[22m[39m
       [32m✓[39m should do nothing if no deferred prompt[32m 14[2mms[22m[39m
       [32m✓[39m should be a function[32m 11[2mms[22m[39m
     [32m✓[39m should return false if Notification API not supported[32m 1[2mms[22m[39m
     [32m✓[39m should return true if permission already granted[32m 1[2mms[22m[39m
     [32m✓[39m should return false if permission denied[32m 0[2mms[22m[39m
     [32m✓[39m should request permission if not decided[32m 6[2mms[22m[39m
 [32m✓[39m client/src/lib/__tests__/sentry.test.ts [2m([22m[2m13 tests[22m[2m)[22m[33m 1954[2mms[22m[39m
       [33m[2m✓[22m[39m should capture Error objects [33m 1914[2mms[22m[39m
 [31m❯[39m .claude/worktrees/hardcore-noether-c55378/client/src/components/admin/__tests__/admin.test.tsx [2m([22m[2m12 tests[22m[2m | [22m[31m12 failed[39m[2m)[22m[33m 410[2mms[22m[39m
[31m     [31m×[31m should render the settings form[39m[32m 56[2mms[22m[39m
[31m     [31m×[31m should display store name input[39m[32m 6[2mms[22m[39m
[31m     [31m×[31m should display support email input[39m[32m 8[2mms[22m[39m
[31m     [31m×[31m should display maintenance mode switch[39m[32m 5[2mms[22m[39m
[31m     [31m×[31m should display orders enabled switch[39m[32m 6[2mms[22m[39m
[31m     [31m×[31m should have save button[39m[32m 4[2mms[22m[39m
[31m     [31m×[31m should display settings icon in title[39m[32m 5[2mms[22m[39m
[31m     [31m×[31m should update store name on input change[39m[32m 3[2mms[22m[39m
[31m     [31m×[31m should toggle maintenance mode switch[39m[32m 6[2mms[22m[39m
[31m     [31m×[31m should show loading state[39m[33m 303[2mms[22m[39m
[31m     [31m×[31m should show error message[39m[32m 1[2mms[22m[39m
[31m     [31m×[31m should have retry button[39m[32m 1[2mms[22m[39m
 [31m❯[39m client/src/components/admin/__tests__/admin.test.tsx [2m([22m[2m12 tests[22m[2m | [22m[31m12 failed[39m[2m)[22m[33m 410[2mms[22m[39m
[31m     [31m×[31m should render the settings form[39m[32m 57[2mms[22m[39m
[31m     [31m×[31m should display store name input[39m[32m 8[2mms[22m[39m
[31m     [31m×[31m should display support email input[39m[32m 7[2mms[22m[39m
[31m     [31m×[31m should display maintenance mode switch[39m[32m 4[2mms[22m[39m
[31m     [31m×[31m should display orders enabled switch[39m[32m 8[2mms[22m[39m
[31m     [31m×[31m should have save button[39m[32m 5[2mms[22m[39m
[31m     [31m×[31m should display settings icon in title[39m[32m 4[2mms[22m[39m
[31m     [31m×[31m should update store name on input change[39m[32m 3[2mms[22m[39m
[31m     [31m×[31m should toggle maintenance mode switch[39m[32m 5[2mms[22m[39m
[31m     [31m×[31m should show loading state[39m[33m 303[2mms[22m[39m
[31m     [31m×[31m should show error message[39m[32m 1[2mms[22m[39m
[31m     [31m×[31m should have retry button[39m[32m 1[2mms[22m[39m
 [31m❯[39m .claude/worktrees/jovial-germain-89e4df/client/src/components/admin/__tests__/admin.test.tsx [2m([22m[2m12 tests[22m[2m | [22m[31m12 failed[39m[2m)[22m[33m 416[2mms[22m[39m
[31m     [31m×[31m should render the settings form[39m[32m 57[2mms[22m[39m
[31m     [31m×[31m should display store name input[39m[32m 7[2mms[22m[39m
[31m     [31m×[31m should display support email input[39m[32m 7[2mms[22m[39m
[31m     [31m×[31m should display maintenance mode switch[39m[32m 4[2mms[22m[39m
[31m     [31m×[31m should display orders enabled switch[39m[32m 6[2mms[22m[39m
[31m     [31m×[31m should have save button[39m[32m 5[2mms[22m[39m
[31m     [31m×[31m should display settings icon in title[39m[32m 4[2mms[22m[39m
[31m     [31m×[31m should update store name on input change[39m[32m 4[2mms[22m[39m
[31m     [31m×[31m should toggle maintenance mode switch[39m[32m 6[2mms[22m[39m
[31m     [31m×[31m should show loading state[39m[33m 308[2mms[22m[39m
[31m     [31m×[31m should show error message[39m[32m 1[2mms[22m[39m
[31m     [31m×[31m should have retry button[39m[32m 2[2mms[22m[39m
 [31m❯[39m client/src/__tests__/App.test.tsx [2m([22m[2m7 tests[22m[2m | [22m[31m7 failed[39m[2m)[22m[32m 121[2mms[22m[39m
[31m       [31m×[31m should render without crashing[39m[32m 65[2mms[22m[39m
[31m       [31m×[31m should render toaster[39m[32m 8[2mms[22m[39m
[31m       [31m×[31m should render scroll progress indicator[39m[32m 5[2mms[22m[39m
[31m       [31m×[31m should render floating action button container[39m[32m 9[2mms[22m[39m
[31m       [31m×[31m should render bubble trail container[39m[32m 15[2mms[22m[39m
[31m       [31m×[31m should have main content area[39m[32m 7[2mms[22m[39m
[31m       [31m×[31m should have skip to main content link[39m[32m 4[2mms[22m[39m
 [31m❯[39m client/src/pages/__tests__/fish-breeding-calculator.test.tsx [2m([22m[2m5 tests[22m[2m | [22m[31m5 failed[39m[2m)[22m[32m 75[2mms[22m[39m
[31m     [31m×[31m should render the calculator page[39m[32m 48[2mms[22m[39m
[31m     [31m×[31m should have main content area[39m[32m 7[2mms[22m[39m
[31m     [31m×[31m should display fish breeding heading[39m[32m 6[2mms[22m[39m
[31m     [31m×[31m should have interactive controls[39m[32m 5[2mms[22m[39m
[31m     [31m×[31m should render footer[39m[32m 6[2mms[22m[39m
 [31m❯[39m .claude/worktrees/jovial-germain-89e4df/client/src/pages/__tests__/fish-breeding-calculator.test.tsx [2m([22m[2m5 tests[22m[2m | [22m[31m5 failed[39m[2m)[22m[32m 76[2mms[22m[39m
[31m     [31m×[31m should render the calculator page[39m[32m 47[2mms[22m[39m
[31m     [31m×[31m should have main content area[39m[32m 7[2mms[22m[39m
[31m     [31m×[31m should display fish breeding heading[39m[32m 6[2mms[22m[39m
[31m     [31m×[31m should have interactive controls[39m[32m 6[2mms[22m[39m
[31m     [31m×[31m should render footer[39m[32m 6[2mms[22m[39m
 [31m❯[39m .claude/worktrees/jovial-germain-89e4df/client/src/__tests__/products.test.tsx [2m([22m[2m8 tests[22m[2m | [22m[31m5 failed[39m[2m)[22m[32m 132[2mms[22m[39m
[31m     [31m×[31m should render products page[39m[32m 58[2mms[22m[39m
[31m     [31m×[31m should display loading state initially[39m[32m 9[2mms[22m[39m
[31m     [31m×[31m should filter products by category[39m[32m 7[2mms[22m[39m
[31m     [31m×[31m should search products by keyword[39m[32m 5[2mms[22m[39m
[31m     [31m×[31m should sort products by price[39m[32m 7[2mms[22m[39m
     [32m✓[39m should display product information correctly[32m 24[2mms[22m[39m
     [32m✓[39m should show "out of stock" when product stock is 0[32m 5[2mms[22m[39m
     [32m✓[39m should add product to cart when button clicked[32m 12[2mms[22m[39m
 [31m❯[39m client/src/contexts/__tests__/cart-context.test.tsx [2m([22m[2m11 tests[22m[2m | [22m[31m3 failed[39m[2m)[22m[33m 4146[2mms[22m[39m
       [32m✓[39m should start with empty cart[32m 75[2mms[22m[39m
       [32m✓[39m should load cart from localStorage for guest users[32m 26[2mms[22m[39m
       [32m✓[39m should add new item to cart[32m 117[2mms[22m[39m
       [32m✓[39m should increment quantity when adding existing item[32m 118[2mms[22m[39m
       [32m✓[39m should persist cart to localStorage for guest[32m 84[2mms[22m[39m
[31m       [31m×[31m should remove item from cart[39m[33m 1151[2mms[22m[39m
[31m       [31m×[31m should update item quantity[39m[33m 1135[2mms[22m[39m
[31m       [31m×[31m should remove item when quantity set to 0[39m[33m 1094[2mms[22m[39m
       [32m✓[39m should clear all items from cart[32m 192[2mms[22m[39m
       [32m✓[39m should throw error when used outside CartProvider[32m 26[2mms[22m[39m
       [32m✓[39m should calculate total items correctly with multiple quantities[32m 123[2mms[22m[39m
 [31m❯[39m .claude/worktrees/hardcore-noether-c55378/client/src/contexts/__tests__/cart-context.test.tsx [2m([22m[2m11 tests[22m[2m | [22m[31m3 failed[39m[2m)[22m[33m 4231[2mms[22m[39m
       [32m✓[39m should start with empty cart[32m 77[2mms[22m[39m
       [32m✓[39m should load cart from localStorage for guest users[32m 17[2mms[22m[39m
       [32m✓[39m should add new item to cart[32m 132[2mms[22m[39m
       [32m✓[39m should increment quantity when adding existing item[32m 140[2mms[22m[39m
       [32m✓[39m should persist cart to localStorage for guest[32m 77[2mms[22m[39m
[31m       [31m×[31m should remove item from cart[39m[33m 1158[2mms[22m[39m
[31m       [31m×[31m should update item quantity[39m[33m 1141[2mms[22m[39m
[31m       [31m×[31m should remove item when quantity set to 0[39m[33m 1128[2mms[22m[39m
       [32m✓[39m should clear all items from cart[32m 197[2mms[22m[39m
       [32m✓[39m should throw error when used outside CartProvider[32m 26[2mms[22m[39m
       [32m✓[39m should calculate total items correctly with multiple quantities[32m 119[2mms[22m[39m
 [31m❯[39m .claude/worktrees/jovial-germain-89e4df/client/src/contexts/__tests__/cart-context.test.tsx [2m([22m[2m11 tests[22m[2m | [22m[31m3 failed[39m[2m)[22m[33m 4241[2mms[22m[39m
       [32m✓[39m should start with empty cart[32m 92[2mms[22m[39m
       [32m✓[39m should load cart from localStorage for guest users[32m 15[2mms[22m[39m
       [32m✓[39m should add new item to cart[32m 134[2mms[22m[39m
       [32m✓[39m should increment quantity when adding existing item[32m 125[2mms[22m[39m
       [32m✓[39m should persist cart to localStorage for guest[32m 83[2mms[22m[39m
[31m       [31m×[31m should remove item from cart[39m[33m 1159[2mms[22m[39m
[31m       [31m×[31m should update item quantity[39m[33m 1139[2mms[22m[39m
[31m       [31m×[31m should remove item when quantity set to 0[39m[33m 1112[2mms[22m[39m
       [32m✓[39m should clear all items from cart[32m 213[2mms[22m[39m
       [32m✓[39m should throw error when used outside CartProvider[32m 22[2mms[22m[39m
       [32m✓[39m should calculate total items correctly with multiple quantities[32m 137[2mms[22m[39m
 [31m❯[39m client/src/contexts/__tests__/auth-context.test.tsx [2m([22m[2m8 tests[22m[2m | [22m[31m7 failed[39m[2m)[22m[32m 202[2mms[22m[39m
[31m       [31m×[31m should start with loading state and check auth on mount[39m[32m 103[2mms[22m[39m
[31m       [31m×[31m should set user if auth check succeeds[39m[32m 15[2mms[22m[39m
[31m       [31m×[31m should login successfully and set user[39m[32m 30[2mms[22m[39m
[31m       [31m×[31m should handle login failure[39m[32m 9[2mms[22m[39m
[31m       [31m×[31m should logout and clear user[39m[32m 11[2mms[22m[39m
[31m       [31m×[31m should set isAdmin true for admin users[39m[32m 6[2mms[22m[39m
[31m       [31m×[31m should set isAdmin false for regular users[39m[32m 5[2mms[22m[39m
       [32m✓[39m should throw error when used outside AuthProvider[32m 14[2mms[22m[39m
 [31m❯[39m .claude/worktrees/jovial-germain-89e4df/client/src/pages/__tests__/return-policy.test.tsx [2m([22m[2m5 tests[22m[2m | [22m[31m5 failed[39m[2m)[22m[32m 146[2mms[22m[39m
[31m       [31m×[31m should render the return policy page[39m[32m 105[2mms[22m[39m
[31m       [31m×[31m should have main content area[39m[32m 6[2mms[22m[39m
[31m       [31m×[31m should display return policy title[39m[32m 11[2mms[22m[39m
[31m       [31m×[31m should contain return policy content[39m[32m 6[2mms[22m[39m
[31m       [31m×[31m should have proper heading structure[39m[32m 7[2mms[22m[39m
 [31m❯[39m .claude/worktrees/hardcore-noether-c55378/client/src/pages/__tests__/sustainability.test.tsx [2m([22m[2m5 tests[22m[2m | [22m[31m5 failed[39m[2m)[22m[32m 120[2mms[22m[39m
[31m       [31m×[31m should render the sustainability page[39m[32m 79[2mms[22m[39m
[31m       [31m×[31m should have main content area[39m[32m 9[2mms[22m[39m
[31m       [31m×[31m should display sustainability title[39m[32m 8[2mms[22m[39m
[31m       [31m×[31m should contain sustainability content[39m[32m 7[2mms[22m[39m
[31m       [31m×[31m should have proper heading structure[39m[32m 13[2mms[22m[39m
 [31m❯[39m client/src/pages/__tests__/terms.test.tsx [2m([22m[2m5 tests[22m[2m | [22m[31m5 failed[39m[2m)[22m[32m 135[2mms[22m[39m
[31m       [31m×[31m should render the terms page[39m[32m 83[2mms[22m[39m
[31m       [31m×[31m should have main content area[39m[32m 10[2mms[22m[39m
[31m       [31m×[31m should display terms title[39m[32m 9[2mms[22m[39m
[31m       [31m×[31m should contain terms content[39m[32m 7[2mms[22m[39m
[31m       [31m×[31m should have proper heading structure[39m[32m 18[2mms[22m[39m
 [31m❯[39m .claude/worktrees/jovial-germain-89e4df/client/src/pages/__tests__/shipping.test.tsx [2m([22m[2m5 tests[22m[2m | [22m[31m5 failed[39m[2m)[22m[32m 101[2mms[22m[39m
[31m       [31m×[31m should render the shipping page[39m[32m 65[2mms[22m[39m
[31m       [31m×[31m should have main content area[39m[32m 7[2mms[22m[39m
[31m       [31m×[31m should display shipping title[39m[32m 6[2mms[22m[39m
[31m       [31m×[31m should contain shipping content[39m[32m 4[2mms[22m[39m
[31m       [31m×[31m should have proper heading structure[39m[32m 11[2mms[22m[39m
 [31m❯[39m .claude/worktrees/jovial-germain-89e4df/client/src/lib/__tests__/queryClient.test.ts [2m([22m[2m15 tests[22m[2m | [22m[31m1 failed[39m[2m)[22m[32m 87[2mms[22m[39m
       [32m✓[39m should be defined[32m 7[2mms[22m[39m
       [32m✓[39m should have default options configured[32m 3[2mms[22m[39m
       [32m✓[39m should have staleTime of 5 minutes[32m 3[2mms[22m[39m
       [32m✓[39m should retry queries twice[32m 1[2mms[22m[39m
       [32m✓[39m should make GET request[32m 16[2mms[22m[39m
[31m       [31m×[31m should make POST request with data[39m[32m 32[2mms[22m[39m
       [32m✓[39m should throw error on failed request[32m 5[2mms[22m[39m
       [32m✓[39m should handle timeout (AbortError)[32m 2[2mms[22m[39m
       [32m✓[39m should include credentials in request[32m 2[2mms[22m[39m
       [32m✓[39m should return null on 401 when configured to returnNull[32m 3[2mms[22m[39m
       [32m✓[39m should throw on 401 when configured to throw[32m 1[2mms[22m[39m
       [32m✓[39m should return JSON data on success[32m 1[2mms[22m[39m
       [32m✓[39m should join queryKey for URL[32m 3[2mms[22m[39m
       [32m✓[39m should include credentials[32m 1[2mms[22m[39m
       [32m✓[39m should handle AbortError as timeout[32m 1[2mms[22m[39m
 [31m❯[39m client/src/components/__tests__/footer.test.tsx [2m([22m[2m4 tests[22m[2m | [22m[31m4 failed[39m[2m)[22m[32m 96[2mms[22m[39m
[31m     [31m×[31m should render footer[39m[32m 69[2mms[22m[39m
[31m     [31m×[31m should have navigation links[39m[32m 12[2mms[22m[39m
[31m     [31m×[31m should display contact information[39m[32m 7[2mms[22m[39m
[31m     [31m×[31m should have social media links[39m[32m 3[2mms[22m[39m
 [31m❯[39m .claude/worktrees/jovial-germain-89e4df/client/src/components/products/__tests__/product-card.test.tsx [2m([22m[2m3 tests[22m[2m | [22m[31m3 failed[39m[2m)[22m[32m 94[2mms[22m[39m
[31m     [31m×[31m should render product card[39m[32m 71[2mms[22m[39m
[31m     [31m×[31m should display product name[39m[32m 11[2mms[22m[39m
[31m     [31m×[31m should link to product details page[39m[32m 7[2mms[22m[39m
 [31m❯[39m .claude/worktrees/hardcore-noether-c55378/client/src/pages/__tests__/register.test.tsx [2m([22m[2m13 tests[22m[2m | [22m[31m13 failed[39m[2m)[22m[32m 178[2mms[22m[39m
[31m       [31m×[31m should render register form[39m[32m 87[2mms[22m[39m
[31m       [31m×[31m should display name input[39m[32m 9[2mms[22m[39m
[31m       [31m×[31m should display email input[39m[32m 7[2mms[22m[39m
[31m       [31m×[31m should display phone input[39m[32m 9[2mms[22m[39m
[31m       [31m×[31m should display password input[39m[32m 7[2mms[22m[39m
[31m       [31m×[31m should display confirm password input[39m[32m 5[2mms[22m[39m
[31m       [31m×[31m should display submit button[39m[32m 7[2mms[22m[39m
[31m       [31m×[31m should display password strength indicator[39m[32m 5[2mms[22m[39m
[31m       [31m×[31m should have link to login page[39m[32m 7[2mms[22m[39m
[31m       [31m×[31m should update name input value[39m[32m 15[2mms[22m[39m
[31m       [31m×[31m should update email input value[39m[32m 5[2mms[22m[39m
[31m       [31m×[31m should have main content area[39m[32m 5[2mms[22m[39m
[31m       [31m×[31m should have proper labels for inputs[39m[32m 6[2mms[22m[39m
stderr | .claude/worktrees/hardcore-noether-c55378/client/src/pages/__tests__/order-confirmation.test.tsx > Order Confirmation Page > Rendering > should render order confirmation page
[["/api/orders/undefined"]]: No queryFn was passed as an option, and no default queryFn was found. The queryFn parameter is only optional when using a default queryFn. More info here: https://tanstack.com/query/latest/docs/framework/react/guides/default-query-function
[["/api/orders/undefined"]]: No queryFn was passed as an option, and no default queryFn was found. The queryFn parameter is only optional when using a default queryFn. More info here: https://tanstack.com/query/latest/docs/framework/react/guides/default-query-function

stderr | .claude/worktrees/hardcore-noether-c55378/client/src/pages/__tests__/order-confirmation.test.tsx > Order Confirmation Page > Rendering > should have main content area
[["/api/orders/undefined"]]: No queryFn was passed as an option, and no default queryFn was found. The queryFn parameter is only optional when using a default queryFn. More info here: https://tanstack.com/query/latest/docs/framework/react/guides/default-query-function
[["/api/orders/undefined"]]: No queryFn was passed as an option, and no default queryFn was found. The queryFn parameter is only optional when using a default queryFn. More info here: https://tanstack.com/query/latest/docs/framework/react/guides/default-query-function

stderr | .claude/worktrees/hardcore-noether-c55378/client/src/pages/__tests__/order-confirmation.test.tsx > Order Confirmation Page > Rendering > should display confirmation content
[["/api/orders/undefined"]]: No queryFn was passed as an option, and no default queryFn was found. The queryFn parameter is only optional when using a default queryFn. More info here: https://tanstack.com/query/latest/docs/framework/react/guides/default-query-function
[["/api/orders/undefined"]]: No queryFn was passed as an option, and no default queryFn was found. The queryFn parameter is only optional when using a default queryFn. More info here: https://tanstack.com/query/latest/docs/framework/react/guides/default-query-function

stderr | .claude/worktrees/hardcore-noether-c55378/client/src/pages/__tests__/order-confirmation.test.tsx > Order Confirmation Page > Order Details > should display order information section
[["/api/orders/undefined"]]: No queryFn was passed as an option, and no default queryFn was found. The queryFn parameter is only optional when using a default queryFn. More info here: https://tanstack.com/query/latest/docs/framework/react/guides/default-query-function
[["/api/orders/undefined"]]: No queryFn was passed as an option, and no default queryFn was found. The queryFn parameter is only optional when using a default queryFn. More info here: https://tanstack.com/query/latest/docs/framework/react/guides/default-query-function

stderr | .claude/worktrees/hardcore-noether-c55378/client/src/pages/__tests__/order-confirmation.test.tsx > Order Confirmation Page > Call to Actions > should have navigation buttons
[["/api/orders/undefined"]]: No queryFn was passed as an option, and no default queryFn was found. The queryFn parameter is only optional when using a default queryFn. More info here: https://tanstack.com/query/latest/docs/framework/react/guides/default-query-function
[["/api/orders/undefined"]]: No queryFn was passed as an option, and no default queryFn was found. The queryFn parameter is only optional when using a default queryFn. More info here: https://tanstack.com/query/latest/docs/framework/react/guides/default-query-function

stderr | .claude/worktrees/hardcore-noether-c55378/client/src/pages/__tests__/order-confirmation.test.tsx > Order Confirmation Page > Accessibility > should have proper heading structure
[["/api/orders/undefined"]]: No queryFn was passed as an option, and no default queryFn was found. The queryFn parameter is only optional when using a default queryFn. More info here: https://tanstack.com/query/latest/docs/framework/react/guides/default-query-function
[["/api/orders/undefined"]]: No queryFn was passed as an option, and no default queryFn was found. The queryFn parameter is only optional when using a default queryFn. More info here: https://tanstack.com/query/latest/docs/framework/react/guides/default-query-function

 [31m❯[39m .claude/worktrees/hardcore-noether-c55378/client/src/pages/__tests__/order-confirmation.test.tsx [2m([22m[2m6 tests[22m[2m | [22m[31m6 failed[39m[2m)[22m[32m 189[2mms[22m[39m
[31m       [31m×[31m should render order confirmation page[39m[32m 103[2mms[22m[39m
[31m       [31m×[31m should have main content area[39m[32m 15[2mms[22m[39m
[31m       [31m×[31m should display confirmation content[39m[32m 23[2mms[22m[39m
[31m       [31m×[31m should display order information section[39m[32m 17[2mms[22m[39m
[31m       [31m×[31m should have navigation buttons[39m[32m 16[2mms[22m[39m
[31m       [31m×[31m should have proper heading structure[39m[32m 8[2mms[22m[39m
 [31m❯[39m .claude/worktrees/hardcore-noether-c55378/client/src/components/products/__tests__/product-card.test.tsx [2m([22m[2m3 tests[22m[2m | [22m[31m3 failed[39m[2m)[22m[32m 92[2mms[22m[39m
[31m     [31m×[31m should render product card[39m[32m 71[2mms[22m[39m
[31m     [31m×[31m should display product name[39m[32m 8[2mms[22m[39m
[31m     [31m×[31m should link to product details page[39m[32m 10[2mms[22m[39m
 [31m❯[39m .claude/worktrees/jovial-germain-89e4df/client/src/pages/__tests__/faq.test.tsx [2m([22m[2m4 tests[22m[2m | [22m[31m4 failed[39m[2m)[22m[32m 91[2mms[22m[39m
[31m     [31m×[31m should render FAQ page[39m[32m 70[2mms[22m[39m
[31m     [31m×[31m should display FAQ categories[39m[32m 7[2mms[22m[39m
[31m     [31m×[31m should have expandable FAQ items[39m[32m 6[2mms[22m[39m
[31m     [31m×[31m should render footer[39m[32m 4[2mms[22m[39m
 [31m❯[39m client/src/pages/__tests__/admin-login.test.tsx [2m([22m[2m11 tests[22m[2m | [22m[31m11 failed[39m[2m)[22m[32m 142[2mms[22m[39m
[31m       [31m×[31m should render admin login form[39m[32m 55[2mms[22m[39m
[31m       [31m×[31m should display email input[39m[32m 9[2mms[22m[39m
[31m       [31m×[31m should display password input[39m[32m 11[2mms[22m[39m
[31m       [31m×[31m should display submit button[39m[32m 5[2mms[22m[39m
[31m       [31m×[31m should display security message[39m[32m 12[2mms[22m[39m
[31m       [31m×[31m should update email input value[39m[32m 15[2mms[22m[39m
[31m       [31m×[31m should update password input value[39m[32m 4[2mms[22m[39m
[31m       [31m×[31m should call login on form submit[39m[32m 4[2mms[22m[39m
[31m       [31m×[31m should redirect to admin dashboard on success[39m[32m 9[2mms[22m[39m
[31m       [31m×[31m should show error on failed login[39m[32m 4[2mms[22m[39m
[31m       [31m×[31m should show loading text while submitting[39m[32m 4[2mms[22m[39m
 [31m❯[39m .claude/worktrees/hardcore-noether-c55378/client/src/pages/__tests__/privacy-policy.test.tsx [2m([22m[2m5 tests[22m[2m | [22m[31m5 failed[39m[2m)[22m[32m 81[2mms[22m[39m
[31m       [31m×[31m should render the privacy policy page[39m[32m 52[2mms[22m[39m
[31m       [31m×[31m should have main content area[39m[32m 8[2mms[22m[39m
[31m       [31m×[31m should display privacy policy title[39m[32m 6[2mms[22m[39m
[31m       [31m×[31m should contain privacy-related content[39m[32m 4[2mms[22m[39m
[31m       [31m×[31m should have proper heading structure[39m[32m 6[2mms[22m[39m
 [31m❯[39m .claude/worktrees/jovial-germain-89e4df/client/src/contexts/__tests__/auth-context.test.tsx [2m([22m[2m8 tests[22m[2m | [22m[31m7 failed[39m[2m)[22m[32m 113[2mms[22m[39m
[31m       [31m×[31m should start with loading state and check auth on mount[39m[32m 55[2mms[22m[39m
[31m       [31m×[31m should set user if auth check succeeds[39m[32m 8[2mms[22m[39m
[31m       [31m×[31m should login successfully and set user[39m[32m 12[2mms[22m[39m
[31m       [31m×[31m should handle login failure[39m[32m 5[2mms[22m[39m
[31m       [31m×[31m should logout and clear user[39m[32m 7[2mms[22m[39m
[31m       [31m×[31m should set isAdmin true for admin users[39m[32m 5[2mms[22m[39m
[31m       [31m×[31m should set isAdmin false for regular users[39m[32m 6[2mms[22m[39m
       [32m✓[39m should throw error when used outside AuthProvider[32m 10[2mms[22m[39m
 [31m❯[39m client/src/components/products/__tests__/product-card.test.tsx [2m([22m[2m3 tests[22m[2m | [22m[31m3 failed[39m[2m)[22m[32m 90[2mms[22m[39m
[31m     [31m×[31m should render product card[39m[32m 52[2mms[22m[39m
[31m     [31m×[31m should display product name[39m[32m 14[2mms[22m[39m
[31m     [31m×[31m should link to product details page[39m[32m 14[2mms[22m[39m
 [31m❯[39m .claude/worktrees/hardcore-noether-c55378/client/src/components/ui/__tests__/input.test.tsx [2m([22m[2m26 tests[22m[2m | [22m[31m26 failed[39m[2m)[22m[32m 61[2mms[22m[39m
[31m       [31m×[31m should render input element[39m[32m 10[2mms[22m[39m
[31m       [31m×[31m should apply custom className[39m[32m 3[2mms[22m[39m
[31m       [31m×[31m should render with placeholder[39m[32m 2[2mms[22m[39m
[31m       [31m×[31m should render as textbox by default[39m[32m 1[2mms[22m[39m
[31m       [31m×[31m should render email input[39m[32m 1[2mms[22m[39m
[31m       [31m×[31m should render password input[39m[32m 1[2mms[22m[39m
[31m       [31m×[31m should render number input[39m[32m 1[2mms[22m[39m
[31m       [31m×[31m should render search input[39m[32m 1[2mms[22m[39m
[31m       [31m×[31m should render tel input[39m[32m 1[2mms[22m[39m
[31m       [31m×[31m should display initial value[39m[32m 2[2mms[22m[39m
[31m       [31m×[31m should call onChange when value changes[39m[32m 11[2mms[22m[39m
[31m       [31m×[31m should update value on user input[39m[32m 1[2mms[22m[39m
[31m       [31m×[31m should be disabled when disabled prop is true[39m[32m 1[2mms[22m[39m
[31m       [31m×[31m should not allow input when disabled[39m[32m 1[2mms[22m[39m
[31m       [31m×[31m should be readonly when readOnly prop is true[39m[32m 1[2mms[22m[39m
[31m       [31m×[31m should be required when required prop is true[39m[32m 1[2mms[22m[39m
[31m       [31m×[31m should support aria-label[39m[32m 1[2mms[22m[39m
[31m       [31m×[31m should support aria-describedby[39m[32m 1[2mms[22m[39m
[31m       [31m×[31m should support id for label association[39m[32m 1[2mms[22m[39m
[31m       [31m×[31m should focus when focus method called[39m[32m 3[2mms[22m[39m
[31m       [31m×[31m should call onFocus when focused[39m[32m 1[2mms[22m[39m
[31m       [31m×[31m should call onBlur when blurred[39m[32m 1[2mms[22m[39m
[31m       [31m×[31m should support maxLength[39m[32m 1[2mms[22m[39m
[31m       [31m×[31m should support minLength[39m[32m 1[2mms[22m[39m
[31m       [31m×[31m should support pattern[39m[32m 2[2mms[22m[39m
[31m       [31m×[31m should support autoComplete[39m[32m 1[2mms[22m[39m
 [31m❯[39m client/src/pages/__tests__/fish-encyclopedia.test.tsx [2m([22m[2m5 tests[22m[2m | [22m[31m5 failed[39m[2m)[22m[32m 130[2mms[22m[39m
[31m     [31m×[31m should render encyclopedia page[39m[32m 92[2mms[22m[39m
[31m     [31m×[31m should display page title[39m[32m 11[2mms[22m[39m
[31m     [31m×[31m should have search functionality[39m[32m 7[2mms[22m[39m
[31m     [31m×[31m should display fish cards[39m[32m 9[2mms[22m[39m
[31m     [31m×[31m should render footer[39m[32m 6[2mms[22m[39m
 [31m❯[39m .claude/worktrees/hardcore-noether-c55378/client/src/pages/__tests__/order-tracking.test.tsx [2m([22m[2m3 tests[22m[2m | [22m[31m3 failed[39m[2m)[22m[32m 62[2mms[22m[39m
[31m     [31m×[31m should render order tracking page[39m[32m 46[2mms[22m[39m
[31m     [31m×[31m should display order status[39m[32m 7[2mms[22m[39m
[31m     [31m×[31m should render footer[39m[32m 5[2mms[22m[39m
 [31m❯[39m .claude/worktrees/hardcore-noether-c55378/client/src/components/ui/__tests__/button.test.tsx [2m([22m[2m21 tests[22m[2m | [22m[31m21 failed[39m[2m)[22m[32m 38[2mms[22m[39m
[31m       [31m×[31m should render with children[39m[32m 9[2mms[22m[39m
[31m       [31m×[31m should render as button by default[39m[32m 1[2mms[22m[39m
[31m       [31m×[31m should apply custom className[39m[32m 1[2mms[22m[39m
[31m       [31m×[31m should render default variant[39m[32m 1[2mms[22m[39m
[31m       [31m×[31m should render destructive variant[39m[32m 1[2mms[22m[39m
[31m       [31m×[31m should render outline variant[39m[32m 1[2mms[22m[39m
[31m       [31m×[31m should render secondary variant[39m[32m 1[2mms[22m[39m
[31m       [31m×[31m should render ghost variant[39m[32m 1[2mms[22m[39m
[31m       [31m×[31m should render link variant[39m[32m 1[2mms[22m[39m
[31m       [31m×[31m should render default size[39m[32m 1[2mms[22m[39m
[31m       [31m×[31m should render small size[39m[32m 1[2mms[22m[39m
[31m       [31m×[31m should render large size[39m[32m 1[2mms[22m[39m
[31m       [31m×[31m should render icon size[39m[32m 1[2mms[22m[39m
[31m       [31m×[31m should call onClick when clicked[39m[32m 5[2mms[22m[39m
[31m       [31m×[31m should not call onClick when disabled[39m[32m 1[2mms[22m[39m
[31m       [31m×[31m should be disabled when disabled prop is true[39m[32m 1[2mms[22m[39m
[31m       [31m×[31m should not be disabled by default[39m[32m 1[2mms[22m[39m
[31m       [31m×[31m should render as child element when asChild is true[39m[32m 1[2mms[22m[39m
[31m       [31m×[31m should have accessible role[39m[32m 1[2mms[22m[39m
[31m       [31m×[31m should support aria-label[39m[32m 1[2mms[22m[39m
[31m       [31m×[31m should support type attribute[39m[32m 1[2mms[22m[39m
 [31m❯[39m .claude/worktrees/hardcore-noether-c55378/client/src/pages/__tests__/faq.test.tsx [2m([22m[2m4 tests[22m[2m | [22m[31m4 failed[39m[2m)[22m[32m 71[2mms[22m[39m
[31m     [31m×[31m should render FAQ page[39m[32m 46[2mms[22m[39m
[31m     [31m×[31m should display FAQ categories[39m[32m 10[2mms[22m[39m
[31m     [31m×[31m should have expandable FAQ items[39m[32m 7[2mms[22m[39m
[31m     [31m×[31m should render footer[39m[32m 4[2mms[22m[39m
 [31m❯[39m .claude/worktrees/hardcore-noether-c55378/client/src/components/__tests__/footer.test.tsx [2m([22m[2m4 tests[22m[2m | [22m[31m4 failed[39m[2m)[22m[32m 93[2mms[22m[39m
[31m     [31m×[31m should render footer[39m[32m 64[2mms[22m[39m
[31m     [31m×[31m should have navigation links[39m[32m 10[2mms[22m[39m
[31m     [31m×[31m should display contact information[39m[32m 10[2mms[22m[39m
[31m     [31m×[31m should have social media links[39m[32m 4[2mms[22m[39m
 [31m❯[39m .claude/worktrees/jovial-germain-89e4df/client/src/components/ui/__tests__/card.test.tsx [2m([22m[2m18 tests[22m[2m | [22m[31m18 failed[39m[2m)[22m[32m 53[2mms[22m[39m
[31m       [31m×[31m should render with children[39m[32m 13[2mms[22m[39m
[31m       [31m×[31m should apply custom className[39m[32m 4[2mms[22m[39m
[31m       [31m×[31m should render as div by default[39m[32m 4[2mms[22m[39m
[31m       [31m×[31m should render header content[39m[32m 1[2mms[22m[39m
[31m       [31m×[31m should apply custom className[39m[32m 1[2mms[22m[39m
[31m       [31m×[31m should render title[39m[32m 2[2mms[22m[39m
[31m       [31m×[31m should render title text[39m[32m 1[2mms[22m[39m
[31m       [31m×[31m should apply custom className[39m[32m 1[2mms[22m[39m
[31m       [31m×[31m should render description[39m[32m 2[2mms[22m[39m
[31m       [31m×[31m should apply custom className[39m[32m 4[2mms[22m[39m
[31m       [31m×[31m should render content[39m[32m 1[2mms[22m[39m
[31m       [31m×[31m should apply custom className[39m[32m 2[2mms[22m[39m
[31m       [31m×[31m should render footer[39m[32m 1[2mms[22m[39m
[31m       [31m×[31m should apply custom className[39m[32m 1[2mms[22m[39m
[31m       [31m×[31m should render complete card with all parts[39m[32m 2[2mms[22m[39m
[31m       [31m×[31m should maintain proper DOM structure[39m[32m 3[2mms[22m[39m
[31m       [31m×[31m should support aria attributes on card[39m[32m 4[2mms[22m[39m
[31m       [31m×[31m should render title with proper styling[39m[32m 1[2mms[22m[39m
stderr | .claude/worktrees/jovial-germain-89e4df/client/src/pages/__tests__/community-gallery.test.tsx > Community Gallery Page > Rendering > should render the gallery page
[["/api/gallery"]]: No queryFn was passed as an option, and no default queryFn was found. The queryFn parameter is only optional when using a default queryFn. More info here: https://tanstack.com/query/latest/docs/framework/react/guides/default-query-function
[["/api/gallery"]]: No queryFn was passed as an option, and no default queryFn was found. The queryFn parameter is only optional when using a default queryFn. More info here: https://tanstack.com/query/latest/docs/framework/react/guides/default-query-function

stderr | .claude/worktrees/jovial-germain-89e4df/client/src/pages/__tests__/community-gallery.test.tsx > Community Gallery Page > Rendering > should have main content area
[["/api/gallery"]]: No queryFn was passed as an option, and no default queryFn was found. The queryFn parameter is only optional when using a default queryFn. More info here: https://tanstack.com/query/latest/docs/framework/react/guides/default-query-function
[["/api/gallery"]]: No queryFn was passed as an option, and no default queryFn was found. The queryFn parameter is only optional when using a default queryFn. More info here: https://tanstack.com/query/latest/docs/framework/react/guides/default-query-function

stderr | .claude/worktrees/jovial-germain-89e4df/client/src/pages/__tests__/community-gallery.test.tsx > Community Gallery Page > Rendering > should display gallery title
[["/api/gallery"]]: No queryFn was passed as an option, and no default queryFn was found. The queryFn parameter is only optional when using a default queryFn. More info here: https://tanstack.com/query/latest/docs/framework/react/guides/default-query-function
[["/api/gallery"]]: No queryFn was passed as an option, and no default queryFn was found. The queryFn parameter is only optional when using a default queryFn. More info here: https://tanstack.com/query/latest/docs/framework/react/guides/default-query-function

stderr | .claude/worktrees/jovial-germain-89e4df/client/src/pages/__tests__/community-gallery.test.tsx > Community Gallery Page > Gallery Items > should display gallery content after loading
[["/api/gallery"]]: No queryFn was passed as an option, and no default queryFn was found. The queryFn parameter is only optional when using a default queryFn. More info here: https://tanstack.com/query/latest/docs/framework/react/guides/default-query-function
[["/api/gallery"]]: No queryFn was passed as an option, and no default queryFn was found. The queryFn parameter is only optional when using a default queryFn. More info here: https://tanstack.com/query/latest/docs/framework/react/guides/default-query-function

stderr | .claude/worktrees/jovial-germain-89e4df/client/src/pages/__tests__/community-gallery.test.tsx > Community Gallery Page > Accessibility > should have proper heading structure
[["/api/gallery"]]: No queryFn was passed as an option, and no default queryFn was found. The queryFn parameter is only optional when using a default queryFn. More info here: https://tanstack.com/query/latest/docs/framework/react/guides/default-query-function
[["/api/gallery"]]: No queryFn was passed as an option, and no default queryFn was found. The queryFn parameter is only optional when using a default queryFn. More info here: https://tanstack.com/query/latest/docs/framework/react/guides/default-query-function

 [31m❯[39m .claude/worktrees/jovial-germain-89e4df/client/src/pages/__tests__/community-gallery.test.tsx [2m([22m[2m5 tests[22m[2m | [22m[31m5 failed[39m[2m)[22m[32m 194[2mms[22m[39m
[31m       [31m×[31m should render the gallery page[39m[32m 112[2mms[22m[39m
[31m       [31m×[31m should have main content area[39m[32m 21[2mms[22m[39m
[31m       [31m×[31m should display gallery title[39m[32m 13[2mms[22m[39m
[31m       [31m×[31m should display gallery content after loading[39m[32m 12[2mms[22m[39m
[31m       [31m×[31m should have proper heading structure[39m[32m 23[2mms[22m[39m
 [31m❯[39m client/src/lib/__tests__/utils.test.ts [2m([22m[2m33 tests[22m[2m | [22m[31m1 failed[39m[2m)[22m[33m 317[2mms[22m[39m
       [32m✓[39m should merge class names[32m 40[2mms[22m[39m
       [32m✓[39m should handle conditional classes[32m 8[2mms[22m[39m
       [32m✓[39m should handle undefined and null[32m 1[2mms[22m[39m
       [32m✓[39m should merge Tailwind conflicting classes correctly[32m 5[2mms[22m[39m
       [32m✓[39m should handle empty input[32m 0[2mms[22m[39m
       [32m✓[39m should handle arrays[32m 0[2mms[22m[39m
       [32m✓[39m should handle objects[32m 0[2mms[22m[39m
       [32m✓[39m should format integer amounts correctly[32m 87[2mms[22m[39m
       [32m✓[39m should format zero correctly[32m 6[2mms[22m[39m
       [32m✓[39m should format large numbers with separators[32m 1[2mms[22m[39m
       [32m✓[39m should handle decimal numbers by rounding[32m 1[2mms[22m[39m
       [32m✓[39m should format negative numbers[32m 3[2mms[22m[39m
       [32m✓[39m should handle very large numbers[32m 1[2mms[22m[39m
       [32m✓[39m should append IQD symbol[32m 0[2mms[22m[39m
       [32m✓[39m should generate order number with FW prefix[32m 14[2mms[22m[39m
       [32m✓[39m should include date components (YYMMDD)[32m 9[2mms[22m[39m
       [32m✓[39m should include 4-digit random number[32m 3[2mms[22m[39m
[31m       [31m×[31m should generate unique order numbers[39m[32m 41[2mms[22m[39m
       [32m✓[39m should pad single-digit months[32m 1[2mms[22m[39m
       [32m✓[39m should pad single-digit days[32m 3[2mms[22m[39m
       [32m✓[39m should handle year transition correctly[32m 1[2mms[22m[39m
       [32m✓[39m should pad random numbers with leading zeros[32m 8[2mms[22m[39m
       [32m✓[39m should format date with Arabic locale[32m 54[2mms[22m[39m
       [32m✓[39m should include year, month, day, hour, and minute[32m 2[2mms[22m[39m
       [32m✓[39m should handle midnight correctly[32m 1[2mms[22m[39m
       [32m✓[39m should handle end of day correctly[32m 1[2mms[22m[39m
       [32m✓[39m should format different dates differently[32m 5[2mms[22m[39m
       [32m✓[39m should format date with Arabic locale[32m 1[2mms[22m[39m
       [32m✓[39m should include year, month, and day[32m 1[2mms[22m[39m
       [32m✓[39m should not include time components[32m 2[2mms[22m[39m
       [32m✓[39m should be shorter than formatDate[32m 1[2mms[22m[39m
       [32m✓[39m should format different dates differently[32m 1[2mms[22m[39m
       [32m✓[39m should handle year transitions[32m 3[2mms[22m[39m
 [31m❯[39m client/src/lib/__tests__/queryClient.test.ts [2m([22m[2m15 tests[22m[2m | [22m[31m1 failed[39m[2m)[22m[32m 90[2mms[22m[39m
       [32m✓[39m should be defined[32m 7[2mms[22m[39m
       [32m✓[39m should have default options configured[32m 2[2mms[22m[39m
       [32m✓[39m should have staleTime of 5 minutes[32m 1[2mms[22m[39m
       [32m✓[39m should retry queries twice[32m 2[2mms[22m[39m
       [32m✓[39m should make GET request[32m 16[2mms[22m[39m
[31m       [31m×[31m should make POST request with data[39m[32m 28[2mms[22m[39m
       [32m✓[39m should throw error on failed request[32m 6[2mms[22m[39m
       [32m✓[39m should handle timeout (AbortError)[32m 4[2mms[22m[39m
       [32m✓[39m should include credentials in request[32m 3[2mms[22m[39m
       [32m✓[39m should return null on 401 when configured to returnNull[32m 1[2mms[22m[39m
       [32m✓[39m should throw on 401 when configured to throw[32m 6[2mms[22m[39m
       [32m✓[39m should return JSON data on success[32m 1[2mms[22m[39m
       [32m✓[39m should join queryKey for URL[32m 4[2mms[22m[39m
       [32m✓[39m should include credentials[32m 6[2mms[22m[39m
       [32m✓[39m should handle AbortError as timeout[32m 1[2mms[22m[39m
 [31m❯[39m .claude/worktrees/hardcore-noether-c55378/client/src/components/ui/__tests__/card.test.tsx [2m([22m[2m18 tests[22m[2m | [22m[31m18 failed[39m[2m)[22m[32m 63[2mms[22m[39m
[31m       [31m×[31m should render with children[39m[32m 15[2mms[22m[39m
[31m       [31m×[31m should apply custom className[39m[32m 1[2mms[22m[39m
[31m       [31m×[31m should render as div by default[39m[32m 1[2mms[22m[39m
[31m       [31m×[31m should render header content[39m[32m 1[2mms[22m[39m
[31m       [31m×[31m should apply custom className[39m[32m 4[2mms[22m[39m
[31m       [31m×[31m should render title[39m[32m 1[2mms[22m[39m
[31m       [31m×[31m should render title text[39m[32m 1[2mms[22m[39m
[31m       [31m×[31m should apply custom className[39m[32m 3[2mms[22m[39m
[31m       [31m×[31m should render description[39m[32m 5[2mms[22m[39m
[31m       [31m×[31m should apply custom className[39m[32m 1[2mms[22m[39m
[31m       [31m×[31m should render content[39m[32m 1[2mms[22m[39m
[31m       [31m×[31m should apply custom className[39m[32m 3[2mms[22m[39m
[31m       [31m×[31m should render footer[39m[32m 0[2mms[22m[39m
[31m       [31m×[31m should apply custom className[39m[32m 0[2mms[22m[39m
[31m       [31m×[31m should render complete card with all parts[39m[32m 1[2mms[22m[39m
[31m       [31m×[31m should maintain proper DOM structure[39m[32m 1[2mms[22m[39m
[31m       [31m×[31m should support aria attributes on card[39m[32m 1[2mms[22m[39m
[31m       [31m×[31m should render title with proper styling[39m[32m 7[2mms[22m[39m
 [31m❯[39m .claude/worktrees/hardcore-noether-c55378/client/src/components/reviews/__tests__/reviews.test.tsx [2m([22m[2m18 tests[22m[2m | [22m[31m17 failed[39m[2m)[22m[32m 155[2mms[22m[39m
[31m     [31m×[31m should render correct number of full stars[39m[32m 60[2mms[22m[39m
[31m     [31m×[31m should render half star when rating has decimal >= 0.5[39m[32m 7[2mms[22m[39m
[31m     [31m×[31m should render all empty stars for rating 0[39m[32m 10[2mms[22m[39m
[31m     [31m×[31m should render all full stars for rating 5[39m[32m 7[2mms[22m[39m
[31m     [31m×[31m should show numeric value when showValue is true[39m[32m 10[2mms[22m[39m
[31m     [31m×[31m should not show numeric value when showValue is false[39m[32m 4[2mms[22m[39m
[31m     [31m×[31m should use custom maxRating[39m[32m 6[2mms[22m[39m
[31m     [31m×[31m should apply small size classes[39m[32m 4[2mms[22m[39m
[31m     [31m×[31m should apply large size classes[39m[32m 5[2mms[22m[39m
[31m     [31m×[31m should be interactive when interactive prop is true[39m[32m 4[2mms[22m[39m
[31m     [31m×[31m should call onRatingChange when star is clicked in interactive mode[39m[32m 3[2mms[22m[39m
[31m     [31m×[31m should not call onRatingChange when not interactive[39m[32m 2[2mms[22m[39m
[31m     [31m×[31m should apply custom className[39m[32m 3[2mms[22m[39m
[31m     [31m×[31m should have RTL direction on stars container[39m[32m 3[2mms[22m[39m
     [32m✓[39m should handle negative rating by throwing error[32m 5[2mms[22m[39m
[31m     [31m×[31m should handle rating greater than maxRating[39m[32m 13[2mms[22m[39m
[31m     [31m×[31m should handle decimal rating correctly[39m[32m 3[2mms[22m[39m
[31m     [31m×[31m should handle rating of 0.4 without half star[39m[32m 2[2mms[22m[39m
 [31m❯[39m .claude/worktrees/jovial-germain-89e4df/client/src/components/effects/__tests__/effects.test.tsx [2m([22m[2m16 tests[22m[2m | [22m[31m16 failed[39m[2m)[22m[32m 121[2mms[22m[39m
[31m     [31m×[31m should render the progress bar[39m[32m 59[2mms[22m[39m
[31m     [31m×[31m should have fixed positioning[39m[32m 5[2mms[22m[39m
[31m     [31m×[31m should start with 0% width[39m[32m 5[2mms[22m[39m
[31m     [31m×[31m should update progress on scroll[39m[32m 4[2mms[22m[39m
[31m     [31m×[31m should have correct z-index for visibility[39m[32m 5[2mms[22m[39m
[31m     [31m×[31m should be pointer-events-none[39m[32m 3[2mms[22m[39m
[31m     [31m×[31m should render the FAB container[39m[32m 6[2mms[22m[39m
[31m     [31m×[31m should have fixed positioning[39m[32m 2[2mms[22m[39m
[31m     [31m×[31m should be hidden initially when not scrolled[39m[32m 4[2mms[22m[39m
[31m     [31m×[31m should show button after scrolling past threshold[39m[32m 2[2mms[22m[39m
[31m     [31m×[31m should call scrollTo when clicked[39m[32m 3[2mms[22m[39m
[31m     [31m×[31m should have aria-label for accessibility[39m[32m 2[2mms[22m[39m
[31m     [31m×[31m should have LTR direction[39m[32m 2[2mms[22m[39m
[31m     [31m×[31m should have rounded button[39m[32m 2[2mms[22m[39m
[31m     [31m×[31m ScrollProgress renders without crashing[39m[32m 10[2mms[22m[39m
[31m     [31m×[31m FloatingActionButton renders without crashing[39m[32m 3[2mms[22m[39m
 [31m❯[39m .claude/worktrees/hardcore-noether-c55378/client/src/components/effects/__tests__/effects.test.tsx [2m([22m[2m16 tests[22m[2m | [22m[31m16 failed[39m[2m)[22m[32m 121[2mms[22m[39m
[31m     [31m×[31m should render the progress bar[39m[32m 47[2mms[22m[39m
[31m     [31m×[31m should have fixed positioning[39m[32m 7[2mms[22m[39m
[31m     [31m×[31m should start with 0% width[39m[32m 5[2mms[22m[39m
[31m     [31m×[31m should update progress on scroll[39m[32m 4[2mms[22m[39m
[31m     [31m×[31m should have correct z-index for visibility[39m[32m 7[2mms[22m[39m
[31m     [31m×[31m should be pointer-events-none[39m[32m 4[2mms[22m[39m
[31m     [31m×[31m should render the FAB container[39m[32m 6[2mms[22m[39m
[31m     [31m×[31m should have fixed positioning[39m[32m 3[2mms[22m[39m
[31m     [31m×[31m should be hidden initially when not scrolled[39m[32m 6[2mms[22m[39m
[31m     [31m×[31m should show button after scrolling past threshold[39m[32m 3[2mms[22m[39m
[31m     [31m×[31m should call scrollTo when clicked[39m[32m 2[2mms[22m[39m
[31m     [31m×[31m should have aria-label for accessibility[39m[32m 2[2mms[22m[39m
[31m     [31m×[31m should have LTR direction[39m[32m 2[2mms[22m[39m
[31m     [31m×[31m should have rounded button[39m[32m 3[2mms[22m[39m
[31m     [31m×[31m ScrollProgress renders without crashing[39m[32m 13[2mms[22m[39m
[31m     [31m×[31m FloatingActionButton renders without crashing[39m[32m 3[2mms[22m[39m
 [31m❯[39m .claude/worktrees/jovial-germain-89e4df/client/src/pages/__tests__/404.test.tsx [2m([22m[2m16 tests[22m[2m | [22m[31m16 failed[39m[2m)[22m[32m 191[2mms[22m[39m
[31m       [31m×[31m should render the 404 page[39m[32m 99[2mms[22m[39m
[31m       [31m×[31m should display error state component[39m[32m 8[2mms[22m[39m
[31m       [31m×[31m should render the shrimp mascot with sad mood[39m[32m 7[2mms[22m[39m
[31m       [31m×[31m should display 404 text[39m[32m 7[2mms[22m[39m
[31m       [31m×[31m should display fun message about lost shrimp[39m[32m 11[2mms[22m[39m
[31m       [31m×[31m should display navigation suggestions[39m[32m 4[2mms[22m[39m
[31m       [31m×[31m should have home button[39m[32m 5[2mms[22m[39m
[31m       [31m×[31m should have products button[39m[32m 3[2mms[22m[39m
[31m       [31m×[31m should have fish encyclopedia button[39m[32m 5[2mms[22m[39m
[31m       [31m×[31m should have journey button[39m[32m 5[2mms[22m[39m
[31m       [31m×[31m should have deals button[39m[32m 2[2mms[22m[39m
[31m       [31m×[31m should navigate to home when clicking home button[39m[32m 7[2mms[22m[39m
[31m       [31m×[31m should navigate to products when clicking products button[39m[32m 4[2mms[22m[39m
[31m       [31m×[31m should navigate to fish encyclopedia when clicking encyclopedia button[39m[32m 4[2mms[22m[39m
[31m       [31m×[31m should have main content area[39m[32m 3[2mms[22m[39m
[31m       [31m×[31m should have RTL direction for suggestions[39m[32m 3[2mms[22m[39m
 [31m❯[39m .claude/worktrees/hardcore-noether-c55378/client/src/lib/__tests__/utils.test.ts [2m([22m[2m33 tests[22m[2m | [22m[31m1 failed[39m[2m)[22m[32m 198[2mms[22m[39m
       [32m✓[39m should merge class names[32m 45[2mms[22m[39m
       [32m✓[39m should handle conditional classes[32m 1[2mms[22m[39m
       [32m✓[39m should handle undefined and null[32m 0[2mms[22m[39m
       [32m✓[39m should merge Tailwind conflicting classes correctly[32m 5[2mms[22m[39m
       [32m✓[39m should handle empty input[32m 0[2mms[22m[39m
       [32m✓[39m should handle arrays[32m 3[2mms[22m[39m
       [32m✓[39m should handle objects[32m 1[2mms[22m[39m
       [32m✓[39m should format integer amounts correctly[32m 50[2mms[22m[39m
       [32m✓[39m should format zero correctly[32m 3[2mms[22m[39m
       [32m✓[39m should format large numbers with separators[32m 1[2mms[22m[39m
       [32m✓[39m should handle decimal numbers by rounding[32m 1[2mms[22m[39m
       [32m✓[39m should format negative numbers[32m 3[2mms[22m[39m
       [32m✓[39m should handle very large numbers[32m 0[2mms[22m[39m
       [32m✓[39m should append IQD symbol[32m 0[2mms[22m[39m
       [32m✓[39m should generate order number with FW prefix[32m 8[2mms[22m[39m
       [32m✓[39m should include date components (YYMMDD)[32m 2[2mms[22m[39m
       [32m✓[39m should include 4-digit random number[32m 4[2mms[22m[39m
[31m       [31m×[31m should generate unique order numbers[39m[32m 16[2mms[22m[39m
       [32m✓[39m should pad single-digit months[32m 1[2mms[22m[39m
       [32m✓[39m should pad single-digit days[32m 4[2mms[22m[39m
       [32m✓[39m should handle year transition correctly[32m 1[2mms[22m[39m
       [32m✓[39m should pad random numbers with leading zeros[32m 1[2mms[22m[39m
       [32m✓[39m should format date with Arabic locale[32m 17[2mms[22m[39m
       [32m✓[39m should include year, month, day, hour, and minute[32m 1[2mms[22m[39m
       [32m✓[39m should handle midnight correctly[32m 2[2mms[22m[39m
       [32m✓[39m should handle end of day correctly[32m 1[2mms[22m[39m
       [32m✓[39m should format different dates differently[32m 7[2mms[22m[39m
       [32m✓[39m should format date with Arabic locale[32m 3[2mms[22m[39m
       [32m✓[39m should include year, month, and day[32m 1[2mms[22m[39m
       [32m✓[39m should not include time components[32m 3[2mms[22m[39m
       [32m✓[39m should be shorter than formatDate[32m 1[2mms[22m[39m
       [32m✓[39m should format different dates differently[32m 2[2mms[22m[39m
       [32m✓[39m should handle year transitions[32m 1[2mms[22m[39m
 [31m❯[39m client/src/components/ui/__tests__/error-boundary.test.tsx [2m([22m[2m12 tests[22m[2m | [22m[31m7 failed[39m[2m)[22m[32m 256[2mms[22m[39m
       [32m✓[39m should render children when no error[32m 84[2mms[22m[39m
       [32m✓[39m should render multiple children[32m 13[2mms[22m[39m
[31m       [31m×[31m should catch errors and show fallback UI[39m[32m 34[2mms[22m[39m
[31m       [31m×[31m should show retry button[39m[32m 18[2mms[22m[39m
[31m       [31m×[31m should call onError callback when error occurs[39m[32m 10[2mms[22m[39m
       [32m✓[39m should render custom fallback when provided[32m 16[2mms[22m[39m
       [32m✓[39m should not show default UI when custom fallback provided[32m 9[2mms[22m[39m
[31m       [31m×[31m should have clickable retry button[39m[32m 11[2mms[22m[39m
[31m       [31m×[31m should show descriptive error message[39m[32m 10[2mms[22m[39m
       [32m✓[39m should catch error at nearest boundary[32m 13[2mms[22m[39m
[31m       [31m×[31m should have accessible retry button[39m[32m 6[2mms[22m[39m
[31m       [31m×[31m should have descriptive error text[39m[32m 12[2mms[22m[39m
 [31m❯[39m .claude/worktrees/hardcore-noether-c55378/client/src/pages/__tests__/deals.test.tsx [2m([22m[2m8 tests[22m[2m | [22m[31m7 failed[39m[2m)[22m[32m 203[2mms[22m[39m
[31m       [31m×[31m should render deals page[39m[32m 132[2mms[22m[39m
[31m       [31m×[31m should have main content area[39m[32m 15[2mms[22m[39m
[31m       [31m×[31m should display deals title[39m[32m 12[2mms[22m[39m
[31m       [31m×[31m should render whatsapp widget[39m[32m 8[2mms[22m[39m
[31m       [31m×[31m should render back to top button[39m[32m 9[2mms[22m[39m
[31m       [31m×[31m should display deals after loading[39m[32m 10[2mms[22m[39m
       [32m✓[39m should correctly calculate discount percentage[32m 4[2mms[22m[39m
[31m       [31m×[31m should have proper heading structure[39m[32m 6[2mms[22m[39m
 [31m❯[39m .claude/worktrees/jovial-germain-89e4df/client/src/pages/__tests__/deals.test.tsx [2m([22m[2m8 tests[22m[2m | [22m[31m7 failed[39m[2m)[22m[32m 205[2mms[22m[39m
[31m       [31m×[31m should render deals page[39m[32m 126[2mms[22m[39m
[31m       [31m×[31m should have main content area[39m[32m 21[2mms[22m[39m
[31m       [31m×[31m should display deals title[39m[32m 14[2mms[22m[39m
[31m       [31m×[31m should render whatsapp widget[39m[32m 7[2mms[22m[39m
[31m       [31m×[31m should render back to top button[39m[32m 14[2mms[22m[39m
[31m       [31m×[31m should display deals after loading[39m[32m 8[2mms[22m[39m
       [32m✓[39m should correctly calculate discount percentage[32m 1[2mms[22m[39m
[31m       [31m×[31m should have proper heading structure[39m[32m 7[2mms[22m[39m
 [31m❯[39m .claude/worktrees/jovial-germain-89e4df/client/src/pages/__tests__/fish-health-diagnosis.test.tsx [2m([22m[2m13 tests[22m[2m | [22m[31m13 failed[39m[2m)[22m[32m 232[2mms[22m[39m
[31m       [31m×[31m should render fish health diagnosis page[39m[32m 134[2mms[22m[39m
[31m       [31m×[31m should have main content area[39m[32m 9[2mms[22m[39m
[31m       [31m×[31m should display page title[39m[32m 9[2mms[22m[39m
[31m       [31m×[31m should display AI diagnosis badge with Dr. AQUAVO branding[39m[32m 6[2mms[22m[39m
[31m       [31m×[31m should have upload section[39m[32m 7[2mms[22m[39m
[31m       [31m×[31m should display diagnosis result placeholder[39m[32m 9[2mms[22m[39m
[31m       [31m×[31m should display disease categories reference section[39m[32m 8[2mms[22m[39m
[31m       [31m×[31m should display all 4 disease category cards[39m[32m 7[2mms[22m[39m
[31m       [31m×[31m should show upload tips[39m[32m 12[2mms[22m[39m
[31m       [31m×[31m should display diagnosis form or tool[39m[32m 6[2mms[22m[39m
[31m       [31m×[31m should have upload and camera buttons[39m[32m 5[2mms[22m[39m
[31m       [31m×[31m should have proper heading structure[39m[32m 5[2mms[22m[39m
[31m       [31m×[31m should have disclaimer notice[39m[32m 6[2mms[22m[39m
 [31m❯[39m .claude/worktrees/hardcore-noether-c55378/client/src/components/__tests__/navbar.test.tsx [2m([22m[2m3 tests[22m[2m | [22m[31m3 failed[39m[2m)[22m[32m 133[2mms[22m[39m
[31m     [31m×[31m should render navbar[39m[32m 91[2mms[22m[39m
[31m     [31m×[31m should have navigation links[39m[32m 16[2mms[22m[39m
[31m     [31m×[31m should have interactive buttons[39m[32m 21[2mms[22m[39m
 [31m❯[39m client/src/pages/__tests__/login.test.tsx [2m([22m[2m16 tests[22m[2m | [22m[31m16 failed[39m[2m)[22m[32m 199[2mms[22m[39m
[31m       [31m×[31m should render login form[39m[32m 83[2mms[22m[39m
[31m       [31m×[31m should render navbar and footer[39m[32m 9[2mms[22m[39m
[31m       [31m×[31m should render remember me checkbox[39m[32m 9[2mms[22m[39m
[31m       [31m×[31m should render forgot password link[39m[32m 4[2mms[22m[39m
[31m       [31m×[31m should render register link[39m[32m 12[2mms[22m[39m
[31m       [31m×[31m should update email input value[39m[32m 11[2mms[22m[39m
[31m       [31m×[31m should update password input value[39m[32m 5[2mms[22m[39m
[31m       [31m×[31m should toggle password visibility[39m[32m 4[2mms[22m[39m
[31m       [31m×[31m should toggle remember me checkbox[39m[32m 20[2mms[22m[39m
[31m       [31m×[31m should call login on form submit[39m[32m 7[2mms[22m[39m
[31m       [31m×[31m should show toast on successful login[39m[32m 4[2mms[22m[39m
[31m       [31m×[31m should redirect on successful login[39m[32m 4[2mms[22m[39m
[31m       [31m×[31m should show error on failed login[39m[32m 3[2mms[22m[39m
[31m       [31m×[31m should show loading text while submitting[39m[32m 3[2mms[22m[39m
[31m       [31m×[31m should have proper labels for inputs[39m[32m 5[2mms[22m[39m
[31m       [31m×[31m should have RTL direction[39m[32m 5[2mms[22m[39m
stderr | .claude/worktrees/jovial-germain-89e4df/client/src/pages/__tests__/order-confirmation.test.tsx > Order Confirmation Page > Rendering > should render order confirmation page
[["/api/orders/undefined"]]: No queryFn was passed as an option, and no default queryFn was found. The queryFn parameter is only optional when using a default queryFn. More info here: https://tanstack.com/query/latest/docs/framework/react/guides/default-query-function
[["/api/orders/undefined"]]: No queryFn was passed as an option, and no default queryFn was found. The queryFn parameter is only optional when using a default queryFn. More info here: https://tanstack.com/query/latest/docs/framework/react/guides/default-query-function

stderr | .claude/worktrees/jovial-germain-89e4df/client/src/pages/__tests__/order-confirmation.test.tsx > Order Confirmation Page > Rendering > should have main content area
[["/api/orders/undefined"]]: No queryFn was passed as an option, and no default queryFn was found. The queryFn parameter is only optional when using a default queryFn. More info here: https://tanstack.com/query/latest/docs/framework/react/guides/default-query-function
[["/api/orders/undefined"]]: No queryFn was passed as an option, and no default queryFn was found. The queryFn parameter is only optional when using a default queryFn. More info here: https://tanstack.com/query/latest/docs/framework/react/guides/default-query-function

stderr | .claude/worktrees/jovial-germain-89e4df/client/src/pages/__tests__/order-confirmation.test.tsx > Order Confirmation Page > Rendering > should display confirmation content
[["/api/orders/undefined"]]: No queryFn was passed as an option, and no default queryFn was found. The queryFn parameter is only optional when using a default queryFn. More info here: https://tanstack.com/query/latest/docs/framework/react/guides/default-query-function
[["/api/orders/undefined"]]: No queryFn was passed as an option, and no default queryFn was found. The queryFn parameter is only optional when using a default queryFn. More info here: https://tanstack.com/query/latest/docs/framework/react/guides/default-query-function

stderr | .claude/worktrees/jovial-germain-89e4df/client/src/pages/__tests__/order-confirmation.test.tsx > Order Confirmation Page > Order Details > should display order information section
[["/api/orders/undefined"]]: No queryFn was passed as an option, and no default queryFn was found. The queryFn parameter is only optional when using a default queryFn. More info here: https://tanstack.com/query/latest/docs/framework/react/guides/default-query-function
[["/api/orders/undefined"]]: No queryFn was passed as an option, and no default queryFn was found. The queryFn parameter is only optional when using a default queryFn. More info here: https://tanstack.com/query/latest/docs/framework/react/guides/default-query-function

stderr | .claude/worktrees/jovial-germain-89e4df/client/src/pages/__tests__/order-confirmation.test.tsx > Order Confirmation Page > Call to Actions > should have navigation buttons
[["/api/orders/undefined"]]: No queryFn was passed as an option, and no default queryFn was found. The queryFn parameter is only optional when using a default queryFn. More info here: https://tanstack.com/query/latest/docs/framework/react/guides/default-query-function
[["/api/orders/undefined"]]: No queryFn was passed as an option, and no default queryFn was found. The queryFn parameter is only optional when using a default queryFn. More info here: https://tanstack.com/query/latest/docs/framework/react/guides/default-query-function

stderr | .claude/worktrees/jovial-germain-89e4df/client/src/pages/__tests__/order-confirmation.test.tsx > Order Confirmation Page > Accessibility > should have proper heading structure
[["/api/orders/undefined"]]: No queryFn was passed as an option, and no default queryFn was found. The queryFn parameter is only optional when using a default queryFn. More info here: https://tanstack.com/query/latest/docs/framework/react/guides/default-query-function
[["/api/orders/undefined"]]: No queryFn was passed as an option, and no default queryFn was found. The queryFn parameter is only optional when using a default queryFn. More info here: https://tanstack.com/query/latest/docs/framework/react/guides/default-query-function

 [31m❯[39m .claude/worktrees/jovial-germain-89e4df/client/src/pages/__tests__/order-confirmation.test.tsx [2m([22m[2m6 tests[22m[2m | [22m[31m6 failed[39m[2m)[22m[32m 107[2mms[22m[39m
[31m       [31m×[31m should render order confirmation page[39m[32m 62[2mms[22m[39m
[31m       [31m×[31m should have main content area[39m[32m 9[2mms[22m[39m
[31m       [31m×[31m should display confirmation content[39m[32m 8[2mms[22m[39m
[31m       [31m×[31m should display order information section[39m[32m 6[2mms[22m[39m
[31m       [31m×[31m should have navigation buttons[39m[32m 10[2mms[22m[39m
[31m       [31m×[31m should have proper heading structure[39m[32m 7[2mms[22m[39m
 [31m❯[39m .claude/worktrees/jovial-germain-89e4df/client/src/pages/__tests__/admin-dashboard.test.tsx [2m([22m[2m4 tests[22m[2m | [22m[31m4 failed[39m[2m)[22m[32m 126[2mms[22m[39m
[31m     [31m×[31m should render admin dashboard[39m[32m 93[2mms[22m[39m
[31m     [31m×[31m should display admin email[39m[32m 13[2mms[22m[39m
[31m     [31m×[31m should have interactive buttons[39m[32m 8[2mms[22m[39m
[31m     [31m×[31m should have logout button[39m[32m 7[2mms[22m[39m
 [31m❯[39m client/src/__tests__/products.test.tsx [2m([22m[2m8 tests[22m[2m | [22m[31m5 failed[39m[2m)[22m[32m 126[2mms[22m[39m
[31m     [31m×[31m should render products page[39m[32m 56[2mms[22m[39m
[31m     [31m×[31m should display loading state initially[39m[32m 7[2mms[22m[39m
[31m     [31m×[31m should filter products by category[39m[32m 8[2mms[22m[39m
[31m     [31m×[31m should search products by keyword[39m[32m 6[2mms[22m[39m
[31m     [31m×[31m should sort products by price[39m[32m 7[2mms[22m[39m
     [32m✓[39m should display product information correctly[32m 22[2mms[22m[39m
     [32m✓[39m should show "out of stock" when product stock is 0[32m 5[2mms[22m[39m
     [32m✓[39m should add product to cart when button clicked[32m 11[2mms[22m[39m
 [31m❯[39m client/src/pages/__tests__/fish-health-diagnosis.test.tsx [2m([22m[2m13 tests[22m[2m | [22m[31m13 failed[39m[2m)[22m[32m 149[2mms[22m[39m
[31m       [31m×[31m should render fish health diagnosis page[39m[32m 52[2mms[22m[39m
[31m       [31m×[31m should have main content area[39m[32m 6[2mms[22m[39m
[31m       [31m×[31m should display page title[39m[32m 6[2mms[22m[39m
[31m       [31m×[31m should display AI diagnosis badge with Dr. AQUAVO branding[39m[32m 10[2mms[22m[39m
[31m       [31m×[31m should have upload section[39m[32m 12[2mms[22m[39m
[31m       [31m×[31m should display diagnosis result placeholder[39m[32m 10[2mms[22m[39m
[31m       [31m×[31m should display disease categories reference section[39m[32m 11[2mms[22m[39m
[31m       [31m×[31m should display all 4 disease category cards[39m[32m 11[2mms[22m[39m
[31m       [31m×[31m should show upload tips[39m[32m 7[2mms[22m[39m
[31m       [31m×[31m should display diagnosis form or tool[39m[32m 9[2mms[22m[39m
[31m       [31m×[31m should have upload and camera buttons[39m[32m 3[2mms[22m[39m
[31m       [31m×[31m should have proper heading structure[39m[32m 3[2mms[22m[39m
[31m       [31m×[31m should have disclaimer notice[39m[32m 4[2mms[22m[39m
 [31m❯[39m .claude/worktrees/hardcore-noether-c55378/client/src/__tests__/products.test.tsx [2m([22m[2m8 tests[22m[2m | [22m[31m5 failed[39m[2m)[22m[32m 200[2mms[22m[39m
[31m     [31m×[31m should render products page[39m[32m 99[2mms[22m[39m
[31m     [31m×[31m should display loading state initially[39m[32m 15[2mms[22m[39m
[31m     [31m×[31m should filter products by category[39m[32m 15[2mms[22m[39m
[31m     [31m×[31m should search products by keyword[39m[32m 7[2mms[22m[39m
[31m     [31m×[31m should sort products by price[39m[32m 11[2mms[22m[39m
     [32m✓[39m should display product information correctly[32m 27[2mms[22m[39m
     [32m✓[39m should show "out of stock" when product stock is 0[32m 6[2mms[22m[39m
     [32m✓[39m should add product to cart when button clicked[32m 12[2mms[22m[39m
 [31m❯[39m client/src/components/ui/__tests__/card.test.tsx [2m([22m[2m18 tests[22m[2m | [22m[31m18 failed[39m[2m)[22m[32m 87[2mms[22m[39m
[31m       [31m×[31m should render with children[39m[32m 19[2mms[22m[39m
[31m       [31m×[31m should apply custom className[39m[32m 1[2mms[22m[39m
[31m       [31m×[31m should render as div by default[39m[32m 5[2mms[22m[39m
[31m       [31m×[31m should render header content[39m[32m 5[2mms[22m[39m
[31m       [31m×[31m should apply custom className[39m[32m 7[2mms[22m[39m
[31m       [31m×[31m should render title[39m[32m 1[2mms[22m[39m
[31m       [31m×[31m should render title text[39m[32m 1[2mms[22m[39m
[31m       [31m×[31m should apply custom className[39m[32m 5[2mms[22m[39m
[31m       [31m×[31m should render description[39m[32m 1[2mms[22m[39m
[31m       [31m×[31m should apply custom className[39m[32m 13[2mms[22m[39m
[31m       [31m×[31m should render content[39m[32m 1[2mms[22m[39m
[31m       [31m×[31m should apply custom className[39m[32m 8[2mms[22m[39m
[31m       [31m×[31m should render footer[39m[32m 1[2mms[22m[39m
[31m       [31m×[31m should apply custom className[39m[32m 0[2mms[22m[39m
[31m       [31m×[31m should render complete card with all parts[39m[32m 7[2mms[22m[39m
[31m       [31m×[31m should maintain proper DOM structure[39m[32m 1[2mms[22m[39m
[31m       [31m×[31m should support aria attributes on card[39m[32m 0[2mms[22m[39m
[31m       [31m×[31m should render title with proper styling[39m[32m 0[2mms[22m[39m
 [31m❯[39m .claude/worktrees/hardcore-noether-c55378/client/src/pages/__tests__/admin-login.test.tsx [2m([22m[2m11 tests[22m[2m | [22m[31m11 failed[39m[2m)[22m[32m 299[2mms[22m[39m
[31m       [31m×[31m should render admin login form[39m[32m 143[2mms[22m[39m
[31m       [31m×[31m should display email input[39m[32m 19[2mms[22m[39m
[31m       [31m×[31m should display password input[39m[32m 18[2mms[22m[39m
[31m       [31m×[31m should display submit button[39m[32m 12[2mms[22m[39m
[31m       [31m×[31m should display security message[39m[32m 24[2mms[22m[39m
[31m       [31m×[31m should update email input value[39m[32m 19[2mms[22m[39m
[31m       [31m×[31m should update password input value[39m[32m 5[2mms[22m[39m
[31m       [31m×[31m should call login on form submit[39m[32m 7[2mms[22m[39m
[31m       [31m×[31m should redirect to admin dashboard on success[39m[32m 14[2mms[22m[39m
[31m       [31m×[31m should show error on failed login[39m[32m 10[2mms[22m[39m
[31m       [31m×[31m should show loading text while submitting[39m[32m 20[2mms[22m[39m
 [31m❯[39m client/src/pages/__tests__/compare.test.tsx [2m([22m[2m4 tests[22m[2m | [22m[31m4 failed[39m[2m)[22m[32m 147[2mms[22m[39m
[31m       [31m×[31m should render the compare page[39m[32m 93[2mms[22m[39m
[31m       [31m×[31m should have main content area[39m[32m 18[2mms[22m[39m
[31m       [31m×[31m should show empty state when no products to compare[39m[32m 18[2mms[22m[39m
[31m       [31m×[31m should have proper heading structure[39m[32m 10[2mms[22m[39m
 [31m❯[39m .claude/worktrees/jovial-germain-89e4df/client/src/lib/__tests__/utils.test.ts [2m([22m[2m33 tests[22m[2m | [22m[31m1 failed[39m[2m)[22m[32m 272[2mms[22m[39m
       [32m✓[39m should merge class names[32m 26[2mms[22m[39m
       [32m✓[39m should handle conditional classes[32m 4[2mms[22m[39m
       [32m✓[39m should handle undefined and null[32m 1[2mms[22m[39m
       [32m✓[39m should merge Tailwind conflicting classes correctly[32m 2[2mms[22m[39m
       [32m✓[39m should handle empty input[32m 0[2mms[22m[39m
       [32m✓[39m should handle arrays[32m 0[2mms[22m[39m
       [32m✓[39m should handle objects[32m 1[2mms[22m[39m
       [32m✓[39m should format integer amounts correctly[32m 101[2mms[22m[39m
       [32m✓[39m should format zero correctly[32m 1[2mms[22m[39m
       [32m✓[39m should format large numbers with separators[32m 7[2mms[22m[39m
       [32m✓[39m should handle decimal numbers by rounding[32m 1[2mms[22m[39m
       [32m✓[39m should format negative numbers[32m 0[2mms[22m[39m
       [32m✓[39m should handle very large numbers[32m 0[2mms[22m[39m
       [32m✓[39m should append IQD symbol[32m 6[2mms[22m[39m
       [32m✓[39m should generate order number with FW prefix[32m 17[2mms[22m[39m
       [32m✓[39m should include date components (YYMMDD)[32m 2[2mms[22m[39m
       [32m✓[39m should include 4-digit random number[32m 6[2mms[22m[39m
[31m       [31m×[31m should generate unique order numbers[39m[32m 35[2mms[22m[39m
       [32m✓[39m should pad single-digit months[32m 1[2mms[22m[39m
       [32m✓[39m should pad single-digit days[32m 3[2mms[22m[39m
       [32m✓[39m should handle year transition correctly[32m 1[2mms[22m[39m
       [32m✓[39m should pad random numbers with leading zeros[32m 1[2mms[22m[39m
       [32m✓[39m should format date with Arabic locale[32m 19[2mms[22m[39m
       [32m✓[39m should include year, month, day, hour, and minute[32m 5[2mms[22m[39m
       [32m✓[39m should handle midnight correctly[32m 1[2mms[22m[39m
       [32m✓[39m should handle end of day correctly[32m 0[2mms[22m[39m
       [32m✓[39m should format different dates differently[32m 6[2mms[22m[39m
       [32m✓[39m should format date with Arabic locale[32m 1[2mms[22m[39m
       [32m✓[39m should include year, month, and day[32m 1[2mms[22m[39m
       [32m✓[39m should not include time components[32m 5[2mms[22m[39m
       [32m✓[39m should be shorter than formatDate[32m 1[2mms[22m[39m
       [32m✓[39m should format different dates differently[32m 2[2mms[22m[39m
       [32m✓[39m should handle year transitions[32m 1[2mms[22m[39m
 [31m❯[39m client/src/pages/__tests__/products.test.tsx [2m([22m[2m5 tests[22m[2m | [22m[31m5 failed[39m[2m)[22m[32m 190[2mms[22m[39m
[31m     [31m×[31m should render the products page[39m[32m 131[2mms[22m[39m
[31m     [31m×[31m should show main content area[39m[32m 15[2mms[22m[39m
[31m     [31m×[31m should have filter section[39m[32m 17[2mms[22m[39m
[31m     [31m×[31m should display products after loading[39m[32m 14[2mms[22m[39m
[31m     [31m×[31m should render footer[39m[32m 11[2mms[22m[39m
 [31m❯[39m client/src/components/reviews/__tests__/reviews.test.tsx [2m([22m[2m18 tests[22m[2m | [22m[31m17 failed[39m[2m)[22m[32m 174[2mms[22m[39m
[31m     [31m×[31m should render correct number of full stars[39m[32m 70[2mms[22m[39m
[31m     [31m×[31m should render half star when rating has decimal >= 0.5[39m[32m 13[2mms[22m[39m
[31m     [31m×[31m should render all empty stars for rating 0[39m[32m 6[2mms[22m[39m
[31m     [31m×[31m should render all full stars for rating 5[39m[32m 4[2mms[22m[39m
[31m     [31m×[31m should show numeric value when showValue is true[39m[32m 10[2mms[22m[39m
[31m     [31m×[31m should not show numeric value when showValue is false[39m[32m 6[2mms[22m[39m
[31m     [31m×[31m should use custom maxRating[39m[32m 4[2mms[22m[39m
[31m     [31m×[31m should apply small size classes[39m[32m 4[2mms[22m[39m
[31m     [31m×[31m should apply large size classes[39m[32m 4[2mms[22m[39m
[31m     [31m×[31m should be interactive when interactive prop is true[39m[32m 4[2mms[22m[39m
[31m     [31m×[31m should call onRatingChange when star is clicked in interactive mode[39m[32m 3[2mms[22m[39m
[31m     [31m×[31m should not call onRatingChange when not interactive[39m[32m 3[2mms[22m[39m
[31m     [31m×[31m should apply custom className[39m[32m 2[2mms[22m[39m
[31m     [31m×[31m should have RTL direction on stars container[39m[32m 3[2mms[22m[39m
     [32m✓[39m should handle negative rating by throwing error[32m 7[2mms[22m[39m
[31m     [31m×[31m should handle rating greater than maxRating[39m[32m 19[2mms[22m[39m
[31m     [31m×[31m should handle decimal rating correctly[39m[32m 4[2mms[22m[39m
[31m     [31m×[31m should handle rating of 0.4 without half star[39m[32m 2[2mms[22m[39m
 [31m❯[39m .claude/worktrees/jovial-germain-89e4df/client/src/pages/__tests__/register.test.tsx [2m([22m[2m13 tests[22m[2m | [22m[31m13 failed[39m[2m)[22m[32m 160[2mms[22m[39m
[31m       [31m×[31m should render register form[39m[32m 75[2mms[22m[39m
[31m       [31m×[31m should display name input[39m[32m 10[2mms[22m[39m
[31m       [31m×[31m should display email input[39m[32m 5[2mms[22m[39m
[31m       [31m×[31m should display phone input[39m[32m 5[2mms[22m[39m
[31m       [31m×[31m should display password input[39m[32m 7[2mms[22m[39m
[31m       [31m×[31m should display confirm password input[39m[32m 4[2mms[22m[39m
[31m       [31m×[31m should display submit button[39m[32m 4[2mms[22m[39m
[31m       [31m×[31m should display password strength indicator[39m[32m 3[2mms[22m[39m
[31m       [31m×[31m should have link to login page[39m[32m 6[2mms[22m[39m
[31m       [31m×[31m should update name input value[39m[32m 16[2mms[22m[39m
[31m       [31m×[31m should update email input value[39m[32m 6[2mms[22m[39m
[31m       [31m×[31m should have main content area[39m[32m 8[2mms[22m[39m
[31m       [31m×[31m should have proper labels for inputs[39m[32m 6[2mms[22m[39m
 [31m❯[39m client/src/pages/__tests__/blog-post.test.tsx [2m([22m[2m6 tests[22m[2m | [22m[31m6 failed[39m[2m)[22m[32m 100[2mms[22m[39m
[31m       [31m×[31m should display not found message when article does not exist[39m[32m 63[2mms[22m[39m
[31m       [31m×[31m should have link to blog page[39m[32m 7[2mms[22m[39m
[31m       [31m×[31m should have return button[39m[32m 8[2mms[22m[39m
[31m       [31m×[31m should display article content area[39m[32m 4[2mms[22m[39m
[31m       [31m×[31m should have proper heading structure[39m[32m 10[2mms[22m[39m
[31m       [31m×[31m should have navigation link[39m[32m 3[2mms[22m[39m
 [31m❯[39m client/src/pages/__tests__/admin-dashboard.test.tsx [2m([22m[2m4 tests[22m[2m | [22m[31m4 failed[39m[2m)[22m[32m 144[2mms[22m[39m
[31m     [31m×[31m should render admin dashboard[39m[32m 99[2mms[22m[39m
[31m     [31m×[31m should display admin email[39m[32m 19[2mms[22m[39m
[31m     [31m×[31m should have interactive buttons[39m[32m 14[2mms[22m[39m
[31m     [31m×[31m should have logout button[39m[32m 9[2mms[22m[39m
 [31m❯[39m .claude/worktrees/jovial-germain-89e4df/client/src/components/reviews/__tests__/reviews.test.tsx [2m([22m[2m18 tests[22m[2m | [22m[31m17 failed[39m[2m)[22m[32m 167[2mms[22m[39m
[31m     [31m×[31m should render correct number of full stars[39m[32m 65[2mms[22m[39m
[31m     [31m×[31m should render half star when rating has decimal >= 0.5[39m[32m 8[2mms[22m[39m
[31m     [31m×[31m should render all empty stars for rating 0[39m[32m 12[2mms[22m[39m
[31m     [31m×[31m should render all full stars for rating 5[39m[32m 4[2mms[22m[39m
[31m     [31m×[31m should show numeric value when showValue is true[39m[32m 14[2mms[22m[39m
[31m     [31m×[31m should not show numeric value when showValue is false[39m[32m 3[2mms[22m[39m
[31m     [31m×[31m should use custom maxRating[39m[32m 4[2mms[22m[39m
[31m     [31m×[31m should apply small size classes[39m[32m 3[2mms[22m[39m
[31m     [31m×[31m should apply large size classes[39m[32m 6[2mms[22m[39m
[31m     [31m×[31m should be interactive when interactive prop is true[39m[32m 7[2mms[22m[39m
[31m     [31m×[31m should call onRatingChange when star is clicked in interactive mode[39m[32m 2[2mms[22m[39m
[31m     [31m×[31m should not call onRatingChange when not interactive[39m[32m 3[2mms[22m[39m
[31m     [31m×[31m should apply custom className[39m[32m 3[2mms[22m[39m
[31m     [31m×[31m should have RTL direction on stars container[39m[32m 3[2mms[22m[39m
     [32m✓[39m should handle negative rating by throwing error[32m 4[2mms[22m[39m
[31m     [31m×[31m should handle rating greater than maxRating[39m[32m 13[2mms[22m[39m
[31m     [31m×[31m should handle decimal rating correctly[39m[32m 2[2mms[22m[39m
[31m     [31m×[31m should handle rating of 0.4 without half star[39m[32m 2[2mms[22m[39m
 [31m❯[39m .claude/worktrees/hardcore-noether-c55378/client/src/pages/__tests__/home.test.tsx [2m([22m[2m5 tests[22m[2m | [22m[31m5 failed[39m[2m)[22m[32m 121[2mms[22m[39m
[31m     [31m×[31m should render the home page without crashing[39m[32m 73[2mms[22m[39m
[31m     [31m×[31m should have main content section[39m[32m 14[2mms[22m[39m
[31m     [31m×[31m should display hero section with heading[39m[32m 11[2mms[22m[39m
[31m     [31m×[31m should render WhatsApp widget[39m[32m 5[2mms[22m[39m
[31m     [31m×[31m should contain navigation links[39m[32m 11[2mms[22m[39m
 [31m❯[39m client/src/pages/__tests__/404.test.tsx [2m([22m[2m16 tests[22m[2m | [22m[31m16 failed[39m[2m)[22m[32m 153[2mms[22m[39m
[31m       [31m×[31m should render the 404 page[39m[32m 72[2mms[22m[39m
[31m       [31m×[31m should display error state component[39m[32m 10[2mms[22m[39m
[31m       [31m×[31m should render the shrimp mascot with sad mood[39m[32m 10[2mms[22m[39m
[31m       [31m×[31m should display 404 text[39m[32m 7[2mms[22m[39m
[31m       [31m×[31m should display fun message about lost shrimp[39m[32m 9[2mms[22m[39m
[31m       [31m×[31m should display navigation suggestions[39m[32m 4[2mms[22m[39m
[31m       [31m×[31m should have home button[39m[32m 2[2mms[22m[39m
[31m       [31m×[31m should have products button[39m[32m 4[2mms[22m[39m
[31m       [31m×[31m should have fish encyclopedia button[39m[32m 4[2mms[22m[39m
[31m       [31m×[31m should have journey button[39m[32m 3[2mms[22m[39m
[31m       [31m×[31m should have deals button[39m[32m 2[2mms[22m[39m
[31m       [31m×[31m should navigate to home when clicking home button[39m[32m 6[2mms[22m[39m
[31m       [31m×[31m should navigate to products when clicking products button[39m[32m 3[2mms[22m[39m
[31m       [31m×[31m should navigate to fish encyclopedia when clicking encyclopedia button[39m[32m 4[2mms[22m[39m
[31m       [31m×[31m should have main content area[39m[32m 3[2mms[22m[39m
[31m       [31m×[31m should have RTL direction for suggestions[39m[32m 4[2mms[22m[39m
 [31m❯[39m .claude/worktrees/hardcore-noether-c55378/client/src/pages/__tests__/fish-health-diagnosis.test.tsx [2m([22m[2m13 tests[22m[2m | [22m[31m13 failed[39m[2m)[22m[32m 194[2mms[22m[39m
[31m       [31m×[31m should render fish health diagnosis page[39m[32m 96[2mms[22m[39m
[31m       [31m×[31m should have main content area[39m[32m 13[2mms[22m[39m
[31m       [31m×[31m should display page title[39m[32m 18[2mms[22m[39m
[31m       [31m×[31m should display AI diagnosis badge with Dr. AQUAVO branding[39m[32m 6[2mms[22m[39m
[31m       [31m×[31m should have upload section[39m[32m 12[2mms[22m[39m
[31m       [31m×[31m should display diagnosis result placeholder[39m[32m 6[2mms[22m[39m
[31m       [31m×[31m should display disease categories reference section[39m[32m 3[2mms[22m[39m
[31m       [31m×[31m should display all 4 disease category cards[39m[32m 5[2mms[22m[39m
[31m       [31m×[31m should show upload tips[39m[32m 7[2mms[22m[39m
[31m       [31m×[31m should display diagnosis form or tool[39m[32m 7[2mms[22m[39m
[31m       [31m×[31m should have upload and camera buttons[39m[32m 6[2mms[22m[39m
[31m       [31m×[31m should have proper heading structure[39m[32m 2[2mms[22m[39m
[31m       [31m×[31m should have disclaimer notice[39m[32m 4[2mms[22m[39m
 [31m❯[39m .claude/worktrees/hardcore-noether-c55378/client/src/pages/__tests__/404.test.tsx [2m([22m[2m16 tests[22m[2m | [22m[31m16 failed[39m[2m)[22m[32m 206[2mms[22m[39m
[31m       [31m×[31m should render the 404 page[39m[32m 85[2mms[22m[39m
[31m       [31m×[31m should display error state component[39m[32m 12[2mms[22m[39m
[31m       [31m×[31m should render the shrimp mascot with sad mood[39m[32m 14[2mms[22m[39m
[31m       [31m×[31m should display 404 text[39m[32m 8[2mms[22m[39m
[31m       [31m×[31m should display fun message about lost shrimp[39m[32m 10[2mms[22m[39m
[31m       [31m×[31m should display navigation suggestions[39m[32m 4[2mms[22m[39m
[31m       [31m×[31m should have home button[39m[32m 4[2mms[22m[39m
[31m       [31m×[31m should have products button[39m[32m 5[2mms[22m[39m
[31m       [31m×[31m should have fish encyclopedia button[39m[32m 6[2mms[22m[39m
[31m       [31m×[31m should have journey button[39m[32m 5[2mms[22m[39m
[31m       [31m×[31m should have deals button[39m[32m 7[2mms[22m[39m
[31m       [31m×[31m should navigate to home when clicking home button[39m[32m 14[2mms[22m[39m
[31m       [31m×[31m should navigate to products when clicking products button[39m[32m 7[2mms[22m[39m
[31m       [31m×[31m should navigate to fish encyclopedia when clicking encyclopedia button[39m[32m 4[2mms[22m[39m
[31m       [31m×[31m should have main content area[39m[32m 4[2mms[22m[39m
[31m       [31m×[31m should have RTL direction for suggestions[39m[32m 2[2mms[22m[39m
 [31m❯[39m .claude/worktrees/hardcore-noether-c55378/client/src/pages/__tests__/blog-post.test.tsx [2m([22m[2m6 tests[22m[2m | [22m[31m6 failed[39m[2m)[22m[32m 97[2mms[22m[39m
[31m       [31m×[31m should display not found message when article does not exist[39m[32m 59[2mms[22m[39m
[31m       [31m×[31m should have link to blog page[39m[32m 8[2mms[22m[39m
[31m       [31m×[31m should have return button[39m[32m 7[2mms[22m[39m
[31m       [31m×[31m should display article content area[39m[32m 5[2mms[22m[39m
[31m       [31m×[31m should have proper heading structure[39m[32m 7[2mms[22m[39m
[31m       [31m×[31m should have navigation link[39m[32m 5[2mms[22m[39m
 [31m❯[39m client/src/pages/__tests__/register.test.tsx [2m([22m[2m13 tests[22m[2m | [22m[31m13 failed[39m[2m)[22m[32m 114[2mms[22m[39m
[31m       [31m×[31m should render register form[39m[32m 58[2mms[22m[39m
[31m       [31m×[31m should display name input[39m[32m 6[2mms[22m[39m
[31m       [31m×[31m should display email input[39m[32m 6[2mms[22m[39m
[31m       [31m×[31m should display phone input[39m[32m 4[2mms[22m[39m
[31m       [31m×[31m should display password input[39m[32m 6[2mms[22m[39m
[31m       [31m×[31m should display confirm password input[39m[32m 3[2mms[22m[39m
[31m       [31m×[31m should display submit button[39m[32m 3[2mms[22m[39m
[31m       [31m×[31m should display password strength indicator[39m[32m 3[2mms[22m[39m
[31m       [31m×[31m should have link to login page[39m[32m 4[2mms[22m[39m
[31m       [31m×[31m should update name input value[39m[32m 7[2mms[22m[39m
[31m       [31m×[31m should update email input value[39m[32m 3[2mms[22m[39m
[31m       [31m×[31m should have main content area[39m[32m 2[2mms[22m[39m
[31m       [31m×[31m should have proper labels for inputs[39m[32m 2[2mms[22m[39m
 [31m❯[39m .claude/worktrees/hardcore-noether-c55378/client/src/pages/__tests__/fish-encyclopedia.test.tsx [2m([22m[2m5 tests[22m[2m | [22m[31m5 failed[39m[2m)[22m[32m 96[2mms[22m[39m
[31m     [31m×[31m should render encyclopedia page[39m[32m 69[2mms[22m[39m
[31m     [31m×[31m should display page title[39m[32m 8[2mms[22m[39m
[31m     [31m×[31m should have search functionality[39m[32m 5[2mms[22m[39m
[31m     [31m×[31m should display fish cards[39m[32m 5[2mms[22m[39m
[31m     [31m×[31m should render footer[39m[32m 5[2mms[22m[39m
 [31m❯[39m .claude/worktrees/jovial-germain-89e4df/client/src/pages/__tests__/products.test.tsx [2m([22m[2m5 tests[22m[2m | [22m[31m5 failed[39m[2m)[22m[32m 111[2mms[22m[39m
[31m     [31m×[31m should render the products page[39m[32m 71[2mms[22m[39m
[31m     [31m×[31m should show main content area[39m[32m 9[2mms[22m[39m
[31m     [31m×[31m should have filter section[39m[32m 10[2mms[22m[39m
[31m     [31m×[31m should display products after loading[39m[32m 7[2mms[22m[39m
[31m     [31m×[31m should render footer[39m[32m 10[2mms[22m[39m
stderr | client/src/pages/__tests__/order-confirmation.test.tsx > Order Confirmation Page > Rendering > should render order confirmation page
[["/api/orders/undefined"]]: No queryFn was passed as an option, and no default queryFn was found. The queryFn parameter is only optional when using a default queryFn. More info here: https://tanstack.com/query/latest/docs/framework/react/guides/default-query-function
[["/api/orders/undefined"]]: No queryFn was passed as an option, and no default queryFn was found. The queryFn parameter is only optional when using a default queryFn. More info here: https://tanstack.com/query/latest/docs/framework/react/guides/default-query-function

stderr | client/src/pages/__tests__/order-confirmation.test.tsx > Order Confirmation Page > Rendering > should have main content area
[["/api/orders/undefined"]]: No queryFn was passed as an option, and no default queryFn was found. The queryFn parameter is only optional when using a default queryFn. More info here: https://tanstack.com/query/latest/docs/framework/react/guides/default-query-function
[["/api/orders/undefined"]]: No queryFn was passed as an option, and no default queryFn was found. The queryFn parameter is only optional when using a default queryFn. More info here: https://tanstack.com/query/latest/docs/framework/react/guides/default-query-function

stderr | client/src/pages/__tests__/order-confirmation.test.tsx > Order Confirmation Page > Rendering > should display confirmation content
[["/api/orders/undefined"]]: No queryFn was passed as an option, and no default queryFn was found. The queryFn parameter is only optional when using a default queryFn. More info here: https://tanstack.com/query/latest/docs/framework/react/guides/default-query-function
[["/api/orders/undefined"]]: No queryFn was passed as an option, and no default queryFn was found. The queryFn parameter is only optional when using a default queryFn. More info here: https://tanstack.com/query/latest/docs/framework/react/guides/default-query-function

stderr | client/src/pages/__tests__/order-confirmation.test.tsx > Order Confirmation Page > Order Details > should display order information section
[["/api/orders/undefined"]]: No queryFn was passed as an option, and no default queryFn was found. The queryFn parameter is only optional when using a default queryFn. More info here: https://tanstack.com/query/latest/docs/framework/react/guides/default-query-function
[["/api/orders/undefined"]]: No queryFn was passed as an option, and no default queryFn was found. The queryFn parameter is only optional when using a default queryFn. More info here: https://tanstack.com/query/latest/docs/framework/react/guides/default-query-function

stderr | client/src/pages/__tests__/order-confirmation.test.tsx > Order Confirmation Page > Call to Actions > should have navigation buttons
[["/api/orders/undefined"]]: No queryFn was passed as an option, and no default queryFn was found. The queryFn parameter is only optional when using a default queryFn. More info here: https://tanstack.com/query/latest/docs/framework/react/guides/default-query-function
[["/api/orders/undefined"]]: No queryFn was passed as an option, and no default queryFn was found. The queryFn parameter is only optional when using a default queryFn. More info here: https://tanstack.com/query/latest/docs/framework/react/guides/default-query-function

stderr | client/src/pages/__tests__/order-confirmation.test.tsx > Order Confirmation Page > Accessibility > should have proper heading structure
[["/api/orders/undefined"]]: No queryFn was passed as an option, and no default queryFn was found. The queryFn parameter is only optional when using a default queryFn. More info here: https://tanstack.com/query/latest/docs/framework/react/guides/default-query-function
[["/api/orders/undefined"]]: No queryFn was passed as an option, and no default queryFn was found. The queryFn parameter is only optional when using a default queryFn. More info here: https://tanstack.com/query/latest/docs/framework/react/guides/default-query-function

 [31m❯[39m client/src/pages/__tests__/order-confirmation.test.tsx [2m([22m[2m6 tests[22m[2m | [22m[31m6 failed[39m[2m)[22m[32m 141[2mms[22m[39m
[31m       [31m×[31m should render order confirmation page[39m[32m 87[2mms[22m[39m
[31m       [31m×[31m should have main content area[39m[32m 18[2mms[22m[39m
[31m       [31m×[31m should display confirmation content[39m[32m 10[2mms[22m[39m
[31m       [31m×[31m should display order information section[39m[32m 5[2mms[22m[39m
[31m       [31m×[31m should have navigation buttons[39m[32m 8[2mms[22m[39m
[31m       [31m×[31m should have proper heading structure[39m[32m 7[2mms[22m[39m
 [31m❯[39m .claude/worktrees/jovial-germain-89e4df/client/src/pages/__tests__/login.test.tsx [2m([22m[2m16 tests[22m[2m | [22m[31m16 failed[39m[2m)[22m[32m 145[2mms[22m[39m
[31m       [31m×[31m should render login form[39m[32m 56[2mms[22m[39m
[31m       [31m×[31m should render navbar and footer[39m[32m 6[2mms[22m[39m
[31m       [31m×[31m should render remember me checkbox[39m[32m 6[2mms[22m[39m
[31m       [31m×[31m should render forgot password link[39m[32m 3[2mms[22m[39m
[31m       [31m×[31m should render register link[39m[32m 7[2mms[22m[39m
[31m       [31m×[31m should update email input value[39m[32m 9[2mms[22m[39m
[31m       [31m×[31m should update password input value[39m[32m 7[2mms[22m[39m
[31m       [31m×[31m should toggle password visibility[39m[32m 7[2mms[22m[39m
[31m       [31m×[31m should toggle remember me checkbox[39m[32m 5[2mms[22m[39m
[31m       [31m×[31m should call login on form submit[39m[32m 5[2mms[22m[39m
[31m       [31m×[31m should show toast on successful login[39m[32m 6[2mms[22m[39m
[31m       [31m×[31m should redirect on successful login[39m[32m 7[2mms[22m[39m
[31m       [31m×[31m should show error on failed login[39m[32m 3[2mms[22m[39m
[31m       [31m×[31m should show loading text while submitting[39m[32m 5[2mms[22m[39m
[31m       [31m×[31m should have proper labels for inputs[39m[32m 4[2mms[22m[39m
[31m       [31m×[31m should have RTL direction[39m[32m 4[2mms[22m[39m
 [31m❯[39m .claude/worktrees/hardcore-noether-c55378/client/src/pages/__tests__/login.test.tsx [2m([22m[2m16 tests[22m[2m | [22m[31m16 failed[39m[2m)[22m[32m 240[2mms[22m[39m
[31m       [31m×[31m should render login form[39m[32m 112[2mms[22m[39m
[31m       [31m×[31m should render navbar and footer[39m[32m 12[2mms[22m[39m
[31m       [31m×[31m should render remember me checkbox[39m[32m 15[2mms[22m[39m
[31m       [31m×[31m should render forgot password link[39m[32m 6[2mms[22m[39m
[31m       [31m×[31m should render register link[39m[32m 12[2mms[22m[39m
[31m       [31m×[31m should update email input value[39m[32m 11[2mms[22m[39m
[31m       [31m×[31m should update password input value[39m[32m 4[2mms[22m[39m
[31m       [31m×[31m should toggle password visibility[39m[32m 3[2mms[22m[39m
[31m       [31m×[31m should toggle remember me checkbox[39m[32m 7[2mms[22m[39m
[31m       [31m×[31m should call login on form submit[39m[32m 9[2mms[22m[39m
[31m       [31m×[31m should show toast on successful login[39m[32m 6[2mms[22m[39m
[31m       [31m×[31m should redirect on successful login[39m[32m 7[2mms[22m[39m
[31m       [31m×[31m should show error on failed login[39m[32m 8[2mms[22m[39m
[31m       [31m×[31m should show loading text while submitting[39m[32m 9[2mms[22m[39m
[31m       [31m×[31m should have proper labels for inputs[39m[32m 5[2mms[22m[39m
[31m       [31m×[31m should have RTL direction[39m[32m 2[2mms[22m[39m
 [31m❯[39m .claude/worktrees/jovial-germain-89e4df/client/src/pages/__tests__/home.test.tsx [2m([22m[2m5 tests[22m[2m | [22m[31m5 failed[39m[2m)[22m[32m 219[2mms[22m[39m
[31m     [31m×[31m should render the home page without crashing[39m[32m 136[2mms[22m[39m
[31m     [31m×[31m should have main content section[39m[32m 22[2mms[22m[39m
[31m     [31m×[31m should display hero section with heading[39m[32m 17[2mms[22m[39m
[31m     [31m×[31m should render WhatsApp widget[39m[32m 9[2mms[22m[39m
[31m     [31m×[31m should contain navigation links[39m[32m 19[2mms[22m[39m
 [31m❯[39m client/src/__tests__/fish-encyclopedia.test.tsx [2m([22m[2m13 tests[22m[2m | [22m[31m1 failed[39m[2m)[22m[32m 37[2mms[22m[39m
     [32m✓[39m should filter fish by difficulty level[32m 7[2mms[22m[39m
     [32m✓[39m should filter fish by temperament[32m 5[2mms[22m[39m
     [32m✓[39m should filter fish by minimum tank size[32m 1[2mms[22m[39m
     [32m✓[39m should search fish by Arabic name[32m 2[2mms[22m[39m
     [32m✓[39m should search fish by English name[32m 1[2mms[22m[39m
     [32m✓[39m should detect compatible fish species[32m 0[2mms[22m[39m
     [32m✓[39m should detect incompatible temperature ranges[32m 2[2mms[22m[39m
     [32m✓[39m should detect incompatible temperaments[32m 0[2mms[22m[39m
     [32m✓[39m should detect incompatible pH ranges[32m 1[2mms[22m[39m
[31m     [31m×[31m should display all fish information[39m[32m 11[2mms[22m[39m
     [32m✓[39m should show difficulty badge with correct color[32m 0[2mms[22m[39m
     [32m✓[39m should recommend fish based on tank size[32m 1[2mms[22m[39m
     [32m✓[39m should recommend fish based on experience level[32m 1[2mms[22m[39m
 [31m❯[39m client/src/components/calculators/__tests__/calculators.test.tsx [2m([22m[2m8 tests[22m[2m | [22m[31m8 failed[39m[2m)[22m[32m 132[2mms[22m[39m
[31m     [31m×[31m should render the calculator[39m[32m 69[2mms[22m[39m
[31m     [31m×[31m should have input fields for dimensions[39m[32m 5[2mms[22m[39m
[31m     [31m×[31m should have a calculate button[39m[32m 7[2mms[22m[39m
[31m     [31m×[31m should display title and description[39m[32m 6[2mms[22m[39m
[31m     [31m×[31m should have unit selectors[39m[32m 12[2mms[22m[39m
[31m     [31m×[31m should accept numeric input in fields[39m[32m 3[2mms[22m[39m
[31m     [31m×[31m should have calculator icon in title[39m[32m 6[2mms[22m[39m
[31m     [31m×[31m TankSizeCalculator renders without crashing[39m[32m 20[2mms[22m[39m
 [31m❯[39m .claude/worktrees/hardcore-noether-c55378/client/src/__tests__/fish-encyclopedia.test.tsx [2m([22m[2m13 tests[22m[2m | [22m[31m1 failed[39m[2m)[22m[32m 58[2mms[22m[39m
     [32m✓[39m should filter fish by difficulty level[32m 8[2mms[22m[39m
     [32m✓[39m should filter fish by temperament[32m 3[2mms[22m[39m
     [32m✓[39m should filter fish by minimum tank size[32m 1[2mms[22m[39m
     [32m✓[39m should search fish by Arabic name[32m 5[2mms[22m[39m
     [32m✓[39m should search fish by English name[32m 2[2mms[22m[39m
     [32m✓[39m should detect compatible fish species[32m 8[2mms[22m[39m
     [32m✓[39m should detect incompatible temperature ranges[32m 0[2mms[22m[39m
     [32m✓[39m should detect incompatible temperaments[32m 0[2mms[22m[39m
     [32m✓[39m should detect incompatible pH ranges[32m 1[2mms[22m[39m
[31m     [31m×[31m should display all fish information[39m[32m 22[2mms[22m[39m
     [32m✓[39m should show difficulty badge with correct color[32m 0[2mms[22m[39m
     [32m✓[39m should recommend fish based on tank size[32m 3[2mms[22m[39m
     [32m✓[39m should recommend fish based on experience level[32m 1[2mms[22m[39m
 [31m❯[39m .claude/worktrees/jovial-germain-89e4df/client/src/components/ui/__tests__/badge.test.tsx [2m([22m[2m9 tests[22m[2m | [22m[31m9 failed[39m[2m)[22m[32m 36[2mms[22m[39m
[31m       [31m×[31m should render with children[39m[32m 12[2mms[22m[39m
[31m       [31m×[31m should apply custom className[39m[32m 1[2mms[22m[39m
[31m       [31m×[31m should render default variant[39m[32m 1[2mms[22m[39m
[31m       [31m×[31m should render secondary variant[39m[32m 1[2mms[22m[39m
[31m       [31m×[31m should render destructive variant[39m[32m 2[2mms[22m[39m
[31m       [31m×[31m should render outline variant[39m[32m 1[2mms[22m[39m
[31m       [31m×[31m should work for new product badge[39m[32m 1[2mms[22m[39m
[31m       [31m×[31m should work for sale badge[39m[32m 1[2mms[22m[39m
[31m       [31m×[31m should work for stock status[39m[32m 5[2mms[22m[39m
 [31m❯[39m .claude/worktrees/hardcore-noether-c55378/client/src/pages/__tests__/admin-dashboard.test.tsx [2m([22m[2m4 tests[22m[2m | [22m[31m4 failed[39m[2m)[22m[32m 184[2mms[22m[39m
[31m     [31m×[31m should render admin dashboard[39m[32m 118[2mms[22m[39m
[31m     [31m×[31m should display admin email[39m[32m 19[2mms[22m[39m
[31m     [31m×[31m should have interactive buttons[39m[32m 22[2mms[22m[39m
[31m     [31m×[31m should have logout button[39m[32m 16[2mms[22m[39m
 [31m❯[39m client/src/components/ui/__tests__/badge.test.tsx [2m([22m[2m9 tests[22m[2m | [22m[31m9 failed[39m[2m)[22m[32m 52[2mms[22m[39m
[31m       [31m×[31m should render with children[39m[32m 23[2mms[22m[39m
[31m       [31m×[31m should apply custom className[39m[32m 5[2mms[22m[39m
[31m       [31m×[31m should render default variant[39m[32m 6[2mms[22m[39m
[31m       [31m×[31m should render secondary variant[39m[32m 1[2mms[22m[39m
[31m       [31m×[31m should render destructive variant[39m[32m 1[2mms[22m[39m
[31m       [31m×[31m should render outline variant[39m[32m 1[2mms[22m[39m
[31m       [31m×[31m should work for new product badge[39m[32m 5[2mms[22m[39m
[31m       [31m×[31m should work for sale badge[39m[32m 1[2mms[22m[39m
[31m       [31m×[31m should work for stock status[39m[32m 1[2mms[22m[39m
 [31m❯[39m client/src/pages/__tests__/home.test.tsx [2m([22m[2m5 tests[22m[2m | [22m[31m5 failed[39m[2m)[22m[32m 181[2mms[22m[39m
[31m     [31m×[31m should render the home page without crashing[39m[32m 120[2mms[22m[39m
[31m     [31m×[31m should have main content section[39m[32m 25[2mms[22m[39m
[31m     [31m×[31m should display hero section with heading[39m[32m 13[2mms[22m[39m
[31m     [31m×[31m should render WhatsApp widget[39m[32m 6[2mms[22m[39m
[31m     [31m×[31m should contain navigation links[39m[32m 13[2mms[22m[39m
 [31m❯[39m .claude/worktrees/jovial-germain-89e4df/client/src/__tests__/cart.test.tsx [2m([22m[2m12 tests[22m[2m | [22m[31m12 failed[39m[2m)[22m[32m 162[2mms[22m[39m
[31m     [31m×[31m should add item to cart[39m[32m 85[2mms[22m[39m
[31m     [31m×[31m should update item quantity in cart[39m[32m 8[2mms[22m[39m
[31m     [31m×[31m should remove item from cart[39m[32m 10[2mms[22m[39m
[31m     [31m×[31m should calculate total price correctly[39m[32m 6[2mms[22m[39m
[31m     [31m×[31m should clear entire cart[39m[32m 9[2mms[22m[39m
[31m     [31m×[31m should not exceed stock limit[39m[32m 5[2mms[22m[39m
[31m     [31m×[31m should increase quantity when adding same product[39m[32m 10[2mms[22m[39m
[31m     [31m×[31m should persist cart to localStorage[39m[32m 6[2mms[22m[39m
[31m     [31m×[31m should display cart items[39m[32m 2[2mms[22m[39m
[31m     [31m×[31m should show empty cart message when cart is empty[39m[32m 2[2mms[22m[39m
[31m     [31m×[31m should calculate and display total price[39m[32m 1[2mms[22m[39m
[31m     [31m×[31m should generate invoice with correct details[39m[32m 6[2mms[22m[39m
stderr | client/src/pages/__tests__/community-gallery.test.tsx > Community Gallery Page > Rendering > should render the gallery page
[["/api/gallery"]]: No queryFn was passed as an option, and no default queryFn was found. The queryFn parameter is only optional when using a default queryFn. More info here: https://tanstack.com/query/latest/docs/framework/react/guides/default-query-function
[["/api/gallery"]]: No queryFn was passed as an option, and no default queryFn was found. The queryFn parameter is only optional when using a default queryFn. More info here: https://tanstack.com/query/latest/docs/framework/react/guides/default-query-function

stderr | client/src/pages/__tests__/community-gallery.test.tsx > Community Gallery Page > Rendering > should have main content area
[["/api/gallery"]]: No queryFn was passed as an option, and no default queryFn was found. The queryFn parameter is only optional when using a default queryFn. More info here: https://tanstack.com/query/latest/docs/framework/react/guides/default-query-function
[["/api/gallery"]]: No queryFn was passed as an option, and no default queryFn was found. The queryFn parameter is only optional when using a default queryFn. More info here: https://tanstack.com/query/latest/docs/framework/react/guides/default-query-function

stderr | client/src/pages/__tests__/community-gallery.test.tsx > Community Gallery Page > Rendering > should display gallery title
[["/api/gallery"]]: No queryFn was passed as an option, and no default queryFn was found. The queryFn parameter is only optional when using a default queryFn. More info here: https://tanstack.com/query/latest/docs/framework/react/guides/default-query-function
[["/api/gallery"]]: No queryFn was passed as an option, and no default queryFn was found. The queryFn parameter is only optional when using a default queryFn. More info here: https://tanstack.com/query/latest/docs/framework/react/guides/default-query-function

stderr | client/src/pages/__tests__/community-gallery.test.tsx > Community Gallery Page > Gallery Items > should display gallery content after loading
[["/api/gallery"]]: No queryFn was passed as an option, and no default queryFn was found. The queryFn parameter is only optional when using a default queryFn. More info here: https://tanstack.com/query/latest/docs/framework/react/guides/default-query-function
[["/api/gallery"]]: No queryFn was passed as an option, and no default queryFn was found. The queryFn parameter is only optional when using a default queryFn. More info here: https://tanstack.com/query/latest/docs/framework/react/guides/default-query-function

stderr | client/src/pages/__tests__/community-gallery.test.tsx > Community Gallery Page > Accessibility > should have proper heading structure
[["/api/gallery"]]: No queryFn was passed as an option, and no default queryFn was found. The queryFn parameter is only optional when using a default queryFn. More info here: https://tanstack.com/query/latest/docs/framework/react/guides/default-query-function
[["/api/gallery"]]: No queryFn was passed as an option, and no default queryFn was found. The queryFn parameter is only optional when using a default queryFn. More info here: https://tanstack.com/query/latest/docs/framework/react/guides/default-query-function

 [31m❯[39m client/src/pages/__tests__/community-gallery.test.tsx [2m([22m[2m5 tests[22m[2m | [22m[31m5 failed[39m[2m)[22m[32m 177[2mms[22m[39m
[31m       [31m×[31m should render the gallery page[39m[32m 92[2mms[22m[39m
[31m       [31m×[31m should have main content area[39m[32m 27[2mms[22m[39m
[31m       [31m×[31m should display gallery title[39m[32m 17[2mms[22m[39m
[31m       [31m×[31m should display gallery content after loading[39m[32m 10[2mms[22m[39m
[31m       [31m×[31m should have proper heading structure[39m[32m 19[2mms[22m[39m
 [31m❯[39m .claude/worktrees/jovial-germain-89e4df/client/src/pages/__tests__/fish-encyclopedia.test.tsx [2m([22m[2m5 tests[22m[2m | [22m[31m5 failed[39m[2m)[22m[32m 196[2mms[22m[39m
[31m     [31m×[31m should render encyclopedia page[39m[32m 143[2mms[22m[39m
[31m     [31m×[31m should display page title[39m[32m 15[2mms[22m[39m
[31m     [31m×[31m should have search functionality[39m[32m 12[2mms[22m[39m
[31m     [31m×[31m should display fish cards[39m[32m 7[2mms[22m[39m
[31m     [31m×[31m should render footer[39m[32m 15[2mms[22m[39m
 [31m❯[39m .claude/worktrees/jovial-germain-89e4df/client/src/pages/__tests__/sustainability.test.tsx [2m([22m[2m5 tests[22m[2m | [22m[31m5 failed[39m[2m)[22m[32m 88[2mms[22m[39m
[31m       [31m×[31m should render the sustainability page[39m[32m 60[2mms[22m[39m
[31m       [31m×[31m should have main content area[39m[32m 7[2mms[22m[39m
[31m       [31m×[31m should display sustainability title[39m[32m 5[2mms[22m[39m
[31m       [31m×[31m should contain sustainability content[39m[32m 5[2mms[22m[39m
[31m       [31m×[31m should have proper heading structure[39m[32m 5[2mms[22m[39m
 [31m❯[39m client/src/pages/__tests__/deals.test.tsx [2m([22m[2m8 tests[22m[2m | [22m[31m7 failed[39m[2m)[22m[32m 130[2mms[22m[39m
[31m       [31m×[31m should render deals page[39m[32m 78[2mms[22m[39m
[31m       [31m×[31m should have main content area[39m[32m 9[2mms[22m[39m
[31m       [31m×[31m should display deals title[39m[32m 8[2mms[22m[39m
[31m       [31m×[31m should render whatsapp widget[39m[32m 6[2mms[22m[39m
[31m       [31m×[31m should render back to top button[39m[32m 9[2mms[22m[39m
[31m       [31m×[31m should display deals after loading[39m[32m 6[2mms[22m[39m
       [32m✓[39m should correctly calculate discount percentage[32m 2[2mms[22m[39m
[31m       [31m×[31m should have proper heading structure[39m[32m 5[2mms[22m[39m
stderr | .claude/worktrees/hardcore-noether-c55378/client/src/pages/__tests__/community-gallery.test.tsx > Community Gallery Page > Rendering > should render the gallery page
[["/api/gallery"]]: No queryFn was passed as an option, and no default queryFn was found. The queryFn parameter is only optional when using a default queryFn. More info here: https://tanstack.com/query/latest/docs/framework/react/guides/default-query-function
[["/api/gallery"]]: No queryFn was passed as an option, and no default queryFn was found. The queryFn parameter is only optional when using a default queryFn. More info here: https://tanstack.com/query/latest/docs/framework/react/guides/default-query-function

stderr | .claude/worktrees/hardcore-noether-c55378/client/src/pages/__tests__/community-gallery.test.tsx > Community Gallery Page > Rendering > should have main content area
[["/api/gallery"]]: No queryFn was passed as an option, and no default queryFn was found. The queryFn parameter is only optional when using a default queryFn. More info here: https://tanstack.com/query/latest/docs/framework/react/guides/default-query-function
[["/api/gallery"]]: No queryFn was passed as an option, and no default queryFn was found. The queryFn parameter is only optional when using a default queryFn. More info here: https://tanstack.com/query/latest/docs/framework/react/guides/default-query-function

stderr | .claude/worktrees/hardcore-noether-c55378/client/src/pages/__tests__/community-gallery.test.tsx > Community Gallery Page > Rendering > should display gallery title
[["/api/gallery"]]: No queryFn was passed as an option, and no default queryFn was found. The queryFn parameter is only optional when using a default queryFn. More info here: https://tanstack.com/query/latest/docs/framework/react/guides/default-query-function
[["/api/gallery"]]: No queryFn was passed as an option, and no default queryFn was found. The queryFn parameter is only optional when using a default queryFn. More info here: https://tanstack.com/query/latest/docs/framework/react/guides/default-query-function

stderr | .claude/worktrees/hardcore-noether-c55378/client/src/pages/__tests__/community-gallery.test.tsx > Community Gallery Page > Gallery Items > should display gallery content after loading
[["/api/gallery"]]: No queryFn was passed as an option, and no default queryFn was found. The queryFn parameter is only optional when using a default queryFn. More info here: https://tanstack.com/query/latest/docs/framework/react/guides/default-query-function
[["/api/gallery"]]: No queryFn was passed as an option, and no default queryFn was found. The queryFn parameter is only optional when using a default queryFn. More info here: https://tanstack.com/query/latest/docs/framework/react/guides/default-query-function

 [31m❯[39m .claude/worktrees/jovial-germain-89e4df/client/src/components/calculators/__tests__/calculators.test.tsx [2m([22m[2m8 tests[22m[2m | [22m[31m8 failed[39m[2m)[22m[32m 100[2mms[22m[39m
[31m     [31m×[31m should render the calculator[39m[32m 48[2mms[22m[39m
[31m     [31m×[31m should have input fields for dimensions[39m[32m 5[2mms[22m[39m
[31m     [31m×[31m should have a calculate button[39m[32m 5[2mms[22m[39m
[31m     [31m×[31m should display title and description[39m[32m 6[2mms[22m[39m
[31m     [31m×[31m should have unit selectors[39m[32m 6[2mms[22m[39m
[31m     [31m×[31m should accept numeric input in fields[39m[32m 6[2mms[22m[39m
[31m     [31m×[31m should have calculator icon in title[39m[32m 3[2mms[22m[39m
[31m     [31m×[31m TankSizeCalculator renders without crashing[39m[32m 13[2mms[22m[39m
stderr | .claude/worktrees/hardcore-noether-c55378/client/src/pages/__tests__/community-gallery.test.tsx > Community Gallery Page > Accessibility > should have proper heading structure
[["/api/gallery"]]: No queryFn was passed as an option, and no default queryFn was found. The queryFn parameter is only optional when using a default queryFn. More info here: https://tanstack.com/query/latest/docs/framework/react/guides/default-query-function
[["/api/gallery"]]: No queryFn was passed as an option, and no default queryFn was found. The queryFn parameter is only optional when using a default queryFn. More info here: https://tanstack.com/query/latest/docs/framework/react/guides/default-query-function

 [31m❯[39m .claude/worktrees/hardcore-noether-c55378/client/src/pages/__tests__/community-gallery.test.tsx [2m([22m[2m5 tests[22m[2m | [22m[31m5 failed[39m[2m)[22m[32m 112[2mms[22m[39m
[31m       [31m×[31m should render the gallery page[39m[32m 71[2mms[22m[39m
[31m       [31m×[31m should have main content area[39m[32m 13[2mms[22m[39m
[31m       [31m×[31m should display gallery title[39m[32m 7[2mms[22m[39m
[31m       [31m×[31m should display gallery content after loading[39m[32m 7[2mms[22m[39m
[31m       [31m×[31m should have proper heading structure[39m[32m 10[2mms[22m[39m
 [31m❯[39m .claude/worktrees/jovial-germain-89e4df/client/src/pages/__tests__/admin-login.test.tsx [2m([22m[2m11 tests[22m[2m | [22m[31m11 failed[39m[2m)[22m[32m 103[2mms[22m[39m
[31m       [31m×[31m should render admin login form[39m[32m 50[2mms[22m[39m
[31m       [31m×[31m should display email input[39m[32m 6[2mms[22m[39m
[31m       [31m×[31m should display password input[39m[32m 7[2mms[22m[39m
[31m       [31m×[31m should display submit button[39m[32m 3[2mms[22m[39m
[31m       [31m×[31m should display security message[39m[32m 6[2mms[22m[39m
[31m       [31m×[31m should update email input value[39m[32m 8[2mms[22m[39m
[31m       [31m×[31m should update password input value[39m[32m 4[2mms[22m[39m
[31m       [31m×[31m should call login on form submit[39m[32m 3[2mms[22m[39m
[31m       [31m×[31m should redirect to admin dashboard on success[39m[32m 5[2mms[22m[39m
[31m       [31m×[31m should show error on failed login[39m[32m 3[2mms[22m[39m
[31m       [31m×[31m should show loading text while submitting[39m[32m 3[2mms[22m[39m
 [31m❯[39m client/src/pages/__tests__/search-results.test.tsx [2m([22m[2m3 tests[22m[2m | [22m[31m3 failed[39m[2m)[22m[32m 86[2mms[22m[39m
[31m     [31m×[31m should render search results page[39m[32m 61[2mms[22m[39m
[31m     [31m×[31m should display search results[39m[32m 12[2mms[22m[39m
[31m     [31m×[31m should render footer[39m[32m 8[2mms[22m[39m
 [31m❯[39m .claude/worktrees/hardcore-noether-c55378/client/src/pages/__tests__/products.test.tsx [2m([22m[2m5 tests[22m[2m | [22m[31m5 failed[39m[2m)[22m[32m 89[2mms[22m[39m
[31m     [31m×[31m should render the products page[39m[32m 58[2mms[22m[39m
[31m     [31m×[31m should show main content area[39m[32m 7[2mms[22m[39m
[31m     [31m×[31m should have filter section[39m[32m 7[2mms[22m[39m
[31m     [31m×[31m should display products after loading[39m[32m 5[2mms[22m[39m
[31m     [31m×[31m should render footer[39m[32m 7[2mms[22m[39m
 [31m❯[39m .claude/worktrees/hardcore-noether-c55378/client/src/__tests__/App.test.tsx [2m([22m[2m7 tests[22m[2m | [22m[31m7 failed[39m[2m)[22m[32m 75[2mms[22m[39m
[31m       [31m×[31m should render without crashing[39m[32m 45[2mms[22m[39m
[31m       [31m×[31m should render toaster[39m[32m 5[2mms[22m[39m
[31m       [31m×[31m should render scroll progress indicator[39m[32m 6[2mms[22m[39m
[31m       [31m×[31m should render floating action button container[39m[32m 4[2mms[22m[39m
[31m       [31m×[31m should render bubble trail container[39m[32m 5[2mms[22m[39m
[31m       [31m×[31m should have main content area[39m[32m 4[2mms[22m[39m
[31m       [31m×[31m should have skip to main content link[39m[32m 3[2mms[22m[39m
 [31m❯[39m client/src/pages/__tests__/product-details.test.tsx [2m([22m[2m5 tests[22m[2m | [22m[31m5 failed[39m[2m)[22m[32m 111[2mms[22m[39m
[31m     [31m×[31m should render the product details page[39m[32m 61[2mms[22m[39m
[31m     [31m×[31m should display product information when loaded[39m[32m 17[2mms[22m[39m
[31m     [31m×[31m should have add to cart functionality[39m[32m 9[2mms[22m[39m
[31m     [31m×[31m should render footer[39m[32m 7[2mms[22m[39m
[31m     [31m×[31m should render WhatsApp widget[39m[32m 13[2mms[22m[39m
 [31m❯[39m .claude/worktrees/jovial-germain-89e4df/client/src/components/ui/__tests__/button.test.tsx [2m([22m[2m21 tests[22m[2m | [22m[31m21 failed[39m[2m)[22m[32m 51[2mms[22m[39m
[31m       [31m×[31m should render with children[39m[32m 13[2mms[22m[39m
[31m       [31m×[31m should render as button by default[39m[32m 1[2mms[22m[39m
[31m       [31m×[31m should apply custom className[39m[32m 3[2mms[22m[39m
[31m       [31m×[31m should render default variant[39m[32m 2[2mms[22m[39m
[31m       [31m×[31m should render destructive variant[39m[32m 1[2mms[22m[39m
[31m       [31m×[31m should render outline variant[39m[32m 1[2mms[22m[39m
[31m       [31m×[31m should render secondary variant[39m[32m 1[2mms[22m[39m
[31m       [31m×[31m should render ghost variant[39m[32m 1[2mms[22m[39m
[31m       [31m×[31m should render link variant[39m[32m 1[2mms[22m[39m
[31m       [31m×[31m should render default size[39m[32m 1[2mms[22m[39m
[31m       [31m×[31m should render small size[39m[32m 1[2mms[22m[39m
[31m       [31m×[31m should render large size[39m[32m 1[2mms[22m[39m
[31m       [31m×[31m should render icon size[39m[32m 1[2mms[22m[39m
[31m       [31m×[31m should call onClick when clicked[39m[32m 5[2mms[22m[39m
[31m       [31m×[31m should not call onClick when disabled[39m[32m 1[2mms[22m[39m
[31m       [31m×[31m should be disabled when disabled prop is true[39m[32m 2[2mms[22m[39m
[31m       [31m×[31m should not be disabled by default[39m[32m 1[2mms[22m[39m
[31m       [31m×[31m should render as child element when asChild is true[39m[32m 4[2mms[22m[39m
[31m       [31m×[31m should have accessible role[39m[32m 3[2mms[22m[39m
[31m       [31m×[31m should support aria-label[39m[32m 1[2mms[22m[39m
[31m       [31m×[31m should support type attribute[39m[32m 1[2mms[22m[39m
 [31m❯[39m .claude/worktrees/jovial-germain-89e4df/client/src/pages/__tests__/forgot-password.test.tsx [2m([22m[2m7 tests[22m[2m | [22m[31m7 failed[39m[2m)[22m[32m 220[2mms[22m[39m
[31m       [31m×[31m should render forgot password page[39m[32m 121[2mms[22m[39m
[31m       [31m×[31m should display email input[39m[32m 11[2mms[22m[39m
[31m       [31m×[31m should display submit button[39m[32m 14[2mms[22m[39m
[31m       [31m×[31m should have link to login page[39m[32m 13[2mms[22m[39m
[31m       [31m×[31m should update email input value[39m[32m 26[2mms[22m[39m
[31m       [31m×[31m should have main content area[39m[32m 19[2mms[22m[39m
[31m       [31m×[31m should have proper heading structure[39m[32m 9[2mms[22m[39m
 [31m❯[39m .claude/worktrees/jovial-germain-89e4df/client/src/pages/__tests__/privacy-policy.test.tsx [2m([22m[2m5 tests[22m[2m | [22m[31m5 failed[39m[2m)[22m[32m 70[2mms[22m[39m
[31m       [31m×[31m should render the privacy policy page[39m[32m 47[2mms[22m[39m
[31m       [31m×[31m should have main content area[39m[32m 6[2mms[22m[39m
[31m       [31m×[31m should display privacy policy title[39m[32m 5[2mms[22m[39m
[31m       [31m×[31m should contain privacy-related content[39m[32m 3[2mms[22m[39m
[31m       [31m×[31m should have proper heading structure[39m[32m 6[2mms[22m[39m
 [31m❯[39m client/src/pages/__tests__/return-policy.test.tsx [2m([22m[2m5 tests[22m[2m | [22m[31m5 failed[39m[2m)[22m[32m 80[2mms[22m[39m
[31m       [31m×[31m should render the return policy page[39m[32m 47[2mms[22m[39m
[31m       [31m×[31m should have main content area[39m[32m 9[2mms[22m[39m
[31m       [31m×[31m should display return policy title[39m[32m 6[2mms[22m[39m
[31m       [31m×[31m should contain return policy content[39m[32m 5[2mms[22m[39m
[31m       [31m×[31m should have proper heading structure[39m[32m 9[2mms[22m[39m
 [31m❯[39m .claude/worktrees/hardcore-noether-c55378/client/src/__tests__/cart.test.tsx [2m([22m[2m12 tests[22m[2m | [22m[31m12 failed[39m[2m)[22m[32m 177[2mms[22m[39m
[31m     [31m×[31m should add item to cart[39m[32m 81[2mms[22m[39m
[31m     [31m×[31m should update item quantity in cart[39m[32m 20[2mms[22m[39m
[31m     [31m×[31m should remove item from cart[39m[32m 14[2mms[22m[39m
[31m     [31m×[31m should calculate total price correctly[39m[32m 9[2mms[22m[39m
[31m     [31m×[31m should clear entire cart[39m[32m 17[2mms[22m[39m
[31m     [31m×[31m should not exceed stock limit[39m[32m 3[2mms[22m[39m
[31m     [31m×[31m should increase quantity when adding same product[39m[32m 7[2mms[22m[39m
[31m     [31m×[31m should persist cart to localStorage[39m[32m 7[2mms[22m[39m
[31m     [31m×[31m should display cart items[39m[32m 8[2mms[22m[39m
[31m     [31m×[31m should show empty cart message when cart is empty[39m[32m 1[2mms[22m[39m
[31m     [31m×[31m should calculate and display total price[39m[32m 1[2mms[22m[39m
[31m     [31m×[31m should generate invoice with correct details[39m[32m 7[2mms[22m[39m
 [31m❯[39m .claude/worktrees/hardcore-noether-c55378/client/src/components/calculators/__tests__/calculators.test.tsx [2m([22m[2m8 tests[22m[2m | [22m[31m8 failed[39m[2m)[22m[32m 206[2mms[22m[39m
[31m     [31m×[31m should render the calculator[39m[32m 98[2mms[22m[39m
[31m     [31m×[31m should have input fields for dimensions[39m[32m 16[2mms[22m[39m
[31m     [31m×[31m should have a calculate button[39m[32m 17[2mms[22m[39m
[31m     [31m×[31m should display title and description[39m[32m 10[2mms[22m[39m
[31m     [31m×[31m should have unit selectors[39m[32m 14[2mms[22m[39m
[31m     [31m×[31m should accept numeric input in fields[39m[32m 5[2mms[22m[39m
[31m     [31m×[31m should have calculator icon in title[39m[32m 12[2mms[22m[39m
[31m     [31m×[31m TankSizeCalculator renders without crashing[39m[32m 31[2mms[22m[39m
 [31m❯[39m client/src/pages/__tests__/privacy-policy.test.tsx [2m([22m[2m5 tests[22m[2m | [22m[31m5 failed[39m[2m)[22m[32m 49[2mms[22m[39m
[31m       [31m×[31m should render the privacy policy page[39m[32m 31[2mms[22m[39m
[31m       [31m×[31m should have main content area[39m[32m 4[2mms[22m[39m
[31m       [31m×[31m should display privacy policy title[39m[32m 3[2mms[22m[39m
[31m       [31m×[31m should contain privacy-related content[39m[32m 3[2mms[22m[39m
[31m       [31m×[31m should have proper heading structure[39m[32m 4[2mms[22m[39m
 [31m❯[39m client/src/pages/__tests__/forgot-password.test.tsx [2m([22m[2m7 tests[22m[2m | [22m[31m7 failed[39m[2m)[22m[32m 193[2mms[22m[39m
[31m       [31m×[31m should render forgot password page[39m[32m 118[2mms[22m[39m
[31m       [31m×[31m should display email input[39m[32m 16[2mms[22m[39m
[31m       [31m×[31m should display submit button[39m[32m 9[2mms[22m[39m
[31m       [31m×[31m should have link to login page[39m[32m 6[2mms[22m[39m
[31m       [31m×[31m should update email input value[39m[32m 17[2mms[22m[39m
[31m       [31m×[31m should have main content area[39m[32m 12[2mms[22m[39m
[31m       [31m×[31m should have proper heading structure[39m[32m 2[2mms[22m[39m
 [31m❯[39m .claude/worktrees/hardcore-noether-c55378/client/src/pages/__tests__/compare.test.tsx [2m([22m[2m4 tests[22m[2m | [22m[31m4 failed[39m[2m)[22m[32m 209[2mms[22m[39m
[31m       [31m×[31m should render the compare page[39m[32m 136[2mms[22m[39m
[31m       [31m×[31m should have main content area[39m[32m 17[2mms[22m[39m
[31m       [31m×[31m should show empty state when no products to compare[39m[32m 18[2mms[22m[39m
[31m       [31m×[31m should have proper heading structure[39m[32m 16[2mms[22m[39m
 [31m❯[39m client/src/pages/__tests__/order-tracking.test.tsx [2m([22m[2m3 tests[22m[2m | [22m[31m3 failed[39m[2m)[22m[32m 175[2mms[22m[39m
[31m     [31m×[31m should render order tracking page[39m[32m 139[2mms[22m[39m
[31m     [31m×[31m should display order status[39m[32m 12[2mms[22m[39m
[31m     [31m×[31m should render footer[39m[32m 17[2mms[22m[39m
 [31m❯[39m .claude/worktrees/jovial-germain-89e4df/client/src/pages/__tests__/compare.test.tsx [2m([22m[2m4 tests[22m[2m | [22m[31m4 failed[39m[2m)[22m[32m 181[2mms[22m[39m
[31m       [31m×[31m should render the compare page[39m[32m 134[2mms[22m[39m
[31m       [31m×[31m should have main content area[39m[32m 20[2mms[22m[39m
[31m       [31m×[31m should show empty state when no products to compare[39m[32m 14[2mms[22m[39m
[31m       [31m×[31m should have proper heading structure[39m[32m 9[2mms[22m[39m
 [31m❯[39m .claude/worktrees/jovial-germain-89e4df/client/src/__tests__/App.test.tsx [2m([22m[2m7 tests[22m[2m | [22m[31m7 failed[39m[2m)[22m[32m 163[2mms[22m[39m
[31m       [31m×[31m should render without crashing[39m[32m 90[2mms[22m[39m
[31m       [31m×[31m should render toaster[39m[32m 10[2mms[22m[39m
[31m       [31m×[31m should render scroll progress indicator[39m[32m 11[2mms[22m[39m
[31m       [31m×[31m should render floating action button container[39m[32m 6[2mms[22m[39m
[31m       [31m×[31m should render bubble trail container[39m[32m 10[2mms[22m[39m
[31m       [31m×[31m should have main content area[39m[32m 14[2mms[22m[39m
[31m       [31m×[31m should have skip to main content link[39m[32m 13[2mms[22m[39m
 [31m❯[39m .claude/worktrees/hardcore-noether-c55378/client/src/pages/__tests__/forgot-password.test.tsx [2m([22m[2m7 tests[22m[2m | [22m[31m7 failed[39m[2m)[22m[32m 147[2mms[22m[39m
[31m       [31m×[31m should render forgot password page[39m[32m 71[2mms[22m[39m
[31m       [31m×[31m should display email input[39m[32m 12[2mms[22m[39m
[31m       [31m×[31m should display submit button[39m[32m 21[2mms[22m[39m
[31m       [31m×[31m should have link to login page[39m[32m 9[2mms[22m[39m
[31m       [31m×[31m should update email input value[39m[32m 16[2mms[22m[39m
[31m       [31m×[31m should have main content area[39m[32m 7[2mms[22m[39m
[31m       [31m×[31m should have proper heading structure[39m[32m 4[2mms[22m[39m
 [31m❯[39m .claude/worktrees/hardcore-noether-c55378/client/src/pages/__tests__/fish-breeding-calculator.test.tsx [2m([22m[2m5 tests[22m[2m | [22m[31m5 failed[39m[2m)[22m[32m 192[2mms[22m[39m
[31m     [31m×[31m should render the calculator page[39m[32m 121[2mms[22m[39m
[31m     [31m×[31m should have main content area[39m[32m 21[2mms[22m[39m
[31m     [31m×[31m should display fish breeding heading[39m[32m 17[2mms[22m[39m
[31m     [31m×[31m should have interactive controls[39m[32m 17[2mms[22m[39m
[31m     [31m×[31m should render footer[39m[32m 11[2mms[22m[39m
 [31m❯[39m client/src/pages/__tests__/wishlist.test.tsx [2m([22m[2m4 tests[22m[2m | [22m[31m4 failed[39m[2m)[22m[32m 168[2mms[22m[39m
[31m     [31m×[31m should render wishlist page[39m[32m 131[2mms[22m[39m
[31m     [31m×[31m should display wishlist items[39m[32m 15[2mms[22m[39m
[31m     [31m×[31m should have remove from wishlist functionality[39m[32m 11[2mms[22m[39m
[31m     [31m×[31m should render footer[39m[32m 7[2mms[22m[39m
 [31m❯[39m client/src/components/ui/__tests__/dialog.test.tsx [2m([22m[2m10 tests[22m[2m | [22m[31m10 failed[39m[2m)[22m[32m 72[2mms[22m[39m
[31m       [31m×[31m should not render content when closed[39m[32m 22[2mms[22m[39m
[31m       [31m×[31m should render trigger button[39m[32m 4[2mms[22m[39m
[31m       [31m×[31m should open dialog when trigger clicked[39m[32m 12[2mms[22m[39m
[31m       [31m×[31m should close dialog when close button clicked[39m[32m 7[2mms[22m[39m
[31m       [31m×[31m should work with external state control[39m[32m 8[2mms[22m[39m
[31m       [31m×[31m should render header correctly[39m[32m 1[2mms[22m[39m
[31m       [31m×[31m should render footer correctly[39m[32m 5[2mms[22m[39m
[31m       [31m×[31m should have dialog role when open[39m[32m 2[2mms[22m[39m
[31m       [31m×[31m should have proper title for screen readers[39m[32m 4[2mms[22m[39m
[31m       [31m×[31m should work as confirmation dialog[39m[32m 1[2mms[22m[39m
 [31m❯[39m .claude/worktrees/jovial-germain-89e4df/client/src/pages/__tests__/journey.test.tsx [2m([22m[2m6 tests[22m[2m | [22m[31m6 failed[39m[2m)[22m[32m 169[2mms[22m[39m
[31m     [31m×[31m renders loading state when loading saved plan[39m[32m 108[2mms[22m[39m
[31m     [31m×[31m renders Step 1 initially[39m[32m 11[2mms[22m[39m
[31m     [31m×[31m calls updateData when selecting an option in Step 1[39m[32m 11[2mms[22m[39m
[31m     [31m×[31m renders Step 2 when currentStep is 1[39m[32m 8[2mms[22m[39m
[31m     [31m×[31m calls nextStep when Next button is clicked[39m[32m 15[2mms[22m[39m
[31m     [31m×[31m renders Summary (Step 9) when currentStep is 8[39m[32m 7[2mms[22m[39m
 [31m❯[39m .claude/worktrees/hardcore-noether-c55378/client/src/pages/__tests__/search-results.test.tsx [2m([22m[2m3 tests[22m[2m | [22m[31m3 failed[39m[2m)[22m[32m 91[2mms[22m[39m
[31m     [31m×[31m should render search results page[39m[32m 68[2mms[22m[39m
[31m     [31m×[31m should display search results[39m[32m 11[2mms[22m[39m
[31m     [31m×[31m should render footer[39m[32m 8[2mms[22m[39m
 [31m❯[39m .claude/worktrees/hardcore-noether-c55378/client/src/components/ui/__tests__/badge.test.tsx [2m([22m[2m9 tests[22m[2m | [22m[31m9 failed[39m[2m)[22m[32m 39[2mms[22m[39m
[31m       [31m×[31m should render with children[39m[32m 13[2mms[22m[39m
[31m       [31m×[31m should apply custom className[39m[32m 2[2mms[22m[39m
[31m       [31m×[31m should render default variant[39m[32m 2[2mms[22m[39m
[31m       [31m×[31m should render secondary variant[39m[32m 1[2mms[22m[39m
[31m       [31m×[31m should render destructive variant[39m[32m 5[2mms[22m[39m
[31m       [31m×[31m should render outline variant[39m[32m 2[2mms[22m[39m
[31m       [31m×[31m should work for new product badge[39m[32m 2[2mms[22m[39m
[31m       [31m×[31m should work for sale badge[39m[32m 1[2mms[22m[39m
[31m       [31m×[31m should work for stock status[39m[32m 1[2mms[22m[39m
 [31m❯[39m .claude/worktrees/jovial-germain-89e4df/client/src/components/chat/__tests__/ai-chat-bot.test.tsx [2m([22m[2m56 tests[22m[2m | [22m[31m13 failed[39m[2m)[22m[32m 243[2mms[22m[39m
     [32m✓[39m يعرف السطر العادي[32m 7[2mms[22m[39m
     [32m✓[39m يعرف النقطة (bullet) بـ •[32m 5[2mms[22m[39m
     [32m✓[39m يعرف النقطة بـ -[32m 1[2mms[22m[39m
     [32m✓[39m يعرف القائمة المرقمة (1. 2. 3.)[32m 5[2mms[22m[39m
     [32m✓[39m يستخرج رقم القائمة والمحتوى[32m 1[2mms[22m[39m
     [32m✓[39m يعرف سطر التحذير ⚠️[32m 0[2mms[22m[39m
     [32m✓[39m يعرف سطر تحذير يبدأ بـ 'خطر'[32m 0[2mms[22m[39m
     [32m✓[39m يعرف الهيدر (سطر كله **عريض**)[32m 4[2mms[22m[39m
     [32m✓[39m يعرف السطر الفارغ كـ br[32m 1[2mms[22m[39m
     [32m✓[39m يعرف الـ **bold** داخل السطر[32m 7[2mms[22m[39m
     [32m✓[39m يحسب عدد الأسطر بشكل صحيح[32m 8[2mms[22m[39m
     [32m✓[39m يجمع الـ chunks بشكل صحيح[32m 11[2mms[22m[39m
     [32m✓[39m يستقبل المنتجات مع حدث done[32m 6[2mms[22m[39m
     [32m✓[39m يستقبل normalizedText عند وجودها[32m 1[2mms[22m[39m
     [32m✓[39m يتعامل مع حدث error بشكل صحيح[32m 2[2mms[22m[39m
     [32m✓[39m يتجاهل أحداث مشوهة (JSON غير صالح)[32m 7[2mms[22m[39m
     [32m✓[39m يتوقف عند [DONE][32m 2[2mms[22m[39m
[31m     [31m×[31m يعرض زر الفتح العائم[39m[32m 39[2mms[22m[39m
[31m     [31m×[31m يفتح نافذة المحادثة عند الضغط على الزر العائم[39m[32m 8[2mms[22m[39m
[31m     [31m×[31m يعرض رسالة الترحيب عند الفتح[39m[32m 6[2mms[22m[39m
[31m     [31m×[31m يظهر الأسئلة السريعة في البداية[39m[32m 8[2mms[22m[39m
[31m     [31m×[31m يُعبئ حقل الإدخال عند الضغط على سؤال سريع[39m[32m 2[2mms[22m[39m
[31m     [31m×[31m يغلق النافذة عند الضغط على X[39m[32m 6[2mms[22m[39m
[31m     [31m×[31m يُعطّل الإدخال أثناء الـ streaming[39m[32m 8[2mms[22m[39m
[31m     [31m×[31m يُرسل رسالة المستخدم لـ /api/ai/chat/stream[39m[32m 12[2mms[22m[39m
[31m     [31m×[31m يعرض رد البوت بعد انتهاء الـ streaming[39m[32m 9[2mms[22m[39m
[31m     [31m×[31m يطبق النص المصحح (normalizedText) عند انتهاء الـ streaming[39m[32m 8[2mms[22m[39m
[31m     [31m×[31m يعرض رسالة خطأ عند فشل الـ fetch[39m[32m 8[2mms[22m[39m
[31m     [31m×[31m يُفرغ حقل الإدخال بعد الإرسال[39m[32m 1[2mms[22m[39m
[31m     [31m×[31m لا يرسل رسالة فارغة[39m[32m 4[2mms[22m[39m
     [32m✓[39m "يمكنني" → "اكدر"[32m 4[2mms[22m[39m
     [32m✓[39m "كيف" → "شلون"[32m 1[2mms[22m[39m
     [32m✓[39m "لماذا" → "ليش"[32m 0[2mms[22m[39m
     [32m✓[39m "ماذا" → "شنو"[32m 0[2mms[22m[39m
     [32m✓[39m "الآن" → "هسه"[32m 3[2mms[22m[39m
     [32m✓[39m "يوجد" → "اكو"[32m 0[2mms[22m[39m
     [32m✓[39m "هناك" → "اكو"[32m 0[2mms[22m[39m
     [32m✓[39m "جداً" → "هواية"[32m 0[2mms[22m[39m
     [32m✓[39m "يجب" → "لازم"[32m 0[2mms[22m[39m
     [32m✓[39m "الأفضل" → "احسن"[32m 0[2mms[22m[39m
     [32m✓[39m "أيضاً" → "بعد"[32m 0[2mms[22m[39m
     [32m✓[39m "مرحباً" → "هلا"[32m 4[2mms[22m[39m
     [32m✓[39m "جيدة" → "خوشة"[32m 0[2mms[22m[39m
     [32m✓[39m "جيد" → "خوش"[32m 0[2mms[22m[39m
     [32m✓[39m "خاطئة" → "غلط"[32m 0[2mms[22m[39m
     [32m✓[39m "بينما" → "بس"[32m 0[2mms[22m[39m
     [32m✓[39m "عندما" → "لمن"[32m 4[2mms[22m[39m
     [32m✓[39m "إذن" → "فـ"[32m 1[2mms[22m[39m
     [32m✓[39m عبارة: "لا يوجد" → "ماكو"[32m 2[2mms[22m[39m
     [32m✓[39m عبارة: "لا توجد" → "ماكو"[32m 0[2mms[22m[39m
     [32m✓[39m عبارة: "بالإضافة إلى ذلك" → "وبعد"[32m 0[2mms[22m[39m
     [32m✓[39m عبارة: "في الوقت الحالي" → "هسه"[32m 1[2mms[22m[39m
     [32m✓[39m عبارة: "يمكنني أن" → "اكدر"[32m 0[2mms[22m[39m
     [32m✓[39m لا يغير الكلمات العراقية الأصلية[32m 6[2mms[22m[39m
     [32m✓[39m يتعامل مع نص مختلط (فصحى + عراقي)[32m 1[2mms[22m[39m
     [32m✓[39m لا يمس علامات الترقيم[32m 0[2mms[22m[39m
 [31m❯[39m .claude/worktrees/hardcore-noether-c55378/client/src/pages/__tests__/journey.test.tsx [2m([22m[2m6 tests[22m[2m | [22m[31m6 failed[39m[2m)[22m[32m 170[2mms[22m[39m
[31m     [31m×[31m renders loading state when loading saved plan[39m[32m 83[2mms[22m[39m
[31m     [31m×[31m renders Step 1 initially[39m[32m 19[2mms[22m[39m
[31m     [31m×[31m calls updateData when selecting an option in Step 1[39m[32m 17[2mms[22m[39m
[31m     [31m×[31m renders Step 2 when currentStep is 1[39m[32m 13[2mms[22m[39m
[31m     [31m×[31m calls nextStep when Next button is clicked[39m[32m 16[2mms[22m[39m
[31m     [31m×[31m renders Summary (Step 9) when currentStep is 8[39m[32m 11[2mms[22m[39m
 [31m❯[39m .claude/worktrees/jovial-germain-89e4df/client/src/pages/__tests__/search-results.test.tsx [2m([22m[2m3 tests[22m[2m | [22m[31m3 failed[39m[2m)[22m[32m 100[2mms[22m[39m
[31m     [31m×[31m should render search results page[39m[32m 77[2mms[22m[39m
[31m     [31m×[31m should display search results[39m[32m 10[2mms[22m[39m
[31m     [31m×[31m should render footer[39m[32m 8[2mms[22m[39m
 [31m❯[39m .claude/worktrees/jovial-germain-89e4df/client/src/pages/__tests__/blog-post.test.tsx [2m([22m[2m6 tests[22m[2m | [22m[31m6 failed[39m[2m)[22m[32m 147[2mms[22m[39m
[31m       [31m×[31m should display not found message when article does not exist[39m[32m 86[2mms[22m[39m
[31m       [31m×[31m should have link to blog page[39m[32m 21[2mms[22m[39m
[31m       [31m×[31m should have return button[39m[32m 8[2mms[22m[39m
[31m       [31m×[31m should display article content area[39m[32m 5[2mms[22m[39m
[31m       [31m×[31m should have proper heading structure[39m[32m 11[2mms[22m[39m
[31m       [31m×[31m should have navigation link[39m[32m 6[2mms[22m[39m
 [31m❯[39m client/src/pages/__tests__/sustainability.test.tsx [2m([22m[2m5 tests[22m[2m | [22m[31m5 failed[39m[2m)[22m[32m 191[2mms[22m[39m
[31m       [31m×[31m should render the sustainability page[39m[32m 120[2mms[22m[39m
[31m       [31m×[31m should have main content area[39m[32m 25[2mms[22m[39m
[31m       [31m×[31m should display sustainability title[39m[32m 14[2mms[22m[39m
[31m       [31m×[31m should contain sustainability content[39m[32m 5[2mms[22m[39m
[31m       [31m×[31m should have proper heading structure[39m[32m 19[2mms[22m[39m
 [31m❯[39m client/src/pages/__tests__/journey.test.tsx [2m([22m[2m6 tests[22m[2m | [22m[31m6 failed[39m[2m)[22m[32m 202[2mms[22m[39m
[31m     [31m×[31m renders loading state when loading saved plan[39m[32m 113[2mms[22m[39m
[31m     [31m×[31m renders Step 1 initially[39m[32m 11[2mms[22m[39m
[31m     [31m×[31m calls updateData when selecting an option in Step 1[39m[32m 20[2mms[22m[39m
[31m     [31m×[31m renders Step 2 when currentStep is 1[39m[32m 13[2mms[22m[39m
[31m     [31m×[31m calls nextStep when Next button is clicked[39m[32m 9[2mms[22m[39m
[31m     [31m×[31m renders Summary (Step 9) when currentStep is 8[39m[32m 22[2mms[22m[39m
 [31m❯[39m .claude/worktrees/hardcore-noether-c55378/client/src/pages/__tests__/return-policy.test.tsx [2m([22m[2m5 tests[22m[2m | [22m[31m5 failed[39m[2m)[22m[32m 136[2mms[22m[39m
[31m       [31m×[31m should render the return policy page[39m[32m 95[2mms[22m[39m
[31m       [31m×[31m should have main content area[39m[32m 9[2mms[22m[39m
[31m       [31m×[31m should display return policy title[39m[32m 6[2mms[22m[39m
[31m       [31m×[31m should contain return policy content[39m[32m 6[2mms[22m[39m
[31m       [31m×[31m should have proper heading structure[39m[32m 10[2mms[22m[39m
 [31m❯[39m client/src/components/__tests__/navbar.test.tsx [2m([22m[2m3 tests[22m[2m | [22m[31m3 failed[39m[2m)[22m[32m 139[2mms[22m[39m
[31m     [31m×[31m should render navbar[39m[32m 108[2mms[22m[39m
[31m     [31m×[31m should have navigation links[39m[32m 11[2mms[22m[39m
[31m     [31m×[31m should have interactive buttons[39m[32m 11[2mms[22m[39m
 [31m❯[39m .claude/worktrees/jovial-germain-89e4df/client/src/__tests__/fish-encyclopedia.test.tsx [2m([22m[2m13 tests[22m[2m | [22m[31m1 failed[39m[2m)[22m[32m 64[2mms[22m[39m
     [32m✓[39m should filter fish by difficulty level[32m 15[2mms[22m[39m
     [32m✓[39m should filter fish by temperament[32m 1[2mms[22m[39m
     [32m✓[39m should filter fish by minimum tank size[32m 1[2mms[22m[39m
     [32m✓[39m should search fish by Arabic name[32m 8[2mms[22m[39m
     [32m✓[39m should search fish by English name[32m 1[2mms[22m[39m
     [32m✓[39m should detect compatible fish species[32m 6[2mms[22m[39m
     [32m✓[39m should detect incompatible temperature ranges[32m 1[2mms[22m[39m
     [32m✓[39m should detect incompatible temperaments[32m 0[2mms[22m[39m
     [32m✓[39m should detect incompatible pH ranges[32m 5[2mms[22m[39m
[31m     [31m×[31m should display all fish information[39m[32m 15[2mms[22m[39m
     [32m✓[39m should show difficulty badge with correct color[32m 0[2mms[22m[39m
     [32m✓[39m should recommend fish based on tank size[32m 4[2mms[22m[39m
     [32m✓[39m should recommend fish based on experience level[32m 1[2mms[22m[39m
 [31m❯[39m .claude/worktrees/jovial-germain-89e4df/client/src/components/__tests__/footer.test.tsx [2m([22m[2m4 tests[22m[2m | [22m[31m4 failed[39m[2m)[22m[32m 182[2mms[22m[39m
[31m     [31m×[31m should render footer[39m[32m 112[2mms[22m[39m
[31m     [31m×[31m should have navigation links[39m[32m 20[2mms[22m[39m
[31m     [31m×[31m should display contact information[39m[32m 26[2mms[22m[39m
[31m     [31m×[31m should have social media links[39m[32m 16[2mms[22m[39m
 [31m❯[39m .claude/worktrees/jovial-germain-89e4df/client/src/pages/__tests__/terms.test.tsx [2m([22m[2m5 tests[22m[2m | [22m[31m5 failed[39m[2m)[22m[32m 150[2mms[22m[39m
[31m       [31m×[31m should render the terms page[39m[32m 89[2mms[22m[39m
[31m       [31m×[31m should have main content area[39m[32m 13[2mms[22m[39m
[31m       [31m×[31m should display terms title[39m[32m 16[2mms[22m[39m
[31m       [31m×[31m should contain terms content[39m[32m 8[2mms[22m[39m
[31m       [31m×[31m should have proper heading structure[39m[32m 9[2mms[22m[39m
 [31m❯[39m .claude/worktrees/hardcore-noether-c55378/client/src/pages/__tests__/wishlist.test.tsx [2m([22m[2m4 tests[22m[2m | [22m[31m4 failed[39m[2m)[22m[32m 166[2mms[22m[39m
[31m     [31m×[31m should render wishlist page[39m[32m 124[2mms[22m[39m
[31m     [31m×[31m should display wishlist items[39m[32m 20[2mms[22m[39m
[31m     [31m×[31m should have remove from wishlist functionality[39m[32m 11[2mms[22m[39m
[31m     [31m×[31m should render footer[39m[32m 6[2mms[22m[39m
 [31m❯[39m client/src/pages/__tests__/guides-eco-friendly.test.tsx [2m([22m[2m5 tests[22m[2m | [22m[31m5 failed[39m[2m)[22m[32m 81[2mms[22m[39m
[31m       [31m×[31m should render the guides page[39m[32m 56[2mms[22m[39m
[31m       [31m×[31m should have main content area[39m[32m 5[2mms[22m[39m
[31m       [31m×[31m should display guides title[39m[32m 5[2mms[22m[39m
[31m       [31m×[31m should contain eco-friendly guide content[39m[32m 3[2mms[22m[39m
[31m       [31m×[31m should have proper heading structure[39m[32m 8[2mms[22m[39m
 [31m❯[39m .claude/worktrees/hardcore-noether-c55378/client/src/pages/__tests__/terms.test.tsx [2m([22m[2m5 tests[22m[2m | [22m[31m5 failed[39m[2m)[22m[32m 92[2mms[22m[39m
[31m       [31m×[31m should render the terms page[39m[32m 62[2mms[22m[39m
[31m       [31m×[31m should have main content area[39m[32m 5[2mms[22m[39m
[31m       [31m×[31m should display terms title[39m[32m 7[2mms[22m[39m
[31m       [31m×[31m should contain terms content[39m[32m 6[2mms[22m[39m
[31m       [31m×[31m should have proper heading structure[39m[32m 8[2mms[22m[39m
 [31m❯[39m .claude/worktrees/hardcore-noether-c55378/client/src/pages/__tests__/shipping.test.tsx [2m([22m[2m5 tests[22m[2m | [22m[31m5 failed[39m[2m)[22m[32m 127[2mms[22m[39m
[31m       [31m×[31m should render the shipping page[39m[32m 74[2mms[22m[39m
[31m       [31m×[31m should have main content area[39m[32m 20[2mms[22m[39m
[31m       [31m×[31m should display shipping title[39m[32m 8[2mms[22m[39m
[31m       [31m×[31m should contain shipping content[39m[32m 6[2mms[22m[39m
[31m       [31m×[31m should have proper heading structure[39m[32m 11[2mms[22m[39m
 [31m❯[39m .claude/worktrees/hardcore-noether-c55378/client/src/lib/__tests__/queryClient.test.ts [2m([22m[2m15 tests[22m[2m | [22m[31m1 failed[39m[2m)[22m[32m 150[2mms[22m[39m
       [32m✓[39m should be defined[32m 10[2mms[22m[39m
       [32m✓[39m should have default options configured[32m 1[2mms[22m[39m
       [32m✓[39m should have staleTime of 5 minutes[32m 2[2mms[22m[39m
       [32m✓[39m should retry queries twice[32m 1[2mms[22m[39m
       [32m✓[39m should make GET request[32m 20[2mms[22m[39m
[31m       [31m×[31m should make POST request with data[39m[32m 53[2mms[22m[39m
       [32m✓[39m should throw error on failed request[32m 20[2mms[22m[39m
       [32m✓[39m should handle timeout (AbortError)[32m 1[2mms[22m[39m
       [32m✓[39m should include credentials in request[32m 10[2mms[22m[39m
       [32m✓[39m should return null on 401 when configured to returnNull[32m 1[2mms[22m[39m
       [32m✓[39m should throw on 401 when configured to throw[32m 5[2mms[22m[39m
       [32m✓[39m should return JSON data on success[32m 1[2mms[22m[39m
       [32m✓[39m should join queryKey for URL[32m 6[2mms[22m[39m
       [32m✓[39m should include credentials[32m 3[2mms[22m[39m
       [32m✓[39m should handle AbortError as timeout[32m 1[2mms[22m[39m
 [31m❯[39m client/src/components/ui/__tests__/input.test.tsx [2m([22m[2m26 tests[22m[2m | [22m[31m26 failed[39m[2m)[22m[32m 95[2mms[22m[39m
[31m       [31m×[31m should render input element[39m[32m 23[2mms[22m[39m
[31m       [31m×[31m should apply custom className[39m[32m 3[2mms[22m[39m
[31m       [31m×[31m should render with placeholder[39m[32m 1[2mms[22m[39m
[31m       [31m×[31m should render as textbox by default[39m[32m 1[2mms[22m[39m
[31m       [31m×[31m should render email input[39m[32m 4[2mms[22m[39m
[31m       [31m×[31m should render password input[39m[32m 1[2mms[22m[39m
[31m       [31m×[31m should render number input[39m[32m 3[2mms[22m[39m
[31m       [31m×[31m should render search input[39m[32m 1[2mms[22m[39m
[31m       [31m×[31m should render tel input[39m[32m 4[2mms[22m[39m
[31m       [31m×[31m should display initial value[39m[32m 4[2mms[22m[39m
[31m       [31m×[31m should call onChange when value changes[39m[32m 10[2mms[22m[39m
[31m       [31m×[31m should update value on user input[39m[32m 1[2mms[22m[39m
[31m       [31m×[31m should be disabled when disabled prop is true[39m[32m 3[2mms[22m[39m
[31m       [31m×[31m should not allow input when disabled[39m[32m 1[2mms[22m[39m
[31m       [31m×[31m should be readonly when readOnly prop is true[39m[32m 5[2mms[22m[39m
[31m       [31m×[31m should be required when required prop is true[39m[32m 1[2mms[22m[39m
[31m       [31m×[31m should support aria-label[39m[32m 1[2mms[22m[39m
[31m       [31m×[31m should support aria-describedby[39m[32m 1[2mms[22m[39m
[31m       [31m×[31m should support id for label association[39m[32m 3[2mms[22m[39m
[31m       [31m×[31m should focus when focus method called[39m[32m 1[2mms[22m[39m
[31m       [31m×[31m should call onFocus when focused[39m[32m 2[2mms[22m[39m
[31m       [31m×[31m should call onBlur when blurred[39m[32m 1[2mms[22m[39m
[31m       [31m×[31m should support maxLength[39m[32m 1[2mms[22m[39m
[31m       [31m×[31m should support minLength[39m[32m 1[2mms[22m[39m
[31m       [31m×[31m should support pattern[39m[32m 4[2mms[22m[39m
[31m       [31m×[31m should support autoComplete[39m[32m 1[2mms[22m[39m
 [31m❯[39m .claude/worktrees/jovial-germain-89e4df/client/src/components/ui/__tests__/input.test.tsx [2m([22m[2m26 tests[22m[2m | [22m[31m26 failed[39m[2m)[22m[32m 95[2mms[22m[39m
[31m       [31m×[31m should render input element[39m[32m 20[2mms[22m[39m
[31m       [31m×[31m should apply custom className[39m[32m 2[2mms[22m[39m
[31m       [31m×[31m should render with placeholder[39m[32m 1[2mms[22m[39m
[31m       [31m×[31m should render as textbox by default[39m[32m 3[2mms[22m[39m
[31m       [31m×[31m should render email input[39m[32m 1[2mms[22m[39m
[31m       [31m×[31m should render password input[39m[32m 1[2mms[22m[39m
[31m       [31m×[31m should render number input[39m[32m 4[2mms[22m[39m
[31m       [31m×[31m should render search input[39m[32m 2[2mms[22m[39m
[31m       [31m×[31m should render tel input[39m[32m 7[2mms[22m[39m
[31m       [31m×[31m should display initial value[39m[32m 1[2mms[22m[39m
[31m       [31m×[31m should call onChange when value changes[39m[32m 12[2mms[22m[39m
[31m       [31m×[31m should update value on user input[39m[32m 4[2mms[22m[39m
[31m       [31m×[31m should be disabled when disabled prop is true[39m[32m 1[2mms[22m[39m
[31m       [31m×[31m should not allow input when disabled[39m[32m 5[2mms[22m[39m
[31m       [31m×[31m should be readonly when readOnly prop is true[39m[32m 1[2mms[22m[39m
[31m       [31m×[31m should be required when required prop is true[39m[32m 3[2mms[22m[39m
[31m       [31m×[31m should support aria-label[39m[32m 1[2mms[22m[39m
[31m       [31m×[31m should support aria-describedby[39m[32m 3[2mms[22m[39m
[31m       [31m×[31m should support id for label association[39m[32m 1[2mms[22m[39m
[31m       [31m×[31m should focus when focus method called[39m[32m 2[2mms[22m[39m
[31m       [31m×[31m should call onFocus when focused[39m[32m 1[2mms[22m[39m
[31m       [31m×[31m should call onBlur when blurred[39m[32m 1[2mms[22m[39m
[31m       [31m×[31m should support maxLength[39m[32m 2[2mms[22m[39m
[31m       [31m×[31m should support minLength[39m[32m 1[2mms[22m[39m
[31m       [31m×[31m should support pattern[39m[32m 1[2mms[22m[39m
[31m       [31m×[31m should support autoComplete[39m[32m 1[2mms[22m[39m
 [31m❯[39m client/src/pages/__tests__/shipping.test.tsx [2m([22m[2m5 tests[22m[2m | [22m[31m5 failed[39m[2m)[22m[32m 165[2mms[22m[39m
[31m       [31m×[31m should render the shipping page[39m[32m 126[2mms[22m[39m
[31m       [31m×[31m should have main content area[39m[32m 5[2mms[22m[39m
[31m       [31m×[31m should display shipping title[39m[32m 9[2mms[22m[39m
[31m       [31m×[31m should contain shipping content[39m[32m 10[2mms[22m[39m
[31m       [31m×[31m should have proper heading structure[39m[32m 6[2mms[22m[39m
 [31m❯[39m .claude/worktrees/hardcore-noether-c55378/client/src/pages/__tests__/guides-eco-friendly.test.tsx [2m([22m[2m5 tests[22m[2m | [22m[31m5 failed[39m[2m)[22m[32m 92[2mms[22m[39m
[31m       [31m×[31m should render the guides page[39m[32m 64[2mms[22m[39m
[31m       [31m×[31m should have main content area[39m[32m 7[2mms[22m[39m
[31m       [31m×[31m should display guides title[39m[32m 5[2mms[22m[39m
[31m       [31m×[31m should contain eco-friendly guide content[39m[32m 4[2mms[22m[39m
[31m       [31m×[31m should have proper heading structure[39m[32m 8[2mms[22m[39m
 [31m❯[39m .claude/worktrees/jovial-germain-89e4df/client/src/pages/__tests__/guides-eco-friendly.test.tsx [2m([22m[2m5 tests[22m[2m | [22m[31m5 failed[39m[2m)[22m[32m 103[2mms[22m[39m
[31m       [31m×[31m should render the guides page[39m[32m 71[2mms[22m[39m
[31m       [31m×[31m should have main content area[39m[32m 5[2mms[22m[39m
[31m       [31m×[31m should display guides title[39m[32m 6[2mms[22m[39m
[31m       [31m×[31m should contain eco-friendly guide content[39m[32m 3[2mms[22m[39m
[31m       [31m×[31m should have proper heading structure[39m[32m 13[2mms[22m[39m
 [31m❯[39m .claude/worktrees/jovial-germain-89e4df/client/src/pages/__tests__/wishlist.test.tsx [2m([22m[2m4 tests[22m[2m | [22m[31m4 failed[39m[2m)[22m[32m 85[2mms[22m[39m
[31m     [31m×[31m should render wishlist page[39m[32m 48[2mms[22m[39m
[31m     [31m×[31m should display wishlist items[39m[32m 14[2mms[22m[39m
[31m     [31m×[31m should have remove from wishlist functionality[39m[32m 8[2mms[22m[39m
[31m     [31m×[31m should render footer[39m[32m 9[2mms[22m[39m
 [31m❯[39m .claude/worktrees/jovial-germain-89e4df/client/src/components/__tests__/navbar.test.tsx [2m([22m[2m3 tests[22m[2m | [22m[31m3 failed[39m[2m)[22m[32m 71[2mms[22m[39m
[31m     [31m×[31m should render navbar[39m[32m 47[2mms[22m[39m
[31m     [31m×[31m should have navigation links[39m[32m 13[2mms[22m[39m
[31m     [31m×[31m should have interactive buttons[39m[32m 7[2mms[22m[39m
 [31m❯[39m .claude/worktrees/jovial-germain-89e4df/client/src/pages/__tests__/order-tracking.test.tsx [2m([22m[2m3 tests[22m[2m | [22m[31m3 failed[39m[2m)[22m[32m 102[2mms[22m[39m
[31m     [31m×[31m should render order tracking page[39m[32m 77[2mms[22m[39m
[31m     [31m×[31m should display order status[39m[32m 9[2mms[22m[39m
[31m     [31m×[31m should render footer[39m[32m 11[2mms[22m[39m
 [31m❯[39m client/src/components/chat/__tests__/ai-chat-bot.test.tsx [2m([22m[2m56 tests[22m[2m | [22m[31m13 failed[39m[2m)[22m[32m 227[2mms[22m[39m
     [32m✓[39m يعرف السطر العادي[32m 7[2mms[22m[39m
     [32m✓[39m يعرف النقطة (bullet) بـ •[32m 5[2mms[22m[39m
     [32m✓[39m يعرف النقطة بـ -[32m 1[2mms[22m[39m
     [32m✓[39m يعرف القائمة المرقمة (1. 2. 3.)[32m 1[2mms[22m[39m
     [32m✓[39m يستخرج رقم القائمة والمحتوى[32m 2[2mms[22m[39m
     [32m✓[39m يعرف سطر التحذير ⚠️[32m 1[2mms[22m[39m
     [32m✓[39m يعرف سطر تحذير يبدأ بـ 'خطر'[32m 0[2mms[22m[39m
     [32m✓[39m يعرف الهيدر (سطر كله **عريض**)[32m 2[2mms[22m[39m
     [32m✓[39m يعرف السطر الفارغ كـ br[32m 3[2mms[22m[39m
     [32m✓[39m يعرف الـ **bold** داخل السطر[32m 1[2mms[22m[39m
     [32m✓[39m يحسب عدد الأسطر بشكل صحيح[32m 7[2mms[22m[39m
     [32m✓[39m يجمع الـ chunks بشكل صحيح[32m 15[2mms[22m[39m
     [32m✓[39m يستقبل المنتجات مع حدث done[32m 6[2mms[22m[39m
     [32m✓[39m يستقبل normalizedText عند وجودها[32m 1[2mms[22m[39m
     [32m✓[39m يتعامل مع حدث error بشكل صحيح[32m 1[2mms[22m[39m
     [32m✓[39m يتجاهل أحداث مشوهة (JSON غير صالح)[32m 4[2mms[22m[39m
     [32m✓[39m يتوقف عند [DONE][32m 1[2mms[22m[39m
[31m     [31m×[31m يعرض زر الفتح العائم[39m[32m 61[2mms[22m[39m
[31m     [31m×[31m يفتح نافذة المحادثة عند الضغط على الزر العائم[39m[32m 13[2mms[22m[39m
[31m     [31m×[31m يعرض رسالة الترحيب عند الفتح[39m[32m 3[2mms[22m[39m
[31m     [31m×[31m يظهر الأسئلة السريعة في البداية[39m[32m 3[2mms[22m[39m
[31m     [31m×[31m يُعبئ حقل الإدخال عند الضغط على سؤال سريع[39m[32m 8[2mms[22m[39m
[31m     [31m×[31m يغلق النافذة عند الضغط على X[39m[32m 3[2mms[22m[39m
[31m     [31m×[31m يُعطّل الإدخال أثناء الـ streaming[39m[32m 15[2mms[22m[39m
[31m     [31m×[31m يُرسل رسالة المستخدم لـ /api/ai/chat/stream[39m[32m 10[2mms[22m[39m
[31m     [31m×[31m يعرض رد البوت بعد انتهاء الـ streaming[39m[32m 5[2mms[22m[39m
[31m     [31m×[31m يطبق النص المصحح (normalizedText) عند انتهاء الـ streaming[39m[32m 5[2mms[22m[39m
[31m     [31m×[31m يعرض رسالة خطأ عند فشل الـ fetch[39m[32m 4[2mms[22m[39m
[31m     [31m×[31m يُفرغ حقل الإدخال بعد الإرسال[39m[32m 4[2mms[22m[39m
[31m     [31m×[31m لا يرسل رسالة فارغة[39m[32m 3[2mms[22m[39m
     [32m✓[39m "يمكنني" → "اكدر"[32m 2[2mms[22m[39m
     [32m✓[39m "كيف" → "شلون"[32m 1[2mms[22m[39m
     [32m✓[39m "لماذا" → "ليش"[32m 0[2mms[22m[39m
     [32m✓[39m "ماذا" → "شنو"[32m 1[2mms[22m[39m
     [32m✓[39m "الآن" → "هسه"[32m 2[2mms[22m[39m
     [32m✓[39m "يوجد" → "اكو"[32m 1[2mms[22m[39m
     [32m✓[39m "هناك" → "اكو"[32m 0[2mms[22m[39m
     [32m✓[39m "جداً" → "هواية"[32m 0[2mms[22m[39m
     [32m✓[39m "يجب" → "لازم"[32m 3[2mms[22m[39m
     [32m✓[39m "الأفضل" → "احسن"[32m 0[2mms[22m[39m
     [32m✓[39m "أيضاً" → "بعد"[32m 0[2mms[22m[39m
     [32m✓[39m "مرحباً" → "هلا"[32m 0[2mms[22m[39m
     [32m✓[39m "جيدة" → "خوشة"[32m 0[2mms[22m[39m
     [32m✓[39m "جيد" → "خوش"[32m 0[2mms[22m[39m
     [32m✓[39m "خاطئة" → "غلط"[32m 1[2mms[22m[39m
     [32m✓[39m "بينما" → "بس"[32m 0[2mms[22m[39m
     [32m✓[39m "عندما" → "لمن"[32m 0[2mms[22m[39m
     [32m✓[39m "إذن" → "فـ"[32m 0[2mms[22m[39m
     [32m✓[39m عبارة: "لا يوجد" → "ماكو"[32m 0[2mms[22m[39m
     [32m✓[39m عبارة: "لا توجد" → "ماكو"[32m 0[2mms[22m[39m
     [32m✓[39m عبارة: "بالإضافة إلى ذلك" → "وبعد"[32m 1[2mms[22m[39m
     [32m✓[39m عبارة: "في الوقت الحالي" → "هسه"[32m 0[2mms[22m[39m
     [32m✓[39m عبارة: "يمكنني أن" → "اكدر"[32m 0[2mms[22m[39m
     [32m✓[39m لا يغير الكلمات العراقية الأصلية[32m 7[2mms[22m[39m
     [32m✓[39m يتعامل مع نص مختلط (فصحى + عراقي)[32m 1[2mms[22m[39m
     [32m✓[39m لا يمس علامات الترقيم[32m 0[2mms[22m[39m
 [31m❯[39m client/src/components/ui/__tests__/button.test.tsx [2m([22m[2m21 tests[22m[2m | [22m[31m21 failed[39m[2m)[22m[32m 125[2mms[22m[39m
[31m       [31m×[31m should render with children[39m[32m 31[2mms[22m[39m
[31m       [31m×[31m should render as button by default[39m[32m 5[2mms[22m[39m
[31m       [31m×[31m should apply custom className[39m[32m 5[2mms[22m[39m
[31m       [31m×[31m should render default variant[39m[32m 2[2mms[22m[39m
[31m       [31m×[31m should render destructive variant[39m[32m 1[2mms[22m[39m
[31m       [31m×[31m should render outline variant[39m[32m 1[2mms[22m[39m
[31m       [31m×[31m should render secondary variant[39m[32m 3[2mms[22m[39m
[31m       [31m×[31m should render ghost variant[39m[32m 1[2mms[22m[39m
[31m       [31m×[31m should render link variant[39m[32m 5[2mms[22m[39m
[31m       [31m×[31m should render default size[39m[32m 7[2mms[22m[39m
[31m       [31m×[31m should render small size[39m[32m 1[2mms[22m[39m
[31m       [31m×[31m should render large size[39m[32m 6[2mms[22m[39m
[31m       [31m×[31m should render icon size[39m[32m 1[2mms[22m[39m
[31m       [31m×[31m should call onClick when clicked[39m[32m 16[2mms[22m[39m
[31m       [31m×[31m should not call onClick when disabled[39m[32m 5[2mms[22m[39m
[31m       [31m×[31m should be disabled when disabled prop is true[39m[32m 1[2mms[22m[39m
[31m       [31m×[31m should not be disabled by default[39m[32m 1[2mms[22m[39m
[31m       [31m×[31m should render as child element when asChild is true[39m[32m 1[2mms[22m[39m
[31m       [31m×[31m should have accessible role[39m[32m 4[2mms[22m[39m
[31m       [31m×[31m should support aria-label[39m[32m 1[2mms[22m[39m
[31m       [31m×[31m should support type attribute[39m[32m 1[2mms[22m[39m
 [31m❯[39m client/src/pages/__tests__/faq.test.tsx [2m([22m[2m4 tests[22m[2m | [22m[31m4 failed[39m[2m)[22m[32m 207[2mms[22m[39m
[31m     [31m×[31m should render FAQ page[39m[32m 148[2mms[22m[39m
[31m     [31m×[31m should display FAQ categories[39m[32m 15[2mms[22m[39m
[31m     [31m×[31m should have expandable FAQ items[39m[32m 19[2mms[22m[39m
[31m     [31m×[31m should render footer[39m[32m 10[2mms[22m[39m
 [31m❯[39m .claude/worktrees/hardcore-noether-c55378/client/src/components/chat/__tests__/ai-chat-bot.test.tsx [2m([22m[2m56 tests[22m[2m | [22m[31m13 failed[39m[2m)[22m[32m 187[2mms[22m[39m
     [32m✓[39m يعرف السطر العادي[32m 12[2mms[22m[39m
     [32m✓[39m يعرف النقطة (bullet) بـ •[32m 3[2mms[22m[39m
     [32m✓[39m يعرف النقطة بـ -[32m 7[2mms[22m[39m
     [32m✓[39m يعرف القائمة المرقمة (1. 2. 3.)[32m 2[2mms[22m[39m
     [32m✓[39m يستخرج رقم القائمة والمحتوى[32m 1[2mms[22m[39m
     [32m✓[39m يعرف سطر التحذير ⚠️[32m 0[2mms[22m[39m
     [32m✓[39m يعرف سطر تحذير يبدأ بـ 'خطر'[32m 5[2mms[22m[39m
     [32m✓[39m يعرف الهيدر (سطر كله **عريض**)[32m 1[2mms[22m[39m
     [32m✓[39m يعرف السطر الفارغ كـ br[32m 2[2mms[22m[39m
     [32m✓[39m يعرف الـ **bold** داخل السطر[32m 5[2mms[22m[39m
     [32m✓[39m يحسب عدد الأسطر بشكل صحيح[32m 6[2mms[22m[39m
     [32m✓[39m يجمع الـ chunks بشكل صحيح[32m 10[2mms[22m[39m
     [32m✓[39m يستقبل المنتجات مع حدث done[32m 5[2mms[22m[39m
     [32m✓[39m يستقبل normalizedText عند وجودها[32m 1[2mms[22m[39m
     [32m✓[39m يتعامل مع حدث error بشكل صحيح[32m 1[2mms[22m[39m
     [32m✓[39m يتجاهل أحداث مشوهة (JSON غير صالح)[32m 4[2mms[22m[39m
     [32m✓[39m يتوقف عند [DONE][32m 6[2mms[22m[39m
[31m     [31m×[31m يعرض زر الفتح العائم[39m[32m 23[2mms[22m[39m
[31m     [31m×[31m يفتح نافذة المحادثة عند الضغط على الزر العائم[39m[32m 12[2mms[22m[39m
[31m     [31m×[31m يعرض رسالة الترحيب عند الفتح[39m[32m 3[2mms[22m[39m
[31m     [31m×[31m يظهر الأسئلة السريعة في البداية[39m[32m 2[2mms[22m[39m
[31m     [31m×[31m يُعبئ حقل الإدخال عند الضغط على سؤال سريع[39m[32m 4[2mms[22m[39m
[31m     [31m×[31m يغلق النافذة عند الضغط على X[39m[32m 2[2mms[22m[39m
[31m     [31m×[31m يُعطّل الإدخال أثناء الـ streaming[39m[32m 4[2mms[22m[39m
[31m     [31m×[31m يُرسل رسالة المستخدم لـ /api/ai/chat/stream[39m[32m 3[2mms[22m[39m
[31m     [31m×[31m يعرض رد البوت بعد انتهاء الـ streaming[39m[32m 2[2mms[22m[39m
[31m     [31m×[31m يطبق النص المصحح (normalizedText) عند انتهاء الـ streaming[39m[32m 7[2mms[22m[39m
[31m     [31m×[31m يعرض رسالة خطأ عند فشل الـ fetch[39m[32m 5[2mms[22m[39m
[31m     [31m×[31m يُفرغ حقل الإدخال بعد الإرسال[39m[32m 1[2mms[22m[39m
[31m     [31m×[31m لا يرسل رسالة فارغة[39m[32m 3[2mms[22m[39m
     [32m✓[39m "يمكنني" → "اكدر"[32m 1[2mms[22m[39m
     [32m✓[39m "كيف" → "شلون"[32m 2[2mms[22m[39m
     [32m✓[39m "لماذا" → "ليش"[32m 0[2mms[22m[39m
     [32m✓[39m "ماذا" → "شنو"[32m 0[2mms[22m[39m
     [32m✓[39m "الآن" → "هسه"[32m 1[2mms[22m[39m
     [32m✓[39m "يوجد" → "اكو"[32m 2[2mms[22m[39m
     [32m✓[39m "هناك" → "اكو"[32m 1[2mms[22m[39m
     [32m✓[39m "جداً" → "هواية"[32m 0[2mms[22m[39m
     [32m✓[39m "يجب" → "لازم"[32m 0[2mms[22m[39m
     [32m✓[39m "الأفضل" → "احسن"[32m 0[2mms[22m[39m
     [32m✓[39m "أيضاً" → "بعد"[32m 0[2mms[22m[39m
     [32m✓[39m "مرحباً" → "هلا"[32m 0[2mms[22m[39m
     [32m✓[39m "جيدة" → "خوشة"[32m 2[2mms[22m[39m
     [32m✓[39m "جيد" → "خوش"[32m 0[2mms[22m[39m
     [32m✓[39m "خاطئة" → "غلط"[32m 0[2mms[22m[39m
     [32m✓[39m "بينما" → "بس"[32m 0[2mms[22m[39m
     [32m✓[39m "عندما" → "لمن"[32m 0[2mms[22m[39m
     [32m✓[39m "إذن" → "فـ"[32m 0[2mms[22m[39m
     [32m✓[39m عبارة: "لا يوجد" → "ماكو"[32m 1[2mms[22m[39m
     [32m✓[39m عبارة: "لا توجد" → "ماكو"[32m 0[2mms[22m[39m
     [32m✓[39m عبارة: "بالإضافة إلى ذلك" → "وبعد"[32m 0[2mms[22m[39m
     [32m✓[39m عبارة: "في الوقت الحالي" → "هسه"[32m 4[2mms[22m[39m
     [32m✓[39m عبارة: "يمكنني أن" → "اكدر"[32m 0[2mms[22m[39m
     [32m✓[39m لا يغير الكلمات العراقية الأصلية[32m 3[2mms[22m[39m
     [32m✓[39m يتعامل مع نص مختلط (فصحى + عراقي)[32m 2[2mms[22m[39m
     [32m✓[39m لا يمس علامات الترقيم[32m 1[2mms[22m[39m
 [31m❯[39m .claude/worktrees/hardcore-noether-c55378/client/src/components/ui/__tests__/dialog.test.tsx [2m([22m[2m10 tests[22m[2m | [22m[31m10 failed[39m[2m)[22m[32m 191[2mms[22m[39m
[31m       [31m×[31m should not render content when closed[39m[32m 40[2mms[22m[39m
[31m       [31m×[31m should render trigger button[39m[32m 14[2mms[22m[39m
[31m       [31m×[31m should open dialog when trigger clicked[39m[32m 32[2mms[22m[39m
[31m       [31m×[31m should close dialog when close button clicked[39m[32m 21[2mms[22m[39m
[31m       [31m×[31m should work with external state control[39m[32m 14[2mms[22m[39m
[31m       [31m×[31m should render header correctly[39m[32m 1[2mms[22m[39m
[31m       [31m×[31m should render footer correctly[39m[32m 15[2mms[22m[39m
[31m       [31m×[31m should have dialog role when open[39m[32m 13[2mms[22m[39m
[31m       [31m×[31m should have proper title for screen readers[39m[32m 1[2mms[22m[39m
[31m       [31m×[31m should work as confirmation dialog[39m[32m 12[2mms[22m[39m
 [31m❯[39m .claude/worktrees/jovial-germain-89e4df/client/src/components/ui/__tests__/dialog.test.tsx [2m([22m[2m10 tests[22m[2m | [22m[31m10 failed[39m[2m)[22m[32m 130[2mms[22m[39m
[31m       [31m×[31m should not render content when closed[39m[32m 43[2mms[22m[39m
[31m       [31m×[31m should render trigger button[39m[32m 8[2mms[22m[39m
[31m       [31m×[31m should open dialog when trigger clicked[39m[32m 27[2mms[22m[39m
[31m       [31m×[31m should close dialog when close button clicked[39m[32m 11[2mms[22m[39m
[31m       [31m×[31m should work with external state control[39m[32m 9[2mms[22m[39m
[31m       [31m×[31m should render header correctly[39m[32m 1[2mms[22m[39m
[31m       [31m×[31m should render footer correctly[39m[32m 10[2mms[22m[39m
[31m       [31m×[31m should have dialog role when open[39m[32m 1[2mms[22m[39m
[31m       [31m×[31m should have proper title for screen readers[39m[32m 2[2mms[22m[39m
[31m       [31m×[31m should work as confirmation dialog[39m[32m 1[2mms[22m[39m
 [32m✓[39m .claude/worktrees/jovial-germain-89e4df/client/src/contexts/__tests__/wishlist-context.test.tsx [2m([22m[2m9 tests[22m[2m)[22m[33m 1102[2mms[22m[39m
       [33m[2m✓[22m[39m should add new item to wishlist [33m 330[2mms[22m[39m
DOMException [AbortError]: The operation was aborted.
    at Fetch.onAsyncTaskManagerAbort (file:///C:/Users/jaafa/Desktop/upload/FishWebClean/node_modules/.pnpm/happy-dom@20.0.11/node_modules/happy-dom/lib/fetch/Fetch.js:546:23)
    at Object.<anonymous> (file:///C:/Users/jaafa/Desktop/upload/FishWebClean/node_modules/.pnpm/happy-dom@20.0.11/node_modules/happy-dom/lib/fetch/Fetch.js:416:101)
    at AsyncTaskManager.abortAll (file:///C:/Users/jaafa/Desktop/upload/FishWebClean/node_modules/.pnpm/happy-dom@20.0.11/node_modules/happy-dom/lib/async-task-manager/AsyncTaskManager.js:292:30)
    at AsyncTaskManager.abort (file:///C:/Users/jaafa/Desktop/upload/FishWebClean/node_modules/.pnpm/happy-dom@20.0.11/node_modules/happy-dom/lib/async-task-manager/AsyncTaskManager.js:52:21)
    at DetachedBrowserFrame.abort (file:///C:/Users/jaafa/Desktop/upload/FishWebClean/node_modules/.pnpm/happy-dom@20.0.11/node_modules/happy-dom/lib/browser/detached-browser/DetachedBrowserFrame.js:112:58)
    at DetachedWindowAPI.abort (file:///C:/Users/jaafa/Desktop/upload/FishWebClean/node_modules/.pnpm/happy-dom@20.0.11/node_modules/happy-dom/lib/window/DetachedWindowAPI.js:51:35)
    at teardownWindow (file:///C:/Users/jaafa/Desktop/upload/FishWebClean/node_modules/.pnpm/vitest@4.0.15_@edge-runtime_83c43a7e5d3f6efa64cd962c2b5d0016/node_modules/vitest/dist/chunks/index.BspFP3mn.js:331:22)
    at Object.teardown (file:///C:/Users/jaafa/Desktop/upload/FishWebClean/node_modules/.pnpm/vitest@4.0.15_@edge-runtime_83c43a7e5d3f6efa64cd962c2b5d0016/node_modules/vitest/dist/chunks/index.BspFP3mn.js:392:10)
    at file:///C:/Users/jaafa/Desktop/upload/FishWebClean/node_modules/.pnpm/vitest@4.0.15_@edge-runtime_83c43a7e5d3f6efa64cd962c2b5d0016/node_modules/vitest/dist/chunks/base.CTp-EStD.js:129:65
    at Traces.$ (file:///C:/Users/jaafa/Desktop/upload/FishWebClean/node_modules/.pnpm/vitest@4.0.15_@edge-runtime_83c43a7e5d3f6efa64cd962c2b5d0016/node_modules/vitest/dist/chunks/traces.U4xDYhzZ.js:115:27)
DOMException [AbortError]: The operation was aborted.
    at Fetch.onAsyncTaskManagerAbort (file:///C:/Users/jaafa/Desktop/upload/FishWebClean/node_modules/.pnpm/happy-dom@20.0.11/node_modules/happy-dom/lib/fetch/Fetch.js:546:23)
    at Object.<anonymous> (file:///C:/Users/jaafa/Desktop/upload/FishWebClean/node_modules/.pnpm/happy-dom@20.0.11/node_modules/happy-dom/lib/fetch/Fetch.js:416:101)
    at AsyncTaskManager.abortAll (file:///C:/Users/jaafa/Desktop/upload/FishWebClean/node_modules/.pnpm/happy-dom@20.0.11/node_modules/happy-dom/lib/async-task-manager/AsyncTaskManager.js:292:30)
    at AsyncTaskManager.abort (file:///C:/Users/jaafa/Desktop/upload/FishWebClean/node_modules/.pnpm/happy-dom@20.0.11/node_modules/happy-dom/lib/async-task-manager/AsyncTaskManager.js:52:21)
    at DetachedBrowserFrame.abort (file:///C:/Users/jaafa/Desktop/upload/FishWebClean/node_modules/.pnpm/happy-dom@20.0.11/node_modules/happy-dom/lib/browser/detached-browser/DetachedBrowserFrame.js:112:58)
    at DetachedWindowAPI.abort (file:///C:/Users/jaafa/Desktop/upload/FishWebClean/node_modules/.pnpm/happy-dom@20.0.11/node_modules/happy-dom/lib/window/DetachedWindowAPI.js:51:35)
    at teardownWindow (file:///C:/Users/jaafa/Desktop/upload/FishWebClean/node_modules/.pnpm/vitest@4.0.15_@edge-runtime_83c43a7e5d3f6efa64cd962c2b5d0016/node_modules/vitest/dist/chunks/index.BspFP3mn.js:331:22)
    at Object.teardown (file:///C:/Users/jaafa/Desktop/upload/FishWebClean/node_modules/.pnpm/vitest@4.0.15_@edge-runtime_83c43a7e5d3f6efa64cd962c2b5d0016/node_modules/vitest/dist/chunks/index.BspFP3mn.js:392:10)
    at file:///C:/Users/jaafa/Desktop/upload/FishWebClean/node_modules/.pnpm/vitest@4.0.15_@edge-runtime_83c43a7e5d3f6efa64cd962c2b5d0016/node_modules/vitest/dist/chunks/base.CTp-EStD.js:129:65
    at Traces.$ (file:///C:/Users/jaafa/Desktop/upload/FishWebClean/node_modules/.pnpm/vitest@4.0.15_@edge-runtime_83c43a7e5d3f6efa64cd962c2b5d0016/node_modules/vitest/dist/chunks/traces.U4xDYhzZ.js:115:27)
DOMException [AbortError]: The operation was aborted.
    at Fetch.onAsyncTaskManagerAbort (file:///C:/Users/jaafa/Desktop/upload/FishWebClean/node_modules/.pnpm/happy-dom@20.0.11/node_modules/happy-dom/lib/fetch/Fetch.js:546:23)
    at Object.<anonymous> (file:///C:/Users/jaafa/Desktop/upload/FishWebClean/node_modules/.pnpm/happy-dom@20.0.11/node_modules/happy-dom/lib/fetch/Fetch.js:416:101)
    at AsyncTaskManager.abortAll (file:///C:/Users/jaafa/Desktop/upload/FishWebClean/node_modules/.pnpm/happy-dom@20.0.11/node_modules/happy-dom/lib/async-task-manager/AsyncTaskManager.js:292:30)
    at AsyncTaskManager.abort (file:///C:/Users/jaafa/Desktop/upload/FishWebClean/node_modules/.pnpm/happy-dom@20.0.11/node_modules/happy-dom/lib/async-task-manager/AsyncTaskManager.js:52:21)
    at DetachedBrowserFrame.abort (file:///C:/Users/jaafa/Desktop/upload/FishWebClean/node_modules/.pnpm/happy-dom@20.0.11/node_modules/happy-dom/lib/browser/detached-browser/DetachedBrowserFrame.js:112:58)
    at DetachedWindowAPI.abort (file:///C:/Users/jaafa/Desktop/upload/FishWebClean/node_modules/.pnpm/happy-dom@20.0.11/node_modules/happy-dom/lib/window/DetachedWindowAPI.js:51:35)
    at teardownWindow (file:///C:/Users/jaafa/Desktop/upload/FishWebClean/node_modules/.pnpm/vitest@4.0.15_@edge-runtime_83c43a7e5d3f6efa64cd962c2b5d0016/node_modules/vitest/dist/chunks/index.BspFP3mn.js:331:22)
    at Object.teardown (file:///C:/Users/jaafa/Desktop/upload/FishWebClean/node_modules/.pnpm/vitest@4.0.15_@edge-runtime_83c43a7e5d3f6efa64cd962c2b5d0016/node_modules/vitest/dist/chunks/index.BspFP3mn.js:392:10)
    at file:///C:/Users/jaafa/Desktop/upload/FishWebClean/node_modules/.pnpm/vitest@4.0.15_@edge-runtime_83c43a7e5d3f6efa64cd962c2b5d0016/node_modules/vitest/dist/chunks/base.CTp-EStD.js:129:65
    at Traces.$ (file:///C:/Users/jaafa/Desktop/upload/FishWebClean/node_modules/.pnpm/vitest@4.0.15_@edge-runtime_83c43a7e5d3f6efa64cd962c2b5d0016/node_modules/vitest/dist/chunks/traces.U4xDYhzZ.js:115:27)
DOMException [AbortError]: The operation was aborted.
    at Fetch.onAsyncTaskManagerAbort (file:///C:/Users/jaafa/Desktop/upload/FishWebClean/node_modules/.pnpm/happy-dom@20.0.11/node_modules/happy-dom/lib/fetch/Fetch.js:546:23)
    at Object.<anonymous> (file:///C:/Users/jaafa/Desktop/upload/FishWebClean/node_modules/.pnpm/happy-dom@20.0.11/node_modules/happy-dom/lib/fetch/Fetch.js:416:101)
    at AsyncTaskManager.abortAll (file:///C:/Users/jaafa/Desktop/upload/FishWebClean/node_modules/.pnpm/happy-dom@20.0.11/node_modules/happy-dom/lib/async-task-manager/AsyncTaskManager.js:292:30)
    at AsyncTaskManager.abort (file:///C:/Users/jaafa/Desktop/upload/FishWebClean/node_modules/.pnpm/happy-dom@20.0.11/node_modules/happy-dom/lib/async-task-manager/AsyncTaskManager.js:52:21)
    at DetachedBrowserFrame.abort (file:///C:/Users/jaafa/Desktop/upload/FishWebClean/node_modules/.pnpm/happy-dom@20.0.11/node_modules/happy-dom/lib/browser/detached-browser/DetachedBrowserFrame.js:112:58)
    at DetachedWindowAPI.abort (file:///C:/Users/jaafa/Desktop/upload/FishWebClean/node_modules/.pnpm/happy-dom@20.0.11/node_modules/happy-dom/lib/window/DetachedWindowAPI.js:51:35)
    at teardownWindow (file:///C:/Users/jaafa/Desktop/upload/FishWebClean/node_modules/.pnpm/vitest@4.0.15_@edge-runtime_83c43a7e5d3f6efa64cd962c2b5d0016/node_modules/vitest/dist/chunks/index.BspFP3mn.js:331:22)
    at Object.teardown (file:///C:/Users/jaafa/Desktop/upload/FishWebClean/node_modules/.pnpm/vitest@4.0.15_@edge-runtime_83c43a7e5d3f6efa64cd962c2b5d0016/node_modules/vitest/dist/chunks/index.BspFP3mn.js:392:10)
    at file:///C:/Users/jaafa/Desktop/upload/FishWebClean/node_modules/.pnpm/vitest@4.0.15_@edge-runtime_83c43a7e5d3f6efa64cd962c2b5d0016/node_modules/vitest/dist/chunks/base.CTp-EStD.js:129:65
    at Traces.$ (file:///C:/Users/jaafa/Desktop/upload/FishWebClean/node_modules/.pnpm/vitest@4.0.15_@edge-runtime_83c43a7e5d3f6efa64cd962c2b5d0016/node_modules/vitest/dist/chunks/traces.U4xDYhzZ.js:115:27)
DOMException [AbortError]: The operation was aborted.
    at Fetch.onAsyncTaskManagerAbort (file:///C:/Users/jaafa/Desktop/upload/FishWebClean/node_modules/.pnpm/happy-dom@20.0.11/node_modules/happy-dom/lib/fetch/Fetch.js:546:23)
    at Object.<anonymous> (file:///C:/Users/jaafa/Desktop/upload/FishWebClean/node_modules/.pnpm/happy-dom@20.0.11/node_modules/happy-dom/lib/fetch/Fetch.js:416:101)
    at AsyncTaskManager.abortAll (file:///C:/Users/jaafa/Desktop/upload/FishWebClean/node_modules/.pnpm/happy-dom@20.0.11/node_modules/happy-dom/lib/async-task-manager/AsyncTaskManager.js:292:30)
    at AsyncTaskManager.abort (file:///C:/Users/jaafa/Desktop/upload/FishWebClean/node_modules/.pnpm/happy-dom@20.0.11/node_modules/happy-dom/lib/async-task-manager/AsyncTaskManager.js:52:21)
    at DetachedBrowserFrame.abort (file:///C:/Users/jaafa/Desktop/upload/FishWebClean/node_modules/.pnpm/happy-dom@20.0.11/node_modules/happy-dom/lib/browser/detached-browser/DetachedBrowserFrame.js:112:58)
    at DetachedWindowAPI.abort (file:///C:/Users/jaafa/Desktop/upload/FishWebClean/node_modules/.pnpm/happy-dom@20.0.11/node_modules/happy-dom/lib/window/DetachedWindowAPI.js:51:35)
    at teardownWindow (file:///C:/Users/jaafa/Desktop/upload/FishWebClean/node_modules/.pnpm/vitest@4.0.15_@edge-runtime_83c43a7e5d3f6efa64cd962c2b5d0016/node_modules/vitest/dist/chunks/index.BspFP3mn.js:331:22)
    at Object.teardown (file:///C:/Users/jaafa/Desktop/upload/FishWebClean/node_modules/.pnpm/vitest@4.0.15_@edge-runtime_83c43a7e5d3f6efa64cd962c2b5d0016/node_modules/vitest/dist/chunks/index.BspFP3mn.js:392:10)
    at file:///C:/Users/jaafa/Desktop/upload/FishWebClean/node_modules/.pnpm/vitest@4.0.15_@edge-runtime_83c43a7e5d3f6efa64cd962c2b5d0016/node_modules/vitest/dist/chunks/base.CTp-EStD.js:129:65
    at Traces.$ (file:///C:/Users/jaafa/Desktop/upload/FishWebClean/node_modules/.pnpm/vitest@4.0.15_@edge-runtime_83c43a7e5d3f6efa64cd962c2b5d0016/node_modules/vitest/dist/chunks/traces.U4xDYhzZ.js:115:27)
DOMException [AbortError]: The operation was aborted.
    at Fetch.onAsyncTaskManagerAbort (file:///C:/Users/jaafa/Desktop/upload/FishWebClean/node_modules/.pnpm/happy-dom@20.0.11/node_modules/happy-dom/lib/fetch/Fetch.js:546:23)
    at Object.<anonymous> (file:///C:/Users/jaafa/Desktop/upload/FishWebClean/node_modules/.pnpm/happy-dom@20.0.11/node_modules/happy-dom/lib/fetch/Fetch.js:416:101)
    at AsyncTaskManager.abortAll (file:///C:/Users/jaafa/Desktop/upload/FishWebClean/node_modules/.pnpm/happy-dom@20.0.11/node_modules/happy-dom/lib/async-task-manager/AsyncTaskManager.js:292:30)
    at AsyncTaskManager.abort (file:///C:/Users/jaafa/Desktop/upload/FishWebClean/node_modules/.pnpm/happy-dom@20.0.11/node_modules/happy-dom/lib/async-task-manager/AsyncTaskManager.js:52:21)
    at DetachedBrowserFrame.abort (file:///C:/Users/jaafa/Desktop/upload/FishWebClean/node_modules/.pnpm/happy-dom@20.0.11/node_modules/happy-dom/lib/browser/detached-browser/DetachedBrowserFrame.js:112:58)
    at DetachedWindowAPI.abort (file:///C:/Users/jaafa/Desktop/upload/FishWebClean/node_modules/.pnpm/happy-dom@20.0.11/node_modules/happy-dom/lib/window/DetachedWindowAPI.js:51:35)
    at teardownWindow (file:///C:/Users/jaafa/Desktop/upload/FishWebClean/node_modules/.pnpm/vitest@4.0.15_@edge-runtime_83c43a7e5d3f6efa64cd962c2b5d0016/node_modules/vitest/dist/chunks/index.BspFP3mn.js:331:22)
    at Object.teardown (file:///C:/Users/jaafa/Desktop/upload/FishWebClean/node_modules/.pnpm/vitest@4.0.15_@edge-runtime_83c43a7e5d3f6efa64cd962c2b5d0016/node_modules/vitest/dist/chunks/index.BspFP3mn.js:392:10)
    at file:///C:/Users/jaafa/Desktop/upload/FishWebClean/node_modules/.pnpm/vitest@4.0.15_@edge-runtime_83c43a7e5d3f6efa64cd962c2b5d0016/node_modules/vitest/dist/chunks/base.CTp-EStD.js:129:65
    at Traces.$ (file:///C:/Users/jaafa/Desktop/upload/FishWebClean/node_modules/.pnpm/vitest@4.0.15_@edge-runtime_83c43a7e5d3f6efa64cd962c2b5d0016/node_modules/vitest/dist/chunks/traces.U4xDYhzZ.js:115:27)
 [32m✓[39m client/src/contexts/__tests__/wishlist-context.test.tsx [2m([22m[2m9 tests[22m[2m)[22m[33m 582[2mms[22m[39m
DOMException [AbortError]: The operation was aborted.
    at Fetch.onAsyncTaskManagerAbort (file:///C:/Users/jaafa/Desktop/upload/FishWebClean/node_modules/.pnpm/happy-dom@20.0.11/node_modules/happy-dom/lib/fetch/Fetch.js:546:23)
    at Object.<anonymous> (file:///C:/Users/jaafa/Desktop/upload/FishWebClean/node_modules/.pnpm/happy-dom@20.0.11/node_modules/happy-dom/lib/fetch/Fetch.js:416:101)
    at AsyncTaskManager.abortAll (file:///C:/Users/jaafa/Desktop/upload/FishWebClean/node_modules/.pnpm/happy-dom@20.0.11/node_modules/happy-dom/lib/async-task-manager/AsyncTaskManager.js:292:30)
    at AsyncTaskManager.abort (file:///C:/Users/jaafa/Desktop/upload/FishWebClean/node_modules/.pnpm/happy-dom@20.0.11/node_modules/happy-dom/lib/async-task-manager/AsyncTaskManager.js:52:21)
    at DetachedBrowserFrame.abort (file:///C:/Users/jaafa/Desktop/upload/FishWebClean/node_modules/.pnpm/happy-dom@20.0.11/node_modules/happy-dom/lib/browser/detached-browser/DetachedBrowserFrame.js:112:58)
    at DetachedWindowAPI.abort (file:///C:/Users/jaafa/Desktop/upload/FishWebClean/node_modules/.pnpm/happy-dom@20.0.11/node_modules/happy-dom/lib/window/DetachedWindowAPI.js:51:35)
    at teardownWindow (file:///C:/Users/jaafa/Desktop/upload/FishWebClean/node_modules/.pnpm/vitest@4.0.15_@edge-runtime_83c43a7e5d3f6efa64cd962c2b5d0016/node_modules/vitest/dist/chunks/index.BspFP3mn.js:331:22)
    at Object.teardown (file:///C:/Users/jaafa/Desktop/upload/FishWebClean/node_modules/.pnpm/vitest@4.0.15_@edge-runtime_83c43a7e5d3f6efa64cd962c2b5d0016/node_modules/vitest/dist/chunks/index.BspFP3mn.js:392:10)
    at file:///C:/Users/jaafa/Desktop/upload/FishWebClean/node_modules/.pnpm/vitest@4.0.15_@edge-runtime_83c43a7e5d3f6efa64cd962c2b5d0016/node_modules/vitest/dist/chunks/base.CTp-EStD.js:129:65
    at Traces.$ (file:///C:/Users/jaafa/Desktop/upload/FishWebClean/node_modules/.pnpm/vitest@4.0.15_@edge-runtime_83c43a7e5d3f6efa64cd962c2b5d0016/node_modules/vitest/dist/chunks/traces.U4xDYhzZ.js:115:27)
DOMException [AbortError]: The operation was aborted.
    at Fetch.onAsyncTaskManagerAbort (file:///C:/Users/jaafa/Desktop/upload/FishWebClean/node_modules/.pnpm/happy-dom@20.0.11/node_modules/happy-dom/lib/fetch/Fetch.js:546:23)
    at Object.<anonymous> (file:///C:/Users/jaafa/Desktop/upload/FishWebClean/node_modules/.pnpm/happy-dom@20.0.11/node_modules/happy-dom/lib/fetch/Fetch.js:416:101)
    at AsyncTaskManager.abortAll (file:///C:/Users/jaafa/Desktop/upload/FishWebClean/node_modules/.pnpm/happy-dom@20.0.11/node_modules/happy-dom/lib/async-task-manager/AsyncTaskManager.js:292:30)
    at AsyncTaskManager.abort (file:///C:/Users/jaafa/Desktop/upload/FishWebClean/node_modules/.pnpm/happy-dom@20.0.11/node_modules/happy-dom/lib/async-task-manager/AsyncTaskManager.js:52:21)
    at DetachedBrowserFrame.abort (file:///C:/Users/jaafa/Desktop/upload/FishWebClean/node_modules/.pnpm/happy-dom@20.0.11/node_modules/happy-dom/lib/browser/detached-browser/DetachedBrowserFrame.js:112:58)
    at DetachedWindowAPI.abort (file:///C:/Users/jaafa/Desktop/upload/FishWebClean/node_modules/.pnpm/happy-dom@20.0.11/node_modules/happy-dom/lib/window/DetachedWindowAPI.js:51:35)
    at teardownWindow (file:///C:/Users/jaafa/Desktop/upload/FishWebClean/node_modules/.pnpm/vitest@4.0.15_@edge-runtime_83c43a7e5d3f6efa64cd962c2b5d0016/node_modules/vitest/dist/chunks/index.BspFP3mn.js:331:22)
    at Object.teardown (file:///C:/Users/jaafa/Desktop/upload/FishWebClean/node_modules/.pnpm/vitest@4.0.15_@edge-runtime_83c43a7e5d3f6efa64cd962c2b5d0016/node_modules/vitest/dist/chunks/index.BspFP3mn.js:392:10)
    at file:///C:/Users/jaafa/Desktop/upload/FishWebClean/node_modules/.pnpm/vitest@4.0.15_@edge-runtime_83c43a7e5d3f6efa64cd962c2b5d0016/node_modules/vitest/dist/chunks/base.CTp-EStD.js:129:65
    at Traces.$ (file:///C:/Users/jaafa/Desktop/upload/FishWebClean/node_modules/.pnpm/vitest@4.0.15_@edge-runtime_83c43a7e5d3f6efa64cd962c2b5d0016/node_modules/vitest/dist/chunks/traces.U4xDYhzZ.js:115:27)
DOMException [AbortError]: The operation was aborted.
    at Fetch.onAsyncTaskManagerAbort (file:///C:/Users/jaafa/Desktop/upload/FishWebClean/node_modules/.pnpm/happy-dom@20.0.11/node_modules/happy-dom/lib/fetch/Fetch.js:546:23)
    at Object.<anonymous> (file:///C:/Users/jaafa/Desktop/upload/FishWebClean/node_modules/.pnpm/happy-dom@20.0.11/node_modules/happy-dom/lib/fetch/Fetch.js:416:101)
    at AsyncTaskManager.abortAll (file:///C:/Users/jaafa/Desktop/upload/FishWebClean/node_modules/.pnpm/happy-dom@20.0.11/node_modules/happy-dom/lib/async-task-manager/AsyncTaskManager.js:292:30)
    at AsyncTaskManager.abort (file:///C:/Users/jaafa/Desktop/upload/FishWebClean/node_modules/.pnpm/happy-dom@20.0.11/node_modules/happy-dom/lib/async-task-manager/AsyncTaskManager.js:52:21)
    at DetachedBrowserFrame.abort (file:///C:/Users/jaafa/Desktop/upload/FishWebClean/node_modules/.pnpm/happy-dom@20.0.11/node_modules/happy-dom/lib/browser/detached-browser/DetachedBrowserFrame.js:112:58)
    at DetachedWindowAPI.abort (file:///C:/Users/jaafa/Desktop/upload/FishWebClean/node_modules/.pnpm/happy-dom@20.0.11/node_modules/happy-dom/lib/window/DetachedWindowAPI.js:51:35)
    at teardownWindow (file:///C:/Users/jaafa/Desktop/upload/FishWebClean/node_modules/.pnpm/vitest@4.0.15_@edge-runtime_83c43a7e5d3f6efa64cd962c2b5d0016/node_modules/vitest/dist/chunks/index.BspFP3mn.js:331:22)
    at Object.teardown (file:///C:/Users/jaafa/Desktop/upload/FishWebClean/node_modules/.pnpm/vitest@4.0.15_@edge-runtime_83c43a7e5d3f6efa64cd962c2b5d0016/node_modules/vitest/dist/chunks/index.BspFP3mn.js:392:10)
    at file:///C:/Users/jaafa/Desktop/upload/FishWebClean/node_modules/.pnpm/vitest@4.0.15_@edge-runtime_83c43a7e5d3f6efa64cd962c2b5d0016/node_modules/vitest/dist/chunks/base.CTp-EStD.js:129:65
    at Traces.$ (file:///C:/Users/jaafa/Desktop/upload/FishWebClean/node_modules/.pnpm/vitest@4.0.15_@edge-runtime_83c43a7e5d3f6efa64cd962c2b5d0016/node_modules/vitest/dist/chunks/traces.U4xDYhzZ.js:115:27)
DOMException [AbortError]: The operation was aborted.
    at Fetch.onAsyncTaskManagerAbort (file:///C:/Users/jaafa/Desktop/upload/FishWebClean/node_modules/.pnpm/happy-dom@20.0.11/node_modules/happy-dom/lib/fetch/Fetch.js:546:23)
    at Object.<anonymous> (file:///C:/Users/jaafa/Desktop/upload/FishWebClean/node_modules/.pnpm/happy-dom@20.0.11/node_modules/happy-dom/lib/fetch/Fetch.js:416:101)
    at AsyncTaskManager.abortAll (file:///C:/Users/jaafa/Desktop/upload/FishWebClean/node_modules/.pnpm/happy-dom@20.0.11/node_modules/happy-dom/lib/async-task-manager/AsyncTaskManager.js:292:30)
    at AsyncTaskManager.abort (file:///C:/Users/jaafa/Desktop/upload/FishWebClean/node_modules/.pnpm/happy-dom@20.0.11/node_modules/happy-dom/lib/async-task-manager/AsyncTaskManager.js:52:21)
    at DetachedBrowserFrame.abort (file:///C:/Users/jaafa/Desktop/upload/FishWebClean/node_modules/.pnpm/happy-dom@20.0.11/node_modules/happy-dom/lib/browser/detached-browser/DetachedBrowserFrame.js:112:58)
    at DetachedWindowAPI.abort (file:///C:/Users/jaafa/Desktop/upload/FishWebClean/node_modules/.pnpm/happy-dom@20.0.11/node_modules/happy-dom/lib/window/DetachedWindowAPI.js:51:35)
    at teardownWindow (file:///C:/Users/jaafa/Desktop/upload/FishWebClean/node_modules/.pnpm/vitest@4.0.15_@edge-runtime_83c43a7e5d3f6efa64cd962c2b5d0016/node_modules/vitest/dist/chunks/index.BspFP3mn.js:331:22)
    at Object.teardown (file:///C:/Users/jaafa/Desktop/upload/FishWebClean/node_modules/.pnpm/vitest@4.0.15_@edge-runtime_83c43a7e5d3f6efa64cd962c2b5d0016/node_modules/vitest/dist/chunks/index.BspFP3mn.js:392:10)
    at file:///C:/Users/jaafa/Desktop/upload/FishWebClean/node_modules/.pnpm/vitest@4.0.15_@edge-runtime_83c43a7e5d3f6efa64cd962c2b5d0016/node_modules/vitest/dist/chunks/base.CTp-EStD.js:129:65
    at Traces.$ (file:///C:/Users/jaafa/Desktop/upload/FishWebClean/node_modules/.pnpm/vitest@4.0.15_@edge-runtime_83c43a7e5d3f6efa64cd962c2b5d0016/node_modules/vitest/dist/chunks/traces.U4xDYhzZ.js:115:27)
DOMException [AbortError]: The operation was aborted.
    at Fetch.onAsyncTaskManagerAbort (file:///C:/Users/jaafa/Desktop/upload/FishWebClean/node_modules/.pnpm/happy-dom@20.0.11/node_modules/happy-dom/lib/fetch/Fetch.js:546:23)
    at Object.<anonymous> (file:///C:/Users/jaafa/Desktop/upload/FishWebClean/node_modules/.pnpm/happy-dom@20.0.11/node_modules/happy-dom/lib/fetch/Fetch.js:416:101)
    at AsyncTaskManager.abortAll (file:///C:/Users/jaafa/Desktop/upload/FishWebClean/node_modules/.pnpm/happy-dom@20.0.11/node_modules/happy-dom/lib/async-task-manager/AsyncTaskManager.js:292:30)
    at AsyncTaskManager.abort (file:///C:/Users/jaafa/Desktop/upload/FishWebClean/node_modules/.pnpm/happy-dom@20.0.11/node_modules/happy-dom/lib/async-task-manager/AsyncTaskManager.js:52:21)
    at DetachedBrowserFrame.abort (file:///C:/Users/jaafa/Desktop/upload/FishWebClean/node_modules/.pnpm/happy-dom@20.0.11/node_modules/happy-dom/lib/browser/detached-browser/DetachedBrowserFrame.js:112:58)
    at DetachedWindowAPI.abort (file:///C:/Users/jaafa/Desktop/upload/FishWebClean/node_modules/.pnpm/happy-dom@20.0.11/node_modules/happy-dom/lib/window/DetachedWindowAPI.js:51:35)
    at teardownWindow (file:///C:/Users/jaafa/Desktop/upload/FishWebClean/node_modules/.pnpm/vitest@4.0.15_@edge-runtime_83c43a7e5d3f6efa64cd962c2b5d0016/node_modules/vitest/dist/chunks/index.BspFP3mn.js:331:22)
    at Object.teardown (file:///C:/Users/jaafa/Desktop/upload/FishWebClean/node_modules/.pnpm/vitest@4.0.15_@edge-runtime_83c43a7e5d3f6efa64cd962c2b5d0016/node_modules/vitest/dist/chunks/index.BspFP3mn.js:392:10)
    at file:///C:/Users/jaafa/Desktop/upload/FishWebClean/node_modules/.pnpm/vitest@4.0.15_@edge-runtime_83c43a7e5d3f6efa64cd962c2b5d0016/node_modules/vitest/dist/chunks/base.CTp-EStD.js:129:65
    at Traces.$ (file:///C:/Users/jaafa/Desktop/upload/FishWebClean/node_modules/.pnpm/vitest@4.0.15_@edge-runtime_83c43a7e5d3f6efa64cd962c2b5d0016/node_modules/vitest/dist/chunks/traces.U4xDYhzZ.js:115:27)
DOMException [AbortError]: The operation was aborted.
    at Fetch.onAsyncTaskManagerAbort (file:///C:/Users/jaafa/Desktop/upload/FishWebClean/node_modules/.pnpm/happy-dom@20.0.11/node_modules/happy-dom/lib/fetch/Fetch.js:546:23)
    at Object.<anonymous> (file:///C:/Users/jaafa/Desktop/upload/FishWebClean/node_modules/.pnpm/happy-dom@20.0.11/node_modules/happy-dom/lib/fetch/Fetch.js:416:101)
    at AsyncTaskManager.abortAll (file:///C:/Users/jaafa/Desktop/upload/FishWebClean/node_modules/.pnpm/happy-dom@20.0.11/node_modules/happy-dom/lib/async-task-manager/AsyncTaskManager.js:292:30)
    at AsyncTaskManager.abort (file:///C:/Users/jaafa/Desktop/upload/FishWebClean/node_modules/.pnpm/happy-dom@20.0.11/node_modules/happy-dom/lib/async-task-manager/AsyncTaskManager.js:52:21)
    at DetachedBrowserFrame.abort (file:///C:/Users/jaafa/Desktop/upload/FishWebClean/node_modules/.pnpm/happy-dom@20.0.11/node_modules/happy-dom/lib/browser/detached-browser/DetachedBrowserFrame.js:112:58)
    at DetachedWindowAPI.abort (file:///C:/Users/jaafa/Desktop/upload/FishWebClean/node_modules/.pnpm/happy-dom@20.0.11/node_modules/happy-dom/lib/window/DetachedWindowAPI.js:51:35)
    at teardownWindow (file:///C:/Users/jaafa/Desktop/upload/FishWebClean/node_modules/.pnpm/vitest@4.0.15_@edge-runtime_83c43a7e5d3f6efa64cd962c2b5d0016/node_modules/vitest/dist/chunks/index.BspFP3mn.js:331:22)
    at Object.teardown (file:///C:/Users/jaafa/Desktop/upload/FishWebClean/node_modules/.pnpm/vitest@4.0.15_@edge-runtime_83c43a7e5d3f6efa64cd962c2b5d0016/node_modules/vitest/dist/chunks/index.BspFP3mn.js:392:10)
    at file:///C:/Users/jaafa/Desktop/upload/FishWebClean/node_modules/.pnpm/vitest@4.0.15_@edge-runtime_83c43a7e5d3f6efa64cd962c2b5d0016/node_modules/vitest/dist/chunks/base.CTp-EStD.js:129:65
    at Traces.$ (file:///C:/Users/jaafa/Desktop/upload/FishWebClean/node_modules/.pnpm/vitest@4.0.15_@edge-runtime_83c43a7e5d3f6efa64cd962c2b5d0016/node_modules/vitest/dist/chunks/traces.U4xDYhzZ.js:115:27)
 [32m✓[39m .claude/worktrees/hardcore-noether-c55378/client/src/contexts/__tests__/wishlist-context.test.tsx [2m([22m[2m9 tests[22m[2m)[22m[33m 1106[2mms[22m[39m
       [33m[2m✓[22m[39m should add new item to wishlist [33m 309[2mms[22m[39m
DOMException [AbortError]: The operation was aborted.
    at Fetch.onAsyncTaskManagerAbort (file:///C:/Users/jaafa/Desktop/upload/FishWebClean/node_modules/.pnpm/happy-dom@20.0.11/node_modules/happy-dom/lib/fetch/Fetch.js:546:23)
    at Object.<anonymous> (file:///C:/Users/jaafa/Desktop/upload/FishWebClean/node_modules/.pnpm/happy-dom@20.0.11/node_modules/happy-dom/lib/fetch/Fetch.js:416:101)
    at AsyncTaskManager.abortAll (file:///C:/Users/jaafa/Desktop/upload/FishWebClean/node_modules/.pnpm/happy-dom@20.0.11/node_modules/happy-dom/lib/async-task-manager/AsyncTaskManager.js:292:30)
    at AsyncTaskManager.abort (file:///C:/Users/jaafa/Desktop/upload/FishWebClean/node_modules/.pnpm/happy-dom@20.0.11/node_modules/happy-dom/lib/async-task-manager/AsyncTaskManager.js:52:21)
    at DetachedBrowserFrame.abort (file:///C:/Users/jaafa/Desktop/upload/FishWebClean/node_modules/.pnpm/happy-dom@20.0.11/node_modules/happy-dom/lib/browser/detached-browser/DetachedBrowserFrame.js:112:58)
    at DetachedWindowAPI.abort (file:///C:/Users/jaafa/Desktop/upload/FishWebClean/node_modules/.pnpm/happy-dom@20.0.11/node_modules/happy-dom/lib/window/DetachedWindowAPI.js:51:35)
    at teardownWindow (file:///C:/Users/jaafa/Desktop/upload/FishWebClean/node_modules/.pnpm/vitest@4.0.15_@edge-runtime_83c43a7e5d3f6efa64cd962c2b5d0016/node_modules/vitest/dist/chunks/index.BspFP3mn.js:331:22)
    at Object.teardown (file:///C:/Users/jaafa/Desktop/upload/FishWebClean/node_modules/.pnpm/vitest@4.0.15_@edge-runtime_83c43a7e5d3f6efa64cd962c2b5d0016/node_modules/vitest/dist/chunks/index.BspFP3mn.js:392:10)
    at file:///C:/Users/jaafa/Desktop/upload/FishWebClean/node_modules/.pnpm/vitest@4.0.15_@edge-runtime_83c43a7e5d3f6efa64cd962c2b5d0016/node_modules/vitest/dist/chunks/base.CTp-EStD.js:129:65
    at Traces.$ (file:///C:/Users/jaafa/Desktop/upload/FishWebClean/node_modules/.pnpm/vitest@4.0.15_@edge-runtime_83c43a7e5d3f6efa64cd962c2b5d0016/node_modules/vitest/dist/chunks/traces.U4xDYhzZ.js:115:27)
DOMException [AbortError]: The operation was aborted.
    at Fetch.onAsyncTaskManagerAbort (file:///C:/Users/jaafa/Desktop/upload/FishWebClean/node_modules/.pnpm/happy-dom@20.0.11/node_modules/happy-dom/lib/fetch/Fetch.js:546:23)
    at Object.<anonymous> (file:///C:/Users/jaafa/Desktop/upload/FishWebClean/node_modules/.pnpm/happy-dom@20.0.11/node_modules/happy-dom/lib/fetch/Fetch.js:416:101)
    at AsyncTaskManager.abortAll (file:///C:/Users/jaafa/Desktop/upload/FishWebClean/node_modules/.pnpm/happy-dom@20.0.11/node_modules/happy-dom/lib/async-task-manager/AsyncTaskManager.js:292:30)
    at AsyncTaskManager.abort (file:///C:/Users/jaafa/Desktop/upload/FishWebClean/node_modules/.pnpm/happy-dom@20.0.11/node_modules/happy-dom/lib/async-task-manager/AsyncTaskManager.js:52:21)
    at DetachedBrowserFrame.abort (file:///C:/Users/jaafa/Desktop/upload/FishWebClean/node_modules/.pnpm/happy-dom@20.0.11/node_modules/happy-dom/lib/browser/detached-browser/DetachedBrowserFrame.js:112:58)
    at DetachedWindowAPI.abort (file:///C:/Users/jaafa/Desktop/upload/FishWebClean/node_modules/.pnpm/happy-dom@20.0.11/node_modules/happy-dom/lib/window/DetachedWindowAPI.js:51:35)
    at teardownWindow (file:///C:/Users/jaafa/Desktop/upload/FishWebClean/node_modules/.pnpm/vitest@4.0.15_@edge-runtime_83c43a7e5d3f6efa64cd962c2b5d0016/node_modules/vitest/dist/chunks/index.BspFP3mn.js:331:22)
    at Object.teardown (file:///C:/Users/jaafa/Desktop/upload/FishWebClean/node_modules/.pnpm/vitest@4.0.15_@edge-runtime_83c43a7e5d3f6efa64cd962c2b5d0016/node_modules/vitest/dist/chunks/index.BspFP3mn.js:392:10)
    at file:///C:/Users/jaafa/Desktop/upload/FishWebClean/node_modules/.pnpm/vitest@4.0.15_@edge-runtime_83c43a7e5d3f6efa64cd962c2b5d0016/node_modules/vitest/dist/chunks/base.CTp-EStD.js:129:65
    at Traces.$ (file:///C:/Users/jaafa/Desktop/upload/FishWebClean/node_modules/.pnpm/vitest@4.0.15_@edge-runtime_83c43a7e5d3f6efa64cd962c2b5d0016/node_modules/vitest/dist/chunks/traces.U4xDYhzZ.js:115:27)
DOMException [AbortError]: The operation was aborted.
    at Fetch.onAsyncTaskManagerAbort (file:///C:/Users/jaafa/Desktop/upload/FishWebClean/node_modules/.pnpm/happy-dom@20.0.11/node_modules/happy-dom/lib/fetch/Fetch.js:546:23)
    at Object.<anonymous> (file:///C:/Users/jaafa/Desktop/upload/FishWebClean/node_modules/.pnpm/happy-dom@20.0.11/node_modules/happy-dom/lib/fetch/Fetch.js:416:101)
    at AsyncTaskManager.abortAll (file:///C:/Users/jaafa/Desktop/upload/FishWebClean/node_modules/.pnpm/happy-dom@20.0.11/node_modules/happy-dom/lib/async-task-manager/AsyncTaskManager.js:292:30)
    at AsyncTaskManager.abort (file:///C:/Users/jaafa/Desktop/upload/FishWebClean/node_modules/.pnpm/happy-dom@20.0.11/node_modules/happy-dom/lib/async-task-manager/AsyncTaskManager.js:52:21)
    at DetachedBrowserFrame.abort (file:///C:/Users/jaafa/Desktop/upload/FishWebClean/node_modules/.pnpm/happy-dom@20.0.11/node_modules/happy-dom/lib/browser/detached-browser/DetachedBrowserFrame.js:112:58)
    at DetachedWindowAPI.abort (file:///C:/Users/jaafa/Desktop/upload/FishWebClean/node_modules/.pnpm/happy-dom@20.0.11/node_modules/happy-dom/lib/window/DetachedWindowAPI.js:51:35)
    at teardownWindow (file:///C:/Users/jaafa/Desktop/upload/FishWebClean/node_modules/.pnpm/vitest@4.0.15_@edge-runtime_83c43a7e5d3f6efa64cd962c2b5d0016/node_modules/vitest/dist/chunks/index.BspFP3mn.js:331:22)
    at Object.teardown (file:///C:/Users/jaafa/Desktop/upload/FishWebClean/node_modules/.pnpm/vitest@4.0.15_@edge-runtime_83c43a7e5d3f6efa64cd962c2b5d0016/node_modules/vitest/dist/chunks/index.BspFP3mn.js:392:10)
    at file:///C:/Users/jaafa/Desktop/upload/FishWebClean/node_modules/.pnpm/vitest@4.0.15_@edge-runtime_83c43a7e5d3f6efa64cd962c2b5d0016/node_modules/vitest/dist/chunks/base.CTp-EStD.js:129:65
    at Traces.$ (file:///C:/Users/jaafa/Desktop/upload/FishWebClean/node_modules/.pnpm/vitest@4.0.15_@edge-runtime_83c43a7e5d3f6efa64cd962c2b5d0016/node_modules/vitest/dist/chunks/traces.U4xDYhzZ.js:115:27)
DOMException [AbortError]: The operation was aborted.
    at Fetch.onAsyncTaskManagerAbort (file:///C:/Users/jaafa/Desktop/upload/FishWebClean/node_modules/.pnpm/happy-dom@20.0.11/node_modules/happy-dom/lib/fetch/Fetch.js:546:23)
    at Object.<anonymous> (file:///C:/Users/jaafa/Desktop/upload/FishWebClean/node_modules/.pnpm/happy-dom@20.0.11/node_modules/happy-dom/lib/fetch/Fetch.js:416:101)
    at AsyncTaskManager.abortAll (file:///C:/Users/jaafa/Desktop/upload/FishWebClean/node_modules/.pnpm/happy-dom@20.0.11/node_modules/happy-dom/lib/async-task-manager/AsyncTaskManager.js:292:30)
    at AsyncTaskManager.abort (file:///C:/Users/jaafa/Desktop/upload/FishWebClean/node_modules/.pnpm/happy-dom@20.0.11/node_modules/happy-dom/lib/async-task-manager/AsyncTaskManager.js:52:21)
    at DetachedBrowserFrame.abort (file:///C:/Users/jaafa/Desktop/upload/FishWebClean/node_modules/.pnpm/happy-dom@20.0.11/node_modules/happy-dom/lib/browser/detached-browser/DetachedBrowserFrame.js:112:58)
    at DetachedWindowAPI.abort (file:///C:/Users/jaafa/Desktop/upload/FishWebClean/node_modules/.pnpm/happy-dom@20.0.11/node_modules/happy-dom/lib/window/DetachedWindowAPI.js:51:35)
    at teardownWindow (file:///C:/Users/jaafa/Desktop/upload/FishWebClean/node_modules/.pnpm/vitest@4.0.15_@edge-runtime_83c43a7e5d3f6efa64cd962c2b5d0016/node_modules/vitest/dist/chunks/index.BspFP3mn.js:331:22)
    at Object.teardown (file:///C:/Users/jaafa/Desktop/upload/FishWebClean/node_modules/.pnpm/vitest@4.0.15_@edge-runtime_83c43a7e5d3f6efa64cd962c2b5d0016/node_modules/vitest/dist/chunks/index.BspFP3mn.js:392:10)
    at file:///C:/Users/jaafa/Desktop/upload/FishWebClean/node_modules/.pnpm/vitest@4.0.15_@edge-runtime_83c43a7e5d3f6efa64cd962c2b5d0016/node_modules/vitest/dist/chunks/base.CTp-EStD.js:129:65
    at Traces.$ (file:///C:/Users/jaafa/Desktop/upload/FishWebClean/node_modules/.pnpm/vitest@4.0.15_@edge-runtime_83c43a7e5d3f6efa64cd962c2b5d0016/node_modules/vitest/dist/chunks/traces.U4xDYhzZ.js:115:27)
 [32m✓[39m client/src/hooks/__tests__/use-toast.test.tsx [2m([22m[2m5 tests[22m[2m)[22m[32m 158[2mms[22m[39m
 [32m✓[39m .claude/worktrees/hardcore-noether-c55378/client/src/hooks/__tests__/use-mobile.test.tsx [2m([22m[2m4 tests[22m[2m)[22m[32m 161[2mms[22m[39m
 [32m✓[39m test/accounting-finance.test.ts [2m([22m[2m114 tests[22m[2m)[22m[32m 209[2mms[22m[39m
 [32m✓[39m .claude/worktrees/jovial-germain-89e4df/client/src/hooks/__tests__/use-fish-data.test.tsx [2m([22m[2m6 tests[22m[2m)[22m[33m 609[2mms[22m[39m
     [33m[2m✓[22m[39m should fetch fish data successfully [33m 328[2mms[22m[39m
 [31m❯[39m .claude/worktrees/jovial-germain-89e4df/server/__tests__/auth.test.ts [2m([22m[2m28 tests[22m[2m | [22m[31m1 failed[39m[2m)[22m[33m 7157[2mms[22m[39m
       [32m✓[39m should generate a hash with salt and digest separated by colon[32m 92[2mms[22m[39m
       [32m✓[39m should generate different hashes for the same password (unique salts)[32m 122[2mms[22m[39m
       [32m✓[39m should generate hashes with 32-character salt (16 bytes in hex)[32m 51[2mms[22m[39m
       [32m✓[39m should generate hashes with 128-character digest (64 bytes in hex)[32m 53[2mms[22m[39m
       [32m✓[39m should handle empty password[32m 58[2mms[22m[39m
       [32m✓[39m should handle very long passwords[32m 49[2mms[22m[39m
       [32m✓[39m should handle special characters[32m 55[2mms[22m[39m
       [32m✓[39m should handle unicode characters[32m 48[2mms[22m[39m
       [32m✓[39m should verify correct password[32m 88[2mms[22m[39m
       [32m✓[39m should reject incorrect password[32m 86[2mms[22m[39m
       [32m✓[39m should reject password with wrong case[32m 71[2mms[22m[39m
       [32m✓[39m should reject empty password when password exists[32m 86[2mms[22m[39m
       [32m✓[39m should verify empty password if it was hashed[32m 110[2mms[22m[39m
       [32m✓[39m should reject malformed hash (missing colon)[32m 0[2mms[22m[39m
       [32m✓[39m should reject malformed hash (empty salt)[32m 0[2mms[22m[39m
       [32m✓[39m should reject malformed hash (empty digest)[32m 0[2mms[22m[39m
       [32m✓[39m should handle hash with multiple colons (uses first two parts)[32m 95[2mms[22m[39m
       [32m✓[39m should handle timing-safe comparison (same length different values)[32m 117[2mms[22m[39m
       [32m✓[39m should verify special characters correctly[32m 158[2mms[22m[39m
       [32m✓[39m should verify unicode characters correctly[32m 104[2mms[22m[39m
       [32m✓[39m should verify very long passwords correctly[32m 123[2mms[22m[39m
       [32m✓[39m should generate consistent hash for same password and salt[32m 109[2mms[22m[39m
       [32m✓[39m should generate different hash for different salts[32m 115[2mms[22m[39m
       [32m✓[39m should generate different hash for different passwords[32m 105[2mms[22m[39m
       [32m✓[39m should return 128-character hex string (64 bytes)[32m 39[2mms[22m[39m
       [32m✓[39m should use sufficient iterations (15000)[32m 49[2mms[22m[39m
[31m       [31m×[31m should produce cryptographically random salts[39m[33m 5064[2mms[22m[39m
       [32m✓[39m should resist timing attacks using timingSafeEqual[32m 92[2mms[22m[39m
 [32m✓[39m .claude/worktrees/hardcore-noether-c55378/client/src/lib/__tests__/sentry.test.ts [2m([22m[2m13 tests[22m[2m)[22m[32m 249[2mms[22m[39m
 [32m✓[39m .claude/worktrees/jovial-germain-89e4df/client/src/lib/__tests__/logger.test.ts [2m([22m[2m18 tests[22m[2m)[22m[32m 132[2mms[22m[39m
 [32m✓[39m client/src/hooks/__tests__/use-fish-data.test.tsx [2m([22m[2m6 tests[22m[2m)[22m[33m 477[2mms[22m[39m
 [32m✓[39m .claude/worktrees/hardcore-noether-c55378/client/src/lib/__tests__/logger.test.ts [2m([22m[2m18 tests[22m[2m)[22m[32m 124[2mms[22m[39m
 [32m✓[39m server/__tests__/auth.test.ts [2m([22m[2m28 tests[22m[2m)[22m[33m 6957[2mms[22m[39m
       [33m[2m✓[22m[39m should produce cryptographically random salts [33m 4885[2mms[22m[39m
 [32m✓[39m .claude/worktrees/hardcore-noether-c55378/client/src/hooks/__tests__/use-fish-data.test.tsx [2m([22m[2m6 tests[22m[2m)[22m[33m 597[2mms[22m[39m
     [33m[2m✓[22m[39m should fetch fish data successfully [33m 306[2mms[22m[39m
 [32m✓[39m .claude/worktrees/hardcore-noether-c55378/server/__tests__/auth.test.ts [2m([22m[2m28 tests[22m[2m)[22m[33m 7029[2mms[22m[39m
       [33m[2m✓[22m[39m should produce cryptographically random salts [33m 4842[2mms[22m[39m
 [32m✓[39m .claude/worktrees/hardcore-noether-c55378/server/__tests__/api.test.ts [2m([22m[2m15 tests[22m[2m)[22m[33m 380[2mms[22m[39m
 [32m✓[39m server/__tests__/api.test.ts [2m([22m[2m15 tests[22m[2m)[22m[32m 258[2mms[22m[39m
 [32m✓[39m .claude/worktrees/jovial-germain-89e4df/server/__tests__/api.test.ts [2m([22m[2m15 tests[22m[2m)[22m[32m 257[2mms[22m[39m
 [32m✓[39m .claude/worktrees/jovial-germain-89e4df/client/src/hooks/__tests__/use-mobile.test.tsx [2m([22m[2m4 tests[22m[2m)[22m[32m 87[2mms[22m[39m
 [32m✓[39m .claude/worktrees/hardcore-noether-c55378/client/src/hooks/__tests__/use-toast.test.tsx [2m([22m[2m5 tests[22m[2m)[22m[32m 60[2mms[22m[39m
 [32m✓[39m client/src/hooks/__tests__/use-mobile.test.tsx [2m([22m[2m4 tests[22m[2m)[22m[32m 131[2mms[22m[39m
 [32m✓[39m .claude/worktrees/jovial-germain-89e4df/client/src/lib/__tests__/sentry.test.ts [2m([22m[2m13 tests[22m[2m)[22m[32m 160[2mms[22m[39m
 [32m✓[39m server/__tests__/validation.test.ts [2m([22m[2m28 tests[22m[2m)[22m[32m 12[2mms[22m[39m
 [32m✓[39m .claude/worktrees/jovial-germain-89e4df/client/src/hooks/__tests__/use-toast.test.tsx [2m([22m[2m5 tests[22m[2m)[22m[32m 162[2mms[22m[39m
 [32m✓[39m server/__tests__/ai-advanced.test.ts [2m([22m[2m18 tests[22m[2m)[22m[32m 35[2mms[22m[39m
 [32m✓[39m client/src/lib/__tests__/api.test.ts [2m([22m[2m24 tests[22m[2m)[22m[32m 42[2mms[22m[39m
 [32m✓[39m .claude/worktrees/hardcore-noether-c55378/server/__tests__/products-api.test.ts [2m([22m[2m12 tests[22m[2m)[22m[32m 29[2mms[22m[39m
 [32m✓[39m server/__tests__/coupons-api.test.ts [2m([22m[2m15 tests[22m[2m)[22m[32m 36[2mms[22m[39m
 [32m✓[39m .claude/worktrees/jovial-germain-89e4df/server/__tests__/storage.test.ts [2m([22m[2m14 tests[22m[2m)[22m[32m 32[2mms[22m[39m
 [32m✓[39m .claude/worktrees/jovial-germain-89e4df/server/__tests__/orders-api.test.ts [2m([22m[2m14 tests[22m[2m)[22m[32m 26[2mms[22m[39m
 [32m✓[39m .claude/worktrees/jovial-germain-89e4df/server/__tests__/coupons-api.test.ts [2m([22m[2m15 tests[22m[2m)[22m[32m 17[2mms[22m[39m
 [32m✓[39m .claude/worktrees/jovial-germain-89e4df/client/src/__tests__/calculators.test.tsx [2m([22m[2m17 tests[22m[2m)[22m[32m 17[2mms[22m[39m
 [32m✓[39m .claude/worktrees/jovial-germain-89e4df/client/src/hooks/__tests__/use-cart-count.test.ts [2m([22m[2m4 tests[22m[2m)[22m[32m 45[2mms[22m[39m
 [32m✓[39m client/src/hooks/__tests__/use-cart-count.test.ts [2m([22m[2m4 tests[22m[2m)[22m[32m 45[2mms[22m[39m
 [32m✓[39m client/src/lib/__tests__/logger.test.ts [2m([22m[2m18 tests[22m[2m)[22m[32m 69[2mms[22m[39m
 [32m✓[39m .claude/worktrees/jovial-germain-89e4df/server/__tests__/security.test.ts [2m([22m[2m6 tests[22m[2m)[22m[32m 29[2mms[22m[39m
 [32m✓[39m server/__tests__/orders-api.test.ts [2m([22m[2m14 tests[22m[2m)[22m[32m 29[2mms[22m[39m
 [32m✓[39m .claude/worktrees/hardcore-noether-c55378/client/src/hooks/__tests__/use-cart-count.test.ts [2m([22m[2m4 tests[22m[2m)[22m[32m 72[2mms[22m[39m
 [32m✓[39m .claude/worktrees/hardcore-noether-c55378/client/src/lib/__tests__/api.test.ts [2m([22m[2m24 tests[22m[2m)[22m[32m 45[2mms[22m[39m
 [32m✓[39m .claude/worktrees/jovial-germain-89e4df/client/src/lib/__tests__/api.test.ts [2m([22m[2m24 tests[22m[2m)[22m[32m 46[2mms[22m[39m
 [32m✓[39m shared/__tests__/schema.test.ts [2m([22m[2m31 tests[22m[2m)[22m[32m 34[2mms[22m[39m
 [32m✓[39m .claude/worktrees/hardcore-noether-c55378/client/src/__tests__/calculators.test.tsx [2m([22m[2m17 tests[22m[2m)[22m[32m 16[2mms[22m[39m
 [32m✓[39m .claude/worktrees/hardcore-noether-c55378/server/__tests__/ai-advanced.test.ts [2m([22m[2m18 tests[22m[2m)[22m[32m 8[2mms[22m[39m
 [32m✓[39m client/src/__tests__/calculators.test.tsx [2m([22m[2m17 tests[22m[2m)[22m[32m 46[2mms[22m[39m
 [32m✓[39m .claude/worktrees/jovial-germain-89e4df/server/__tests__/validation.test.ts [2m([22m[2m28 tests[22m[2m)[22m[32m 87[2mms[22m[39m
 [32m✓[39m server/__tests__/discounts-api.test.ts [2m([22m[2m7 tests[22m[2m)[22m[32m 36[2mms[22m[39m
 [32m✓[39m .claude/worktrees/hardcore-noether-c55378/server/__tests__/validation.test.ts [2m([22m[2m28 tests[22m[2m)[22m[32m 71[2mms[22m[39m
 [32m✓[39m server/__tests__/products-api.test.ts [2m([22m[2m12 tests[22m[2m)[22m[32m 33[2mms[22m[39m
 [32m✓[39m .claude/worktrees/jovial-germain-89e4df/server/__tests__/discounts-api.test.ts [2m([22m[2m7 tests[22m[2m)[22m[32m 28[2mms[22m[39m
 [32m✓[39m .claude/worktrees/hardcore-noether-c55378/server/__tests__/orders-api.test.ts [2m([22m[2m14 tests[22m[2m)[22m[32m 45[2mms[22m[39m
 [32m✓[39m .claude/worktrees/hardcore-noether-c55378/server/__tests__/routes.test.ts [2m([22m[2m19 tests[22m[2m)[22m[32m 68[2mms[22m[39m
 [32m✓[39m .claude/worktrees/hardcore-noether-c55378/client/src/lib/__tests__/recommendations.test.ts [2m([22m[2m12 tests[22m[2m)[22m[32m 51[2mms[22m[39m
 [32m✓[39m .claude/worktrees/hardcore-noether-c55378/server/__tests__/discounts-api.test.ts [2m([22m[2m7 tests[22m[2m)[22m[32m 30[2mms[22m[39m
 [32m✓[39m .claude/worktrees/jovial-germain-89e4df/server/__tests__/products-api.test.ts [2m([22m[2m12 tests[22m[2m)[22m[32m 31[2mms[22m[39m
 [32m✓[39m server/__tests__/routes.test.ts [2m([22m[2m19 tests[22m[2m)[22m[32m 54[2mms[22m[39m
 [32m✓[39m .claude/worktrees/jovial-germain-89e4df/client/src/lib/__tests__/recommendations.test.ts [2m([22m[2m12 tests[22m[2m)[22m[32m 41[2mms[22m[39m
 [32m✓[39m .claude/worktrees/hardcore-noether-c55378/shared/__tests__/schema.test.ts [2m([22m[2m31 tests[22m[2m)[22m[32m 56[2mms[22m[39m
 [32m✓[39m client/src/lib/__tests__/recommendations.test.ts [2m([22m[2m12 tests[22m[2m)[22m[32m 31[2mms[22m[39m
 [32m✓[39m server/__tests__/security.test.ts [2m([22m[2m6 tests[22m[2m)[22m[32m 16[2mms[22m[39m
 [32m✓[39m .claude/worktrees/jovial-germain-89e4df/server/__tests__/routes.test.ts [2m([22m[2m19 tests[22m[2m)[22m[32m 30[2mms[22m[39m
 [32m✓[39m server/__tests__/storage.test.ts [2m([22m[2m14 tests[22m[2m)[22m[32m 10[2mms[22m[39m
 [32m✓[39m .claude/worktrees/jovial-germain-89e4df/shared/__tests__/schema.test.ts [2m([22m[2m31 tests[22m[2m)[22m[32m 28[2mms[22m[39m
 [32m✓[39m .claude/worktrees/hardcore-noether-c55378/server/__tests__/coupons-api.test.ts [2m([22m[2m15 tests[22m[2m)[22m[32m 9[2mms[22m[39m
 [32m✓[39m .claude/worktrees/jovial-germain-89e4df/server/__tests__/ai-advanced.test.ts [2m([22m[2m18 tests[22m[2m)[22m[32m 8[2mms[22m[39m
 [32m✓[39m .claude/worktrees/hardcore-noether-c55378/server/__tests__/storage.test.ts [2m([22m[2m14 tests[22m[2m)[22m[32m 8[2mms[22m[39m
 [32m✓[39m .claude/worktrees/hardcore-noether-c55378/server/__tests__/security.test.ts [2m([22m[2m6 tests[22m[2m)[22m[32m 7[2mms[22m[39m

⎯⎯⎯⎯⎯⎯ Failed Suites 95 ⎯⎯⎯⎯⎯⎯

 FAIL  e2e/accessibility.spec.ts [ e2e/accessibility.spec.ts ]
Error: Playwright Test did not expect test.describe() to be called here.
Most common reasons include:
- You are calling test.describe() in a configuration file.
- You are calling test.describe() in a file that is imported by the configuration file.
- You have two different versions of @playwright/test. This usually happens
  when one of the dependencies in your package.json depends on @playwright/test.
 ❯ TestTypeImpl._currentSuite node_modules/.pnpm/playwright@1.57.0/node_modules/playwright/lib/common/testType.js:75:13
 ❯ TestTypeImpl._describe node_modules/.pnpm/playwright@1.57.0/node_modules/playwright/lib/common/testType.js:115:24
 ❯ Function.describe node_modules/.pnpm/playwright@1.57.0/node_modules/playwright/lib/transform/transform.js:275:12
 ❯ e2e/accessibility.spec.ts:7:6
      5|  * Tests WCAG compliance, keyboard navigation, screen reader support
      6|  */
      7| test.describe('إمكانية الوصول - Accessibility', () => {
       |      ^
      8| 
      9|     // ==================

⎯⎯⎯⎯⎯⎯⎯⎯⎯⎯⎯⎯⎯⎯⎯⎯⎯⎯⎯⎯⎯[1/1250]⎯

 FAIL  e2e/admin.spec.ts [ e2e/admin.spec.ts ]
Error: Playwright Test did not expect test.describe() to be called here.
Most common reasons include:
- You are calling test.describe() in a configuration file.
- You are calling test.describe() in a file that is imported by the configuration file.
- You have two different versions of @playwright/test. This usually happens
  when one of the dependencies in your package.json depends on @playwright/test.
 ❯ TestTypeImpl._currentSuite node_modules/.pnpm/playwright@1.57.0/node_modules/playwright/lib/common/testType.js:75:13
 ❯ TestTypeImpl._describe node_modules/.pnpm/playwright@1.57.0/node_modules/playwright/lib/common/testType.js:115:24
 ❯ Function.describe node_modules/.pnpm/playwright@1.57.0/node_modules/playwright/lib/transform/transform.js:275:12
 ❯ e2e/admin.spec.ts:37:6
     35| // 1. ADMIN LOGIN TESTS
     36| // ==========================================
     37| test.describe('1. تسجيل دخول المدير - Admin Login', () => {
       |      ^
     38|     test('should load admin login page', async ({ page }) => {
     39|         await page.goto('/admin/login', { waitUntil: 'domcontentloaded…

⎯⎯⎯⎯⎯⎯⎯⎯⎯⎯⎯⎯⎯⎯⎯⎯⎯⎯⎯⎯⎯[2/1250]⎯

 FAIL  e2e/advanced-features.spec.ts [ e2e/advanced-features.spec.ts ]
Error: Playwright Test did not expect test.describe() to be called here.
Most common reasons include:
- You are calling test.describe() in a configuration file.
- You are calling test.describe() in a file that is imported by the configuration file.
- You have two different versions of @playwright/test. This usually happens
  when one of the dependencies in your package.json depends on @playwright/test.
 ❯ TestTypeImpl._currentSuite node_modules/.pnpm/playwright@1.57.0/node_modules/playwright/lib/common/testType.js:75:13
 ❯ TestTypeImpl._describe node_modules/.pnpm/playwright@1.57.0/node_modules/playwright/lib/common/testType.js:115:24
 ❯ Function.describe node_modules/.pnpm/playwright@1.57.0/node_modules/playwright/lib/transform/transform.js:275:12
 ❯ e2e/advanced-features.spec.ts:22:6
     20| // VISUAL EFFECTS TESTS
     21| // ==========================================
     22| test.describe('المؤثرات البصرية - Visual Effects', () => {
       |      ^
     23|     test('should display bubble trail effect', async ({ page }) => {
     24|         await page.goto('/', { waitUntil: 'domcontentloaded' });

⎯⎯⎯⎯⎯⎯⎯⎯⎯⎯⎯⎯⎯⎯⎯⎯⎯⎯⎯⎯⎯[3/1250]⎯

 FAIL  e2e/advanced-pages.spec.ts [ e2e/advanced-pages.spec.ts ]
Error: Playwright Test did not expect test.describe() to be called here.
Most common reasons include:
- You are calling test.describe() in a configuration file.
- You are calling test.describe() in a file that is imported by the configuration file.
- You have two different versions of @playwright/test. This usually happens
  when one of the dependencies in your package.json depends on @playwright/test.
 ❯ TestTypeImpl._currentSuite node_modules/.pnpm/playwright@1.57.0/node_modules/playwright/lib/common/testType.js:75:13
 ❯ TestTypeImpl._describe node_modules/.pnpm/playwright@1.57.0/node_modules/playwright/lib/common/testType.js:115:24
 ❯ Function.describe node_modules/.pnpm/playwright@1.57.0/node_modules/playwright/lib/transform/transform.js:275:12
 ❯ e2e/advanced-pages.spec.ts:22:6
     20| // ECO-FRIENDLY GUIDE TESTS
     21| // ==========================================
     22| test.describe('دليل البيئة - Eco-Friendly Guide', () => {
       |      ^
     23|     test('should display eco-friendly guide page', async ({ page }) =>…
     24|         await page.goto('/guides/eco-friendly', { waitUntil: 'domconte…

⎯⎯⎯⎯⎯⎯⎯⎯⎯⎯⎯⎯⎯⎯⎯⎯⎯⎯⎯⎯⎯[4/1250]⎯

 FAIL  e2e/api-integration.spec.ts [ e2e/api-integration.spec.ts ]
Error: Playwright Test did not expect test.describe() to be called here.
Most common reasons include:
- You are calling test.describe() in a configuration file.
- You are calling test.describe() in a file that is imported by the configuration file.
- You have two different versions of @playwright/test. This usually happens
  when one of the dependencies in your package.json depends on @playwright/test.
 ❯ TestTypeImpl._currentSuite node_modules/.pnpm/playwright@1.57.0/node_modules/playwright/lib/common/testType.js:75:13
 ❯ TestTypeImpl._describe node_modules/.pnpm/playwright@1.57.0/node_modules/playwright/lib/common/testType.js:115:24
 ❯ Function.describe node_modules/.pnpm/playwright@1.57.0/node_modules/playwright/lib/transform/transform.js:275:12
 ❯ e2e/api-integration.spec.ts:7:6
      5|  * Tests API endpoints availability and response
      6|  */
      7| test.describe('تكامل API - API Integration', () => {
       |      ^
      8| 
      9|     // ==================

⎯⎯⎯⎯⎯⎯⎯⎯⎯⎯⎯⎯⎯⎯⎯⎯⎯⎯⎯⎯⎯[5/1250]⎯

 FAIL  e2e/auth.spec.ts [ e2e/auth.spec.ts ]
Error: Playwright Test did not expect test.describe() to be called here.
Most common reasons include:
- You are calling test.describe() in a configuration file.
- You are calling test.describe() in a file that is imported by the configuration file.
- You have two different versions of @playwright/test. This usually happens
  when one of the dependencies in your package.json depends on @playwright/test.
 ❯ TestTypeImpl._currentSuite node_modules/.pnpm/playwright@1.57.0/node_modules/playwright/lib/common/testType.js:75:13
 ❯ TestTypeImpl._describe node_modules/.pnpm/playwright@1.57.0/node_modules/playwright/lib/common/testType.js:115:24
 ❯ Function.describe node_modules/.pnpm/playwright@1.57.0/node_modules/playwright/lib/transform/transform.js:275:12
 ❯ e2e/auth.spec.ts:8:6
      6|  * Tests login, registration, password reset flows
      7|  */
      8| test.describe('المصادقة - Authentication', () => {
       |      ^
      9| 
     10|     // ==================

⎯⎯⎯⎯⎯⎯⎯⎯⎯⎯⎯⎯⎯⎯⎯⎯⎯⎯⎯⎯⎯[6/1250]⎯

 FAIL  e2e/calculators.spec.ts [ e2e/calculators.spec.ts ]
Error: Playwright Test did not expect test.describe() to be called here.
Most common reasons include:
- You are calling test.describe() in a configuration file.
- You are calling test.describe() in a file that is imported by the configuration file.
- You have two different versions of @playwright/test. This usually happens
  when one of the dependencies in your package.json depends on @playwright/test.
 ❯ TestTypeImpl._currentSuite node_modules/.pnpm/playwright@1.57.0/node_modules/playwright/lib/common/testType.js:75:13
 ❯ TestTypeImpl._describe node_modules/.pnpm/playwright@1.57.0/node_modules/playwright/lib/common/testType.js:115:24
 ❯ Function.describe node_modules/.pnpm/playwright@1.57.0/node_modules/playwright/lib/transform/transform.js:275:12
 ❯ e2e/calculators.spec.ts:8:6
      6|  * Tests all 5 calculators: tank size, filter, heater, salt, maintenan…
      7|  */
      8| test.describe('الحاسبات - Calculators', () => {
       |      ^
      9|     let calcsPage: CalculatorsPage;
     10| 

⎯⎯⎯⎯⎯⎯⎯⎯⎯⎯⎯⎯⎯⎯⎯⎯⎯⎯⎯⎯⎯[7/1250]⎯

 FAIL  e2e/cart.spec.ts [ e2e/cart.spec.ts ]
Error: Playwright Test did not expect test.describe() to be called here.
Most common reasons include:
- You are calling test.describe() in a configuration file.
- You are calling test.describe() in a file that is imported by the configuration file.
- You have two different versions of @playwright/test. This usually happens
  when one of the dependencies in your package.json depends on @playwright/test.
 ❯ TestTypeImpl._currentSuite node_modules/.pnpm/playwright@1.57.0/node_modules/playwright/lib/common/testType.js:75:13
 ❯ TestTypeImpl._describe node_modules/.pnpm/playwright@1.57.0/node_modules/playwright/lib/common/testType.js:115:24
 ❯ Function.describe node_modules/.pnpm/playwright@1.57.0/node_modules/playwright/lib/transform/transform.js:275:12
 ❯ e2e/cart.spec.ts:8:6
      6|  * Tests cart functionality, quantity updates, coupons
      7|  */
      8| test.describe('السلة - Cart', () => {
       |      ^
      9|     let cartPage: CartPage;
     10|     let productsPage: ProductsPage;

⎯⎯⎯⎯⎯⎯⎯⎯⎯⎯⎯⎯⎯⎯⎯⎯⎯⎯⎯⎯⎯[8/1250]⎯

 FAIL  e2e/chat.spec.ts [ e2e/chat.spec.ts ]
Error: Playwright Test did not expect test.describe() to be called here.
Most common reasons include:
- You are calling test.describe() in a configuration file.
- You are calling test.describe() in a file that is imported by the configuration file.
- You have two different versions of @playwright/test. This usually happens
  when one of the dependencies in your package.json depends on @playwright/test.
 ❯ TestTypeImpl._currentSuite node_modules/.pnpm/playwright@1.57.0/node_modules/playwright/lib/common/testType.js:75:13
 ❯ TestTypeImpl._describe node_modules/.pnpm/playwright@1.57.0/node_modules/playwright/lib/common/testType.js:115:24
 ❯ Function.describe node_modules/.pnpm/playwright@1.57.0/node_modules/playwright/lib/transform/transform.js:275:12
 ❯ e2e/chat.spec.ts:13:6
     11| // AI CHATBOT TESTS - اختبارات روبوت المحادثة الذكي
     12| // ==========================================
     13| test.describe('روبوت المحادثة الذكي - AI Chatbot', () => {
       |      ^
     14|     test.beforeEach(async ({ page }) => {
     15|         await page.goto('/', { waitUntil: 'domcontentloaded' });

⎯⎯⎯⎯⎯⎯⎯⎯⎯⎯⎯⎯⎯⎯⎯⎯⎯⎯⎯⎯⎯[9/1250]⎯

 FAIL  e2e/checkout.spec.ts [ e2e/checkout.spec.ts ]
Error: Playwright Test did not expect test.describe() to be called here.
Most common reasons include:
- You are calling test.describe() in a configuration file.
- You are calling test.describe() in a file that is imported by the configuration file.
- You have two different versions of @playwright/test. This usually happens
  when one of the dependencies in your package.json depends on @playwright/test.
 ❯ TestTypeImpl._currentSuite node_modules/.pnpm/playwright@1.57.0/node_modules/playwright/lib/common/testType.js:75:13
 ❯ TestTypeImpl._describe node_modules/.pnpm/playwright@1.57.0/node_modules/playwright/lib/common/testType.js:115:24
 ❯ Function.describe node_modules/.pnpm/playwright@1.57.0/node_modules/playwright/lib/transform/transform.js:275:12
 ❯ e2e/checkout.spec.ts:8:6
      6|  * Tests checkout flow, address, shipping, payment
      7|  */
      8| test.describe('الدفع - Checkout', () => {
       |      ^
      9|     let checkoutPage: CheckoutPage;
     10|     let cartPage: CartPage;

⎯⎯⎯⎯⎯⎯⎯⎯⎯⎯⎯⎯⎯⎯⎯⎯⎯⎯⎯⎯[10/1250]⎯

 FAIL  e2e/contexts.spec.ts [ e2e/contexts.spec.ts ]
Error: Playwright Test did not expect test.describe() to be called here.
Most common reasons include:
- You are calling test.describe() in a configuration file.
- You are calling test.describe() in a file that is imported by the configuration file.
- You have two different versions of @playwright/test. This usually happens
  when one of the dependencies in your package.json depends on @playwright/test.
 ❯ TestTypeImpl._currentSuite node_modules/.pnpm/playwright@1.57.0/node_modules/playwright/lib/common/testType.js:75:13
 ❯ TestTypeImpl._describe node_modules/.pnpm/playwright@1.57.0/node_modules/playwright/lib/common/testType.js:115:24
 ❯ Function.describe node_modules/.pnpm/playwright@1.57.0/node_modules/playwright/lib/transform/transform.js:275:12
 ❯ e2e/contexts.spec.ts:22:6
     20| // COMPARISON CONTEXT TESTS
     21| // ==========================================
     22| test.describe('سياق المقارنة - Comparison Context', () => {
       |      ^
     23|     test('should add product to compare', async ({ page }) => {
     24|         await page.goto('/products', { waitUntil: 'domcontentloaded' }…

⎯⎯⎯⎯⎯⎯⎯⎯⎯⎯⎯⎯⎯⎯⎯⎯⎯⎯⎯⎯[11/1250]⎯

 FAIL  e2e/effects-interactions.spec.ts [ e2e/effects-interactions.spec.ts ]
Error: Playwright Test did not expect test.describe() to be called here.
Most common reasons include:
- You are calling test.describe() in a configuration file.
- You are calling test.describe() in a file that is imported by the configuration file.
- You have two different versions of @playwright/test. This usually happens
  when one of the dependencies in your package.json depends on @playwright/test.
 ❯ TestTypeImpl._currentSuite node_modules/.pnpm/playwright@1.57.0/node_modules/playwright/lib/common/testType.js:75:13
 ❯ TestTypeImpl._describe node_modules/.pnpm/playwright@1.57.0/node_modules/playwright/lib/common/testType.js:115:24
 ❯ Function.describe node_modules/.pnpm/playwright@1.57.0/node_modules/playwright/lib/transform/transform.js:275:12
 ❯ e2e/effects-interactions.spec.ts:30:6
     28| // LIVE PHOTO MAGIC TESTS
     29| // ==========================================
     30| test.describe('تأثير الصور الحية - Live Photo Magic', () => {
       |      ^
     31|     test('should display product image with effects', async ({ page })…
     32|         await page.goto('/products/1', { waitUntil: 'domcontentloaded'…

⎯⎯⎯⎯⎯⎯⎯⎯⎯⎯⎯⎯⎯⎯⎯⎯⎯⎯⎯⎯[12/1250]⎯

 FAIL  e2e/extended-features.spec.ts [ e2e/extended-features.spec.ts ]
Error: Playwright Test did not expect test.describe() to be called here.
Most common reasons include:
- You are calling test.describe() in a configuration file.
- You are calling test.describe() in a file that is imported by the configuration file.
- You have two different versions of @playwright/test. This usually happens
  when one of the dependencies in your package.json depends on @playwright/test.
 ❯ TestTypeImpl._currentSuite node_modules/.pnpm/playwright@1.57.0/node_modules/playwright/lib/common/testType.js:75:13
 ❯ TestTypeImpl._describe node_modules/.pnpm/playwright@1.57.0/node_modules/playwright/lib/common/testType.js:115:24
 ❯ Function.describe node_modules/.pnpm/playwright@1.57.0/node_modules/playwright/lib/transform/transform.js:275:12
 ❯ e2e/extended-features.spec.ts:22:6
     20| // CHECKOUT DIALOG TESTS
     21| // ==========================================
     22| test.describe('نافذة الدفع - Checkout Dialog', () => {
       |      ^
     23|     test('should open checkout dialog from cart', async ({ page }) => {
     24|         await page.goto('/cart', { waitUntil: 'domcontentloaded' });

⎯⎯⎯⎯⎯⎯⎯⎯⎯⎯⎯⎯⎯⎯⎯⎯⎯⎯⎯⎯[13/1250]⎯

 FAIL  e2e/features.spec.ts [ e2e/features.spec.ts ]
Error: Playwright Test did not expect test.describe() to be called here.
Most common reasons include:
- You are calling test.describe() in a configuration file.
- You are calling test.describe() in a file that is imported by the configuration file.
- You have two different versions of @playwright/test. This usually happens
  when one of the dependencies in your package.json depends on @playwright/test.
 ❯ TestTypeImpl._currentSuite node_modules/.pnpm/playwright@1.57.0/node_modules/playwright/lib/common/testType.js:75:13
 ❯ TestTypeImpl._describe node_modules/.pnpm/playwright@1.57.0/node_modules/playwright/lib/common/testType.js:115:24
 ❯ Function.describe node_modules/.pnpm/playwright@1.57.0/node_modules/playwright/lib/transform/transform.js:275:12
 ❯ e2e/features.spec.ts:23:6
     21| // BLOG TESTS
     22| // ==========================================
     23| test.describe('المدونة - Blog', () => {
       |      ^
     24|     test('should load blog page', async ({ page }) => {
     25|         await page.goto('/blog', { waitUntil: 'domcontentloaded' });

⎯⎯⎯⎯⎯⎯⎯⎯⎯⎯⎯⎯⎯⎯⎯⎯⎯⎯⎯⎯[14/1250]⎯

 FAIL  e2e/final-features.spec.ts [ e2e/final-features.spec.ts ]
Error: Playwright Test did not expect test.describe() to be called here.
Most common reasons include:
- You are calling test.describe() in a configuration file.
- You are calling test.describe() in a file that is imported by the configuration file.
- You have two different versions of @playwright/test. This usually happens
  when one of the dependencies in your package.json depends on @playwright/test.
 ❯ TestTypeImpl._currentSuite node_modules/.pnpm/playwright@1.57.0/node_modules/playwright/lib/common/testType.js:75:13
 ❯ TestTypeImpl._describe node_modules/.pnpm/playwright@1.57.0/node_modules/playwright/lib/common/testType.js:115:24
 ❯ Function.describe node_modules/.pnpm/playwright@1.57.0/node_modules/playwright/lib/transform/transform.js:275:12
 ❯ e2e/final-features.spec.ts:24:6
     22| // PWA COMPONENTS TESTS
     23| // ==========================================
     24| test.describe('مكونات PWA - PWA Components', () => {
       |      ^
     25|     test('should show install prompt if not installed', async ({ page …
     26|         await page.goto('/', { waitUntil: 'domcontentloaded' });

⎯⎯⎯⎯⎯⎯⎯⎯⎯⎯⎯⎯⎯⎯⎯⎯⎯⎯⎯⎯[15/1250]⎯

 FAIL  e2e/fish.spec.ts [ e2e/fish.spec.ts ]
Error: Playwright Test did not expect test.describe() to be called here.
Most common reasons include:
- You are calling test.describe() in a configuration file.
- You are calling test.describe() in a file that is imported by the configuration file.
- You have two different versions of @playwright/test. This usually happens
  when one of the dependencies in your package.json depends on @playwright/test.
 ❯ TestTypeImpl._currentSuite node_modules/.pnpm/playwright@1.57.0/node_modules/playwright/lib/common/testType.js:75:13
 ❯ TestTypeImpl._describe node_modules/.pnpm/playwright@1.57.0/node_modules/playwright/lib/common/testType.js:115:24
 ❯ Function.describe node_modules/.pnpm/playwright@1.57.0/node_modules/playwright/lib/transform/transform.js:275:12
 ❯ e2e/fish.spec.ts:8:6
      6|  * Tests encyclopedia, fish finder, health diagnosis, breeding calcula…
      7|  */
      8| test.describe('موسوعة الأسماك - Fish Encyclopedia', () => {
       |      ^
      9|     let fishPage: FishEncyclopediaPage;
     10| 

⎯⎯⎯⎯⎯⎯⎯⎯⎯⎯⎯⎯⎯⎯⎯⎯⎯⎯⎯⎯[16/1250]⎯

 FAIL  e2e/gallery.spec.ts [ e2e/gallery.spec.ts ]
Error: Playwright Test did not expect test.describe() to be called here.
Most common reasons include:
- You are calling test.describe() in a configuration file.
- You are calling test.describe() in a file that is imported by the configuration file.
- You have two different versions of @playwright/test. This usually happens
  when one of the dependencies in your package.json depends on @playwright/test.
 ❯ TestTypeImpl._currentSuite node_modules/.pnpm/playwright@1.57.0/node_modules/playwright/lib/common/testType.js:75:13
 ❯ TestTypeImpl._describe node_modules/.pnpm/playwright@1.57.0/node_modules/playwright/lib/common/testType.js:115:24
 ❯ Function.describe node_modules/.pnpm/playwright@1.57.0/node_modules/playwright/lib/transform/transform.js:275:12
 ❯ e2e/gallery.spec.ts:8:6
      6|  * Tests gallery, uploads, voting, contest and winner features
      7|  */
      8| test.describe('معرض المجتمع - Community Gallery', () => {
       |      ^
      9|     let galleryPage: GalleryPage;
     10| 

⎯⎯⎯⎯⎯⎯⎯⎯⎯⎯⎯⎯⎯⎯⎯⎯⎯⎯⎯⎯[17/1250]⎯

 FAIL  e2e/home.spec.ts [ e2e/home.spec.ts ]
Error: Playwright Test did not expect test.describe() to be called here.
Most common reasons include:
- You are calling test.describe() in a configuration file.
- You are calling test.describe() in a file that is imported by the configuration file.
- You have two different versions of @playwright/test. This usually happens
  when one of the dependencies in your package.json depends on @playwright/test.
 ❯ TestTypeImpl._currentSuite node_modules/.pnpm/playwright@1.57.0/node_modules/playwright/lib/common/testType.js:75:13
 ❯ TestTypeImpl._describe node_modules/.pnpm/playwright@1.57.0/node_modules/playwright/lib/common/testType.js:115:24
 ❯ Function.describe node_modules/.pnpm/playwright@1.57.0/node_modules/playwright/lib/transform/transform.js:275:12
 ❯ e2e/home.spec.ts:8:6
      6|  * Tests all elements and interactions on the home page
      7|  */
      8| test.describe('الصفحة الرئيسية - Home Page', () => {
       |      ^
      9|     let homePage: HomePage;
     10| 

⎯⎯⎯⎯⎯⎯⎯⎯⎯⎯⎯⎯⎯⎯⎯⎯⎯⎯⎯⎯[18/1250]⎯

 FAIL  e2e/journey.spec.ts [ e2e/journey.spec.ts ]
Error: Playwright Test did not expect test.describe() to be called here.
Most common reasons include:
- You are calling test.describe() in a configuration file.
- You are calling test.describe() in a file that is imported by the configuration file.
- You have two different versions of @playwright/test. This usually happens
  when one of the dependencies in your package.json depends on @playwright/test.
 ❯ TestTypeImpl._currentSuite node_modules/.pnpm/playwright@1.57.0/node_modules/playwright/lib/common/testType.js:75:13
 ❯ TestTypeImpl._describe node_modules/.pnpm/playwright@1.57.0/node_modules/playwright/lib/common/testType.js:115:24
 ❯ Function.describe node_modules/.pnpm/playwright@1.57.0/node_modules/playwright/lib/transform/transform.js:275:12
 ❯ e2e/journey.spec.ts:8:6
      6|  * Tests all 13 steps of the aquarium setup journey
      7|  */
      8| test.describe('رحلة الإعداد - Journey Wizard', () => {
       |      ^
      9|     let journeyPage: JourneyPage;
     10| 

⎯⎯⎯⎯⎯⎯⎯⎯⎯⎯⎯⎯⎯⎯⎯⎯⎯⎯⎯⎯[19/1250]⎯

 FAIL  e2e/navigation.spec.ts [ e2e/navigation.spec.ts ]
Error: Playwright Test did not expect test.describe() to be called here.
Most common reasons include:
- You are calling test.describe() in a configuration file.
- You are calling test.describe() in a file that is imported by the configuration file.
- You have two different versions of @playwright/test. This usually happens
  when one of the dependencies in your package.json depends on @playwright/test.
 ❯ TestTypeImpl._currentSuite node_modules/.pnpm/playwright@1.57.0/node_modules/playwright/lib/common/testType.js:75:13
 ❯ TestTypeImpl._describe node_modules/.pnpm/playwright@1.57.0/node_modules/playwright/lib/common/testType.js:115:24
 ❯ Function.describe node_modules/.pnpm/playwright@1.57.0/node_modules/playwright/lib/transform/transform.js:275:12
 ❯ e2e/navigation.spec.ts:8:6
      6|  * Tests navigation across all pages and routes
      7|  */
      8| test.describe('التنقل - Navigation', () => {
       |      ^
      9|     let basePage: BasePage;
     10| 

⎯⎯⎯⎯⎯⎯⎯⎯⎯⎯⎯⎯⎯⎯⎯⎯⎯⎯⎯⎯[20/1250]⎯

 FAIL  e2e/page-features.spec.ts [ e2e/page-features.spec.ts ]
Error: Playwright Test did not expect test.describe() to be called here.
Most common reasons include:
- You are calling test.describe() in a configuration file.
- You are calling test.describe() in a file that is imported by the configuration file.
- You have two different versions of @playwright/test. This usually happens
  when one of the dependencies in your package.json depends on @playwright/test.
 ❯ TestTypeImpl._currentSuite node_modules/.pnpm/playwright@1.57.0/node_modules/playwright/lib/common/testType.js:75:13
 ❯ TestTypeImpl._describe node_modules/.pnpm/playwright@1.57.0/node_modules/playwright/lib/common/testType.js:115:24
 ❯ Function.describe node_modules/.pnpm/playwright@1.57.0/node_modules/playwright/lib/transform/transform.js:275:12
 ❯ e2e/page-features.spec.ts:24:6
     22| // COMMUNITY GALLERY TESTS
     23| // ==========================================
     24| test.describe('معرض المجتمع - Community Gallery', () => {
       |      ^
     25|     test('should display community gallery page', async ({ page }) => {
     26|         await page.goto('/gallery', { waitUntil: 'domcontentloaded' });

⎯⎯⎯⎯⎯⎯⎯⎯⎯⎯⎯⎯⎯⎯⎯⎯⎯⎯⎯⎯[21/1250]⎯

 FAIL  e2e/products.spec.ts [ e2e/products.spec.ts ]
Error: Playwright Test did not expect test.describe() to be called here.
Most common reasons include:
- You are calling test.describe() in a configuration file.
- You are calling test.describe() in a file that is imported by the configuration file.
- You have two different versions of @playwright/test. This usually happens
  when one of the dependencies in your package.json depends on @playwright/test.
 ❯ TestTypeImpl._currentSuite node_modules/.pnpm/playwright@1.57.0/node_modules/playwright/lib/common/testType.js:75:13
 ❯ TestTypeImpl._describe node_modules/.pnpm/playwright@1.57.0/node_modules/playwright/lib/common/testType.js:115:24
 ❯ Function.describe node_modules/.pnpm/playwright@1.57.0/node_modules/playwright/lib/transform/transform.js:275:12
 ❯ e2e/products.spec.ts:8:6
      6|  * Tests catalog, filtering, product details and interactions
      7|  */
      8| test.describe('المنتجات - Products Page', () => {
       |      ^
      9|     let productsPage: ProductsPage;
     10| 

⎯⎯⎯⎯⎯⎯⎯⎯⎯⎯⎯⎯⎯⎯⎯⎯⎯⎯⎯⎯[22/1250]⎯

 FAIL  e2e/responsive.spec.ts [ e2e/responsive.spec.ts ]
Error: Playwright Test did not expect test.describe() to be called here.
Most common reasons include:
- You are calling test.describe() in a configuration file.
- You are calling test.describe() in a file that is imported by the configuration file.
- You have two different versions of @playwright/test. This usually happens
  when one of the dependencies in your package.json depends on @playwright/test.
 ❯ TestTypeImpl._currentSuite node_modules/.pnpm/playwright@1.57.0/node_modules/playwright/lib/common/testType.js:75:13
 ❯ TestTypeImpl._describe node_modules/.pnpm/playwright@1.57.0/node_modules/playwright/lib/common/testType.js:115:24
 ❯ Function.describe node_modules/.pnpm/playwright@1.57.0/node_modules/playwright/lib/transform/transform.js:275:12
 ❯ e2e/responsive.spec.ts:7:6
      5|  * Tests across different screen sizes and devices
      6|  */
      7| test.describe('التصميم المتجاوب - Responsive Design', () => {
       |      ^
      8| 
      9|     // ==================

⎯⎯⎯⎯⎯⎯⎯⎯⎯⎯⎯⎯⎯⎯⎯⎯⎯⎯⎯⎯[23/1250]⎯

 FAIL  e2e/security-widgets.spec.ts [ e2e/security-widgets.spec.ts ]
Error: Playwright Test did not expect test.describe() to be called here.
Most common reasons include:
- You are calling test.describe() in a configuration file.
- You are calling test.describe() in a file that is imported by the configuration file.
- You have two different versions of @playwright/test. This usually happens
  when one of the dependencies in your package.json depends on @playwright/test.
 ❯ TestTypeImpl._currentSuite node_modules/.pnpm/playwright@1.57.0/node_modules/playwright/lib/common/testType.js:75:13
 ❯ TestTypeImpl._describe node_modules/.pnpm/playwright@1.57.0/node_modules/playwright/lib/common/testType.js:115:24
 ❯ Function.describe node_modules/.pnpm/playwright@1.57.0/node_modules/playwright/lib/transform/transform.js:275:12
 ❯ e2e/security-widgets.spec.ts:26:6
     24| // LIVE CHAT WIDGET TESTS
     25| // ==========================================
     26| test.describe('ويدجت الدردشة الحية - Live Chat Widget', () => {
       |      ^
     27|     test('should display chat button', async ({ page }) => {
     28|         await page.goto('/', { waitUntil: 'domcontentloaded' });

⎯⎯⎯⎯⎯⎯⎯⎯⎯⎯⎯⎯⎯⎯⎯⎯⎯⎯⎯⎯[24/1250]⎯

 FAIL  e2e/system-features.spec.ts [ e2e/system-features.spec.ts ]
Error: Playwright Test did not expect test.describe() to be called here.
Most common reasons include:
- You are calling test.describe() in a configuration file.
- You are calling test.describe() in a file that is imported by the configuration file.
- You have two different versions of @playwright/test. This usually happens
  when one of the dependencies in your package.json depends on @playwright/test.
 ❯ TestTypeImpl._currentSuite node_modules/.pnpm/playwright@1.57.0/node_modules/playwright/lib/common/testType.js:75:13
 ❯ TestTypeImpl._describe node_modules/.pnpm/playwright@1.57.0/node_modules/playwright/lib/common/testType.js:115:24
 ❯ Function.describe node_modules/.pnpm/playwright@1.57.0/node_modules/playwright/lib/transform/transform.js:275:12
 ❯ e2e/system-features.spec.ts:23:6
     21| // NEWSLETTER SUBSCRIPTION TESTS
     22| // ==========================================
     23| test.describe('الاشتراك في النشرة البريدية - Newsletter', () => {
       |      ^
     24|     test('should display newsletter subscription form in footer', asyn…
     25|         await page.goto('/', { waitUntil: 'domcontentloaded' });

⎯⎯⎯⎯⎯⎯⎯⎯⎯⎯⎯⎯⎯⎯⎯⎯⎯⎯⎯⎯[25/1250]⎯

 FAIL  e2e/ui-components.spec.ts [ e2e/ui-components.spec.ts ]
Error: Playwright Test did not expect test.describe() to be called here.
Most common reasons include:
- You are calling test.describe() in a configuration file.
- You are calling test.describe() in a file that is imported by the configuration file.
- You have two different versions of @playwright/test. This usually happens
  when one of the dependencies in your package.json depends on @playwright/test.
 ❯ TestTypeImpl._currentSuite node_modules/.pnpm/playwright@1.57.0/node_modules/playwright/lib/common/testType.js:75:13
 ❯ TestTypeImpl._describe node_modules/.pnpm/playwright@1.57.0/node_modules/playwright/lib/common/testType.js:115:24
 ❯ Function.describe node_modules/.pnpm/playwright@1.57.0/node_modules/playwright/lib/transform/transform.js:275:12
 ❯ e2e/ui-components.spec.ts:31:6
     29| // PASSWORD STRENGTH INDICATOR TESTS
     30| // ==========================================
     31| test.describe('مؤشر قوة كلمة المرور - Password Strength', () => {
       |      ^
     32|     test('should display password strength indicator on register', asy…
     33|         await page.goto('/register', { waitUntil: 'domcontentloaded' }…

⎯⎯⎯⎯⎯⎯⎯⎯⎯⎯⎯⎯⎯⎯⎯⎯⎯⎯⎯⎯[26/1250]⎯

 FAIL  e2e/user-flows.spec.ts [ e2e/user-flows.spec.ts ]
Error: Playwright Test did not expect test.describe() to be called here.
Most common reasons include:
- You are calling test.describe() in a configuration file.
- You are calling test.describe() in a file that is imported by the configuration file.
- You have two different versions of @playwright/test. This usually happens
  when one of the dependencies in your package.json depends on @playwright/test.
 ❯ TestTypeImpl._currentSuite node_modules/.pnpm/playwright@1.57.0/node_modules/playwright/lib/common/testType.js:75:13
 ❯ TestTypeImpl._describe node_modules/.pnpm/playwright@1.57.0/node_modules/playwright/lib/common/testType.js:115:24
 ❯ Function.describe node_modules/.pnpm/playwright@1.57.0/node_modules/playwright/lib/transform/transform.js:275:12
 ❯ e2e/user-flows.spec.ts:8:6
      6|  * Tests complete user journeys through the application
      7|  */
      8| test.describe('سيناريوهات المستخدم - User Flows', () => {
       |      ^
      9| 
     10|     // ==================

⎯⎯⎯⎯⎯⎯⎯⎯⎯⎯⎯⎯⎯⎯⎯⎯⎯⎯⎯⎯[27/1250]⎯

 FAIL  e2e/utilities.spec.ts [ e2e/utilities.spec.ts ]
Error: Playwright Test did not expect test.describe() to be called here.
Most common reasons include:
- You are calling test.describe() in a configuration file.
- You are calling test.describe() in a file that is imported by the configuration file.
- You have two different versions of @playwright/test. This usually happens
  when one of the dependencies in your package.json depends on @playwright/test.
 ❯ TestTypeImpl._currentSuite node_modules/.pnpm/playwright@1.57.0/node_modules/playwright/lib/common/testType.js:75:13
 ❯ TestTypeImpl._describe node_modules/.pnpm/playwright@1.57.0/node_modules/playwright/lib/common/testType.js:115:24
 ❯ Function.describe node_modules/.pnpm/playwright@1.57.0/node_modules/playwright/lib/transform/transform.js:275:12
 ❯ e2e/utilities.spec.ts:28:6
     26| // PDF GENERATOR TESTS
     27| // ==========================================
     28| test.describe('مولد PDF - PDF Generator', () => {
       |      ^
     29|     test('should have PDF export button on breeding calculator', async…
     30|         await page.goto('/fish-breeding-calculator', { waitUntil: 'dom…

⎯⎯⎯⎯⎯⎯⎯⎯⎯⎯⎯⎯⎯⎯⎯⎯⎯⎯⎯⎯[28/1250]⎯

 FAIL  .claude/worktrees/hardcore-noether-c55378/e2e/accessibility.spec.ts [ .claude/worktrees/hardcore-noether-c55378/e2e/accessibility.spec.ts ]
Error: Playwright Test did not expect test.describe() to be called here.
Most common reasons include:
- You are calling test.describe() in a configuration file.
- You are calling test.describe() in a file that is imported by the configuration file.
- You have two different versions of @playwright/test. This usually happens
  when one of the dependencies in your package.json depends on @playwright/test.
 ❯ TestTypeImpl._currentSuite node_modules/.pnpm/playwright@1.57.0/node_modules/playwright/lib/common/testType.js:75:13
 ❯ TestTypeImpl._describe node_modules/.pnpm/playwright@1.57.0/node_modules/playwright/lib/common/testType.js:115:24
 ❯ Function.describe node_modules/.pnpm/playwright@1.57.0/node_modules/playwright/lib/transform/transform.js:275:12
 ❯ .claude/worktrees/hardcore-noether-c55378/e2e/accessibility.spec.ts:7:6
      5|  * Tests WCAG compliance, keyboard navigation, screen reader support
      6|  */
      7| test.describe('إمكانية الوصول - Accessibility', () => {
       |      ^
      8| 
      9|     // ==================

⎯⎯⎯⎯⎯⎯⎯⎯⎯⎯⎯⎯⎯⎯⎯⎯⎯⎯⎯⎯[29/1250]⎯

 FAIL  .claude/worktrees/hardcore-noether-c55378/e2e/admin.spec.ts [ .claude/worktrees/hardcore-noether-c55378/e2e/admin.spec.ts ]
Error: Playwright Test did not expect test.describe() to be called here.
Most common reasons include:
- You are calling test.describe() in a configuration file.
- You are calling test.describe() in a file that is imported by the configuration file.
- You have two different versions of @playwright/test. This usually happens
  when one of the dependencies in your package.json depends on @playwright/test.
 ❯ TestTypeImpl._currentSuite node_modules/.pnpm/playwright@1.57.0/node_modules/playwright/lib/common/testType.js:75:13
 ❯ TestTypeImpl._describe node_modules/.pnpm/playwright@1.57.0/node_modules/playwright/lib/common/testType.js:115:24
 ❯ Function.describe node_modules/.pnpm/playwright@1.57.0/node_modules/playwright/lib/transform/transform.js:275:12
 ❯ .claude/worktrees/hardcore-noether-c55378/e2e/admin.spec.ts:37:6
     35| // 1. ADMIN LOGIN TESTS
     36| // ==========================================
     37| test.describe('1. تسجيل دخول المدير - Admin Login', () => {
       |      ^
     38|     test('should load admin login page', async ({ page }) => {
     39|         await page.goto('/admin/login', { waitUntil: 'domcontentloaded…

⎯⎯⎯⎯⎯⎯⎯⎯⎯⎯⎯⎯⎯⎯⎯⎯⎯⎯⎯⎯[30/1250]⎯

 FAIL  .claude/worktrees/hardcore-noether-c55378/e2e/advanced-features.spec.ts [ .claude/worktrees/hardcore-noether-c55378/e2e/advanced-features.spec.ts ]
Error: Playwright Test did not expect test.describe() to be called here.
Most common reasons include:
- You are calling test.describe() in a configuration file.
- You are calling test.describe() in a file that is imported by the configuration file.
- You have two different versions of @playwright/test. This usually happens
  when one of the dependencies in your package.json depends on @playwright/test.
 ❯ TestTypeImpl._currentSuite node_modules/.pnpm/playwright@1.57.0/node_modules/playwright/lib/common/testType.js:75:13
 ❯ TestTypeImpl._describe node_modules/.pnpm/playwright@1.57.0/node_modules/playwright/lib/common/testType.js:115:24
 ❯ Function.describe node_modules/.pnpm/playwright@1.57.0/node_modules/playwright/lib/transform/transform.js:275:12
 ❯ .claude/worktrees/hardcore-noether-c55378/e2e/advanced-features.spec.ts:22:6
     20| // VISUAL EFFECTS TESTS
     21| // ==========================================
     22| test.describe('المؤثرات البصرية - Visual Effects', () => {
       |      ^
     23|     test('should display bubble trail effect', async ({ page }) => {
     24|         await page.goto('/', { waitUntil: 'domcontentloaded' });

⎯⎯⎯⎯⎯⎯⎯⎯⎯⎯⎯⎯⎯⎯⎯⎯⎯⎯⎯⎯[31/1250]⎯

 FAIL  .claude/worktrees/hardcore-noether-c55378/e2e/advanced-pages.spec.ts [ .claude/worktrees/hardcore-noether-c55378/e2e/advanced-pages.spec.ts ]
Error: Playwright Test did not expect test.describe() to be called here.
Most common reasons include:
- You are calling test.describe() in a configuration file.
- You are calling test.describe() in a file that is imported by the configuration file.
- You have two different versions of @playwright/test. This usually happens
  when one of the dependencies in your package.json depends on @playwright/test.
 ❯ TestTypeImpl._currentSuite node_modules/.pnpm/playwright@1.57.0/node_modules/playwright/lib/common/testType.js:75:13
 ❯ TestTypeImpl._describe node_modules/.pnpm/playwright@1.57.0/node_modules/playwright/lib/common/testType.js:115:24
 ❯ Function.describe node_modules/.pnpm/playwright@1.57.0/node_modules/playwright/lib/transform/transform.js:275:12
 ❯ .claude/worktrees/hardcore-noether-c55378/e2e/advanced-pages.spec.ts:22:6
     20| // ECO-FRIENDLY GUIDE TESTS
     21| // ==========================================
     22| test.describe('دليل البيئة - Eco-Friendly Guide', () => {
       |      ^
     23|     test('should display eco-friendly guide page', async ({ page }) =>…
     24|         await page.goto('/guides/eco-friendly', { waitUntil: 'domconte…

⎯⎯⎯⎯⎯⎯⎯⎯⎯⎯⎯⎯⎯⎯⎯⎯⎯⎯⎯⎯[32/1250]⎯

 FAIL  .claude/worktrees/hardcore-noether-c55378/e2e/api-integration.spec.ts [ .claude/worktrees/hardcore-noether-c55378/e2e/api-integration.spec.ts ]
Error: Playwright Test did not expect test.describe() to be called here.
Most common reasons include:
- You are calling test.describe() in a configuration file.
- You are calling test.describe() in a file that is imported by the configuration file.
- You have two different versions of @playwright/test. This usually happens
  when one of the dependencies in your package.json depends on @playwright/test.
 ❯ TestTypeImpl._currentSuite node_modules/.pnpm/playwright@1.57.0/node_modules/playwright/lib/common/testType.js:75:13
 ❯ TestTypeImpl._describe node_modules/.pnpm/playwright@1.57.0/node_modules/playwright/lib/common/testType.js:115:24
 ❯ Function.describe node_modules/.pnpm/playwright@1.57.0/node_modules/playwright/lib/transform/transform.js:275:12
 ❯ .claude/worktrees/hardcore-noether-c55378/e2e/api-integration.spec.ts:7:6
      5|  * Tests API endpoints availability and response
      6|  */
      7| test.describe('تكامل API - API Integration', () => {
       |      ^
      8| 
      9|     // ==================

⎯⎯⎯⎯⎯⎯⎯⎯⎯⎯⎯⎯⎯⎯⎯⎯⎯⎯⎯⎯[33/1250]⎯

 FAIL  .claude/worktrees/hardcore-noether-c55378/e2e/auth.spec.ts [ .claude/worktrees/hardcore-noether-c55378/e2e/auth.spec.ts ]
Error: Playwright Test did not expect test.describe() to be called here.
Most common reasons include:
- You are calling test.describe() in a configuration file.
- You are calling test.describe() in a file that is imported by the configuration file.
- You have two different versions of @playwright/test. This usually happens
  when one of the dependencies in your package.json depends on @playwright/test.
 ❯ TestTypeImpl._currentSuite node_modules/.pnpm/playwright@1.57.0/node_modules/playwright/lib/common/testType.js:75:13
 ❯ TestTypeImpl._describe node_modules/.pnpm/playwright@1.57.0/node_modules/playwright/lib/common/testType.js:115:24
 ❯ Function.describe node_modules/.pnpm/playwright@1.57.0/node_modules/playwright/lib/transform/transform.js:275:12
 ❯ .claude/worktrees/hardcore-noether-c55378/e2e/auth.spec.ts:8:6
      6|  * Tests login, registration, password reset flows
      7|  */
      8| test.describe('المصادقة - Authentication', () => {
       |      ^
      9| 
     10|     // ==================

⎯⎯⎯⎯⎯⎯⎯⎯⎯⎯⎯⎯⎯⎯⎯⎯⎯⎯⎯⎯[34/1250]⎯

 FAIL  .claude/worktrees/hardcore-noether-c55378/e2e/calculators.spec.ts [ .claude/worktrees/hardcore-noether-c55378/e2e/calculators.spec.ts ]
Error: Playwright Test did not expect test.describe() to be called here.
Most common reasons include:
- You are calling test.describe() in a configuration file.
- You are calling test.describe() in a file that is imported by the configuration file.
- You have two different versions of @playwright/test. This usually happens
  when one of the dependencies in your package.json depends on @playwright/test.
 ❯ TestTypeImpl._currentSuite node_modules/.pnpm/playwright@1.57.0/node_modules/playwright/lib/common/testType.js:75:13
 ❯ TestTypeImpl._describe node_modules/.pnpm/playwright@1.57.0/node_modules/playwright/lib/common/testType.js:115:24
 ❯ Function.describe node_modules/.pnpm/playwright@1.57.0/node_modules/playwright/lib/transform/transform.js:275:12
 ❯ .claude/worktrees/hardcore-noether-c55378/e2e/calculators.spec.ts:8:6
      6|  * Tests all 5 calculators: tank size, filter, heater, salt, maintenan…
      7|  */
      8| test.describe('الحاسبات - Calculators', () => {
       |      ^
      9|     let calcsPage: CalculatorsPage;
     10| 

⎯⎯⎯⎯⎯⎯⎯⎯⎯⎯⎯⎯⎯⎯⎯⎯⎯⎯⎯⎯[35/1250]⎯

 FAIL  .claude/worktrees/hardcore-noether-c55378/e2e/cart.spec.ts [ .claude/worktrees/hardcore-noether-c55378/e2e/cart.spec.ts ]
Error: Playwright Test did not expect test.describe() to be called here.
Most common reasons include:
- You are calling test.describe() in a configuration file.
- You are calling test.describe() in a file that is imported by the configuration file.
- You have two different versions of @playwright/test. This usually happens
  when one of the dependencies in your package.json depends on @playwright/test.
 ❯ TestTypeImpl._currentSuite node_modules/.pnpm/playwright@1.57.0/node_modules/playwright/lib/common/testType.js:75:13
 ❯ TestTypeImpl._describe node_modules/.pnpm/playwright@1.57.0/node_modules/playwright/lib/common/testType.js:115:24
 ❯ Function.describe node_modules/.pnpm/playwright@1.57.0/node_modules/playwright/lib/transform/transform.js:275:12
 ❯ .claude/worktrees/hardcore-noether-c55378/e2e/cart.spec.ts:8:6
      6|  * Tests cart functionality, quantity updates, coupons
      7|  */
      8| test.describe('السلة - Cart', () => {
       |      ^
      9|     let cartPage: CartPage;
     10|     let productsPage: ProductsPage;

⎯⎯⎯⎯⎯⎯⎯⎯⎯⎯⎯⎯⎯⎯⎯⎯⎯⎯⎯⎯[36/1250]⎯

 FAIL  .claude/worktrees/hardcore-noether-c55378/e2e/chat.spec.ts [ .claude/worktrees/hardcore-noether-c55378/e2e/chat.spec.ts ]
Error: Playwright Test did not expect test.describe() to be called here.
Most common reasons include:
- You are calling test.describe() in a configuration file.
- You are calling test.describe() in a file that is imported by the configuration file.
- You have two different versions of @playwright/test. This usually happens
  when one of the dependencies in your package.json depends on @playwright/test.
 ❯ TestTypeImpl._currentSuite node_modules/.pnpm/playwright@1.57.0/node_modules/playwright/lib/common/testType.js:75:13
 ❯ TestTypeImpl._describe node_modules/.pnpm/playwright@1.57.0/node_modules/playwright/lib/common/testType.js:115:24
 ❯ Function.describe node_modules/.pnpm/playwright@1.57.0/node_modules/playwright/lib/transform/transform.js:275:12
 ❯ .claude/worktrees/hardcore-noether-c55378/e2e/chat.spec.ts:13:6
     11| // AI CHATBOT TESTS - اختبارات روبوت المحادثة الذكي
     12| // ==========================================
     13| test.describe('روبوت المحادثة الذكي - AI Chatbot', () => {
       |      ^
     14|     test.beforeEach(async ({ page }) => {
     15|         await page.goto('/', { waitUntil: 'domcontentloaded' });

⎯⎯⎯⎯⎯⎯⎯⎯⎯⎯⎯⎯⎯⎯⎯⎯⎯⎯⎯⎯[37/1250]⎯

 FAIL  .claude/worktrees/hardcore-noether-c55378/e2e/checkout.spec.ts [ .claude/worktrees/hardcore-noether-c55378/e2e/checkout.spec.ts ]
Error: Playwright Test did not expect test.describe() to be called here.
Most common reasons include:
- You are calling test.describe() in a configuration file.
- You are calling test.describe() in a file that is imported by the configuration file.
- You have two different versions of @playwright/test. This usually happens
  when one of the dependencies in your package.json depends on @playwright/test.
 ❯ TestTypeImpl._currentSuite node_modules/.pnpm/playwright@1.57.0/node_modules/playwright/lib/common/testType.js:75:13
 ❯ TestTypeImpl._describe node_modules/.pnpm/playwright@1.57.0/node_modules/playwright/lib/common/testType.js:115:24
 ❯ Function.describe node_modules/.pnpm/playwright@1.57.0/node_modules/playwright/lib/transform/transform.js:275:12
 ❯ .claude/worktrees/hardcore-noether-c55378/e2e/checkout.spec.ts:8:6
      6|  * Tests checkout flow, address, shipping, payment
      7|  */
      8| test.describe('الدفع - Checkout', () => {
       |      ^
      9|     let checkoutPage: CheckoutPage;
     10|     let cartPage: CartPage;

⎯⎯⎯⎯⎯⎯⎯⎯⎯⎯⎯⎯⎯⎯⎯⎯⎯⎯⎯⎯[38/1250]⎯

 FAIL  .claude/worktrees/hardcore-noether-c55378/e2e/contexts.spec.ts [ .claude/worktrees/hardcore-noether-c55378/e2e/contexts.spec.ts ]
Error: Playwright Test did not expect test.describe() to be called here.
Most common reasons include:
- You are calling test.describe() in a configuration file.
- You are calling test.describe() in a file that is imported by the configuration file.
- You have two different versions of @playwright/test. This usually happens
  when one of the dependencies in your package.json depends on @playwright/test.
 ❯ TestTypeImpl._currentSuite node_modules/.pnpm/playwright@1.57.0/node_modules/playwright/lib/common/testType.js:75:13
 ❯ TestTypeImpl._describe node_modules/.pnpm/playwright@1.57.0/node_modules/playwright/lib/common/testType.js:115:24
 ❯ Function.describe node_modules/.pnpm/playwright@1.57.0/node_modules/playwright/lib/transform/transform.js:275:12
 ❯ .claude/worktrees/hardcore-noether-c55378/e2e/contexts.spec.ts:22:6
     20| // COMPARISON CONTEXT TESTS
     21| // ==========================================
     22| test.describe('سياق المقارنة - Comparison Context', () => {
       |      ^
     23|     test('should add product to compare', async ({ page }) => {
     24|         await page.goto('/products', { waitUntil: 'domcontentloaded' }…

⎯⎯⎯⎯⎯⎯⎯⎯⎯⎯⎯⎯⎯⎯⎯⎯⎯⎯⎯⎯[39/1250]⎯

 FAIL  .claude/worktrees/hardcore-noether-c55378/e2e/effects-interactions.spec.ts [ .claude/worktrees/hardcore-noether-c55378/e2e/effects-interactions.spec.ts ]
Error: Playwright Test did not expect test.describe() to be called here.
Most common reasons include:
- You are calling test.describe() in a configuration file.
- You are calling test.describe() in a file that is imported by the configuration file.
- You have two different versions of @playwright/test. This usually happens
  when one of the dependencies in your package.json depends on @playwright/test.
 ❯ TestTypeImpl._currentSuite node_modules/.pnpm/playwright@1.57.0/node_modules/playwright/lib/common/testType.js:75:13
 ❯ TestTypeImpl._describe node_modules/.pnpm/playwright@1.57.0/node_modules/playwright/lib/common/testType.js:115:24
 ❯ Function.describe node_modules/.pnpm/playwright@1.57.0/node_modules/playwright/lib/transform/transform.js:275:12
 ❯ .claude/worktrees/hardcore-noether-c55378/e2e/effects-interactions.spec.ts:30:6
     28| // LIVE PHOTO MAGIC TESTS
     29| // ==========================================
     30| test.describe('تأثير الصور الحية - Live Photo Magic', () => {
       |      ^
     31|     test('should display product image with effects', async ({ page })…
     32|         await page.goto('/products/1', { waitUntil: 'domcontentloaded'…

⎯⎯⎯⎯⎯⎯⎯⎯⎯⎯⎯⎯⎯⎯⎯⎯⎯⎯⎯⎯[40/1250]⎯

 FAIL  .claude/worktrees/hardcore-noether-c55378/e2e/extended-features.spec.ts [ .claude/worktrees/hardcore-noether-c55378/e2e/extended-features.spec.ts ]
Error: Playwright Test did not expect test.describe() to be called here.
Most common reasons include:
- You are calling test.describe() in a configuration file.
- You are calling test.describe() in a file that is imported by the configuration file.
- You have two different versions of @playwright/test. This usually happens
  when one of the dependencies in your package.json depends on @playwright/test.
 ❯ TestTypeImpl._currentSuite node_modules/.pnpm/playwright@1.57.0/node_modules/playwright/lib/common/testType.js:75:13
 ❯ TestTypeImpl._describe node_modules/.pnpm/playwright@1.57.0/node_modules/playwright/lib/common/testType.js:115:24
 ❯ Function.describe node_modules/.pnpm/playwright@1.57.0/node_modules/playwright/lib/transform/transform.js:275:12
 ❯ .claude/worktrees/hardcore-noether-c55378/e2e/extended-features.spec.ts:22:6
     20| // CHECKOUT DIALOG TESTS
     21| // ==========================================
     22| test.describe('نافذة الدفع - Checkout Dialog', () => {
       |      ^
     23|     test('should open checkout dialog from cart', async ({ page }) => {
     24|         await page.goto('/cart', { waitUntil: 'domcontentloaded' });

⎯⎯⎯⎯⎯⎯⎯⎯⎯⎯⎯⎯⎯⎯⎯⎯⎯⎯⎯⎯[41/1250]⎯

 FAIL  .claude/worktrees/hardcore-noether-c55378/e2e/features.spec.ts [ .claude/worktrees/hardcore-noether-c55378/e2e/features.spec.ts ]
Error: Playwright Test did not expect test.describe() to be called here.
Most common reasons include:
- You are calling test.describe() in a configuration file.
- You are calling test.describe() in a file that is imported by the configuration file.
- You have two different versions of @playwright/test. This usually happens
  when one of the dependencies in your package.json depends on @playwright/test.
 ❯ TestTypeImpl._currentSuite node_modules/.pnpm/playwright@1.57.0/node_modules/playwright/lib/common/testType.js:75:13
 ❯ TestTypeImpl._describe node_modules/.pnpm/playwright@1.57.0/node_modules/playwright/lib/common/testType.js:115:24
 ❯ Function.describe node_modules/.pnpm/playwright@1.57.0/node_modules/playwright/lib/transform/transform.js:275:12
 ❯ .claude/worktrees/hardcore-noether-c55378/e2e/features.spec.ts:23:6
     21| // BLOG TESTS
     22| // ==========================================
     23| test.describe('المدونة - Blog', () => {
       |      ^
     24|     test('should load blog page', async ({ page }) => {
     25|         await page.goto('/blog', { waitUntil: 'domcontentloaded' });

⎯⎯⎯⎯⎯⎯⎯⎯⎯⎯⎯⎯⎯⎯⎯⎯⎯⎯⎯⎯[42/1250]⎯

 FAIL  .claude/worktrees/hardcore-noether-c55378/e2e/final-features.spec.ts [ .claude/worktrees/hardcore-noether-c55378/e2e/final-features.spec.ts ]
Error: Playwright Test did not expect test.describe() to be called here.
Most common reasons include:
- You are calling test.describe() in a configuration file.
- You are calling test.describe() in a file that is imported by the configuration file.
- You have two different versions of @playwright/test. This usually happens
  when one of the dependencies in your package.json depends on @playwright/test.
 ❯ TestTypeImpl._currentSuite node_modules/.pnpm/playwright@1.57.0/node_modules/playwright/lib/common/testType.js:75:13
 ❯ TestTypeImpl._describe node_modules/.pnpm/playwright@1.57.0/node_modules/playwright/lib/common/testType.js:115:24
 ❯ Function.describe node_modules/.pnpm/playwright@1.57.0/node_modules/playwright/lib/transform/transform.js:275:12
 ❯ .claude/worktrees/hardcore-noether-c55378/e2e/final-features.spec.ts:24:6
     22| // PWA COMPONENTS TESTS
     23| // ==========================================
     24| test.describe('مكونات PWA - PWA Components', () => {
       |      ^
     25|     test('should show install prompt if not installed', async ({ page …
     26|         await page.goto('/', { waitUntil: 'domcontentloaded' });

⎯⎯⎯⎯⎯⎯⎯⎯⎯⎯⎯⎯⎯⎯⎯⎯⎯⎯⎯⎯[43/1250]⎯

 FAIL  .claude/worktrees/hardcore-noether-c55378/e2e/fish.spec.ts [ .claude/worktrees/hardcore-noether-c55378/e2e/fish.spec.ts ]
Error: Playwright Test did not expect test.describe() to be called here.
Most common reasons include:
- You are calling test.describe() in a configuration file.
- You are calling test.describe() in a file that is imported by the configuration file.
- You have two different versions of @playwright/test. This usually happens
  when one of the dependencies in your package.json depends on @playwright/test.
 ❯ TestTypeImpl._currentSuite node_modules/.pnpm/playwright@1.57.0/node_modules/playwright/lib/common/testType.js:75:13
 ❯ TestTypeImpl._describe node_modules/.pnpm/playwright@1.57.0/node_modules/playwright/lib/common/testType.js:115:24
 ❯ Function.describe node_modules/.pnpm/playwright@1.57.0/node_modules/playwright/lib/transform/transform.js:275:12
 ❯ .claude/worktrees/hardcore-noether-c55378/e2e/fish.spec.ts:8:6
      6|  * Tests encyclopedia, fish finder, health diagnosis, breeding calcula…
      7|  */
      8| test.describe('موسوعة الأسماك - Fish Encyclopedia', () => {
       |      ^
      9|     let fishPage: FishEncyclopediaPage;
     10| 

⎯⎯⎯⎯⎯⎯⎯⎯⎯⎯⎯⎯⎯⎯⎯⎯⎯⎯⎯⎯[44/1250]⎯

 FAIL  .claude/worktrees/hardcore-noether-c55378/e2e/gallery.spec.ts [ .claude/worktrees/hardcore-noether-c55378/e2e/gallery.spec.ts ]
Error: Playwright Test did not expect test.describe() to be called here.
Most common reasons include:
- You are calling test.describe() in a configuration file.
- You are calling test.describe() in a file that is imported by the configuration file.
- You have two different versions of @playwright/test. This usually happens
  when one of the dependencies in your package.json depends on @playwright/test.
 ❯ TestTypeImpl._currentSuite node_modules/.pnpm/playwright@1.57.0/node_modules/playwright/lib/common/testType.js:75:13
 ❯ TestTypeImpl._describe node_modules/.pnpm/playwright@1.57.0/node_modules/playwright/lib/common/testType.js:115:24
 ❯ Function.describe node_modules/.pnpm/playwright@1.57.0/node_modules/playwright/lib/transform/transform.js:275:12
 ❯ .claude/worktrees/hardcore-noether-c55378/e2e/gallery.spec.ts:8:6
      6|  * Tests gallery, uploads, voting, contest and winner features
      7|  */
      8| test.describe('معرض المجتمع - Community Gallery', () => {
       |      ^
      9|     let galleryPage: GalleryPage;
     10| 

⎯⎯⎯⎯⎯⎯⎯⎯⎯⎯⎯⎯⎯⎯⎯⎯⎯⎯⎯⎯[45/1250]⎯

 FAIL  .claude/worktrees/hardcore-noether-c55378/e2e/home.spec.ts [ .claude/worktrees/hardcore-noether-c55378/e2e/home.spec.ts ]
Error: Playwright Test did not expect test.describe() to be called here.
Most common reasons include:
- You are calling test.describe() in a configuration file.
- You are calling test.describe() in a file that is imported by the configuration file.
- You have two different versions of @playwright/test. This usually happens
  when one of the dependencies in your package.json depends on @playwright/test.
 ❯ TestTypeImpl._currentSuite node_modules/.pnpm/playwright@1.57.0/node_modules/playwright/lib/common/testType.js:75:13
 ❯ TestTypeImpl._describe node_modules/.pnpm/playwright@1.57.0/node_modules/playwright/lib/common/testType.js:115:24
 ❯ Function.describe node_modules/.pnpm/playwright@1.57.0/node_modules/playwright/lib/transform/transform.js:275:12
 ❯ .claude/worktrees/hardcore-noether-c55378/e2e/home.spec.ts:8:6
      6|  * Tests all elements and interactions on the home page
      7|  */
      8| test.describe('الصفحة الرئيسية - Home Page', () => {
       |      ^
      9|     let homePage: HomePage;
     10| 

⎯⎯⎯⎯⎯⎯⎯⎯⎯⎯⎯⎯⎯⎯⎯⎯⎯⎯⎯⎯[46/1250]⎯

 FAIL  .claude/worktrees/hardcore-noether-c55378/e2e/journey.spec.ts [ .claude/worktrees/hardcore-noether-c55378/e2e/journey.spec.ts ]
Error: Playwright Test did not expect test.describe() to be called here.
Most common reasons include:
- You are calling test.describe() in a configuration file.
- You are calling test.describe() in a file that is imported by the configuration file.
- You have two different versions of @playwright/test. This usually happens
  when one of the dependencies in your package.json depends on @playwright/test.
 ❯ TestTypeImpl._currentSuite node_modules/.pnpm/playwright@1.57.0/node_modules/playwright/lib/common/testType.js:75:13
 ❯ TestTypeImpl._describe node_modules/.pnpm/playwright@1.57.0/node_modules/playwright/lib/common/testType.js:115:24
 ❯ Function.describe node_modules/.pnpm/playwright@1.57.0/node_modules/playwright/lib/transform/transform.js:275:12
 ❯ .claude/worktrees/hardcore-noether-c55378/e2e/journey.spec.ts:8:6
      6|  * Tests all 13 steps of the aquarium setup journey
      7|  */
      8| test.describe('رحلة الإعداد - Journey Wizard', () => {
       |      ^
      9|     let journeyPage: JourneyPage;
     10| 

⎯⎯⎯⎯⎯⎯⎯⎯⎯⎯⎯⎯⎯⎯⎯⎯⎯⎯⎯⎯[47/1250]⎯

 FAIL  .claude/worktrees/hardcore-noether-c55378/e2e/navigation.spec.ts [ .claude/worktrees/hardcore-noether-c55378/e2e/navigation.spec.ts ]
Error: Playwright Test did not expect test.describe() to be called here.
Most common reasons include:
- You are calling test.describe() in a configuration file.
- You are calling test.describe() in a file that is imported by the configuration file.
- You have two different versions of @playwright/test. This usually happens
  when one of the dependencies in your package.json depends on @playwright/test.
 ❯ TestTypeImpl._currentSuite node_modules/.pnpm/playwright@1.57.0/node_modules/playwright/lib/common/testType.js:75:13
 ❯ TestTypeImpl._describe node_modules/.pnpm/playwright@1.57.0/node_modules/playwright/lib/common/testType.js:115:24
 ❯ Function.describe node_modules/.pnpm/playwright@1.57.0/node_modules/playwright/lib/transform/transform.js:275:12
 ❯ .claude/worktrees/hardcore-noether-c55378/e2e/navigation.spec.ts:8:6
      6|  * Tests navigation across all pages and routes
      7|  */
      8| test.describe('التنقل - Navigation', () => {
       |      ^
      9|     let basePage: BasePage;
     10| 

⎯⎯⎯⎯⎯⎯⎯⎯⎯⎯⎯⎯⎯⎯⎯⎯⎯⎯⎯⎯[48/1250]⎯

 FAIL  .claude/worktrees/hardcore-noether-c55378/e2e/page-features.spec.ts [ .claude/worktrees/hardcore-noether-c55378/e2e/page-features.spec.ts ]
Error: Playwright Test did not expect test.describe() to be called here.
Most common reasons include:
- You are calling test.describe() in a configuration file.
- You are calling test.describe() in a file that is imported by the configuration file.
- You have two different versions of @playwright/test. This usually happens
  when one of the dependencies in your package.json depends on @playwright/test.
 ❯ TestTypeImpl._currentSuite node_modules/.pnpm/playwright@1.57.0/node_modules/playwright/lib/common/testType.js:75:13
 ❯ TestTypeImpl._describe node_modules/.pnpm/playwright@1.57.0/node_modules/playwright/lib/common/testType.js:115:24
 ❯ Function.describe node_modules/.pnpm/playwright@1.57.0/node_modules/playwright/lib/transform/transform.js:275:12
 ❯ .claude/worktrees/hardcore-noether-c55378/e2e/page-features.spec.ts:24:6
     22| // COMMUNITY GALLERY TESTS
     23| // ==========================================
     24| test.describe('معرض المجتمع - Community Gallery', () => {
       |      ^
     25|     test('should display community gallery page', async ({ page }) => {
     26|         await page.goto('/gallery', { waitUntil: 'domcontentloaded' });

⎯⎯⎯⎯⎯⎯⎯⎯⎯⎯⎯⎯⎯⎯⎯⎯⎯⎯⎯⎯[49/1250]⎯

 FAIL  .claude/worktrees/hardcore-noether-c55378/e2e/products.spec.ts [ .claude/worktrees/hardcore-noether-c55378/e2e/products.spec.ts ]
Error: Playwright Test did not expect test.describe() to be called here.
Most common reasons include:
- You are calling test.describe() in a configuration file.
- You are calling test.describe() in a file that is imported by the configuration file.
- You have two different versions of @playwright/test. This usually happens
  when one of the dependencies in your package.json depends on @playwright/test.
 ❯ TestTypeImpl._currentSuite node_modules/.pnpm/playwright@1.57.0/node_modules/playwright/lib/common/testType.js:75:13
 ❯ TestTypeImpl._describe node_modules/.pnpm/playwright@1.57.0/node_modules/playwright/lib/common/testType.js:115:24
 ❯ Function.describe node_modules/.pnpm/playwright@1.57.0/node_modules/playwright/lib/transform/transform.js:275:12
 ❯ .claude/worktrees/hardcore-noether-c55378/e2e/products.spec.ts:8:6
      6|  * Tests catalog, filtering, product details and interactions
      7|  */
      8| test.describe('المنتجات - Products Page', () => {
       |      ^
      9|     let productsPage: ProductsPage;
     10| 

⎯⎯⎯⎯⎯⎯⎯⎯⎯⎯⎯⎯⎯⎯⎯⎯⎯⎯⎯⎯[50/1250]⎯

 FAIL  .claude/worktrees/hardcore-noether-c55378/e2e/responsive.spec.ts [ .claude/worktrees/hardcore-noether-c55378/e2e/responsive.spec.ts ]
Error: Playwright Test did not expect test.describe() to be called here.
Most common reasons include:
- You are calling test.describe() in a configuration file.
- You are calling test.describe() in a file that is imported by the configuration file.
- You have two different versions of @playwright/test. This usually happens
  when one of the dependencies in your package.json depends on @playwright/test.
 ❯ TestTypeImpl._currentSuite node_modules/.pnpm/playwright@1.57.0/node_modules/playwright/lib/common/testType.js:75:13
 ❯ TestTypeImpl._describe node_modules/.pnpm/playwright@1.57.0/node_modules/playwright/lib/common/testType.js:115:24
 ❯ Function.describe node_modules/.pnpm/playwright@1.57.0/node_modules/playwright/lib/transform/transform.js:275:12
 ❯ .claude/worktrees/hardcore-noether-c55378/e2e/responsive.spec.ts:7:6
      5|  * Tests across different screen sizes and devices
      6|  */
      7| test.describe('التصميم المتجاوب - Responsive Design', () => {
       |      ^
      8| 
      9|     // ==================

⎯⎯⎯⎯⎯⎯⎯⎯⎯⎯⎯⎯⎯⎯⎯⎯⎯⎯⎯⎯[51/1250]⎯

 FAIL  .claude/worktrees/hardcore-noether-c55378/e2e/security-widgets.spec.ts [ .claude/worktrees/hardcore-noether-c55378/e2e/security-widgets.spec.ts ]
Error: Playwright Test did not expect test.describe() to be called here.
Most common reasons include:
- You are calling test.describe() in a configuration file.
- You are calling test.describe() in a file that is imported by the configuration file.
- You have two different versions of @playwright/test. This usually happens
  when one of the dependencies in your package.json depends on @playwright/test.
 ❯ TestTypeImpl._currentSuite node_modules/.pnpm/playwright@1.57.0/node_modules/playwright/lib/common/testType.js:75:13
 ❯ TestTypeImpl._describe node_modules/.pnpm/playwright@1.57.0/node_modules/playwright/lib/common/testType.js:115:24
 ❯ Function.describe node_modules/.pnpm/playwright@1.57.0/node_modules/playwright/lib/transform/transform.js:275:12
 ❯ .claude/worktrees/hardcore-noether-c55378/e2e/security-widgets.spec.ts:26:6
     24| // LIVE CHAT WIDGET TESTS
     25| // ==========================================
     26| test.describe('ويدجت الدردشة الحية - Live Chat Widget', () => {
       |      ^
     27|     test('should display chat button', async ({ page }) => {
     28|         await page.goto('/', { waitUntil: 'domcontentloaded' });

⎯⎯⎯⎯⎯⎯⎯⎯⎯⎯⎯⎯⎯⎯⎯⎯⎯⎯⎯⎯[52/1250]⎯

 FAIL  .claude/worktrees/hardcore-noether-c55378/e2e/system-features.spec.ts [ .claude/worktrees/hardcore-noether-c55378/e2e/system-features.spec.ts ]
Error: Playwright Test did not expect test.describe() to be called here.
Most common reasons include:
- You are calling test.describe() in a configuration file.
- You are calling test.describe() in a file that is imported by the configuration file.
- You have two different versions of @playwright/test. This usually happens
  when one of the dependencies in your package.json depends on @playwright/test.
 ❯ TestTypeImpl._currentSuite node_modules/.pnpm/playwright@1.57.0/node_modules/playwright/lib/common/testType.js:75:13
 ❯ TestTypeImpl._describe node_modules/.pnpm/playwright@1.57.0/node_modules/playwright/lib/common/testType.js:115:24
 ❯ Function.describe node_modules/.pnpm/playwright@1.57.0/node_modules/playwright/lib/transform/transform.js:275:12
 ❯ .claude/worktrees/hardcore-noether-c55378/e2e/system-features.spec.ts:23:6
     21| // NEWSLETTER SUBSCRIPTION TESTS
     22| // ==========================================
     23| test.describe('الاشتراك في النشرة البريدية - Newsletter', () => {
       |      ^
     24|     test('should display newsletter subscription form in footer', asyn…
     25|         await page.goto('/', { waitUntil: 'domcontentloaded' });

⎯⎯⎯⎯⎯⎯⎯⎯⎯⎯⎯⎯⎯⎯⎯⎯⎯⎯⎯⎯[53/1250]⎯

 FAIL  .claude/worktrees/hardcore-noether-c55378/e2e/ui-components.spec.ts [ .claude/worktrees/hardcore-noether-c55378/e2e/ui-components.spec.ts ]
Error: Playwright Test did not expect test.describe() to be called here.
Most common reasons include:
- You are calling test.describe() in a configuration file.
- You are calling test.describe() in a file that is imported by the configuration file.
- You have two different versions of @playwright/test. This usually happens
  when one of the dependencies in your package.json depends on @playwright/test.
 ❯ TestTypeImpl._currentSuite node_modules/.pnpm/playwright@1.57.0/node_modules/playwright/lib/common/testType.js:75:13
 ❯ TestTypeImpl._describe node_modules/.pnpm/playwright@1.57.0/node_modules/playwright/lib/common/testType.js:115:24
 ❯ Function.describe node_modules/.pnpm/playwright@1.57.0/node_modules/playwright/lib/transform/transform.js:275:12
 ❯ .claude/worktrees/hardcore-noether-c55378/e2e/ui-components.spec.ts:31:6
     29| // PASSWORD STRENGTH INDICATOR TESTS
     30| // ==========================================
     31| test.describe('مؤشر قوة كلمة المرور - Password Strength', () => {
       |      ^
     32|     test('should display password strength indicator on register', asy…
     33|         await page.goto('/register', { waitUntil: 'domcontentloaded' }…

⎯⎯⎯⎯⎯⎯⎯⎯⎯⎯⎯⎯⎯⎯⎯⎯⎯⎯⎯⎯[54/1250]⎯

 FAIL  .claude/worktrees/hardcore-noether-c55378/e2e/user-flows.spec.ts [ .claude/worktrees/hardcore-noether-c55378/e2e/user-flows.spec.ts ]
Error: Playwright Test did not expect test.describe() to be called here.
Most common reasons include:
- You are calling test.describe() in a configuration file.
- You are calling test.describe() in a file that is imported by the configuration file.
- You have two different versions of @playwright/test. This usually happens
  when one of the dependencies in your package.json depends on @playwright/test.
 ❯ TestTypeImpl._currentSuite node_modules/.pnpm/playwright@1.57.0/node_modules/playwright/lib/common/testType.js:75:13
 ❯ TestTypeImpl._describe node_modules/.pnpm/playwright@1.57.0/node_modules/playwright/lib/common/testType.js:115:24
 ❯ Function.describe node_modules/.pnpm/playwright@1.57.0/node_modules/playwright/lib/transform/transform.js:275:12
 ❯ .claude/worktrees/hardcore-noether-c55378/e2e/user-flows.spec.ts:8:6
      6|  * Tests complete user journeys through the application
      7|  */
      8| test.describe('سيناريوهات المستخدم - User Flows', () => {
       |      ^
      9| 
     10|     // ==================

⎯⎯⎯⎯⎯⎯⎯⎯⎯⎯⎯⎯⎯⎯⎯⎯⎯⎯⎯⎯[55/1250]⎯

 FAIL  .claude/worktrees/hardcore-noether-c55378/e2e/utilities.spec.ts [ .claude/worktrees/hardcore-noether-c55378/e2e/utilities.spec.ts ]
Error: Playwright Test did not expect test.describe() to be called here.
Most common reasons include:
- You are calling test.describe() in a configuration file.
- You are calling test.describe() in a file that is imported by the configuration file.
- You have two different versions of @playwright/test. This usually happens
  when one of the dependencies in your package.json depends on @playwright/test.
 ❯ TestTypeImpl._currentSuite node_modules/.pnpm/playwright@1.57.0/node_modules/playwright/lib/common/testType.js:75:13
 ❯ TestTypeImpl._describe node_modules/.pnpm/playwright@1.57.0/node_modules/playwright/lib/common/testType.js:115:24
 ❯ Function.describe node_modules/.pnpm/playwright@1.57.0/node_modules/playwright/lib/transform/transform.js:275:12
 ❯ .claude/worktrees/hardcore-noether-c55378/e2e/utilities.spec.ts:28:6
     26| // PDF GENERATOR TESTS
     27| // ==========================================
     28| test.describe('مولد PDF - PDF Generator', () => {
       |      ^
     29|     test('should have PDF export button on breeding calculator', async…
     30|         await page.goto('/fish-breeding-calculator', { waitUntil: 'dom…

⎯⎯⎯⎯⎯⎯⎯⎯⎯⎯⎯⎯⎯⎯⎯⎯⎯⎯⎯⎯[56/1250]⎯

 FAIL  .claude/worktrees/jovial-germain-89e4df/e2e/accessibility.spec.ts [ .claude/worktrees/jovial-germain-89e4df/e2e/accessibility.spec.ts ]
Error: Playwright Test did not expect test.describe() to be called here.
Most common reasons include:
- You are calling test.describe() in a configuration file.
- You are calling test.describe() in a file that is imported by the configuration file.
- You have two different versions of @playwright/test. This usually happens
  when one of the dependencies in your package.json depends on @playwright/test.
 ❯ TestTypeImpl._currentSuite node_modules/.pnpm/playwright@1.57.0/node_modules/playwright/lib/common/testType.js:75:13
 ❯ TestTypeImpl._describe node_modules/.pnpm/playwright@1.57.0/node_modules/playwright/lib/common/testType.js:115:24
 ❯ Function.describe node_modules/.pnpm/playwright@1.57.0/node_modules/playwright/lib/transform/transform.js:275:12
 ❯ .claude/worktrees/jovial-germain-89e4df/e2e/accessibility.spec.ts:7:6
      5|  * Tests WCAG compliance, keyboard navigation, screen reader support
      6|  */
      7| test.describe('إمكانية الوصول - Accessibility', () => {
       |      ^
      8| 
      9|     // ==================

⎯⎯⎯⎯⎯⎯⎯⎯⎯⎯⎯⎯⎯⎯⎯⎯⎯⎯⎯⎯[57/1250]⎯

 FAIL  .claude/worktrees/jovial-germain-89e4df/e2e/admin.spec.ts [ .claude/worktrees/jovial-germain-89e4df/e2e/admin.spec.ts ]
Error: Playwright Test did not expect test.describe() to be called here.
Most common reasons include:
- You are calling test.describe() in a configuration file.
- You are calling test.describe() in a file that is imported by the configuration file.
- You have two different versions of @playwright/test. This usually happens
  when one of the dependencies in your package.json depends on @playwright/test.
 ❯ TestTypeImpl._currentSuite node_modules/.pnpm/playwright@1.57.0/node_modules/playwright/lib/common/testType.js:75:13
 ❯ TestTypeImpl._describe node_modules/.pnpm/playwright@1.57.0/node_modules/playwright/lib/common/testType.js:115:24
 ❯ Function.describe node_modules/.pnpm/playwright@1.57.0/node_modules/playwright/lib/transform/transform.js:275:12
 ❯ .claude/worktrees/jovial-germain-89e4df/e2e/admin.spec.ts:37:6
     35| // 1. ADMIN LOGIN TESTS
     36| // ==========================================
     37| test.describe('1. تسجيل دخول المدير - Admin Login', () => {
       |      ^
     38|     test('should load admin login page', async ({ page }) => {
     39|         await page.goto('/admin/login', { waitUntil: 'domcontentloaded…

⎯⎯⎯⎯⎯⎯⎯⎯⎯⎯⎯⎯⎯⎯⎯⎯⎯⎯⎯⎯[58/1250]⎯

 FAIL  .claude/worktrees/jovial-germain-89e4df/e2e/advanced-features.spec.ts [ .claude/worktrees/jovial-germain-89e4df/e2e/advanced-features.spec.ts ]
Error: Playwright Test did not expect test.describe() to be called here.
Most common reasons include:
- You are calling test.describe() in a configuration file.
- You are calling test.describe() in a file that is imported by the configuration file.
- You have two different versions of @playwright/test. This usually happens
  when one of the dependencies in your package.json depends on @playwright/test.
 ❯ TestTypeImpl._currentSuite node_modules/.pnpm/playwright@1.57.0/node_modules/playwright/lib/common/testType.js:75:13
 ❯ TestTypeImpl._describe node_modules/.pnpm/playwright@1.57.0/node_modules/playwright/lib/common/testType.js:115:24
 ❯ Function.describe node_modules/.pnpm/playwright@1.57.0/node_modules/playwright/lib/transform/transform.js:275:12
 ❯ .claude/worktrees/jovial-germain-89e4df/e2e/advanced-features.spec.ts:22:6
     20| // VISUAL EFFECTS TESTS
     21| // ==========================================
     22| test.describe('المؤثرات البصرية - Visual Effects', () => {
       |      ^
     23|     test('should display bubble trail effect', async ({ page }) => {
     24|         await page.goto('/', { waitUntil: 'domcontentloaded' });

⎯⎯⎯⎯⎯⎯⎯⎯⎯⎯⎯⎯⎯⎯⎯⎯⎯⎯⎯⎯[59/1250]⎯

 FAIL  .claude/worktrees/jovial-germain-89e4df/e2e/advanced-pages.spec.ts [ .claude/worktrees/jovial-germain-89e4df/e2e/advanced-pages.spec.ts ]
Error: Playwright Test did not expect test.describe() to be called here.
Most common reasons include:
- You are calling test.describe() in a configuration file.
- You are calling test.describe() in a file that is imported by the configuration file.
- You have two different versions of @playwright/test. This usually happens
  when one of the dependencies in your package.json depends on @playwright/test.
 ❯ TestTypeImpl._currentSuite node_modules/.pnpm/playwright@1.57.0/node_modules/playwright/lib/common/testType.js:75:13
 ❯ TestTypeImpl._describe node_modules/.pnpm/playwright@1.57.0/node_modules/playwright/lib/common/testType.js:115:24
 ❯ Function.describe node_modules/.pnpm/playwright@1.57.0/node_modules/playwright/lib/transform/transform.js:275:12
 ❯ .claude/worktrees/jovial-germain-89e4df/e2e/advanced-pages.spec.ts:22:6
     20| // ECO-FRIENDLY GUIDE TESTS
     21| // ==========================================
     22| test.describe('دليل البيئة - Eco-Friendly Guide', () => {
       |      ^
     23|     test('should display eco-friendly guide page', async ({ page }) =>…
     24|         await page.goto('/guides/eco-friendly', { waitUntil: 'domconte…

⎯⎯⎯⎯⎯⎯⎯⎯⎯⎯⎯⎯⎯⎯⎯⎯⎯⎯⎯⎯[60/1250]⎯

 FAIL  .claude/worktrees/jovial-germain-89e4df/e2e/api-integration.spec.ts [ .claude/worktrees/jovial-germain-89e4df/e2e/api-integration.spec.ts ]
Error: Playwright Test did not expect test.describe() to be called here.
Most common reasons include:
- You are calling test.describe() in a configuration file.
- You are calling test.describe() in a file that is imported by the configuration file.
- You have two different versions of @playwright/test. This usually happens
  when one of the dependencies in your package.json depends on @playwright/test.
 ❯ TestTypeImpl._currentSuite node_modules/.pnpm/playwright@1.57.0/node_modules/playwright/lib/common/testType.js:75:13
 ❯ TestTypeImpl._describe node_modules/.pnpm/playwright@1.57.0/node_modules/playwright/lib/common/testType.js:115:24
 ❯ Function.describe node_modules/.pnpm/playwright@1.57.0/node_modules/playwright/lib/transform/transform.js:275:12
 ❯ .claude/worktrees/jovial-germain-89e4df/e2e/api-integration.spec.ts:7:6
      5|  * Tests API endpoints availability and response
      6|  */
      7| test.describe('تكامل API - API Integration', () => {
       |      ^
      8| 
      9|     // ==================

⎯⎯⎯⎯⎯⎯⎯⎯⎯⎯⎯⎯⎯⎯⎯⎯⎯⎯⎯⎯[61/1250]⎯

 FAIL  .claude/worktrees/jovial-germain-89e4df/e2e/auth.spec.ts [ .claude/worktrees/jovial-germain-89e4df/e2e/auth.spec.ts ]
Error: Playwright Test did not expect test.describe() to be called here.
Most common reasons include:
- You are calling test.describe() in a configuration file.
- You are calling test.describe() in a file that is imported by the configuration file.
- You have two different versions of @playwright/test. This usually happens
  when one of the dependencies in your package.json depends on @playwright/test.
 ❯ TestTypeImpl._currentSuite node_modules/.pnpm/playwright@1.57.0/node_modules/playwright/lib/common/testType.js:75:13
 ❯ TestTypeImpl._describe node_modules/.pnpm/playwright@1.57.0/node_modules/playwright/lib/common/testType.js:115:24
 ❯ Function.describe node_modules/.pnpm/playwright@1.57.0/node_modules/playwright/lib/transform/transform.js:275:12
 ❯ .claude/worktrees/jovial-germain-89e4df/e2e/auth.spec.ts:8:6
      6|  * Tests login, registration, password reset flows
      7|  */
      8| test.describe('المصادقة - Authentication', () => {
       |      ^
      9| 
     10|     // ==================

⎯⎯⎯⎯⎯⎯⎯⎯⎯⎯⎯⎯⎯⎯⎯⎯⎯⎯⎯⎯[62/1250]⎯

 FAIL  .claude/worktrees/jovial-germain-89e4df/e2e/calculators.spec.ts [ .claude/worktrees/jovial-germain-89e4df/e2e/calculators.spec.ts ]
Error: Playwright Test did not expect test.describe() to be called here.
Most common reasons include:
- You are calling test.describe() in a configuration file.
- You are calling test.describe() in a file that is imported by the configuration file.
- You have two different versions of @playwright/test. This usually happens
  when one of the dependencies in your package.json depends on @playwright/test.
 ❯ TestTypeImpl._currentSuite node_modules/.pnpm/playwright@1.57.0/node_modules/playwright/lib/common/testType.js:75:13
 ❯ TestTypeImpl._describe node_modules/.pnpm/playwright@1.57.0/node_modules/playwright/lib/common/testType.js:115:24
 ❯ Function.describe node_modules/.pnpm/playwright@1.57.0/node_modules/playwright/lib/transform/transform.js:275:12
 ❯ .claude/worktrees/jovial-germain-89e4df/e2e/calculators.spec.ts:8:6
      6|  * Tests all 5 calculators: tank size, filter, heater, salt, maintenan…
      7|  */
      8| test.describe('الحاسبات - Calculators', () => {
       |      ^
      9|     let calcsPage: CalculatorsPage;
     10| 

⎯⎯⎯⎯⎯⎯⎯⎯⎯⎯⎯⎯⎯⎯⎯⎯⎯⎯⎯⎯[63/1250]⎯

 FAIL  .claude/worktrees/jovial-germain-89e4df/e2e/cart.spec.ts [ .claude/worktrees/jovial-germain-89e4df/e2e/cart.spec.ts ]
Error: Playwright Test did not expect test.describe() to be called here.
Most common reasons include:
- You are calling test.describe() in a configuration file.
- You are calling test.describe() in a file that is imported by the configuration file.
- You have two different versions of @playwright/test. This usually happens
  when one of the dependencies in your package.json depends on @playwright/test.
 ❯ TestTypeImpl._currentSuite node_modules/.pnpm/playwright@1.57.0/node_modules/playwright/lib/common/testType.js:75:13
 ❯ TestTypeImpl._describe node_modules/.pnpm/playwright@1.57.0/node_modules/playwright/lib/common/testType.js:115:24
 ❯ Function.describe node_modules/.pnpm/playwright@1.57.0/node_modules/playwright/lib/transform/transform.js:275:12
 ❯ .claude/worktrees/jovial-germain-89e4df/e2e/cart.spec.ts:8:6
      6|  * Tests cart functionality, quantity updates, coupons
      7|  */
      8| test.describe('السلة - Cart', () => {
       |      ^
      9|     let cartPage: CartPage;
     10|     let productsPage: ProductsPage;

⎯⎯⎯⎯⎯⎯⎯⎯⎯⎯⎯⎯⎯⎯⎯⎯⎯⎯⎯⎯[64/1250]⎯

 FAIL  .claude/worktrees/jovial-germain-89e4df/e2e/chat.spec.ts [ .claude/worktrees/jovial-germain-89e4df/e2e/chat.spec.ts ]
Error: Playwright Test did not expect test.describe() to be called here.
Most common reasons include:
- You are calling test.describe() in a configuration file.
- You are calling test.describe() in a file that is imported by the configuration file.
- You have two different versions of @playwright/test. This usually happens
  when one of the dependencies in your package.json depends on @playwright/test.
 ❯ TestTypeImpl._currentSuite node_modules/.pnpm/playwright@1.57.0/node_modules/playwright/lib/common/testType.js:75:13
 ❯ TestTypeImpl._describe node_modules/.pnpm/playwright@1.57.0/node_modules/playwright/lib/common/testType.js:115:24
 ❯ Function.describe node_modules/.pnpm/playwright@1.57.0/node_modules/playwright/lib/transform/transform.js:275:12
 ❯ .claude/worktrees/jovial-germain-89e4df/e2e/chat.spec.ts:13:6
     11| // AI CHATBOT TESTS - اختبارات روبوت المحادثة الذكي
     12| // ==========================================
     13| test.describe('روبوت المحادثة الذكي - AI Chatbot', () => {
       |      ^
     14|     test.beforeEach(async ({ page }) => {
     15|         await page.goto('/', { waitUntil: 'domcontentloaded' });

⎯⎯⎯⎯⎯⎯⎯⎯⎯⎯⎯⎯⎯⎯⎯⎯⎯⎯⎯⎯[65/1250]⎯

 FAIL  .claude/worktrees/jovial-germain-89e4df/e2e/checkout.spec.ts [ .claude/worktrees/jovial-germain-89e4df/e2e/checkout.spec.ts ]
Error: Playwright Test did not expect test.describe() to be called here.
Most common reasons include:
- You are calling test.describe() in a configuration file.
- You are calling test.describe() in a file that is imported by the configuration file.
- You have two different versions of @playwright/test. This usually happens
  when one of the dependencies in your package.json depends on @playwright/test.
 ❯ TestTypeImpl._currentSuite node_modules/.pnpm/playwright@1.57.0/node_modules/playwright/lib/common/testType.js:75:13
 ❯ TestTypeImpl._describe node_modules/.pnpm/playwright@1.57.0/node_modules/playwright/lib/common/testType.js:115:24
 ❯ Function.describe node_modules/.pnpm/playwright@1.57.0/node_modules/playwright/lib/transform/transform.js:275:12
 ❯ .claude/worktrees/jovial-germain-89e4df/e2e/checkout.spec.ts:8:6
      6|  * Tests checkout flow, address, shipping, payment
      7|  */
      8| test.describe('الدفع - Checkout', () => {
       |      ^
      9|     let checkoutPage: CheckoutPage;
     10|     let cartPage: CartPage;

⎯⎯⎯⎯⎯⎯⎯⎯⎯⎯⎯⎯⎯⎯⎯⎯⎯⎯⎯⎯[66/1250]⎯

 FAIL  .claude/worktrees/jovial-germain-89e4df/e2e/contexts.spec.ts [ .claude/worktrees/jovial-germain-89e4df/e2e/contexts.spec.ts ]
Error: Playwright Test did not expect test.describe() to be called here.
Most common reasons include:
- You are calling test.describe() in a configuration file.
- You are calling test.describe() in a file that is imported by the configuration file.
- You have two different versions of @playwright/test. This usually happens
  when one of the dependencies in your package.json depends on @playwright/test.
 ❯ TestTypeImpl._currentSuite node_modules/.pnpm/playwright@1.57.0/node_modules/playwright/lib/common/testType.js:75:13
 ❯ TestTypeImpl._describe node_modules/.pnpm/playwright@1.57.0/node_modules/playwright/lib/common/testType.js:115:24
 ❯ Function.describe node_modules/.pnpm/playwright@1.57.0/node_modules/playwright/lib/transform/transform.js:275:12
 ❯ .claude/worktrees/jovial-germain-89e4df/e2e/contexts.spec.ts:22:6
     20| // COMPARISON CONTEXT TESTS
     21| // ==========================================
     22| test.describe('سياق المقارنة - Comparison Context', () => {
       |      ^
     23|     test('should add product to compare', async ({ page }) => {
     24|         await page.goto('/products', { waitUntil: 'domcontentloaded' }…

⎯⎯⎯⎯⎯⎯⎯⎯⎯⎯⎯⎯⎯⎯⎯⎯⎯⎯⎯⎯[67/1250]⎯

 FAIL  .claude/worktrees/jovial-germain-89e4df/e2e/effects-interactions.spec.ts [ .claude/worktrees/jovial-germain-89e4df/e2e/effects-interactions.spec.ts ]
Error: Playwright Test did not expect test.describe() to be called here.
Most common reasons include:
- You are calling test.describe() in a configuration file.
- You are calling test.describe() in a file that is imported by the configuration file.
- You have two different versions of @playwright/test. This usually happens
  when one of the dependencies in your package.json depends on @playwright/test.
 ❯ TestTypeImpl._currentSuite node_modules/.pnpm/playwright@1.57.0/node_modules/playwright/lib/common/testType.js:75:13
 ❯ TestTypeImpl._describe node_modules/.pnpm/playwright@1.57.0/node_modules/playwright/lib/common/testType.js:115:24
 ❯ Function.describe node_modules/.pnpm/playwright@1.57.0/node_modules/playwright/lib/transform/transform.js:275:12
 ❯ .claude/worktrees/jovial-germain-89e4df/e2e/effects-interactions.spec.ts:30:6
     28| // LIVE PHOTO MAGIC TESTS
     29| // ==========================================
     30| test.describe('تأثير الصور الحية - Live Photo Magic', () => {
       |      ^
     31|     test('should display product image with effects', async ({ page })…
     32|         await page.goto('/products/1', { waitUntil: 'domcontentloaded'…

⎯⎯⎯⎯⎯⎯⎯⎯⎯⎯⎯⎯⎯⎯⎯⎯⎯⎯⎯⎯[68/1250]⎯

 FAIL  .claude/worktrees/jovial-germain-89e4df/e2e/extended-features.spec.ts [ .claude/worktrees/jovial-germain-89e4df/e2e/extended-features.spec.ts ]
Error: Playwright Test did not expect test.describe() to be called here.
Most common reasons include:
- You are calling test.describe() in a configuration file.
- You are calling test.describe() in a file that is imported by the configuration file.
- You have two different versions of @playwright/test. This usually happens
  when one of the dependencies in your package.json depends on @playwright/test.
 ❯ TestTypeImpl._currentSuite node_modules/.pnpm/playwright@1.57.0/node_modules/playwright/lib/common/testType.js:75:13
 ❯ TestTypeImpl._describe node_modules/.pnpm/playwright@1.57.0/node_modules/playwright/lib/common/testType.js:115:24
 ❯ Function.describe node_modules/.pnpm/playwright@1.57.0/node_modules/playwright/lib/transform/transform.js:275:12
 ❯ .claude/worktrees/jovial-germain-89e4df/e2e/extended-features.spec.ts:22:6
     20| // CHECKOUT DIALOG TESTS
     21| // ==========================================
     22| test.describe('نافذة الدفع - Checkout Dialog', () => {
       |      ^
     23|     test('should open checkout dialog from cart', async ({ page }) => {
     24|         await page.goto('/cart', { waitUntil: 'domcontentloaded' });

⎯⎯⎯⎯⎯⎯⎯⎯⎯⎯⎯⎯⎯⎯⎯⎯⎯⎯⎯⎯[69/1250]⎯

 FAIL  .claude/worktrees/jovial-germain-89e4df/e2e/features.spec.ts [ .claude/worktrees/jovial-germain-89e4df/e2e/features.spec.ts ]
Error: Playwright Test did not expect test.describe() to be called here.
Most common reasons include:
- You are calling test.describe() in a configuration file.
- You are calling test.describe() in a file that is imported by the configuration file.
- You have two different versions of @playwright/test. This usually happens
  when one of the dependencies in your package.json depends on @playwright/test.
 ❯ TestTypeImpl._currentSuite node_modules/.pnpm/playwright@1.57.0/node_modules/playwright/lib/common/testType.js:75:13
 ❯ TestTypeImpl._describe node_modules/.pnpm/playwright@1.57.0/node_modules/playwright/lib/common/testType.js:115:24
 ❯ Function.describe node_modules/.pnpm/playwright@1.57.0/node_modules/playwright/lib/transform/transform.js:275:12
 ❯ .claude/worktrees/jovial-germain-89e4df/e2e/features.spec.ts:23:6
     21| // BLOG TESTS
     22| // ==========================================
     23| test.describe('المدونة - Blog', () => {
       |      ^
     24|     test('should load blog page', async ({ page }) => {
     25|         await page.goto('/blog', { waitUntil: 'domcontentloaded' });

⎯⎯⎯⎯⎯⎯⎯⎯⎯⎯⎯⎯⎯⎯⎯⎯⎯⎯⎯⎯[70/1250]⎯

 FAIL  .claude/worktrees/jovial-germain-89e4df/e2e/final-features.spec.ts [ .claude/worktrees/jovial-germain-89e4df/e2e/final-features.spec.ts ]
Error: Playwright Test did not expect test.describe() to be called here.
Most common reasons include:
- You are calling test.describe() in a configuration file.
- You are calling test.describe() in a file that is imported by the configuration file.
- You have two different versions of @playwright/test. This usually happens
  when one of the dependencies in your package.json depends on @playwright/test.
 ❯ TestTypeImpl._currentSuite node_modules/.pnpm/playwright@1.57.0/node_modules/playwright/lib/common/testType.js:75:13
 ❯ TestTypeImpl._describe node_modules/.pnpm/playwright@1.57.0/node_modules/playwright/lib/common/testType.js:115:24
 ❯ Function.describe node_modules/.pnpm/playwright@1.57.0/node_modules/playwright/lib/transform/transform.js:275:12
 ❯ .claude/worktrees/jovial-germain-89e4df/e2e/final-features.spec.ts:24:6
     22| // PWA COMPONENTS TESTS
     23| // ==========================================
     24| test.describe('مكونات PWA - PWA Components', () => {
       |      ^
     25|     test('should show install prompt if not installed', async ({ page …
     26|         await page.goto('/', { waitUntil: 'domcontentloaded' });

⎯⎯⎯⎯⎯⎯⎯⎯⎯⎯⎯⎯⎯⎯⎯⎯⎯⎯⎯⎯[71/1250]⎯

 FAIL  .claude/worktrees/jovial-germain-89e4df/e2e/fish.spec.ts [ .claude/worktrees/jovial-germain-89e4df/e2e/fish.spec.ts ]
Error: Playwright Test did not expect test.describe() to be called here.
Most common reasons include:
- You are calling test.describe() in a configuration file.
- You are calling test.describe() in a file that is imported by the configuration file.
- You have two different versions of @playwright/test. This usually happens
  when one of the dependencies in your package.json depends on @playwright/test.
 ❯ TestTypeImpl._currentSuite node_modules/.pnpm/playwright@1.57.0/node_modules/playwright/lib/common/testType.js:75:13
 ❯ TestTypeImpl._describe node_modules/.pnpm/playwright@1.57.0/node_modules/playwright/lib/common/testType.js:115:24
 ❯ Function.describe node_modules/.pnpm/playwright@1.57.0/node_modules/playwright/lib/transform/transform.js:275:12
 ❯ .claude/worktrees/jovial-germain-89e4df/e2e/fish.spec.ts:8:6
      6|  * Tests encyclopedia, fish finder, health diagnosis, breeding calcula…
      7|  */
      8| test.describe('موسوعة الأسماك - Fish Encyclopedia', () => {
       |      ^
      9|     let fishPage: FishEncyclopediaPage;
     10| 

⎯⎯⎯⎯⎯⎯⎯⎯⎯⎯⎯⎯⎯⎯⎯⎯⎯⎯⎯⎯[72/1250]⎯

 FAIL  .claude/worktrees/jovial-germain-89e4df/e2e/gallery.spec.ts [ .claude/worktrees/jovial-germain-89e4df/e2e/gallery.spec.ts ]
Error: Playwright Test did not expect test.describe() to be called here.
Most common reasons include:
- You are calling test.describe() in a configuration file.
- You are calling test.describe() in a file that is imported by the configuration file.
- You have two different versions of @playwright/test. This usually happens
  when one of the dependencies in your package.json depends on @playwright/test.
 ❯ TestTypeImpl._currentSuite node_modules/.pnpm/playwright@1.57.0/node_modules/playwright/lib/common/testType.js:75:13
 ❯ TestTypeImpl._describe node_modules/.pnpm/playwright@1.57.0/node_modules/playwright/lib/common/testType.js:115:24
 ❯ Function.describe node_modules/.pnpm/playwright@1.57.0/node_modules/playwright/lib/transform/transform.js:275:12
 ❯ .claude/worktrees/jovial-germain-89e4df/e2e/gallery.spec.ts:8:6
      6|  * Tests gallery, uploads, voting, contest and winner features
      7|  */
      8| test.describe('معرض المجتمع - Community Gallery', () => {
       |      ^
      9|     let galleryPage: GalleryPage;
     10| 

⎯⎯⎯⎯⎯⎯⎯⎯⎯⎯⎯⎯⎯⎯⎯⎯⎯⎯⎯⎯[73/1250]⎯

 FAIL  .claude/worktrees/jovial-germain-89e4df/e2e/home.spec.ts [ .claude/worktrees/jovial-germain-89e4df/e2e/home.spec.ts ]
Error: Playwright Test did not expect test.describe() to be called here.
Most common reasons include:
- You are calling test.describe() in a configuration file.
- You are calling test.describe() in a file that is imported by the configuration file.
- You have two different versions of @playwright/test. This usually happens
  when one of the dependencies in your package.json depends on @playwright/test.
 ❯ TestTypeImpl._currentSuite node_modules/.pnpm/playwright@1.57.0/node_modules/playwright/lib/common/testType.js:75:13
 ❯ TestTypeImpl._describe node_modules/.pnpm/playwright@1.57.0/node_modules/playwright/lib/common/testType.js:115:24
 ❯ Function.describe node_modules/.pnpm/playwright@1.57.0/node_modules/playwright/lib/transform/transform.js:275:12
 ❯ .claude/worktrees/jovial-germain-89e4df/e2e/home.spec.ts:8:6
      6|  * Tests all elements and interactions on the home page
      7|  */
      8| test.describe('الصفحة الرئيسية - Home Page', () => {
       |      ^
      9|     let homePage: HomePage;
     10| 

⎯⎯⎯⎯⎯⎯⎯⎯⎯⎯⎯⎯⎯⎯⎯⎯⎯⎯⎯⎯[74/1250]⎯

 FAIL  .claude/worktrees/jovial-germain-89e4df/e2e/journey.spec.ts [ .claude/worktrees/jovial-germain-89e4df/e2e/journey.spec.ts ]
Error: Playwright Test did not expect test.describe() to be called here.
Most common reasons include:
- You are calling test.describe() in a configuration file.
- You are calling test.describe() in a file that is imported by the configuration file.
- You have two different versions of @playwright/test. This usually happens
  when one of the dependencies in your package.json depends on @playwright/test.
 ❯ TestTypeImpl._currentSuite node_modules/.pnpm/playwright@1.57.0/node_modules/playwright/lib/common/testType.js:75:13
 ❯ TestTypeImpl._describe node_modules/.pnpm/playwright@1.57.0/node_modules/playwright/lib/common/testType.js:115:24
 ❯ Function.describe node_modules/.pnpm/playwright@1.57.0/node_modules/playwright/lib/transform/transform.js:275:12
 ❯ .claude/worktrees/jovial-germain-89e4df/e2e/journey.spec.ts:8:6
      6|  * Tests all 13 steps of the aquarium setup journey
      7|  */
      8| test.describe('رحلة الإعداد - Journey Wizard', () => {
       |      ^
      9|     let journeyPage: JourneyPage;
     10| 

⎯⎯⎯⎯⎯⎯⎯⎯⎯⎯⎯⎯⎯⎯⎯⎯⎯⎯⎯⎯[75/1250]⎯

 FAIL  .claude/worktrees/jovial-germain-89e4df/e2e/navigation.spec.ts [ .claude/worktrees/jovial-germain-89e4df/e2e/navigation.spec.ts ]
Error: Playwright Test did not expect test.describe() to be called here.
Most common reasons include:
- You are calling test.describe() in a configuration file.
- You are calling test.describe() in a file that is imported by the configuration file.
- You have two different versions of @playwright/test. This usually happens
  when one of the dependencies in your package.json depends on @playwright/test.
 ❯ TestTypeImpl._currentSuite node_modules/.pnpm/playwright@1.57.0/node_modules/playwright/lib/common/testType.js:75:13
 ❯ TestTypeImpl._describe node_modules/.pnpm/playwright@1.57.0/node_modules/playwright/lib/common/testType.js:115:24
 ❯ Function.describe node_modules/.pnpm/playwright@1.57.0/node_modules/playwright/lib/transform/transform.js:275:12
 ❯ .claude/worktrees/jovial-germain-89e4df/e2e/navigation.spec.ts:8:6
      6|  * Tests navigation across all pages and routes
      7|  */
      8| test.describe('التنقل - Navigation', () => {
       |      ^
      9|     let basePage: BasePage;
     10| 

⎯⎯⎯⎯⎯⎯⎯⎯⎯⎯⎯⎯⎯⎯⎯⎯⎯⎯⎯⎯[76/1250]⎯

 FAIL  .claude/worktrees/jovial-germain-89e4df/e2e/page-features.spec.ts [ .claude/worktrees/jovial-germain-89e4df/e2e/page-features.spec.ts ]
Error: Playwright Test did not expect test.describe() to be called here.
Most common reasons include:
- You are calling test.describe() in a configuration file.
- You are calling test.describe() in a file that is imported by the configuration file.
- You have two different versions of @playwright/test. This usually happens
  when one of the dependencies in your package.json depends on @playwright/test.
 ❯ TestTypeImpl._currentSuite node_modules/.pnpm/playwright@1.57.0/node_modules/playwright/lib/common/testType.js:75:13
 ❯ TestTypeImpl._describe node_modules/.pnpm/playwright@1.57.0/node_modules/playwright/lib/common/testType.js:115:24
 ❯ Function.describe node_modules/.pnpm/playwright@1.57.0/node_modules/playwright/lib/transform/transform.js:275:12
 ❯ .claude/worktrees/jovial-germain-89e4df/e2e/page-features.spec.ts:24:6
     22| // COMMUNITY GALLERY TESTS
     23| // ==========================================
     24| test.describe('معرض المجتمع - Community Gallery', () => {
       |      ^
     25|     test('should display community gallery page', async ({ page }) => {
     26|         await page.goto('/gallery', { waitUntil: 'domcontentloaded' });

⎯⎯⎯⎯⎯⎯⎯⎯⎯⎯⎯⎯⎯⎯⎯⎯⎯⎯⎯⎯[77/1250]⎯

 FAIL  .claude/worktrees/jovial-germain-89e4df/e2e/products.spec.ts [ .claude/worktrees/jovial-germain-89e4df/e2e/products.spec.ts ]
Error: Playwright Test did not expect test.describe() to be called here.
Most common reasons include:
- You are calling test.describe() in a configuration file.
- You are calling test.describe() in a file that is imported by the configuration file.
- You have two different versions of @playwright/test. This usually happens
  when one of the dependencies in your package.json depends on @playwright/test.
 ❯ TestTypeImpl._currentSuite node_modules/.pnpm/playwright@1.57.0/node_modules/playwright/lib/common/testType.js:75:13
 ❯ TestTypeImpl._describe node_modules/.pnpm/playwright@1.57.0/node_modules/playwright/lib/common/testType.js:115:24
 ❯ Function.describe node_modules/.pnpm/playwright@1.57.0/node_modules/playwright/lib/transform/transform.js:275:12
 ❯ .claude/worktrees/jovial-germain-89e4df/e2e/products.spec.ts:8:6
      6|  * Tests catalog, filtering, product details and interactions
      7|  */
      8| test.describe('المنتجات - Products Page', () => {
       |      ^
      9|     let productsPage: ProductsPage;
     10| 

⎯⎯⎯⎯⎯⎯⎯⎯⎯⎯⎯⎯⎯⎯⎯⎯⎯⎯⎯⎯[78/1250]⎯

 FAIL  .claude/worktrees/jovial-germain-89e4df/e2e/responsive.spec.ts [ .claude/worktrees/jovial-germain-89e4df/e2e/responsive.spec.ts ]
Error: Playwright Test did not expect test.describe() to be called here.
Most common reasons include:
- You are calling test.describe() in a configuration file.
- You are calling test.describe() in a file that is imported by the configuration file.
- You have two different versions of @playwright/test. This usually happens
  when one of the dependencies in your package.json depends on @playwright/test.
 ❯ TestTypeImpl._currentSuite node_modules/.pnpm/playwright@1.57.0/node_modules/playwright/lib/common/testType.js:75:13
 ❯ TestTypeImpl._describe node_modules/.pnpm/playwright@1.57.0/node_modules/playwright/lib/common/testType.js:115:24
 ❯ Function.describe node_modules/.pnpm/playwright@1.57.0/node_modules/playwright/lib/transform/transform.js:275:12
 ❯ .claude/worktrees/jovial-germain-89e4df/e2e/responsive.spec.ts:7:6
      5|  * Tests across different screen sizes and devices
      6|  */
      7| test.describe('التصميم المتجاوب - Responsive Design', () => {
       |      ^
      8| 
      9|     // ==================

⎯⎯⎯⎯⎯⎯⎯⎯⎯⎯⎯⎯⎯⎯⎯⎯⎯⎯⎯⎯[79/1250]⎯

 FAIL  .claude/worktrees/jovial-germain-89e4df/e2e/security-widgets.spec.ts [ .claude/worktrees/jovial-germain-89e4df/e2e/security-widgets.spec.ts ]
Error: Playwright Test did not expect test.describe() to be called here.
Most common reasons include:
- You are calling test.describe() in a configuration file.
- You are calling test.describe() in a file that is imported by the configuration file.
- You have two different versions of @playwright/test. This usually happens
  when one of the dependencies in your package.json depends on @playwright/test.
 ❯ TestTypeImpl._currentSuite node_modules/.pnpm/playwright@1.57.0/node_modules/playwright/lib/common/testType.js:75:13
 ❯ TestTypeImpl._describe node_modules/.pnpm/playwright@1.57.0/node_modules/playwright/lib/common/testType.js:115:24
 ❯ Function.describe node_modules/.pnpm/playwright@1.57.0/node_modules/playwright/lib/transform/transform.js:275:12
 ❯ .claude/worktrees/jovial-germain-89e4df/e2e/security-widgets.spec.ts:26:6
     24| // LIVE CHAT WIDGET TESTS
     25| // ==========================================
     26| test.describe('ويدجت الدردشة الحية - Live Chat Widget', () => {
       |      ^
     27|     test('should display chat button', async ({ page }) => {
     28|         await page.goto('/', { waitUntil: 'domcontentloaded' });

⎯⎯⎯⎯⎯⎯⎯⎯⎯⎯⎯⎯⎯⎯⎯⎯⎯⎯⎯⎯[80/1250]⎯

 FAIL  .claude/worktrees/jovial-germain-89e4df/e2e/system-features.spec.ts [ .claude/worktrees/jovial-germain-89e4df/e2e/system-features.spec.ts ]
Error: Playwright Test did not expect test.describe() to be called here.
Most common reasons include:
- You are calling test.describe() in a configuration file.
- You are calling test.describe() in a file that is imported by the configuration file.
- You have two different versions of @playwright/test. This usually happens
  when one of the dependencies in your package.json depends on @playwright/test.
 ❯ TestTypeImpl._currentSuite node_modules/.pnpm/playwright@1.57.0/node_modules/playwright/lib/common/testType.js:75:13
 ❯ TestTypeImpl._describe node_modules/.pnpm/playwright@1.57.0/node_modules/playwright/lib/common/testType.js:115:24
 ❯ Function.describe node_modules/.pnpm/playwright@1.57.0/node_modules/playwright/lib/transform/transform.js:275:12
 ❯ .claude/worktrees/jovial-germain-89e4df/e2e/system-features.spec.ts:23:6
     21| // NEWSLETTER SUBSCRIPTION TESTS
     22| // ==========================================
     23| test.describe('الاشتراك في النشرة البريدية - Newsletter', () => {
       |      ^
     24|     test('should display newsletter subscription form in footer', asyn…
     25|         await page.goto('/', { waitUntil: 'domcontentloaded' });

⎯⎯⎯⎯⎯⎯⎯⎯⎯⎯⎯⎯⎯⎯⎯⎯⎯⎯⎯⎯[81/1250]⎯

 FAIL  .claude/worktrees/jovial-germain-89e4df/e2e/ui-components.spec.ts [ .claude/worktrees/jovial-germain-89e4df/e2e/ui-components.spec.ts ]
Error: Playwright Test did not expect test.describe() to be called here.
Most common reasons include:
- You are calling test.describe() in a configuration file.
- You are calling test.describe() in a file that is imported by the configuration file.
- You have two different versions of @playwright/test. This usually happens
  when one of the dependencies in your package.json depends on @playwright/test.
 ❯ TestTypeImpl._currentSuite node_modules/.pnpm/playwright@1.57.0/node_modules/playwright/lib/common/testType.js:75:13
 ❯ TestTypeImpl._describe node_modules/.pnpm/playwright@1.57.0/node_modules/playwright/lib/common/testType.js:115:24
 ❯ Function.describe node_modules/.pnpm/playwright@1.57.0/node_modules/playwright/lib/transform/transform.js:275:12
 ❯ .claude/worktrees/jovial-germain-89e4df/e2e/ui-components.spec.ts:31:6
     29| // PASSWORD STRENGTH INDICATOR TESTS
     30| // ==========================================
     31| test.describe('مؤشر قوة كلمة المرور - Password Strength', () => {
       |      ^
     32|     test('should display password strength indicator on register', asy…
     33|         await page.goto('/register', { waitUntil: 'domcontentloaded' }…

⎯⎯⎯⎯⎯⎯⎯⎯⎯⎯⎯⎯⎯⎯⎯⎯⎯⎯⎯⎯[82/1250]⎯

 FAIL  .claude/worktrees/jovial-germain-89e4df/e2e/user-flows.spec.ts [ .claude/worktrees/jovial-germain-89e4df/e2e/user-flows.spec.ts ]
Error: Playwright Test did not expect test.describe() to be called here.
Most common reasons include:
- You are calling test.describe() in a configuration file.
- You are calling test.describe() in a file that is imported by the configuration file.
- You have two different versions of @playwright/test. This usually happens
  when one of the dependencies in your package.json depends on @playwright/test.
 ❯ TestTypeImpl._currentSuite node_modules/.pnpm/playwright@1.57.0/node_modules/playwright/lib/common/testType.js:75:13
 ❯ TestTypeImpl._describe node_modules/.pnpm/playwright@1.57.0/node_modules/playwright/lib/common/testType.js:115:24
 ❯ Function.describe node_modules/.pnpm/playwright@1.57.0/node_modules/playwright/lib/transform/transform.js:275:12
 ❯ .claude/worktrees/jovial-germain-89e4df/e2e/user-flows.spec.ts:8:6
      6|  * Tests complete user journeys through the application
      7|  */
      8| test.describe('سيناريوهات المستخدم - User Flows', () => {
       |      ^
      9| 
     10|     // ==================

⎯⎯⎯⎯⎯⎯⎯⎯⎯⎯⎯⎯⎯⎯⎯⎯⎯⎯⎯⎯[83/1250]⎯

 FAIL  .claude/worktrees/jovial-germain-89e4df/e2e/utilities.spec.ts [ .claude/worktrees/jovial-germain-89e4df/e2e/utilities.spec.ts ]
Error: Playwright Test did not expect test.describe() to be called here.
Most common reasons include:
- You are calling test.describe() in a configuration file.
- You are calling test.describe() in a file that is imported by the configuration file.
- You have two different versions of @playwright/test. This usually happens
  when one of the dependencies in your package.json depends on @playwright/test.
 ❯ TestTypeImpl._currentSuite node_modules/.pnpm/playwright@1.57.0/node_modules/playwright/lib/common/testType.js:75:13
 ❯ TestTypeImpl._describe node_modules/.pnpm/playwright@1.57.0/node_modules/playwright/lib/common/testType.js:115:24
 ❯ Function.describe node_modules/.pnpm/playwright@1.57.0/node_modules/playwright/lib/transform/transform.js:275:12
 ❯ .claude/worktrees/jovial-germain-89e4df/e2e/utilities.spec.ts:28:6
     26| // PDF GENERATOR TESTS
     27| // ==========================================
     28| test.describe('مولد PDF - PDF Generator', () => {
       |      ^
     29|     test('should have PDF export button on breeding calculator', async…
     30|         await page.goto('/fish-breeding-calculator', { waitUntil: 'dom…

⎯⎯⎯⎯⎯⎯⎯⎯⎯⎯⎯⎯⎯⎯⎯⎯⎯⎯⎯⎯[84/1250]⎯

 FAIL  client/src/pages/__tests__/blog.test.tsx [ client/src/pages/__tests__/blog.test.tsx ]
ReferenceError: React is not defined
 ❯ client/src/pages/blog.tsx:30:11
     28| // Map icon strings to components
     29| const iconMap: Record<string, React.ReactNode> = {
     30|     Fish: <Fish className="w-5 h-5" />,
       |           ^
     31|     AlertTriangle: <AlertTriangle className="w-5 h-5" />,
     32|     Heart: <Heart className="w-5 h-5" />,
 ❯ client/src/pages/__tests__/blog.test.tsx:38:1

⎯⎯⎯⎯⎯⎯⎯⎯⎯⎯⎯⎯⎯⎯⎯⎯⎯⎯⎯⎯[85/1250]⎯

 FAIL  client/src/pages/__tests__/calculators.test.tsx [ client/src/pages/__tests__/calculators.test.tsx ]
ReferenceError: React is not defined
 ❯ client/src/components/calculators/water-parameters-calculator.tsx:56:55
     54| 
     55| const FRESHWATER_PARAMS: ParameterInput[] = [
     56|     { name: "pH", nameAr: "الحموضة", key: "ph", icon: <Beaker classNam…
       |                                                       ^
     57|     { name: "Ammonia", nameAr: "الأمونيا", key: "ammonia", icon: <Aler…
     58|     { name: "Nitrite", nameAr: "النيتريت", key: "nitrite", icon: <Aler…
 ❯ client/src/pages/calculators.tsx:18:1
 ❯ client/src/pages/__tests__/calculators.test.tsx:35:1

⎯⎯⎯⎯⎯⎯⎯⎯⎯⎯⎯⎯⎯⎯⎯⎯⎯⎯⎯⎯[86/1250]⎯

 FAIL  client/src/pages/__tests__/profile.test.tsx [ client/src/pages/__tests__/profile.test.tsx ]
ReferenceError: React is not defined
 ❯ client/src/components/profile/profile-loyalty.tsx:47:63
     45| 
     46| export const tierLabels: Record<string, { label: string; color: string…
     47|     bronze: { label: "برونزي", color: "text-amber-700", icon: <Star cl…
       |                                                               ^
     48|     silver: { label: "فضي", color: "text-slate-500", icon: <Star class…
     49|     gold: { label: "ذهبي", color: "text-yellow-500", icon: <Crown clas…
 ❯ client/src/pages/profile.tsx:33:1
 ❯ client/src/pages/__tests__/profile.test.tsx:40:1

⎯⎯⎯⎯⎯⎯⎯⎯⎯⎯⎯⎯⎯⎯⎯⎯⎯⎯⎯⎯[87/1250]⎯

 FAIL  .claude/worktrees/hardcore-noether-c55378/client/src/pages/__tests__/blog.test.tsx [ .claude/worktrees/hardcore-noether-c55378/client/src/pages/__tests__/blog.test.tsx ]
ReferenceError: React is not defined
 ❯ .claude/worktrees/hardcore-noether-c55378/client/src/pages/blog.tsx:30:11
     28| // Map icon strings to components
     29| const iconMap: Record<string, React.ReactNode> = {
     30|     Fish: <Fish className="w-5 h-5" />,
       |           ^
     31|     AlertTriangle: <AlertTriangle className="w-5 h-5" />,
     32|     Heart: <Heart className="w-5 h-5" />,
 ❯ .claude/worktrees/hardcore-noether-c55378/client/src/pages/__tests__/blog.test.tsx:38:1

⎯⎯⎯⎯⎯⎯⎯⎯⎯⎯⎯⎯⎯⎯⎯⎯⎯⎯⎯⎯[88/1250]⎯

 FAIL  .claude/worktrees/hardcore-noether-c55378/client/src/pages/__tests__/calculators.test.tsx [ .claude/worktrees/hardcore-noether-c55378/client/src/pages/__tests__/calculators.test.tsx ]
ReferenceError: React is not defined
 ❯ client/src/components/calculators/water-parameters-calculator.tsx:56:55
     54| 
     55| const FRESHWATER_PARAMS: ParameterInput[] = [
     56|     { name: "pH", nameAr: "الحموضة", key: "ph", icon: <Beaker classNam…
       |                                                       ^
     57|     { name: "Ammonia", nameAr: "الأمونيا", key: "ammonia", icon: <Aler…
     58|     { name: "Nitrite", nameAr: "النيتريت", key: "nitrite", icon: <Aler…
 ❯ .claude/worktrees/hardcore-noether-c55378/client/src/pages/calculators.tsx:18:1
 ❯ .claude/worktrees/hardcore-noether-c55378/client/src/pages/__tests__/calculators.test.tsx:35:1

⎯⎯⎯⎯⎯⎯⎯⎯⎯⎯⎯⎯⎯⎯⎯⎯⎯⎯⎯⎯[89/1250]⎯

 FAIL  .claude/worktrees/hardcore-noether-c55378/client/src/pages/__tests__/product-details.test.tsx [ .claude/worktrees/hardcore-noether-c55378/client/src/pages/__tests__/product-details.test.tsx ]
Error: Failed to resolve import "@/components/products/viewer-count" from ".claude/worktrees/hardcore-noether-c55378/client/src/pages/product-details.tsx". Does the file exist?
  Plugin: vite:import-analysis
  File: C:/Users/jaafa/Desktop/upload/FishWebClean/.claude/worktrees/hardcore-noether-c55378/client/src/pages/product-details.tsx:39:28
  34 |  import { trackViewItem, trackAddToCart } from "@/lib/analytics";
  35 |  import { DELIVERY_FEE, DELIVERY_DAYS, WHATSAPP_URL } from "@/lib/constants/shipping";
  36 |  import { ViewerCount } from "@/components/products/viewer-count";
     |                               ^
  37 |  export default function ProductDetails() {
  38 |    const params = useParams();
 ❯ TransformPluginContext._formatLog node_modules/.pnpm/vite@7.3.0_@types+node@25.5_726431c64fad8de080a769a9bdb71a0b/node_modules/vite/dist/node/chunks/config.js:28998:43
 ❯ TransformPluginContext.error node_modules/.pnpm/vite@7.3.0_@types+node@25.5_726431c64fad8de080a769a9bdb71a0b/node_modules/vite/dist/node/chunks/config.js:28995:14
 ❯ normalizeUrl node_modules/.pnpm/vite@7.3.0_@types+node@25.5_726431c64fad8de080a769a9bdb71a0b/node_modules/vite/dist/node/chunks/config.js:27118:18
 ❯ node_modules/.pnpm/vite@7.3.0_@types+node@25.5_726431c64fad8de080a769a9bdb71a0b/node_modules/vite/dist/node/chunks/config.js:27176:32
 ❯ TransformPluginContext.transform node_modules/.pnpm/vite@7.3.0_@types+node@25.5_726431c64fad8de080a769a9bdb71a0b/node_modules/vite/dist/node/chunks/config.js:27144:4
 ❯ EnvironmentPluginContainer.transform node_modules/.pnpm/vite@7.3.0_@types+node@25.5_726431c64fad8de080a769a9bdb71a0b/node_modules/vite/dist/node/chunks/config.js:28796:14
 ❯ loadAndTransform node_modules/.pnpm/vite@7.3.0_@types+node@25.5_726431c64fad8de080a769a9bdb71a0b/node_modules/vite/dist/node/chunks/config.js:22669:26

⎯⎯⎯⎯⎯⎯⎯⎯⎯⎯⎯⎯⎯⎯⎯⎯⎯⎯⎯⎯[90/1250]⎯

 FAIL  .claude/worktrees/hardcore-noether-c55378/client/src/pages/__tests__/profile.test.tsx [ .claude/worktrees/hardcore-noether-c55378/client/src/pages/__tests__/profile.test.tsx ]
ReferenceError: React is not defined
 ❯ client/src/components/profile/profile-loyalty.tsx:47:63
     45| 
     46| export const tierLabels: Record<string, { label: string; color: string…
     47|     bronze: { label: "برونزي", color: "text-amber-700", icon: <Star cl…
       |                                                               ^
     48|     silver: { label: "فضي", color: "text-slate-500", icon: <Star class…
     49|     gold: { label: "ذهبي", color: "text-yellow-500", icon: <Crown clas…
 ❯ .claude/worktrees/hardcore-noether-c55378/client/src/pages/profile.tsx:33:1
 ❯ .claude/worktrees/hardcore-noether-c55378/client/src/pages/__tests__/profile.test.tsx:40:1

⎯⎯⎯⎯⎯⎯⎯⎯⎯⎯⎯⎯⎯⎯⎯⎯⎯⎯⎯⎯[91/1250]⎯

 FAIL  .claude/worktrees/jovial-germain-89e4df/client/src/pages/__tests__/blog.test.tsx [ .claude/worktrees/jovial-germain-89e4df/client/src/pages/__tests__/blog.test.tsx ]
ReferenceError: React is not defined
 ❯ .claude/worktrees/jovial-germain-89e4df/client/src/pages/blog.tsx:30:11
     28| // Map icon strings to components
     29| const iconMap: Record<string, React.ReactNode> = {
     30|     Fish: <Fish className="w-5 h-5" />,
       |           ^
     31|     AlertTriangle: <AlertTriangle className="w-5 h-5" />,
     32|     Heart: <Heart className="w-5 h-5" />,
 ❯ .claude/worktrees/jovial-germain-89e4df/client/src/pages/__tests__/blog.test.tsx:38:1

⎯⎯⎯⎯⎯⎯⎯⎯⎯⎯⎯⎯⎯⎯⎯⎯⎯⎯⎯⎯[92/1250]⎯

 FAIL  .claude/worktrees/jovial-germain-89e4df/client/src/pages/__tests__/calculators.test.tsx [ .claude/worktrees/jovial-germain-89e4df/client/src/pages/__tests__/calculators.test.tsx ]
ReferenceError: React is not defined
 ❯ client/src/components/calculators/water-parameters-calculator.tsx:56:55
     54| 
     55| const FRESHWATER_PARAMS: ParameterInput[] = [
     56|     { name: "pH", nameAr: "الحموضة", key: "ph", icon: <Beaker classNam…
       |                                                       ^
     57|     { name: "Ammonia", nameAr: "الأمونيا", key: "ammonia", icon: <Aler…
     58|     { name: "Nitrite", nameAr: "النيتريت", key: "nitrite", icon: <Aler…
 ❯ .claude/worktrees/jovial-germain-89e4df/client/src/pages/calculators.tsx:18:1
 ❯ .claude/worktrees/jovial-germain-89e4df/client/src/pages/__tests__/calculators.test.tsx:35:1

⎯⎯⎯⎯⎯⎯⎯⎯⎯⎯⎯⎯⎯⎯⎯⎯⎯⎯⎯⎯[93/1250]⎯

 FAIL  .claude/worktrees/jovial-germain-89e4df/client/src/pages/__tests__/product-details.test.tsx [ .claude/worktrees/jovial-germain-89e4df/client/src/pages/__tests__/product-details.test.tsx ]
Error: Failed to resolve import "@/components/products/viewer-count" from ".claude/worktrees/jovial-germain-89e4df/client/src/pages/product-details.tsx". Does the file exist?
  Plugin: vite:import-analysis
  File: C:/Users/jaafa/Desktop/upload/FishWebClean/.claude/worktrees/jovial-germain-89e4df/client/src/pages/product-details.tsx:39:28
  34 |  import { trackViewItem, trackAddToCart } from "@/lib/analytics";
  35 |  import { DELIVERY_FEE, DELIVERY_DAYS, WHATSAPP_URL } from "@/lib/constants/shipping";
  36 |  import { ViewerCount } from "@/components/products/viewer-count";
     |                               ^
  37 |  export default function ProductDetails() {
  38 |    const params = useParams();
 ❯ TransformPluginContext._formatLog node_modules/.pnpm/vite@7.3.0_@types+node@25.5_726431c64fad8de080a769a9bdb71a0b/node_modules/vite/dist/node/chunks/config.js:28998:43
 ❯ TransformPluginContext.error node_modules/.pnpm/vite@7.3.0_@types+node@25.5_726431c64fad8de080a769a9bdb71a0b/node_modules/vite/dist/node/chunks/config.js:28995:14
 ❯ normalizeUrl node_modules/.pnpm/vite@7.3.0_@types+node@25.5_726431c64fad8de080a769a9bdb71a0b/node_modules/vite/dist/node/chunks/config.js:27118:18
 ❯ node_modules/.pnpm/vite@7.3.0_@types+node@25.5_726431c64fad8de080a769a9bdb71a0b/node_modules/vite/dist/node/chunks/config.js:27176:32
 ❯ TransformPluginContext.transform node_modules/.pnpm/vite@7.3.0_@types+node@25.5_726431c64fad8de080a769a9bdb71a0b/node_modules/vite/dist/node/chunks/config.js:27144:4
 ❯ EnvironmentPluginContainer.transform node_modules/.pnpm/vite@7.3.0_@types+node@25.5_726431c64fad8de080a769a9bdb71a0b/node_modules/vite/dist/node/chunks/config.js:28796:14
 ❯ loadAndTransform node_modules/.pnpm/vite@7.3.0_@types+node@25.5_726431c64fad8de080a769a9bdb71a0b/node_modules/vite/dist/node/chunks/config.js:22669:26

⎯⎯⎯⎯⎯⎯⎯⎯⎯⎯⎯⎯⎯⎯⎯⎯⎯⎯⎯⎯[94/1250]⎯

 FAIL  .claude/worktrees/jovial-germain-89e4df/client/src/pages/__tests__/profile.test.tsx [ .claude/worktrees/jovial-germain-89e4df/client/src/pages/__tests__/profile.test.tsx ]
ReferenceError: React is not defined
 ❯ client/src/components/profile/profile-loyalty.tsx:47:63
     45| 
     46| export const tierLabels: Record<string, { label: string; color: string…
     47|     bronze: { label: "برونزي", color: "text-amber-700", icon: <Star cl…
       |                                                               ^
     48|     silver: { label: "فضي", color: "text-slate-500", icon: <Star class…
     49|     gold: { label: "ذهبي", color: "text-yellow-500", icon: <Crown clas…
 ❯ .claude/worktrees/jovial-germain-89e4df/client/src/pages/profile.tsx:33:1
 ❯ .claude/worktrees/jovial-germain-89e4df/client/src/pages/__tests__/profile.test.tsx:40:1

⎯⎯⎯⎯⎯⎯⎯⎯⎯⎯⎯⎯⎯⎯⎯⎯⎯⎯⎯⎯[95/1250]⎯


⎯⎯⎯⎯⎯ Failed Tests 1155 ⎯⎯⎯⎯⎯⎯

 FAIL  client/src/__tests__/App.test.tsx > App > Provider Setup > should render without crashing
 FAIL  client/src/__tests__/App.test.tsx > App > Global Components > should render toaster
 FAIL  client/src/__tests__/App.test.tsx > App > Global Components > should render scroll progress indicator
 FAIL  client/src/__tests__/App.test.tsx > App > Global Components > should render floating action button container
 FAIL  client/src/__tests__/App.test.tsx > App > Global Components > should render bubble trail container
 FAIL  client/src/__tests__/App.test.tsx > App > Accessibility > should have main content area
 FAIL  client/src/__tests__/App.test.tsx > App > Accessibility > should have skip to main content link
ReferenceError: React is not defined
 ❯ App client/src/App.tsx:967:18
    965|   }, []);
    966| 
    967|   if (!initDone) return <AppInitLoader onDone={handleInitDone} />;
       |                  ^
    968|   return <AppShell />;
    969| }
 ❯ Object.react_stack_bottom_frame node_modules/.pnpm/react-dom@19.2.6_react@19.2.6/node_modules/react-dom/cjs/react-dom-client.development.js:25904:20
 ❯ renderWithHooks node_modules/.pnpm/react-dom@19.2.6_react@19.2.6/node_modules/react-dom/cjs/react-dom-client.development.js:7662:22
 ❯ updateFunctionComponent node_modules/.pnpm/react-dom@19.2.6_react@19.2.6/node_modules/react-dom/cjs/react-dom-client.development.js:10166:19
 ❯ beginWork node_modules/.pnpm/react-dom@19.2.6_react@19.2.6/node_modules/react-dom/cjs/react-dom-client.development.js:11778:18
 ❯ runWithFiberInDEV node_modules/.pnpm/react-dom@19.2.6_react@19.2.6/node_modules/react-dom/cjs/react-dom-client.development.js:874:13
 ❯ performUnitOfWork node_modules/.pnpm/react-dom@19.2.6_react@19.2.6/node_modules/react-dom/cjs/react-dom-client.development.js:17641:22
 ❯ workLoopSync node_modules/.pnpm/react-dom@19.2.6_react@19.2.6/node_modules/react-dom/cjs/react-dom-client.development.js:17469:41
 ❯ renderRootSync node_modules/.pnpm/react-dom@19.2.6_react@19.2.6/node_modules/react-dom/cjs/react-dom-client.development.js:17450:11
 ❯ performWorkOnRoot node_modules/.pnpm/react-dom@19.2.6_react@19.2.6/node_modules/react-dom/cjs/react-dom-client.development.js:16583:35

⎯⎯⎯⎯⎯⎯⎯⎯⎯⎯⎯⎯⎯⎯⎯⎯⎯⎯⎯⎯[96/1250]⎯

 FAIL  client/src/__tests__/cart.test.tsx > Shopping Cart Hook > should add item to cart
 FAIL  client/src/__tests__/cart.test.tsx > Shopping Cart Hook > should update item quantity in cart
 FAIL  client/src/__tests__/cart.test.tsx > Shopping Cart Hook > should remove item from cart
 FAIL  client/src/__tests__/cart.test.tsx > Shopping Cart Hook > should calculate total price correctly
 FAIL  client/src/__tests__/cart.test.tsx > Shopping Cart Hook > should clear entire cart
 FAIL  client/src/__tests__/cart.test.tsx > Shopping Cart Hook > should not exceed stock limit
 FAIL  client/src/__tests__/cart.test.tsx > Shopping Cart Hook > should increase quantity when adding same product
 FAIL  client/src/__tests__/cart.test.tsx > Shopping Cart Hook > should persist cart to localStorage
ReferenceError: React is not defined
 ❯ wrapper client/src/__tests__/cart.test.tsx:53:5
     51| 
     52|   const wrapper = ({ children }: { children: React.ReactNode }) => (
     53|     <AuthProvider>
       |     ^
     54|       <CartProvider>{children}</CartProvider>
     55|     </AuthProvider>
 ❯ Object.react_stack_bottom_frame node_modules/.pnpm/react-dom@19.2.6_react@19.2.6/node_modules/react-dom/cjs/react-dom-client.development.js:25904:20
 ❯ renderWithHooks node_modules/.pnpm/react-dom@19.2.6_react@19.2.6/node_modules/react-dom/cjs/react-dom-client.development.js:7662:22
 ❯ updateFunctionComponent node_modules/.pnpm/react-dom@19.2.6_react@19.2.6/node_modules/react-dom/cjs/react-dom-client.development.js:10166:19
 ❯ beginWork node_modules/.pnpm/react-dom@19.2.6_react@19.2.6/node_modules/react-dom/cjs/react-dom-client.development.js:11778:18
 ❯ runWithFiberInDEV node_modules/.pnpm/react-dom@19.2.6_react@19.2.6/node_modules/react-dom/cjs/react-dom-client.development.js:874:13
 ❯ performUnitOfWork node_modules/.pnpm/react-dom@19.2.6_react@19.2.6/node_modules/react-dom/cjs/react-dom-client.development.js:17641:22
 ❯ workLoopSync node_modules/.pnpm/react-dom@19.2.6_react@19.2.6/node_modules/react-dom/cjs/react-dom-client.development.js:17469:41
 ❯ renderRootSync node_modules/.pnpm/react-dom@19.2.6_react@19.2.6/node_modules/react-dom/cjs/react-dom-client.development.js:17450:11
 ❯ performWorkOnRoot node_modules/.pnpm/react-dom@19.2.6_react@19.2.6/node_modules/react-dom/cjs/react-dom-client.development.js:16583:35

⎯⎯⎯⎯⎯⎯⎯⎯⎯⎯⎯⎯⎯⎯⎯⎯⎯⎯⎯⎯[97/1250]⎯

 FAIL  client/src/__tests__/cart.test.tsx > Cart Drawer Component > should display cart items
ReferenceError: React is not defined
 ❯ client/src/__tests__/cart.test.tsx:177:7
    175| 
    176|     render(
    177|       <div data-testid="cart-drawer">
       |       ^
    178|         {mockCart.map(item => (
    179|           <div key={item.id} data-testid="cart-item">

⎯⎯⎯⎯⎯⎯⎯⎯⎯⎯⎯⎯⎯⎯⎯⎯⎯⎯⎯⎯[98/1250]⎯

 FAIL  client/src/__tests__/cart.test.tsx > Cart Drawer Component > should show empty cart message when cart is empty
ReferenceError: React is not defined
 ❯ client/src/__tests__/cart.test.tsx:195:7
    193|   it('should show empty cart message when cart is empty', () => {
    194|     render(
    195|       <div data-testid="cart-drawer">
       |       ^
    196|         <p>السلة فارغة</p>
    197|       </div>

⎯⎯⎯⎯⎯⎯⎯⎯⎯⎯⎯⎯⎯⎯⎯⎯⎯⎯⎯⎯[99/1250]⎯

 FAIL  client/src/__tests__/cart.test.tsx > Cart Drawer Component > should calculate and display total price
ReferenceError: React is not defined
 ❯ client/src/__tests__/cart.test.tsx:207:7
    205| 
    206|     render(
    207|       <div data-testid="cart-total">
       |       ^
    208|         <span>المجموع: {total} IQD</span>
    209|       </div>

⎯⎯⎯⎯⎯⎯⎯⎯⎯⎯⎯⎯⎯⎯⎯⎯⎯⎯⎯[100/1250]⎯

 FAIL  client/src/__tests__/cart.test.tsx > Invoice Generation > should generate invoice with correct details
ReferenceError: React is not defined
 ❯ client/src/__tests__/cart.test.tsx:229:7
    227| 
    228|     render(
    229|       <div data-testid="invoice">
       |       ^
    230|         <h2>فاتورة رقم: {mockOrder.id}</h2>
    231|         <p>العميل: {mockOrder.customerName}</p>

⎯⎯⎯⎯⎯⎯⎯⎯⎯⎯⎯⎯⎯⎯⎯⎯⎯⎯⎯[101/1250]⎯

 FAIL  client/src/__tests__/fish-encyclopedia.test.tsx > Fish Details Display > should display all fish information
ReferenceError: React is not defined
 ❯ client/src/__tests__/fish-encyclopedia.test.tsx:183:7
    181|   it('should display all fish information', () => {
    182|     render(
    183|       <div data-testid="fish-details">
       |       ^
    184|         <h1>{mockFish.arabicName}</h1>
    185|         <p>{mockFish.scientificName}</p>

⎯⎯⎯⎯⎯⎯⎯⎯⎯⎯⎯⎯⎯⎯⎯⎯⎯⎯⎯[102/1250]⎯

 FAIL  client/src/__tests__/products.test.tsx > Products Page > should render products page
 FAIL  client/src/__tests__/products.test.tsx > Products Page > should display loading state initially
 FAIL  client/src/__tests__/products.test.tsx > Products Page > should filter products by category
 FAIL  client/src/__tests__/products.test.tsx > Products Page > should search products by keyword
 FAIL  client/src/__tests__/products.test.tsx > Products Page > should sort products by price
 FAIL  client/src/pages/__tests__/products.test.tsx > Products Page > should render the products page
 FAIL  client/src/pages/__tests__/products.test.tsx > Products Page > should show main content area
 FAIL  client/src/pages/__tests__/products.test.tsx > Products Page > should have filter section
 FAIL  client/src/pages/__tests__/products.test.tsx > Products Page > should display products after loading
 FAIL  client/src/pages/__tests__/products.test.tsx > Products Page > should render footer
 FAIL  .claude/worktrees/hardcore-noether-c55378/client/src/__tests__/products.test.tsx > Products Page > should render products page
 FAIL  .claude/worktrees/hardcore-noether-c55378/client/src/__tests__/products.test.tsx > Products Page > should display loading state initially
 FAIL  .claude/worktrees/hardcore-noether-c55378/client/src/__tests__/products.test.tsx > Products Page > should filter products by category
 FAIL  .claude/worktrees/hardcore-noether-c55378/client/src/__tests__/products.test.tsx > Products Page > should search products by keyword
 FAIL  .claude/worktrees/hardcore-noether-c55378/client/src/__tests__/products.test.tsx > Products Page > should sort products by price
 FAIL  .claude/worktrees/jovial-germain-89e4df/client/src/__tests__/products.test.tsx > Products Page > should render products page
 FAIL  .claude/worktrees/jovial-germain-89e4df/client/src/__tests__/products.test.tsx > Products Page > should display loading state initially
 FAIL  .claude/worktrees/jovial-germain-89e4df/client/src/__tests__/products.test.tsx > Products Page > should filter products by category
 FAIL  .claude/worktrees/jovial-germain-89e4df/client/src/__tests__/products.test.tsx > Products Page > should search products by keyword
 FAIL  .claude/worktrees/jovial-germain-89e4df/client/src/__tests__/products.test.tsx > Products Page > should sort products by price
Error: [vitest] No "fetchPersonalizedOrder" export is defined on the "@/lib/api" mock. Did you forget to return it from "vi.mock"?
If you need to partially mock a module, you can use "importOriginal" helper inside:

vi.mock(import("@/lib/api"), async (importOriginal) => {
  const actual = await importOriginal()
  return {
    ...actual,
    // your mocked methods
  }
})

 ❯ Products client/src/pages/products.tsx:107:14
    105|   const { data: boostData } = useQuery({
    106|     queryKey: ["personalized-order"],
    107|     queryFn: fetchPersonalizedOrder,
       |              ^
    108|     staleTime: 5 * 60 * 1000,
    109|     enabled: !!user && sortBy === "smart",
 ❯ Object.react_stack_bottom_frame node_modules/.pnpm/react-dom@19.2.6_react@19.2.6/node_modules/react-dom/cjs/react-dom-client.development.js:25904:20
 ❯ renderWithHooks node_modules/.pnpm/react-dom@19.2.6_react@19.2.6/node_modules/react-dom/cjs/react-dom-client.development.js:7662:22
 ❯ updateFunctionComponent node_modules/.pnpm/react-dom@19.2.6_react@19.2.6/node_modules/react-dom/cjs/react-dom-client.development.js:10166:19
 ❯ beginWork node_modules/.pnpm/react-dom@19.2.6_react@19.2.6/node_modules/react-dom/cjs/react-dom-client.development.js:11778:18
 ❯ runWithFiberInDEV node_modules/.pnpm/react-dom@19.2.6_react@19.2.6/node_modules/react-dom/cjs/react-dom-client.development.js:874:13
 ❯ performUnitOfWork node_modules/.pnpm/react-dom@19.2.6_react@19.2.6/node_modules/react-dom/cjs/react-dom-client.development.js:17641:22
 ❯ workLoopSync node_modules/.pnpm/react-dom@19.2.6_react@19.2.6/node_modules/react-dom/cjs/react-dom-client.development.js:17469:41

⎯⎯⎯⎯⎯⎯⎯⎯⎯⎯⎯⎯⎯⎯⎯⎯⎯⎯⎯[103/1250]⎯

 FAIL  client/src/components/__tests__/footer.test.tsx > Footer Component > should render footer
 FAIL  client/src/components/__tests__/footer.test.tsx > Footer Component > should have navigation links
 FAIL  client/src/components/__tests__/footer.test.tsx > Footer Component > should display contact information
 FAIL  client/src/components/__tests__/footer.test.tsx > Footer Component > should have social media links
 FAIL  .claude/worktrees/hardcore-noether-c55378/client/src/components/__tests__/footer.test.tsx > Footer Component > should render footer
 FAIL  .claude/worktrees/hardcore-noether-c55378/client/src/components/__tests__/footer.test.tsx > Footer Component > should have navigation links
 FAIL  .claude/worktrees/hardcore-noether-c55378/client/src/components/__tests__/footer.test.tsx > Footer Component > should display contact information
 FAIL  .claude/worktrees/hardcore-noether-c55378/client/src/components/__tests__/footer.test.tsx > Footer Component > should have social media links
 FAIL  .claude/worktrees/jovial-germain-89e4df/client/src/components/__tests__/footer.test.tsx > Footer Component > should render footer
 FAIL  .claude/worktrees/jovial-germain-89e4df/client/src/components/__tests__/footer.test.tsx > Footer Component > should have navigation links
 FAIL  .claude/worktrees/jovial-germain-89e4df/client/src/components/__tests__/footer.test.tsx > Footer Component > should display contact information
 FAIL  .claude/worktrees/jovial-germain-89e4df/client/src/components/__tests__/footer.test.tsx > Footer Component > should have social media links
ReferenceError: React is not defined
 ❯ Footer client/src/components/footer.tsx:69:3
     67|   ];
     68| 
     69|   return (
       |   ^
     70|     <footer className="bg-slate-900 dark:bg-gradient-to-b dark:from-sl…
     71|       <div className="absolute inset-0 opacity-5">
 ❯ Object.react_stack_bottom_frame node_modules/.pnpm/react-dom@19.2.6_react@19.2.6/node_modules/react-dom/cjs/react-dom-client.development.js:25904:20
 ❯ renderWithHooks node_modules/.pnpm/react-dom@19.2.6_react@19.2.6/node_modules/react-dom/cjs/react-dom-client.development.js:7662:22
 ❯ updateFunctionComponent node_modules/.pnpm/react-dom@19.2.6_react@19.2.6/node_modules/react-dom/cjs/react-dom-client.development.js:10166:19
 ❯ beginWork node_modules/.pnpm/react-dom@19.2.6_react@19.2.6/node_modules/react-dom/cjs/react-dom-client.development.js:11778:18
 ❯ runWithFiberInDEV node_modules/.pnpm/react-dom@19.2.6_react@19.2.6/node_modules/react-dom/cjs/react-dom-client.development.js:874:13
 ❯ performUnitOfWork node_modules/.pnpm/react-dom@19.2.6_react@19.2.6/node_modules/react-dom/cjs/react-dom-client.development.js:17641:22
 ❯ workLoopSync node_modules/.pnpm/react-dom@19.2.6_react@19.2.6/node_modules/react-dom/cjs/react-dom-client.development.js:17469:41
 ❯ renderRootSync node_modules/.pnpm/react-dom@19.2.6_react@19.2.6/node_modules/react-dom/cjs/react-dom-client.development.js:17450:11
 ❯ performWorkOnRoot node_modules/.pnpm/react-dom@19.2.6_react@19.2.6/node_modules/react-dom/cjs/react-dom-client.development.js:16583:35

⎯⎯⎯⎯⎯⎯⎯⎯⎯⎯⎯⎯⎯⎯⎯⎯⎯⎯⎯[104/1250]⎯

 FAIL  client/src/components/__tests__/navbar.test.tsx > Navbar Component > should render navbar
 FAIL  client/src/components/__tests__/navbar.test.tsx > Navbar Component > should have navigation links
 FAIL  client/src/components/__tests__/navbar.test.tsx > Navbar Component > should have interactive buttons
 FAIL  .claude/worktrees/hardcore-noether-c55378/client/src/components/__tests__/navbar.test.tsx > Navbar Component > should render navbar
 FAIL  .claude/worktrees/hardcore-noether-c55378/client/src/components/__tests__/navbar.test.tsx > Navbar Component > should have navigation links
 FAIL  .claude/worktrees/hardcore-noether-c55378/client/src/components/__tests__/navbar.test.tsx > Navbar Component > should have interactive buttons
 FAIL  .claude/worktrees/jovial-germain-89e4df/client/src/components/__tests__/navbar.test.tsx > Navbar Component > should render navbar
 FAIL  .claude/worktrees/jovial-germain-89e4df/client/src/components/__tests__/navbar.test.tsx > Navbar Component > should have navigation links
 FAIL  .claude/worktrees/jovial-germain-89e4df/client/src/components/__tests__/navbar.test.tsx > Navbar Component > should have interactive buttons
Error: useNavbarPreferences must be used within a NavbarPreferencesProvider
 ❯ useNavbarPreferences client/src/hooks/use-navbar-preferences.tsx:128:15
    126|     const context = useContext(NavbarPreferencesContext);
    127|     if (!context) {
    128|         throw new Error('useNavbarPreferences must be used within a Na…
       |               ^
    129|     }
    130|     return context;
 ❯ Navbar client/src/components/navbar.tsx:87:34
 ❯ Object.react_stack_bottom_frame node_modules/.pnpm/react-dom@19.2.6_react@19.2.6/node_modules/react-dom/cjs/react-dom-client.development.js:25904:20
 ❯ renderWithHooks node_modules/.pnpm/react-dom@19.2.6_react@19.2.6/node_modules/react-dom/cjs/react-dom-client.development.js:7662:22
 ❯ updateFunctionComponent node_modules/.pnpm/react-dom@19.2.6_react@19.2.6/node_modules/react-dom/cjs/react-dom-client.development.js:10166:19
 ❯ beginWork node_modules/.pnpm/react-dom@19.2.6_react@19.2.6/node_modules/react-dom/cjs/react-dom-client.development.js:11778:18
 ❯ runWithFiberInDEV node_modules/.pnpm/react-dom@19.2.6_react@19.2.6/node_modules/react-dom/cjs/react-dom-client.development.js:874:13
 ❯ performUnitOfWork node_modules/.pnpm/react-dom@19.2.6_react@19.2.6/node_modules/react-dom/cjs/react-dom-client.development.js:17641:22
 ❯ workLoopSync node_modules/.pnpm/react-dom@19.2.6_react@19.2.6/node_modules/react-dom/cjs/react-dom-client.development.js:17469:41
 ❯ renderRootSync node_modules/.pnpm/react-dom@19.2.6_react@19.2.6/node_modules/react-dom/cjs/react-dom-client.development.js:17450:11

⎯⎯⎯⎯⎯⎯⎯⎯⎯⎯⎯⎯⎯⎯⎯⎯⎯⎯⎯[105/1250]⎯

 FAIL  client/src/hooks/__tests__/use-pwa.test.ts > usePWA > Service Worker > should register service worker on mount
AssertionError: expected "vi.fn()" to be called with arguments: [ '/sw.js' ]

Received: 

  1st vi.fn() call:

  [
-   "/sw.js",
+   "/sw-push.js",
  ]


Number of calls: 1


Ignored nodes: comments, script, style
<html>
  <head />
  <body>
    <div />
  </body>
</html>
 ❯ client/src/hooks/__tests__/use-pwa.test.ts:142:58
    140| 
    141|             await waitFor(() => {
    142|                 expect(navigator.serviceWorker.register).toHaveBeenCal…
       |                                                          ^
    143|             });
    144|         });
 ❯ runWithExpensiveErrorDiagnosticsDisabled node_modules/.pnpm/@testing-library+dom@10.4.1/node_modules/@testing-library/dom/dist/config.js:47:12
 ❯ checkCallback node_modules/.pnpm/@testing-library+dom@10.4.1/node_modules/@testing-library/dom/dist/wait-for.js:124:77
 ❯ Timeout.checkRealTimersCallback node_modules/.pnpm/@testing-library+dom@10.4.1/node_modules/@testing-library/dom/dist/wait-for.js:118:16

⎯⎯⎯⎯⎯⎯⎯⎯⎯⎯⎯⎯⎯⎯⎯⎯⎯⎯⎯[106/1250]⎯

 FAIL  client/src/lib/__tests__/queryClient.test.ts > QueryClient > apiRequest > should make POST request with data
AssertionError: expected "vi.fn()" to be called with arguments: [ '/api/test', ObjectContaining{…} ]

Received: 

  1st vi.fn() call:

  [
    "/api/test",
-   ObjectContaining {
+   {
      "body": "{\"name\":\"Test\",\"value\":123}",
      "credentials": "include",
      "headers": {
        "Content-Type": "application/json",
+       "X-CSRF-Token": "47d0674bd3cfa102d8d263977fe0789ebc4fbcc73d8b9cfdd8bf6ec9251a4757",
      },
      "method": "POST",
+     "signal": AbortSignal {
+       "onabort": null,
+       Symbol(listeners): {
+         "bubbling": Map {},
+         "capturing": Map {},
+       },
+       Symbol(listenerOptions): {
+         "bubbling": Map {},
+         "capturing": Map {},
+       },
+       Symbol(aborted): false,
+       Symbol(reason): undefined,
+     },
    },
  ]


Number of calls: 1

 ❯ client/src/lib/__tests__/queryClient.test.ts:71:34
     69|             await apiRequest('POST', '/api/test', testData);
     70| 
     71|             expect(global.fetch).toHaveBeenCalledWith(
       |                                  ^
     72|                 '/api/test',
     73|                 expect.objectContaining({

⎯⎯⎯⎯⎯⎯⎯⎯⎯⎯⎯⎯⎯⎯⎯⎯⎯⎯⎯[107/1250]⎯

 FAIL  client/src/lib/__tests__/utils.test.ts > Utility Functions > generateOrderNumber > should generate unique order numbers
AssertionError: expected 1 to be greater than 95
 ❯ client/src/lib/__tests__/utils.test.ts:128:33
    126| 
    127|       // Most should be unique (allow small collision due to random)
    128|       expect(orderNumbers.size).toBeGreaterThan(95);
       |                                 ^
    129|     });
    130| 

⎯⎯⎯⎯⎯⎯⎯⎯⎯⎯⎯⎯⎯⎯⎯⎯⎯⎯⎯[108/1250]⎯

 FAIL  client/src/pages/__tests__/404.test.tsx > 404 Not Found Page > Rendering > should render the 404 page
 FAIL  client/src/pages/__tests__/404.test.tsx > 404 Not Found Page > Rendering > should display error state component
 FAIL  client/src/pages/__tests__/404.test.tsx > 404 Not Found Page > Rendering > should render the shrimp mascot with sad mood
 FAIL  client/src/pages/__tests__/404.test.tsx > 404 Not Found Page > Rendering > should display 404 text
 FAIL  client/src/pages/__tests__/404.test.tsx > 404 Not Found Page > Rendering > should display fun message about lost shrimp
 FAIL  client/src/pages/__tests__/404.test.tsx > 404 Not Found Page > Navigation Links > should display navigation suggestions
 FAIL  client/src/pages/__tests__/404.test.tsx > 404 Not Found Page > Navigation Links > should have home button
 FAIL  client/src/pages/__tests__/404.test.tsx > 404 Not Found Page > Navigation Links > should have products button
 FAIL  client/src/pages/__tests__/404.test.tsx > 404 Not Found Page > Navigation Links > should have fish encyclopedia button
 FAIL  client/src/pages/__tests__/404.test.tsx > 404 Not Found Page > Navigation Links > should have journey button
 FAIL  client/src/pages/__tests__/404.test.tsx > 404 Not Found Page > Navigation Links > should have deals button
 FAIL  client/src/pages/__tests__/404.test.tsx > 404 Not Found Page > Navigation Links > should navigate to home when clicking home button
 FAIL  client/src/pages/__tests__/404.test.tsx > 404 Not Found Page > Navigation Links > should navigate to products when clicking products button
 FAIL  client/src/pages/__tests__/404.test.tsx > 404 Not Found Page > Navigation Links > should navigate to fish encyclopedia when clicking encyclopedia button
 FAIL  client/src/pages/__tests__/404.test.tsx > 404 Not Found Page > Accessibility > should have main content area
 FAIL  client/src/pages/__tests__/404.test.tsx > 404 Not Found Page > Accessibility > should have RTL direction for suggestions
ReferenceError: React is not defined
 ❯ NotFound client/src/pages/404.tsx:10:3
      8|   const [, setLocation] = useLocation();
      9| 
     10|   return (
       |   ^
     11|     <div className="min-h-screen flex flex-col bg-background">
     12|       <MetaTags
 ❯ Object.react_stack_bottom_frame node_modules/.pnpm/react-dom@19.2.6_react@19.2.6/node_modules/react-dom/cjs/react-dom-client.development.js:25904:20
 ❯ renderWithHooks node_modules/.pnpm/react-dom@19.2.6_react@19.2.6/node_modules/react-dom/cjs/react-dom-client.development.js:7662:22
 ❯ updateFunctionComponent node_modules/.pnpm/react-dom@19.2.6_react@19.2.6/node_modules/react-dom/cjs/react-dom-client.development.js:10166:19
 ❯ beginWork node_modules/.pnpm/react-dom@19.2.6_react@19.2.6/node_modules/react-dom/cjs/react-dom-client.development.js:11778:18
 ❯ runWithFiberInDEV node_modules/.pnpm/react-dom@19.2.6_react@19.2.6/node_modules/react-dom/cjs/react-dom-client.development.js:874:13
 ❯ performUnitOfWork node_modules/.pnpm/react-dom@19.2.6_react@19.2.6/node_modules/react-dom/cjs/react-dom-client.development.js:17641:22
 ❯ workLoopSync node_modules/.pnpm/react-dom@19.2.6_react@19.2.6/node_modules/react-dom/cjs/react-dom-client.development.js:17469:41
 ❯ renderRootSync node_modules/.pnpm/react-dom@19.2.6_react@19.2.6/node_modules/react-dom/cjs/react-dom-client.development.js:17450:11
 ❯ performWorkOnRoot node_modules/.pnpm/react-dom@19.2.6_react@19.2.6/node_modules/react-dom/cjs/react-dom-client.development.js:16583:35

⎯⎯⎯⎯⎯⎯⎯⎯⎯⎯⎯⎯⎯⎯⎯⎯⎯⎯⎯[109/1250]⎯

 FAIL  client/src/pages/__tests__/admin-dashboard.test.tsx > Admin Dashboard Page > should render admin dashboard
 FAIL  client/src/pages/__tests__/admin-dashboard.test.tsx > Admin Dashboard Page > should display admin email
 FAIL  client/src/pages/__tests__/admin-dashboard.test.tsx > Admin Dashboard Page > should have interactive buttons
 FAIL  client/src/pages/__tests__/admin-dashboard.test.tsx > Admin Dashboard Page > should have logout button
ReferenceError: React is not defined
 ❯ AdminDashboard client/src/pages/admin-dashboard.tsx:615:3
    613|   }, 0);
    614| 
    615|   return (
       |   ^
    616|     <div className="container mx-auto py-8 px-4" dir="rtl">
    617|       <div className="mb-8 flex justify-between items-center">
 ❯ Object.react_stack_bottom_frame node_modules/.pnpm/react-dom@19.2.6_react@19.2.6/node_modules/react-dom/cjs/react-dom-client.development.js:25904:20
 ❯ renderWithHooks node_modules/.pnpm/react-dom@19.2.6_react@19.2.6/node_modules/react-dom/cjs/react-dom-client.development.js:7662:22
 ❯ updateFunctionComponent node_modules/.pnpm/react-dom@19.2.6_react@19.2.6/node_modules/react-dom/cjs/react-dom-client.development.js:10166:19
 ❯ beginWork node_modules/.pnpm/react-dom@19.2.6_react@19.2.6/node_modules/react-dom/cjs/react-dom-client.development.js:11778:18
 ❯ runWithFiberInDEV node_modules/.pnpm/react-dom@19.2.6_react@19.2.6/node_modules/react-dom/cjs/react-dom-client.development.js:874:13
 ❯ performUnitOfWork node_modules/.pnpm/react-dom@19.2.6_react@19.2.6/node_modules/react-dom/cjs/react-dom-client.development.js:17641:22
 ❯ workLoopSync node_modules/.pnpm/react-dom@19.2.6_react@19.2.6/node_modules/react-dom/cjs/react-dom-client.development.js:17469:41
 ❯ renderRootSync node_modules/.pnpm/react-dom@19.2.6_react@19.2.6/node_modules/react-dom/cjs/react-dom-client.development.js:17450:11
 ❯ performWorkOnRoot node_modules/.pnpm/react-dom@19.2.6_react@19.2.6/node_modules/react-dom/cjs/react-dom-client.development.js:16583:35

⎯⎯⎯⎯⎯⎯⎯⎯⎯⎯⎯⎯⎯⎯⎯⎯⎯⎯⎯[110/1250]⎯

 FAIL  client/src/pages/__tests__/admin-login.test.tsx > Admin Login Page > Rendering > should render admin login form
 FAIL  client/src/pages/__tests__/admin-login.test.tsx > Admin Login Page > Rendering > should display email input
 FAIL  client/src/pages/__tests__/admin-login.test.tsx > Admin Login Page > Rendering > should display password input
 FAIL  client/src/pages/__tests__/admin-login.test.tsx > Admin Login Page > Rendering > should display submit button
 FAIL  client/src/pages/__tests__/admin-login.test.tsx > Admin Login Page > Rendering > should display security message
 FAIL  client/src/pages/__tests__/admin-login.test.tsx > Admin Login Page > Form Interaction > should update email input value
 FAIL  client/src/pages/__tests__/admin-login.test.tsx > Admin Login Page > Form Interaction > should update password input value
 FAIL  client/src/pages/__tests__/admin-login.test.tsx > Admin Login Page > Form Submission > should call login on form submit
 FAIL  client/src/pages/__tests__/admin-login.test.tsx > Admin Login Page > Form Submission > should redirect to admin dashboard on success
 FAIL  client/src/pages/__tests__/admin-login.test.tsx > Admin Login Page > Form Submission > should show error on failed login
 FAIL  client/src/pages/__tests__/admin-login.test.tsx > Admin Login Page > Loading State > should show loading text while submitting
ReferenceError: React is not defined
 ❯ AdminLogin client/src/pages/admin-login.tsx:61:3
     59|   };
     60| 
     61|   return (
       |   ^
     62|     <div className="min-h-screen flex items-center justify-center bg-b…
     63|       {/* Background Effects */}
 ❯ Object.react_stack_bottom_frame node_modules/.pnpm/react-dom@19.2.6_react@19.2.6/node_modules/react-dom/cjs/react-dom-client.development.js:25904:20
 ❯ renderWithHooks node_modules/.pnpm/react-dom@19.2.6_react@19.2.6/node_modules/react-dom/cjs/react-dom-client.development.js:7662:22
 ❯ updateFunctionComponent node_modules/.pnpm/react-dom@19.2.6_react@19.2.6/node_modules/react-dom/cjs/react-dom-client.development.js:10166:19
 ❯ beginWork node_modules/.pnpm/react-dom@19.2.6_react@19.2.6/node_modules/react-dom/cjs/react-dom-client.development.js:11778:18
 ❯ runWithFiberInDEV node_modules/.pnpm/react-dom@19.2.6_react@19.2.6/node_modules/react-dom/cjs/react-dom-client.development.js:874:13
 ❯ performUnitOfWork node_modules/.pnpm/react-dom@19.2.6_react@19.2.6/node_modules/react-dom/cjs/react-dom-client.development.js:17641:22
 ❯ workLoopSync node_modules/.pnpm/react-dom@19.2.6_react@19.2.6/node_modules/react-dom/cjs/react-dom-client.development.js:17469:41
 ❯ renderRootSync node_modules/.pnpm/react-dom@19.2.6_react@19.2.6/node_modules/react-dom/cjs/react-dom-client.development.js:17450:11
 ❯ performWorkOnRoot node_modules/.pnpm/react-dom@19.2.6_react@19.2.6/node_modules/react-dom/cjs/react-dom-client.development.js:16583:35

⎯⎯⎯⎯⎯⎯⎯⎯⎯⎯⎯⎯⎯⎯⎯⎯⎯⎯⎯[111/1250]⎯

 FAIL  client/src/pages/__tests__/blog-post.test.tsx > Blog Post Page > Not Found State > should display not found message when article does not exist
 FAIL  client/src/pages/__tests__/blog-post.test.tsx > Blog Post Page > Not Found State > should have link to blog page
 FAIL  client/src/pages/__tests__/blog-post.test.tsx > Blog Post Page > Not Found State > should have return button
 FAIL  client/src/pages/__tests__/blog-post.test.tsx > Blog Post Page > Content > should display article content area
 FAIL  client/src/pages/__tests__/blog-post.test.tsx > Blog Post Page > Accessibility > should have proper heading structure
 FAIL  client/src/pages/__tests__/blog-post.test.tsx > Blog Post Page > Accessibility > should have navigation link
Error: No QueryClient set, use QueryClientProvider to set one
 ❯ useQueryClient node_modules/.pnpm/@tanstack+react-query@5.100.10_react@19.2.6/node_modules/@tanstack/react-query/build/modern/QueryClientProvider.js:15:11
 ❯ useBaseQuery node_modules/.pnpm/@tanstack+react-query@5.100.10_react@19.2.6/node_modules/@tanstack/react-query/build/modern/useBaseQuery.js:30:18
 ❯ useQuery node_modules/.pnpm/@tanstack+react-query@5.100.10_react@19.2.6/node_modules/@tanstack/react-query/build/modern/useQuery.js:7:10
 ❯ BlogPost client/src/pages/blog-post.tsx:18:46
     16|     const slug = params?.id;
     17| 
     18|     const { data: post, isLoading, error } = useQuery<BlogPost>({
       |                                              ^
     19|         queryKey: [`/api/blog/posts/${slug}`],
     20|         enabled: !!slug
 ❯ Object.react_stack_bottom_frame node_modules/.pnpm/react-dom@19.2.6_react@19.2.6/node_modules/react-dom/cjs/react-dom-client.development.js:25904:20
 ❯ renderWithHooks node_modules/.pnpm/react-dom@19.2.6_react@19.2.6/node_modules/react-dom/cjs/react-dom-client.development.js:7662:22
 ❯ updateFunctionComponent node_modules/.pnpm/react-dom@19.2.6_react@19.2.6/node_modules/react-dom/cjs/react-dom-client.development.js:10166:19
 ❯ beginWork node_modules/.pnpm/react-dom@19.2.6_react@19.2.6/node_modules/react-dom/cjs/react-dom-client.development.js:11778:18
 ❯ runWithFiberInDEV node_modules/.pnpm/react-dom@19.2.6_react@19.2.6/node_modules/react-dom/cjs/react-dom-client.development.js:874:13
 ❯ performUnitOfWork node_modules/.pnpm/react-dom@19.2.6_react@19.2.6/node_modules/react-dom/cjs/react-dom-client.development.js:17641:22

⎯⎯⎯⎯⎯⎯⎯⎯⎯⎯⎯⎯⎯⎯⎯⎯⎯⎯⎯[112/1250]⎯

 FAIL  client/src/pages/__tests__/community-gallery.test.tsx > Community Gallery Page > Rendering > should render the gallery page
 FAIL  client/src/pages/__tests__/community-gallery.test.tsx > Community Gallery Page > Rendering > should have main content area
 FAIL  client/src/pages/__tests__/community-gallery.test.tsx > Community Gallery Page > Rendering > should display gallery title
 FAIL  client/src/pages/__tests__/community-gallery.test.tsx > Community Gallery Page > Gallery Items > should display gallery content after loading
 FAIL  client/src/pages/__tests__/community-gallery.test.tsx > Community Gallery Page > Accessibility > should have proper heading structure
ReferenceError: React is not defined
 ❯ CommunityGallery client/src/pages/community-gallery.tsx:172:3
    170|   const approvedSubmissions = submissions.filter(s => s.isApproved && …
    171| 
    172|   return (
       |   ^
    173|     <div className="min-h-screen flex flex-col bg-background">
    174|       <Navbar />
 ❯ Object.react_stack_bottom_frame node_modules/.pnpm/react-dom@19.2.6_react@19.2.6/node_modules/react-dom/cjs/react-dom-client.development.js:25904:20
 ❯ renderWithHooks node_modules/.pnpm/react-dom@19.2.6_react@19.2.6/node_modules/react-dom/cjs/react-dom-client.development.js:7662:22
 ❯ updateFunctionComponent node_modules/.pnpm/react-dom@19.2.6_react@19.2.6/node_modules/react-dom/cjs/react-dom-client.development.js:10166:19
 ❯ beginWork node_modules/.pnpm/react-dom@19.2.6_react@19.2.6/node_modules/react-dom/cjs/react-dom-client.development.js:11778:18
 ❯ runWithFiberInDEV node_modules/.pnpm/react-dom@19.2.6_react@19.2.6/node_modules/react-dom/cjs/react-dom-client.development.js:874:13
 ❯ performUnitOfWork node_modules/.pnpm/react-dom@19.2.6_react@19.2.6/node_modules/react-dom/cjs/react-dom-client.development.js:17641:22
 ❯ workLoopSync node_modules/.pnpm/react-dom@19.2.6_react@19.2.6/node_modules/react-dom/cjs/react-dom-client.development.js:17469:41
 ❯ renderRootSync node_modules/.pnpm/react-dom@19.2.6_react@19.2.6/node_modules/react-dom/cjs/react-dom-client.development.js:17450:11
 ❯ performWorkOnRoot node_modules/.pnpm/react-dom@19.2.6_react@19.2.6/node_modules/react-dom/cjs/react-dom-client.development.js:16583:35

⎯⎯⎯⎯⎯⎯⎯⎯⎯⎯⎯⎯⎯⎯⎯⎯⎯⎯⎯[113/1250]⎯

 FAIL  client/src/pages/__tests__/compare.test.tsx > Compare Products Page > Rendering > should render the compare page
 FAIL  client/src/pages/__tests__/compare.test.tsx > Compare Products Page > Rendering > should have main content area
 FAIL  client/src/pages/__tests__/compare.test.tsx > Compare Products Page > Empty State > should show empty state when no products to compare
 FAIL  client/src/pages/__tests__/compare.test.tsx > Compare Products Page > Accessibility > should have proper heading structure
ReferenceError: React is not defined
 ❯ ComparePage client/src/pages/compare.tsx:30:5
     28|     const comparedProducts = allProducts.filter(p => compareIds.includ…
     29| 
     30|     return (
       |     ^
     31|         <div className="min-h-screen flex flex-col bg-background">
     32|             <MetaTags
 ❯ Object.react_stack_bottom_frame node_modules/.pnpm/react-dom@19.2.6_react@19.2.6/node_modules/react-dom/cjs/react-dom-client.development.js:25904:20
 ❯ renderWithHooks node_modules/.pnpm/react-dom@19.2.6_react@19.2.6/node_modules/react-dom/cjs/react-dom-client.development.js:7662:22
 ❯ updateFunctionComponent node_modules/.pnpm/react-dom@19.2.6_react@19.2.6/node_modules/react-dom/cjs/react-dom-client.development.js:10166:19
 ❯ beginWork node_modules/.pnpm/react-dom@19.2.6_react@19.2.6/node_modules/react-dom/cjs/react-dom-client.development.js:11778:18
 ❯ runWithFiberInDEV node_modules/.pnpm/react-dom@19.2.6_react@19.2.6/node_modules/react-dom/cjs/react-dom-client.development.js:874:13
 ❯ performUnitOfWork node_modules/.pnpm/react-dom@19.2.6_react@19.2.6/node_modules/react-dom/cjs/react-dom-client.development.js:17641:22
 ❯ workLoopSync node_modules/.pnpm/react-dom@19.2.6_react@19.2.6/node_modules/react-dom/cjs/react-dom-client.development.js:17469:41
 ❯ renderRootSync node_modules/.pnpm/react-dom@19.2.6_react@19.2.6/node_modules/react-dom/cjs/react-dom-client.development.js:17450:11
 ❯ performWorkOnRoot node_modules/.pnpm/react-dom@19.2.6_react@19.2.6/node_modules/react-dom/cjs/react-dom-client.development.js:16583:35

⎯⎯⎯⎯⎯⎯⎯⎯⎯⎯⎯⎯⎯⎯⎯⎯⎯⎯⎯[114/1250]⎯

 FAIL  client/src/pages/__tests__/deals.test.tsx > Deals Page > Rendering > should render deals page
 FAIL  client/src/pages/__tests__/deals.test.tsx > Deals Page > Rendering > should have main content area
 FAIL  client/src/pages/__tests__/deals.test.tsx > Deals Page > Rendering > should display deals title
 FAIL  client/src/pages/__tests__/deals.test.tsx > Deals Page > Rendering > should render whatsapp widget
 FAIL  client/src/pages/__tests__/deals.test.tsx > Deals Page > Rendering > should render back to top button
 FAIL  client/src/pages/__tests__/deals.test.tsx > Deals Page > Product Display > should display deals after loading
 FAIL  client/src/pages/__tests__/deals.test.tsx > Deals Page > Accessibility > should have proper heading structure
ReferenceError: React is not defined
 ❯ Deals client/src/pages/deals.tsx:53:3
     51|   };
     52| 
     53|   return (
       |   ^
     54|     <div className="min-h-screen flex flex-col bg-background font-sans…
     55|       <MetaTags
 ❯ Object.react_stack_bottom_frame node_modules/.pnpm/react-dom@19.2.6_react@19.2.6/node_modules/react-dom/cjs/react-dom-client.development.js:25904:20
 ❯ renderWithHooks node_modules/.pnpm/react-dom@19.2.6_react@19.2.6/node_modules/react-dom/cjs/react-dom-client.development.js:7662:22
 ❯ updateFunctionComponent node_modules/.pnpm/react-dom@19.2.6_react@19.2.6/node_modules/react-dom/cjs/react-dom-client.development.js:10166:19
 ❯ beginWork node_modules/.pnpm/react-dom@19.2.6_react@19.2.6/node_modules/react-dom/cjs/react-dom-client.development.js:11778:18
 ❯ runWithFiberInDEV node_modules/.pnpm/react-dom@19.2.6_react@19.2.6/node_modules/react-dom/cjs/react-dom-client.development.js:874:13
 ❯ performUnitOfWork node_modules/.pnpm/react-dom@19.2.6_react@19.2.6/node_modules/react-dom/cjs/react-dom-client.development.js:17641:22
 ❯ workLoopSync node_modules/.pnpm/react-dom@19.2.6_react@19.2.6/node_modules/react-dom/cjs/react-dom-client.development.js:17469:41
 ❯ renderRootSync node_modules/.pnpm/react-dom@19.2.6_react@19.2.6/node_modules/react-dom/cjs/react-dom-client.development.js:17450:11
 ❯ performWorkOnRoot node_modules/.pnpm/react-dom@19.2.6_react@19.2.6/node_modules/react-dom/cjs/react-dom-client.development.js:16583:35

⎯⎯⎯⎯⎯⎯⎯⎯⎯⎯⎯⎯⎯⎯⎯⎯⎯⎯⎯[115/1250]⎯

 FAIL  client/src/pages/__tests__/faq.test.tsx > FAQ Page > should render FAQ page
 FAIL  client/src/pages/__tests__/faq.test.tsx > FAQ Page > should display FAQ categories
 FAIL  client/src/pages/__tests__/faq.test.tsx > FAQ Page > should have expandable FAQ items
 FAIL  client/src/pages/__tests__/faq.test.tsx > FAQ Page > should render footer
ReferenceError: React is not defined
 ❯ FAQ client/src/pages/faq.tsx:237:3
    235|   ];
    236| 
    237|   return (
       |   ^
    238|     <div className="min-h-screen flex flex-col bg-background font-sans…
    239|       <MetaTags
 ❯ Object.react_stack_bottom_frame node_modules/.pnpm/react-dom@19.2.6_react@19.2.6/node_modules/react-dom/cjs/react-dom-client.development.js:25904:20
 ❯ renderWithHooks node_modules/.pnpm/react-dom@19.2.6_react@19.2.6/node_modules/react-dom/cjs/react-dom-client.development.js:7662:22
 ❯ updateFunctionComponent node_modules/.pnpm/react-dom@19.2.6_react@19.2.6/node_modules/react-dom/cjs/react-dom-client.development.js:10166:19
 ❯ beginWork node_modules/.pnpm/react-dom@19.2.6_react@19.2.6/node_modules/react-dom/cjs/react-dom-client.development.js:11778:18
 ❯ runWithFiberInDEV node_modules/.pnpm/react-dom@19.2.6_react@19.2.6/node_modules/react-dom/cjs/react-dom-client.development.js:874:13
 ❯ performUnitOfWork node_modules/.pnpm/react-dom@19.2.6_react@19.2.6/node_modules/react-dom/cjs/react-dom-client.development.js:17641:22
 ❯ workLoopSync node_modules/.pnpm/react-dom@19.2.6_react@19.2.6/node_modules/react-dom/cjs/react-dom-client.development.js:17469:41
 ❯ renderRootSync node_modules/.pnpm/react-dom@19.2.6_react@19.2.6/node_modules/react-dom/cjs/react-dom-client.development.js:17450:11
 ❯ performWorkOnRoot node_modules/.pnpm/react-dom@19.2.6_react@19.2.6/node_modules/react-dom/cjs/react-dom-client.development.js:16583:35

⎯⎯⎯⎯⎯⎯⎯⎯⎯⎯⎯⎯⎯⎯⎯⎯⎯⎯⎯[116/1250]⎯

 FAIL  client/src/pages/__tests__/fish-breeding-calculator.test.tsx > Fish Breeding Calculator Page > should render the calculator page
 FAIL  client/src/pages/__tests__/fish-breeding-calculator.test.tsx > Fish Breeding Calculator Page > should have main content area
 FAIL  client/src/pages/__tests__/fish-breeding-calculator.test.tsx > Fish Breeding Calculator Page > should display fish breeding heading
 FAIL  client/src/pages/__tests__/fish-breeding-calculator.test.tsx > Fish Breeding Calculator Page > should have interactive controls
 FAIL  client/src/pages/__tests__/fish-breeding-calculator.test.tsx > Fish Breeding Calculator Page > should render footer
ReferenceError: React is not defined
 ❯ FishBreedingCalculator client/src/pages/fish-breeding-calculator.tsx:389:3
    387|   const waterStatus = checkWaterParameters();
    388| 
    389|   return (
       |   ^
    390|     <div className="min-h-screen flex flex-col bg-background">
    391|       <Navbar />
 ❯ Object.react_stack_bottom_frame node_modules/.pnpm/react-dom@19.2.6_react@19.2.6/node_modules/react-dom/cjs/react-dom-client.development.js:25904:20
 ❯ renderWithHooks node_modules/.pnpm/react-dom@19.2.6_react@19.2.6/node_modules/react-dom/cjs/react-dom-client.development.js:7662:22
 ❯ updateFunctionComponent node_modules/.pnpm/react-dom@19.2.6_react@19.2.6/node_modules/react-dom/cjs/react-dom-client.development.js:10166:19
 ❯ beginWork node_modules/.pnpm/react-dom@19.2.6_react@19.2.6/node_modules/react-dom/cjs/react-dom-client.development.js:11778:18
 ❯ runWithFiberInDEV node_modules/.pnpm/react-dom@19.2.6_react@19.2.6/node_modules/react-dom/cjs/react-dom-client.development.js:874:13
 ❯ performUnitOfWork node_modules/.pnpm/react-dom@19.2.6_react@19.2.6/node_modules/react-dom/cjs/react-dom-client.development.js:17641:22
 ❯ workLoopSync node_modules/.pnpm/react-dom@19.2.6_react@19.2.6/node_modules/react-dom/cjs/react-dom-client.development.js:17469:41
 ❯ renderRootSync node_modules/.pnpm/react-dom@19.2.6_react@19.2.6/node_modules/react-dom/cjs/react-dom-client.development.js:17450:11
 ❯ performWorkOnRoot node_modules/.pnpm/react-dom@19.2.6_react@19.2.6/node_modules/react-dom/cjs/react-dom-client.development.js:16583:35

⎯⎯⎯⎯⎯⎯⎯⎯⎯⎯⎯⎯⎯⎯⎯⎯⎯⎯⎯[117/1250]⎯

 FAIL  client/src/pages/__tests__/fish-encyclopedia.test.tsx > Fish Encyclopedia Page > should render encyclopedia page
 FAIL  client/src/pages/__tests__/fish-encyclopedia.test.tsx > Fish Encyclopedia Page > should display page title
 FAIL  client/src/pages/__tests__/fish-encyclopedia.test.tsx > Fish Encyclopedia Page > should have search functionality
 FAIL  client/src/pages/__tests__/fish-encyclopedia.test.tsx > Fish Encyclopedia Page > should display fish cards
 FAIL  client/src/pages/__tests__/fish-encyclopedia.test.tsx > Fish Encyclopedia Page > should render footer
ReferenceError: React is not defined
 ❯ FishEncyclopedia client/src/pages/fish-encyclopedia.tsx:135:3
    133|   };
    134| 
    135|   return (
       |   ^
    136|     <div className="min-h-screen flex flex-col bg-background">
    137|       <Navbar />
 ❯ Object.react_stack_bottom_frame node_modules/.pnpm/react-dom@19.2.6_react@19.2.6/node_modules/react-dom/cjs/react-dom-client.development.js:25904:20
 ❯ renderWithHooks node_modules/.pnpm/react-dom@19.2.6_react@19.2.6/node_modules/react-dom/cjs/react-dom-client.development.js:7662:22
 ❯ updateFunctionComponent node_modules/.pnpm/react-dom@19.2.6_react@19.2.6/node_modules/react-dom/cjs/react-dom-client.development.js:10166:19
 ❯ beginWork node_modules/.pnpm/react-dom@19.2.6_react@19.2.6/node_modules/react-dom/cjs/react-dom-client.development.js:11778:18
 ❯ runWithFiberInDEV node_modules/.pnpm/react-dom@19.2.6_react@19.2.6/node_modules/react-dom/cjs/react-dom-client.development.js:874:13
 ❯ performUnitOfWork node_modules/.pnpm/react-dom@19.2.6_react@19.2.6/node_modules/react-dom/cjs/react-dom-client.development.js:17641:22
 ❯ workLoopSync node_modules/.pnpm/react-dom@19.2.6_react@19.2.6/node_modules/react-dom/cjs/react-dom-client.development.js:17469:41
 ❯ renderRootSync node_modules/.pnpm/react-dom@19.2.6_react@19.2.6/node_modules/react-dom/cjs/react-dom-client.development.js:17450:11
 ❯ performWorkOnRoot node_modules/.pnpm/react-dom@19.2.6_react@19.2.6/node_modules/react-dom/cjs/react-dom-client.development.js:16583:35

⎯⎯⎯⎯⎯⎯⎯⎯⎯⎯⎯⎯⎯⎯⎯⎯⎯⎯⎯[118/1250]⎯

 FAIL  client/src/pages/__tests__/fish-health-diagnosis.test.tsx > Fish Health Diagnosis Page > Rendering > should render fish health diagnosis page
 FAIL  client/src/pages/__tests__/fish-health-diagnosis.test.tsx > Fish Health Diagnosis Page > Rendering > should have main content area
 FAIL  client/src/pages/__tests__/fish-health-diagnosis.test.tsx > Fish Health Diagnosis Page > Rendering > should display page title
 FAIL  client/src/pages/__tests__/fish-health-diagnosis.test.tsx > Fish Health Diagnosis Page > Rendering > should display AI diagnosis badge with Dr. AQUAVO branding
 FAIL  client/src/pages/__tests__/fish-health-diagnosis.test.tsx > Fish Health Diagnosis Page > Rendering > should have upload section
 FAIL  client/src/pages/__tests__/fish-health-diagnosis.test.tsx > Fish Health Diagnosis Page > Rendering > should display diagnosis result placeholder
 FAIL  client/src/pages/__tests__/fish-health-diagnosis.test.tsx > Fish Health Diagnosis Page > Rendering > should display disease categories reference section
 FAIL  client/src/pages/__tests__/fish-health-diagnosis.test.tsx > Fish Health Diagnosis Page > Rendering > should display all 4 disease category cards
 FAIL  client/src/pages/__tests__/fish-health-diagnosis.test.tsx > Fish Health Diagnosis Page > Rendering > should show upload tips
 FAIL  client/src/pages/__tests__/fish-health-diagnosis.test.tsx > Fish Health Diagnosis Page > Diagnosis Tool > should display diagnosis form or tool
 FAIL  client/src/pages/__tests__/fish-health-diagnosis.test.tsx > Fish Health Diagnosis Page > Diagnosis Tool > should have upload and camera buttons
 FAIL  client/src/pages/__tests__/fish-health-diagnosis.test.tsx > Fish Health Diagnosis Page > Accessibility > should have proper heading structure
 FAIL  client/src/pages/__tests__/fish-health-diagnosis.test.tsx > Fish Health Diagnosis Page > Accessibility > should have disclaimer notice
ReferenceError: React is not defined
 ❯ FishHealthDiagnosis client/src/pages/fish-health-diagnosis.tsx:502:3
    500|   };
    501| 
    502|   return (
       |   ^
    503|     <div className="min-h-screen flex flex-col bg-background">
    504|       <MetaTags
 ❯ Object.react_stack_bottom_frame node_modules/.pnpm/react-dom@19.2.6_react@19.2.6/node_modules/react-dom/cjs/react-dom-client.development.js:25904:20
 ❯ renderWithHooks node_modules/.pnpm/react-dom@19.2.6_react@19.2.6/node_modules/react-dom/cjs/react-dom-client.development.js:7662:22
 ❯ updateFunctionComponent node_modules/.pnpm/react-dom@19.2.6_react@19.2.6/node_modules/react-dom/cjs/react-dom-client.development.js:10166:19
 ❯ beginWork node_modules/.pnpm/react-dom@19.2.6_react@19.2.6/node_modules/react-dom/cjs/react-dom-client.development.js:11778:18
 ❯ runWithFiberInDEV node_modules/.pnpm/react-dom@19.2.6_react@19.2.6/node_modules/react-dom/cjs/react-dom-client.development.js:874:13
 ❯ performUnitOfWork node_modules/.pnpm/react-dom@19.2.6_react@19.2.6/node_modules/react-dom/cjs/react-dom-client.development.js:17641:22
 ❯ workLoopSync node_modules/.pnpm/react-dom@19.2.6_react@19.2.6/node_modules/react-dom/cjs/react-dom-client.development.js:17469:41
 ❯ renderRootSync node_modules/.pnpm/react-dom@19.2.6_react@19.2.6/node_modules/react-dom/cjs/react-dom-client.development.js:17450:11
 ❯ performWorkOnRoot node_modules/.pnpm/react-dom@19.2.6_react@19.2.6/node_modules/react-dom/cjs/react-dom-client.development.js:16583:35

⎯⎯⎯⎯⎯⎯⎯⎯⎯⎯⎯⎯⎯⎯⎯⎯⎯⎯⎯[119/1250]⎯

 FAIL  client/src/pages/__tests__/forgot-password.test.tsx > Forgot Password Page > Rendering > should render forgot password page
 FAIL  client/src/pages/__tests__/forgot-password.test.tsx > Forgot Password Page > Rendering > should display email input
 FAIL  client/src/pages/__tests__/forgot-password.test.tsx > Forgot Password Page > Rendering > should display submit button
 FAIL  client/src/pages/__tests__/forgot-password.test.tsx > Forgot Password Page > Rendering > should have link to login page
 FAIL  client/src/pages/__tests__/forgot-password.test.tsx > Forgot Password Page > Form Interaction > should update email input value
 FAIL  client/src/pages/__tests__/forgot-password.test.tsx > Forgot Password Page > Accessibility > should have main content area
 FAIL  client/src/pages/__tests__/forgot-password.test.tsx > Forgot Password Page > Accessibility > should have proper heading structure
ReferenceError: React is not defined
 ❯ ForgotPassword client/src/pages/forgot-password.tsx:62:5
     60|     };
     61| 
     62|     return (
       |     ^
     63|         <div className="min-h-screen flex flex-col bg-gradient-to-br f…
     64|             <Navbar />
 ❯ Object.react_stack_bottom_frame node_modules/.pnpm/react-dom@19.2.6_react@19.2.6/node_modules/react-dom/cjs/react-dom-client.development.js:25904:20
 ❯ renderWithHooks node_modules/.pnpm/react-dom@19.2.6_react@19.2.6/node_modules/react-dom/cjs/react-dom-client.development.js:7662:22
 ❯ updateFunctionComponent node_modules/.pnpm/react-dom@19.2.6_react@19.2.6/node_modules/react-dom/cjs/react-dom-client.development.js:10166:19
 ❯ beginWork node_modules/.pnpm/react-dom@19.2.6_react@19.2.6/node_modules/react-dom/cjs/react-dom-client.development.js:11778:18
 ❯ runWithFiberInDEV node_modules/.pnpm/react-dom@19.2.6_react@19.2.6/node_modules/react-dom/cjs/react-dom-client.development.js:874:13
 ❯ performUnitOfWork node_modules/.pnpm/react-dom@19.2.6_react@19.2.6/node_modules/react-dom/cjs/react-dom-client.development.js:17641:22
 ❯ workLoopSync node_modules/.pnpm/react-dom@19.2.6_react@19.2.6/node_modules/react-dom/cjs/react-dom-client.development.js:17469:41
 ❯ renderRootSync node_modules/.pnpm/react-dom@19.2.6_react@19.2.6/node_modules/react-dom/cjs/react-dom-client.development.js:17450:11
 ❯ performWorkOnRoot node_modules/.pnpm/react-dom@19.2.6_react@19.2.6/node_modules/react-dom/cjs/react-dom-client.development.js:16583:35

⎯⎯⎯⎯⎯⎯⎯⎯⎯⎯⎯⎯⎯⎯⎯⎯⎯⎯⎯[120/1250]⎯

 FAIL  client/src/pages/__tests__/guides-eco-friendly.test.tsx > Eco-Friendly Guides Page > Rendering > should render the guides page
 FAIL  client/src/pages/__tests__/guides-eco-friendly.test.tsx > Eco-Friendly Guides Page > Rendering > should have main content area
 FAIL  client/src/pages/__tests__/guides-eco-friendly.test.tsx > Eco-Friendly Guides Page > Rendering > should display guides title
 FAIL  client/src/pages/__tests__/guides-eco-friendly.test.tsx > Eco-Friendly Guides Page > Content > should contain eco-friendly guide content
 FAIL  client/src/pages/__tests__/guides-eco-friendly.test.tsx > Eco-Friendly Guides Page > Accessibility > should have proper heading structure
ReferenceError: React is not defined
 ❯ EcoFriendlyGuide client/src/pages/guides-eco-friendly.tsx:18:3
     16|   };
     17| 
     18|   return (
       |   ^
     19|     <div className="min-h-screen flex flex-col bg-slate-50 dark:bg-sla…
     20|       <Navbar />
 ❯ Object.react_stack_bottom_frame node_modules/.pnpm/react-dom@19.2.6_react@19.2.6/node_modules/react-dom/cjs/react-dom-client.development.js:25904:20
 ❯ renderWithHooks node_modules/.pnpm/react-dom@19.2.6_react@19.2.6/node_modules/react-dom/cjs/react-dom-client.development.js:7662:22
 ❯ updateFunctionComponent node_modules/.pnpm/react-dom@19.2.6_react@19.2.6/node_modules/react-dom/cjs/react-dom-client.development.js:10166:19
 ❯ beginWork node_modules/.pnpm/react-dom@19.2.6_react@19.2.6/node_modules/react-dom/cjs/react-dom-client.development.js:11778:18
 ❯ runWithFiberInDEV node_modules/.pnpm/react-dom@19.2.6_react@19.2.6/node_modules/react-dom/cjs/react-dom-client.development.js:874:13
 ❯ performUnitOfWork node_modules/.pnpm/react-dom@19.2.6_react@19.2.6/node_modules/react-dom/cjs/react-dom-client.development.js:17641:22
 ❯ workLoopSync node_modules/.pnpm/react-dom@19.2.6_react@19.2.6/node_modules/react-dom/cjs/react-dom-client.development.js:17469:41
 ❯ renderRootSync node_modules/.pnpm/react-dom@19.2.6_react@19.2.6/node_modules/react-dom/cjs/react-dom-client.development.js:17450:11
 ❯ performWorkOnRoot node_modules/.pnpm/react-dom@19.2.6_react@19.2.6/node_modules/react-dom/cjs/react-dom-client.development.js:16583:35

⎯⎯⎯⎯⎯⎯⎯⎯⎯⎯⎯⎯⎯⎯⎯⎯⎯⎯⎯[121/1250]⎯

 FAIL  client/src/pages/__tests__/home.test.tsx > Home Page > should render the home page without crashing
 FAIL  client/src/pages/__tests__/home.test.tsx > Home Page > should have main content section
 FAIL  client/src/pages/__tests__/home.test.tsx > Home Page > should display hero section with heading
 FAIL  client/src/pages/__tests__/home.test.tsx > Home Page > should render WhatsApp widget
 FAIL  client/src/pages/__tests__/home.test.tsx > Home Page > should contain navigation links
ReferenceError: React is not defined
 ❯ Home client/src/pages/home.tsx:164:3
    162|   const salesPending = !shouldFetchSales || salesIsLoading;
    163| 
    164|   return (
       |   ^
    165|     <div className="min-h-screen flex flex-col bg-background font-sans…
    166|       <MetaTags
 ❯ Object.react_stack_bottom_frame node_modules/.pnpm/react-dom@19.2.6_react@19.2.6/node_modules/react-dom/cjs/react-dom-client.development.js:25904:20
 ❯ renderWithHooks node_modules/.pnpm/react-dom@19.2.6_react@19.2.6/node_modules/react-dom/cjs/react-dom-client.development.js:7662:22
 ❯ updateFunctionComponent node_modules/.pnpm/react-dom@19.2.6_react@19.2.6/node_modules/react-dom/cjs/react-dom-client.development.js:10166:19
 ❯ beginWork node_modules/.pnpm/react-dom@19.2.6_react@19.2.6/node_modules/react-dom/cjs/react-dom-client.development.js:11778:18
 ❯ runWithFiberInDEV node_modules/.pnpm/react-dom@19.2.6_react@19.2.6/node_modules/react-dom/cjs/react-dom-client.development.js:874:13
 ❯ performUnitOfWork node_modules/.pnpm/react-dom@19.2.6_react@19.2.6/node_modules/react-dom/cjs/react-dom-client.development.js:17641:22
 ❯ workLoopSync node_modules/.pnpm/react-dom@19.2.6_react@19.2.6/node_modules/react-dom/cjs/react-dom-client.development.js:17469:41
 ❯ renderRootSync node_modules/.pnpm/react-dom@19.2.6_react@19.2.6/node_modules/react-dom/cjs/react-dom-client.development.js:17450:11
 ❯ performWorkOnRoot node_modules/.pnpm/react-dom@19.2.6_react@19.2.6/node_modules/react-dom/cjs/react-dom-client.development.js:16583:35

⎯⎯⎯⎯⎯⎯⎯⎯⎯⎯⎯⎯⎯⎯⎯⎯⎯⎯⎯[122/1250]⎯

 FAIL  client/src/pages/__tests__/journey.test.tsx > JourneyPage > renders loading state when loading saved plan
ReferenceError: React is not defined
 ❯ JourneyPage client/src/pages/journey.tsx:56:5
     54|   // Loading State
     55|   if (isLoadingSavedPlan) {
     56|     return (
       |     ^
     57|       <div className="min-h-screen flex items-center justify-center">
     58|         <Loader2 className="h-8 w-8 animate-spin text-primary" />
 ❯ Object.react_stack_bottom_frame node_modules/.pnpm/react-dom@19.2.6_react@19.2.6/node_modules/react-dom/cjs/react-dom-client.development.js:25904:20
 ❯ renderWithHooks node_modules/.pnpm/react-dom@19.2.6_react@19.2.6/node_modules/react-dom/cjs/react-dom-client.development.js:7662:22
 ❯ updateFunctionComponent node_modules/.pnpm/react-dom@19.2.6_react@19.2.6/node_modules/react-dom/cjs/react-dom-client.development.js:10166:19
 ❯ beginWork node_modules/.pnpm/react-dom@19.2.6_react@19.2.6/node_modules/react-dom/cjs/react-dom-client.development.js:11778:18
 ❯ runWithFiberInDEV node_modules/.pnpm/react-dom@19.2.6_react@19.2.6/node_modules/react-dom/cjs/react-dom-client.development.js:874:13
 ❯ performUnitOfWork node_modules/.pnpm/react-dom@19.2.6_react@19.2.6/node_modules/react-dom/cjs/react-dom-client.development.js:17641:22
 ❯ workLoopSync node_modules/.pnpm/react-dom@19.2.6_react@19.2.6/node_modules/react-dom/cjs/react-dom-client.development.js:17469:41
 ❯ renderRootSync node_modules/.pnpm/react-dom@19.2.6_react@19.2.6/node_modules/react-dom/cjs/react-dom-client.development.js:17450:11
 ❯ performWorkOnRoot node_modules/.pnpm/react-dom@19.2.6_react@19.2.6/node_modules/react-dom/cjs/react-dom-client.development.js:16583:35

⎯⎯⎯⎯⎯⎯⎯⎯⎯⎯⎯⎯⎯⎯⎯⎯⎯⎯⎯[123/1250]⎯

 FAIL  client/src/pages/__tests__/journey.test.tsx > JourneyPage > renders Step 1 initially
 FAIL  client/src/pages/__tests__/journey.test.tsx > JourneyPage > calls updateData when selecting an option in Step 1
 FAIL  client/src/pages/__tests__/journey.test.tsx > JourneyPage > renders Step 2 when currentStep is 1
 FAIL  client/src/pages/__tests__/journey.test.tsx > JourneyPage > calls nextStep when Next button is clicked
 FAIL  client/src/pages/__tests__/journey.test.tsx > JourneyPage > renders Summary (Step 9) when currentStep is 8
ReferenceError: React is not defined
 ❯ JourneyPage client/src/pages/journey.tsx:160:3
    158|   };
    159| 
    160|   return (
       |   ^
    161|     <div className="min-h-screen bg-background" ref={topRef}>
    162|       <MetaTags
 ❯ Object.react_stack_bottom_frame node_modules/.pnpm/react-dom@19.2.6_react@19.2.6/node_modules/react-dom/cjs/react-dom-client.development.js:25904:20
 ❯ renderWithHooks node_modules/.pnpm/react-dom@19.2.6_react@19.2.6/node_modules/react-dom/cjs/react-dom-client.development.js:7662:22
 ❯ updateFunctionComponent node_modules/.pnpm/react-dom@19.2.6_react@19.2.6/node_modules/react-dom/cjs/react-dom-client.development.js:10166:19
 ❯ beginWork node_modules/.pnpm/react-dom@19.2.6_react@19.2.6/node_modules/react-dom/cjs/react-dom-client.development.js:11778:18
 ❯ runWithFiberInDEV node_modules/.pnpm/react-dom@19.2.6_react@19.2.6/node_modules/react-dom/cjs/react-dom-client.development.js:874:13
 ❯ performUnitOfWork node_modules/.pnpm/react-dom@19.2.6_react@19.2.6/node_modules/react-dom/cjs/react-dom-client.development.js:17641:22
 ❯ workLoopSync node_modules/.pnpm/react-dom@19.2.6_react@19.2.6/node_modules/react-dom/cjs/react-dom-client.development.js:17469:41
 ❯ renderRootSync node_modules/.pnpm/react-dom@19.2.6_react@19.2.6/node_modules/react-dom/cjs/react-dom-client.development.js:17450:11
 ❯ performWorkOnRoot node_modules/.pnpm/react-dom@19.2.6_react@19.2.6/node_modules/react-dom/cjs/react-dom-client.development.js:16583:35

⎯⎯⎯⎯⎯⎯⎯⎯⎯⎯⎯⎯⎯⎯⎯⎯⎯⎯⎯[124/1250]⎯

 FAIL  client/src/pages/__tests__/login.test.tsx > Login Page > Rendering > should render login form
 FAIL  client/src/pages/__tests__/login.test.tsx > Login Page > Rendering > should render navbar and footer
 FAIL  client/src/pages/__tests__/login.test.tsx > Login Page > Rendering > should render remember me checkbox
 FAIL  client/src/pages/__tests__/login.test.tsx > Login Page > Rendering > should render forgot password link
 FAIL  client/src/pages/__tests__/login.test.tsx > Login Page > Rendering > should render register link
 FAIL  client/src/pages/__tests__/login.test.tsx > Login Page > Form Interaction > should update email input value
 FAIL  client/src/pages/__tests__/login.test.tsx > Login Page > Form Interaction > should update password input value
 FAIL  client/src/pages/__tests__/login.test.tsx > Login Page > Form Interaction > should toggle password visibility
 FAIL  client/src/pages/__tests__/login.test.tsx > Login Page > Form Interaction > should toggle remember me checkbox
 FAIL  client/src/pages/__tests__/login.test.tsx > Login Page > Form Submission > should call login on form submit
 FAIL  client/src/pages/__tests__/login.test.tsx > Login Page > Form Submission > should show toast on successful login
 FAIL  client/src/pages/__tests__/login.test.tsx > Login Page > Form Submission > should redirect on successful login
 FAIL  client/src/pages/__tests__/login.test.tsx > Login Page > Form Submission > should show error on failed login
 FAIL  client/src/pages/__tests__/login.test.tsx > Login Page > Loading State > should show loading text while submitting
 FAIL  client/src/pages/__tests__/login.test.tsx > Login Page > Accessibility > should have proper labels for inputs
 FAIL  client/src/pages/__tests__/login.test.tsx > Login Page > Accessibility > should have RTL direction
ReferenceError: React is not defined
 ❯ Login client/src/pages/login.tsx:101:5
     99|     }
    100| 
    101|     return (
       |     ^
    102|         <div className="min-h-screen flex flex-col bg-background" dir=…
    103|             <MetaTags
 ❯ Object.react_stack_bottom_frame node_modules/.pnpm/react-dom@19.2.6_react@19.2.6/node_modules/react-dom/cjs/react-dom-client.development.js:25904:20
 ❯ renderWithHooks node_modules/.pnpm/react-dom@19.2.6_react@19.2.6/node_modules/react-dom/cjs/react-dom-client.development.js:7662:22
 ❯ updateFunctionComponent node_modules/.pnpm/react-dom@19.2.6_react@19.2.6/node_modules/react-dom/cjs/react-dom-client.development.js:10166:19
 ❯ beginWork node_modules/.pnpm/react-dom@19.2.6_react@19.2.6/node_modules/react-dom/cjs/react-dom-client.development.js:11778:18
 ❯ runWithFiberInDEV node_modules/.pnpm/react-dom@19.2.6_react@19.2.6/node_modules/react-dom/cjs/react-dom-client.development.js:874:13
 ❯ performUnitOfWork node_modules/.pnpm/react-dom@19.2.6_react@19.2.6/node_modules/react-dom/cjs/react-dom-client.development.js:17641:22
 ❯ workLoopSync node_modules/.pnpm/react-dom@19.2.6_react@19.2.6/node_modules/react-dom/cjs/react-dom-client.development.js:17469:41
 ❯ renderRootSync node_modules/.pnpm/react-dom@19.2.6_react@19.2.6/node_modules/react-dom/cjs/react-dom-client.development.js:17450:11
 ❯ performWorkOnRoot node_modules/.pnpm/react-dom@19.2.6_react@19.2.6/node_modules/react-dom/cjs/react-dom-client.development.js:16583:35

⎯⎯⎯⎯⎯⎯⎯⎯⎯⎯⎯⎯⎯⎯⎯⎯⎯⎯⎯[125/1250]⎯

 FAIL  client/src/pages/__tests__/order-confirmation.test.tsx > Order Confirmation Page > Rendering > should render order confirmation page
 FAIL  client/src/pages/__tests__/order-confirmation.test.tsx > Order Confirmation Page > Rendering > should have main content area
 FAIL  client/src/pages/__tests__/order-confirmation.test.tsx > Order Confirmation Page > Rendering > should display confirmation content
 FAIL  client/src/pages/__tests__/order-confirmation.test.tsx > Order Confirmation Page > Order Details > should display order information section
 FAIL  client/src/pages/__tests__/order-confirmation.test.tsx > Order Confirmation Page > Call to Actions > should have navigation buttons
 FAIL  client/src/pages/__tests__/order-confirmation.test.tsx > Order Confirmation Page > Accessibility > should have proper heading structure
ReferenceError: React is not defined
 ❯ OrderConfirmation client/src/pages/order-confirmation.tsx:143:9
    141| 
    142|     if (!orderData && !isLoading) {
    143|         return (
       |         ^
    144|             <ConfirmationContent
    145|                 orderId={orderId || "unknown"}
 ❯ Object.react_stack_bottom_frame node_modules/.pnpm/react-dom@19.2.6_react@19.2.6/node_modules/react-dom/cjs/react-dom-client.development.js:25904:20
 ❯ renderWithHooks node_modules/.pnpm/react-dom@19.2.6_react@19.2.6/node_modules/react-dom/cjs/react-dom-client.development.js:7662:22
 ❯ updateFunctionComponent node_modules/.pnpm/react-dom@19.2.6_react@19.2.6/node_modules/react-dom/cjs/react-dom-client.development.js:10166:19
 ❯ beginWork node_modules/.pnpm/react-dom@19.2.6_react@19.2.6/node_modules/react-dom/cjs/react-dom-client.development.js:11778:18
 ❯ runWithFiberInDEV node_modules/.pnpm/react-dom@19.2.6_react@19.2.6/node_modules/react-dom/cjs/react-dom-client.development.js:874:13
 ❯ performUnitOfWork node_modules/.pnpm/react-dom@19.2.6_react@19.2.6/node_modules/react-dom/cjs/react-dom-client.development.js:17641:22
 ❯ workLoopSync node_modules/.pnpm/react-dom@19.2.6_react@19.2.6/node_modules/react-dom/cjs/react-dom-client.development.js:17469:41
 ❯ renderRootSync node_modules/.pnpm/react-dom@19.2.6_react@19.2.6/node_modules/react-dom/cjs/react-dom-client.development.js:17450:11
 ❯ performWorkOnRoot node_modules/.pnpm/react-dom@19.2.6_react@19.2.6/node_modules/react-dom/cjs/react-dom-client.development.js:16583:35

⎯⎯⎯⎯⎯⎯⎯⎯⎯⎯⎯⎯⎯⎯⎯⎯⎯⎯⎯[126/1250]⎯

 FAIL  client/src/pages/__tests__/order-tracking.test.tsx > Order Tracking Page > should render order tracking page
 FAIL  client/src/pages/__tests__/order-tracking.test.tsx > Order Tracking Page > should display order status
 FAIL  client/src/pages/__tests__/order-tracking.test.tsx > Order Tracking Page > should render footer
ReferenceError: React is not defined
 ❯ OrderTracking client/src/pages/order-tracking.tsx:157:3
    155|   };
    156| 
    157|   return (
       |   ^
    158|     <div className="min-h-screen flex flex-col bg-background font-sans…
    159|       <Navbar />
 ❯ Object.react_stack_bottom_frame node_modules/.pnpm/react-dom@19.2.6_react@19.2.6/node_modules/react-dom/cjs/react-dom-client.development.js:25904:20
 ❯ renderWithHooks node_modules/.pnpm/react-dom@19.2.6_react@19.2.6/node_modules/react-dom/cjs/react-dom-client.development.js:7662:22
 ❯ updateFunctionComponent node_modules/.pnpm/react-dom@19.2.6_react@19.2.6/node_modules/react-dom/cjs/react-dom-client.development.js:10166:19
 ❯ beginWork node_modules/.pnpm/react-dom@19.2.6_react@19.2.6/node_modules/react-dom/cjs/react-dom-client.development.js:11778:18
 ❯ runWithFiberInDEV node_modules/.pnpm/react-dom@19.2.6_react@19.2.6/node_modules/react-dom/cjs/react-dom-client.development.js:874:13
 ❯ performUnitOfWork node_modules/.pnpm/react-dom@19.2.6_react@19.2.6/node_modules/react-dom/cjs/react-dom-client.development.js:17641:22
 ❯ workLoopSync node_modules/.pnpm/react-dom@19.2.6_react@19.2.6/node_modules/react-dom/cjs/react-dom-client.development.js:17469:41
 ❯ renderRootSync node_modules/.pnpm/react-dom@19.2.6_react@19.2.6/node_modules/react-dom/cjs/react-dom-client.development.js:17450:11
 ❯ performWorkOnRoot node_modules/.pnpm/react-dom@19.2.6_react@19.2.6/node_modules/react-dom/cjs/react-dom-client.development.js:16583:35

⎯⎯⎯⎯⎯⎯⎯⎯⎯⎯⎯⎯⎯⎯⎯⎯⎯⎯⎯[127/1250]⎯

 FAIL  client/src/pages/__tests__/privacy-policy.test.tsx > Privacy Policy Page > Rendering > should render the privacy policy page
 FAIL  client/src/pages/__tests__/privacy-policy.test.tsx > Privacy Policy Page > Rendering > should have main content area
 FAIL  client/src/pages/__tests__/privacy-policy.test.tsx > Privacy Policy Page > Rendering > should display privacy policy title
 FAIL  client/src/pages/__tests__/privacy-policy.test.tsx > Privacy Policy Page > Content Sections > should contain privacy-related content
 FAIL  client/src/pages/__tests__/privacy-policy.test.tsx > Privacy Policy Page > Accessibility > should have proper heading structure
ReferenceError: React is not defined
 ❯ PrivacyPolicy client/src/pages/privacy-policy.tsx:97:3
     95|   ];
     96| 
     97|   return (
       |   ^
     98|     <div className="min-h-screen flex flex-col bg-background font-sans…
     99|       <Navbar />
 ❯ Object.react_stack_bottom_frame node_modules/.pnpm/react-dom@19.2.6_react@19.2.6/node_modules/react-dom/cjs/react-dom-client.development.js:25904:20
 ❯ renderWithHooks node_modules/.pnpm/react-dom@19.2.6_react@19.2.6/node_modules/react-dom/cjs/react-dom-client.development.js:7662:22
 ❯ updateFunctionComponent node_modules/.pnpm/react-dom@19.2.6_react@19.2.6/node_modules/react-dom/cjs/react-dom-client.development.js:10166:19
 ❯ beginWork node_modules/.pnpm/react-dom@19.2.6_react@19.2.6/node_modules/react-dom/cjs/react-dom-client.development.js:11778:18
 ❯ runWithFiberInDEV node_modules/.pnpm/react-dom@19.2.6_react@19.2.6/node_modules/react-dom/cjs/react-dom-client.development.js:874:13
 ❯ performUnitOfWork node_modules/.pnpm/react-dom@19.2.6_react@19.2.6/node_modules/react-dom/cjs/react-dom-client.development.js:17641:22
 ❯ workLoopSync node_modules/.pnpm/react-dom@19.2.6_react@19.2.6/node_modules/react-dom/cjs/react-dom-client.development.js:17469:41
 ❯ renderRootSync node_modules/.pnpm/react-dom@19.2.6_react@19.2.6/node_modules/react-dom/cjs/react-dom-client.development.js:17450:11
 ❯ performWorkOnRoot node_modules/.pnpm/react-dom@19.2.6_react@19.2.6/node_modules/react-dom/cjs/react-dom-client.development.js:16583:35

⎯⎯⎯⎯⎯⎯⎯⎯⎯⎯⎯⎯⎯⎯⎯⎯⎯⎯⎯[128/1250]⎯

 FAIL  client/src/pages/__tests__/product-details.test.tsx > Product Details Page > should render the product details page
 FAIL  client/src/pages/__tests__/product-details.test.tsx > Product Details Page > should display product information when loaded
 FAIL  client/src/pages/__tests__/product-details.test.tsx > Product Details Page > should have add to cart functionality
 FAIL  client/src/pages/__tests__/product-details.test.tsx > Product Details Page > should render footer
 FAIL  client/src/pages/__tests__/product-details.test.tsx > Product Details Page > should render WhatsApp widget
ReferenceError: React is not defined
 ❯ ProductDetails client/src/pages/product-details.tsx:245:5
    243| 
    244|   if (isLoading) {
    245|     return (
       |     ^
    246|       <div className="min-h-screen flex flex-col bg-background">
    247|         <Navbar />
 ❯ Object.react_stack_bottom_frame node_modules/.pnpm/react-dom@19.2.6_react@19.2.6/node_modules/react-dom/cjs/react-dom-client.development.js:25904:20
 ❯ renderWithHooks node_modules/.pnpm/react-dom@19.2.6_react@19.2.6/node_modules/react-dom/cjs/react-dom-client.development.js:7662:22
 ❯ updateFunctionComponent node_modules/.pnpm/react-dom@19.2.6_react@19.2.6/node_modules/react-dom/cjs/react-dom-client.development.js:10166:19
 ❯ beginWork node_modules/.pnpm/react-dom@19.2.6_react@19.2.6/node_modules/react-dom/cjs/react-dom-client.development.js:11778:18
 ❯ runWithFiberInDEV node_modules/.pnpm/react-dom@19.2.6_react@19.2.6/node_modules/react-dom/cjs/react-dom-client.development.js:874:13
 ❯ performUnitOfWork node_modules/.pnpm/react-dom@19.2.6_react@19.2.6/node_modules/react-dom/cjs/react-dom-client.development.js:17641:22
 ❯ workLoopSync node_modules/.pnpm/react-dom@19.2.6_react@19.2.6/node_modules/react-dom/cjs/react-dom-client.development.js:17469:41
 ❯ renderRootSync node_modules/.pnpm/react-dom@19.2.6_react@19.2.6/node_modules/react-dom/cjs/react-dom-client.development.js:17450:11
 ❯ performWorkOnRoot node_modules/.pnpm/react-dom@19.2.6_react@19.2.6/node_modules/react-dom/cjs/react-dom-client.development.js:16583:35

⎯⎯⎯⎯⎯⎯⎯⎯⎯⎯⎯⎯⎯⎯⎯⎯⎯⎯⎯[129/1250]⎯

 FAIL  client/src/pages/__tests__/register.test.tsx > Register Page > Rendering > should render register form
 FAIL  client/src/pages/__tests__/register.test.tsx > Register Page > Rendering > should display name input
 FAIL  client/src/pages/__tests__/register.test.tsx > Register Page > Rendering > should display email input
 FAIL  client/src/pages/__tests__/register.test.tsx > Register Page > Rendering > should display phone input
 FAIL  client/src/pages/__tests__/register.test.tsx > Register Page > Rendering > should display password input
 FAIL  client/src/pages/__tests__/register.test.tsx > Register Page > Rendering > should display confirm password input
 FAIL  client/src/pages/__tests__/register.test.tsx > Register Page > Rendering > should display submit button
 FAIL  client/src/pages/__tests__/register.test.tsx > Register Page > Rendering > should display password strength indicator
 FAIL  client/src/pages/__tests__/register.test.tsx > Register Page > Rendering > should have link to login page
 FAIL  client/src/pages/__tests__/register.test.tsx > Register Page > Form Interaction > should update name input value
 FAIL  client/src/pages/__tests__/register.test.tsx > Register Page > Form Interaction > should update email input value
 FAIL  client/src/pages/__tests__/register.test.tsx > Register Page > Accessibility > should have main content area
 FAIL  client/src/pages/__tests__/register.test.tsx > Register Page > Accessibility > should have proper labels for inputs
ReferenceError: React is not defined
 ❯ Register client/src/pages/register.tsx:116:5
    114|     ];
    115| 
    116|     return (
       |     ^
    117|         <div className="min-h-screen flex flex-col bg-gradient-to-br f…
    118|             <Navbar />
 ❯ Object.react_stack_bottom_frame node_modules/.pnpm/react-dom@19.2.6_react@19.2.6/node_modules/react-dom/cjs/react-dom-client.development.js:25904:20
 ❯ renderWithHooks node_modules/.pnpm/react-dom@19.2.6_react@19.2.6/node_modules/react-dom/cjs/react-dom-client.development.js:7662:22
 ❯ updateFunctionComponent node_modules/.pnpm/react-dom@19.2.6_react@19.2.6/node_modules/react-dom/cjs/react-dom-client.development.js:10166:19
 ❯ beginWork node_modules/.pnpm/react-dom@19.2.6_react@19.2.6/node_modules/react-dom/cjs/react-dom-client.development.js:11778:18
 ❯ runWithFiberInDEV node_modules/.pnpm/react-dom@19.2.6_react@19.2.6/node_modules/react-dom/cjs/react-dom-client.development.js:874:13
 ❯ performUnitOfWork node_modules/.pnpm/react-dom@19.2.6_react@19.2.6/node_modules/react-dom/cjs/react-dom-client.development.js:17641:22
 ❯ workLoopSync node_modules/.pnpm/react-dom@19.2.6_react@19.2.6/node_modules/react-dom/cjs/react-dom-client.development.js:17469:41
 ❯ renderRootSync node_modules/.pnpm/react-dom@19.2.6_react@19.2.6/node_modules/react-dom/cjs/react-dom-client.development.js:17450:11
 ❯ performWorkOnRoot node_modules/.pnpm/react-dom@19.2.6_react@19.2.6/node_modules/react-dom/cjs/react-dom-client.development.js:16583:35

⎯⎯⎯⎯⎯⎯⎯⎯⎯⎯⎯⎯⎯⎯⎯⎯⎯⎯⎯[130/1250]⎯

 FAIL  client/src/pages/__tests__/return-policy.test.tsx > Return Policy Page > Rendering > should render the return policy page
 FAIL  client/src/pages/__tests__/return-policy.test.tsx > Return Policy Page > Rendering > should have main content area
 FAIL  client/src/pages/__tests__/return-policy.test.tsx > Return Policy Page > Rendering > should display return policy title
 FAIL  client/src/pages/__tests__/return-policy.test.tsx > Return Policy Page > Content > should contain return policy content
 FAIL  client/src/pages/__tests__/return-policy.test.tsx > Return Policy Page > Accessibility > should have proper heading structure
ReferenceError: React is not defined
 ❯ ReturnPolicy client/src/pages/return-policy.tsx:78:3
     76|   ];
     77| 
     78|   return (
       |   ^
     79|     <div className="min-h-screen flex flex-col bg-background font-sans…
     80|       <Navbar />
 ❯ Object.react_stack_bottom_frame node_modules/.pnpm/react-dom@19.2.6_react@19.2.6/node_modules/react-dom/cjs/react-dom-client.development.js:25904:20
 ❯ renderWithHooks node_modules/.pnpm/react-dom@19.2.6_react@19.2.6/node_modules/react-dom/cjs/react-dom-client.development.js:7662:22
 ❯ updateFunctionComponent node_modules/.pnpm/react-dom@19.2.6_react@19.2.6/node_modules/react-dom/cjs/react-dom-client.development.js:10166:19
 ❯ beginWork node_modules/.pnpm/react-dom@19.2.6_react@19.2.6/node_modules/react-dom/cjs/react-dom-client.development.js:11778:18
 ❯ runWithFiberInDEV node_modules/.pnpm/react-dom@19.2.6_react@19.2.6/node_modules/react-dom/cjs/react-dom-client.development.js:874:13
 ❯ performUnitOfWork node_modules/.pnpm/react-dom@19.2.6_react@19.2.6/node_modules/react-dom/cjs/react-dom-client.development.js:17641:22
 ❯ workLoopSync node_modules/.pnpm/react-dom@19.2.6_react@19.2.6/node_modules/react-dom/cjs/react-dom-client.development.js:17469:41
 ❯ renderRootSync node_modules/.pnpm/react-dom@19.2.6_react@19.2.6/node_modules/react-dom/cjs/react-dom-client.development.js:17450:11
 ❯ performWorkOnRoot node_modules/.pnpm/react-dom@19.2.6_react@19.2.6/node_modules/react-dom/cjs/react-dom-client.development.js:16583:35

⎯⎯⎯⎯⎯⎯⎯⎯⎯⎯⎯⎯⎯⎯⎯⎯⎯⎯⎯[131/1250]⎯

 FAIL  client/src/pages/__tests__/search-results.test.tsx > Search Results Page > should render search results page
 FAIL  client/src/pages/__tests__/search-results.test.tsx > Search Results Page > should display search results
 FAIL  client/src/pages/__tests__/search-results.test.tsx > Search Results Page > should render footer
ReferenceError: React is not defined
 ❯ SearchResults client/src/pages/search-results.tsx:261:3
    259|   };
    260| 
    261|   return (
       |   ^
    262|     <div className="min-h-screen flex flex-col bg-background">
    263|       <MetaTags
 ❯ Object.react_stack_bottom_frame node_modules/.pnpm/react-dom@19.2.6_react@19.2.6/node_modules/react-dom/cjs/react-dom-client.development.js:25904:20
 ❯ renderWithHooks node_modules/.pnpm/react-dom@19.2.6_react@19.2.6/node_modules/react-dom/cjs/react-dom-client.development.js:7662:22
 ❯ updateFunctionComponent node_modules/.pnpm/react-dom@19.2.6_react@19.2.6/node_modules/react-dom/cjs/react-dom-client.development.js:10166:19
 ❯ beginWork node_modules/.pnpm/react-dom@19.2.6_react@19.2.6/node_modules/react-dom/cjs/react-dom-client.development.js:11778:18
 ❯ runWithFiberInDEV node_modules/.pnpm/react-dom@19.2.6_react@19.2.6/node_modules/react-dom/cjs/react-dom-client.development.js:874:13
 ❯ performUnitOfWork node_modules/.pnpm/react-dom@19.2.6_react@19.2.6/node_modules/react-dom/cjs/react-dom-client.development.js:17641:22
 ❯ workLoopSync node_modules/.pnpm/react-dom@19.2.6_react@19.2.6/node_modules/react-dom/cjs/react-dom-client.development.js:17469:41
 ❯ renderRootSync node_modules/.pnpm/react-dom@19.2.6_react@19.2.6/node_modules/react-dom/cjs/react-dom-client.development.js:17450:11
 ❯ performWorkOnRoot node_modules/.pnpm/react-dom@19.2.6_react@19.2.6/node_modules/react-dom/cjs/react-dom-client.development.js:16583:35

⎯⎯⎯⎯⎯⎯⎯⎯⎯⎯⎯⎯⎯⎯⎯⎯⎯⎯⎯[132/1250]⎯

 FAIL  client/src/pages/__tests__/shipping.test.tsx > Shipping Page > Rendering > should render the shipping page
 FAIL  client/src/pages/__tests__/shipping.test.tsx > Shipping Page > Rendering > should have main content area
 FAIL  client/src/pages/__tests__/shipping.test.tsx > Shipping Page > Rendering > should display shipping title
 FAIL  client/src/pages/__tests__/shipping.test.tsx > Shipping Page > Content > should contain shipping content
 FAIL  client/src/pages/__tests__/shipping.test.tsx > Shipping Page > Accessibility > should have proper heading structure
ReferenceError: React is not defined
 ❯ Shipping client/src/pages/shipping.tsx:100:5
     98| 
     99| export default function Shipping() {
    100|     return (
       |     ^
    101|         <div className="min-h-screen flex flex-col bg-background">
    102|             <Navbar />
 ❯ Object.react_stack_bottom_frame node_modules/.pnpm/react-dom@19.2.6_react@19.2.6/node_modules/react-dom/cjs/react-dom-client.development.js:25904:20
 ❯ renderWithHooks node_modules/.pnpm/react-dom@19.2.6_react@19.2.6/node_modules/react-dom/cjs/react-dom-client.development.js:7662:22
 ❯ updateFunctionComponent node_modules/.pnpm/react-dom@19.2.6_react@19.2.6/node_modules/react-dom/cjs/react-dom-client.development.js:10166:19
 ❯ beginWork node_modules/.pnpm/react-dom@19.2.6_react@19.2.6/node_modules/react-dom/cjs/react-dom-client.development.js:11778:18
 ❯ runWithFiberInDEV node_modules/.pnpm/react-dom@19.2.6_react@19.2.6/node_modules/react-dom/cjs/react-dom-client.development.js:874:13
 ❯ performUnitOfWork node_modules/.pnpm/react-dom@19.2.6_react@19.2.6/node_modules/react-dom/cjs/react-dom-client.development.js:17641:22
 ❯ workLoopSync node_modules/.pnpm/react-dom@19.2.6_react@19.2.6/node_modules/react-dom/cjs/react-dom-client.development.js:17469:41
 ❯ renderRootSync node_modules/.pnpm/react-dom@19.2.6_react@19.2.6/node_modules/react-dom/cjs/react-dom-client.development.js:17450:11
 ❯ performWorkOnRoot node_modules/.pnpm/react-dom@19.2.6_react@19.2.6/node_modules/react-dom/cjs/react-dom-client.development.js:16583:35

⎯⎯⎯⎯⎯⎯⎯⎯⎯⎯⎯⎯⎯⎯⎯⎯⎯⎯⎯[133/1250]⎯

 FAIL  client/src/pages/__tests__/sustainability.test.tsx > Sustainability Page > Rendering > should render the sustainability page
 FAIL  client/src/pages/__tests__/sustainability.test.tsx > Sustainability Page > Rendering > should have main content area
 FAIL  client/src/pages/__tests__/sustainability.test.tsx > Sustainability Page > Rendering > should display sustainability title
 FAIL  client/src/pages/__tests__/sustainability.test.tsx > Sustainability Page > Content > should contain sustainability content
 FAIL  client/src/pages/__tests__/sustainability.test.tsx > Sustainability Page > Accessibility > should have proper heading structure
ReferenceError: React is not defined
 ❯ Sustainability client/src/pages/sustainability.tsx:24:3
     22|   };
     23| 
     24|   return (
       |   ^
     25|     <div className="min-h-screen flex flex-col bg-slate-950 font-sans …
     26|       <Navbar />
 ❯ Object.react_stack_bottom_frame node_modules/.pnpm/react-dom@19.2.6_react@19.2.6/node_modules/react-dom/cjs/react-dom-client.development.js:25904:20
 ❯ renderWithHooks node_modules/.pnpm/react-dom@19.2.6_react@19.2.6/node_modules/react-dom/cjs/react-dom-client.development.js:7662:22
 ❯ updateFunctionComponent node_modules/.pnpm/react-dom@19.2.6_react@19.2.6/node_modules/react-dom/cjs/react-dom-client.development.js:10166:19
 ❯ beginWork node_modules/.pnpm/react-dom@19.2.6_react@19.2.6/node_modules/react-dom/cjs/react-dom-client.development.js:11778:18
 ❯ runWithFiberInDEV node_modules/.pnpm/react-dom@19.2.6_react@19.2.6/node_modules/react-dom/cjs/react-dom-client.development.js:874:13
 ❯ performUnitOfWork node_modules/.pnpm/react-dom@19.2.6_react@19.2.6/node_modules/react-dom/cjs/react-dom-client.development.js:17641:22
 ❯ workLoopSync node_modules/.pnpm/react-dom@19.2.6_react@19.2.6/node_modules/react-dom/cjs/react-dom-client.development.js:17469:41
 ❯ renderRootSync node_modules/.pnpm/react-dom@19.2.6_react@19.2.6/node_modules/react-dom/cjs/react-dom-client.development.js:17450:11
 ❯ performWorkOnRoot node_modules/.pnpm/react-dom@19.2.6_react@19.2.6/node_modules/react-dom/cjs/react-dom-client.development.js:16583:35

⎯⎯⎯⎯⎯⎯⎯⎯⎯⎯⎯⎯⎯⎯⎯⎯⎯⎯⎯[134/1250]⎯

 FAIL  client/src/pages/__tests__/terms.test.tsx > Terms and Conditions Page > Rendering > should render the terms page
 FAIL  client/src/pages/__tests__/terms.test.tsx > Terms and Conditions Page > Rendering > should have main content area
 FAIL  client/src/pages/__tests__/terms.test.tsx > Terms and Conditions Page > Rendering > should display terms title
 FAIL  client/src/pages/__tests__/terms.test.tsx > Terms and Conditions Page > Content > should contain terms content
 FAIL  client/src/pages/__tests__/terms.test.tsx > Terms and Conditions Page > Accessibility > should have proper heading structure
ReferenceError: React is not defined
 ❯ Terms client/src/pages/terms.tsx:96:3
     94|   ];
     95| 
     96|   return (
       |   ^
     97|     <div className="min-h-screen flex flex-col bg-background font-sans…
     98|       <Navbar />
 ❯ Object.react_stack_bottom_frame node_modules/.pnpm/react-dom@19.2.6_react@19.2.6/node_modules/react-dom/cjs/react-dom-client.development.js:25904:20
 ❯ renderWithHooks node_modules/.pnpm/react-dom@19.2.6_react@19.2.6/node_modules/react-dom/cjs/react-dom-client.development.js:7662:22
 ❯ updateFunctionComponent node_modules/.pnpm/react-dom@19.2.6_react@19.2.6/node_modules/react-dom/cjs/react-dom-client.development.js:10166:19
 ❯ beginWork node_modules/.pnpm/react-dom@19.2.6_react@19.2.6/node_modules/react-dom/cjs/react-dom-client.development.js:11778:18
 ❯ runWithFiberInDEV node_modules/.pnpm/react-dom@19.2.6_react@19.2.6/node_modules/react-dom/cjs/react-dom-client.development.js:874:13
 ❯ performUnitOfWork node_modules/.pnpm/react-dom@19.2.6_react@19.2.6/node_modules/react-dom/cjs/react-dom-client.development.js:17641:22
 ❯ workLoopSync node_modules/.pnpm/react-dom@19.2.6_react@19.2.6/node_modules/react-dom/cjs/react-dom-client.development.js:17469:41
 ❯ renderRootSync node_modules/.pnpm/react-dom@19.2.6_react@19.2.6/node_modules/react-dom/cjs/react-dom-client.development.js:17450:11
 ❯ performWorkOnRoot node_modules/.pnpm/react-dom@19.2.6_react@19.2.6/node_modules/react-dom/cjs/react-dom-client.development.js:16583:35

⎯⎯⎯⎯⎯⎯⎯⎯⎯⎯⎯⎯⎯⎯⎯⎯⎯⎯⎯[135/1250]⎯

 FAIL  client/src/pages/__tests__/wishlist.test.tsx > Wishlist Page > should render wishlist page
 FAIL  client/src/pages/__tests__/wishlist.test.tsx > Wishlist Page > should display wishlist items
 FAIL  client/src/pages/__tests__/wishlist.test.tsx > Wishlist Page > should have remove from wishlist functionality
 FAIL  client/src/pages/__tests__/wishlist.test.tsx > Wishlist Page > should render footer
ReferenceError: React is not defined
 ❯ Wishlist client/src/pages/wishlist.tsx:68:3
     66|   };
     67| 
     68|   return (
       |   ^
     69|     <div className="min-h-screen flex flex-col bg-background">
     70|       <MetaTags
 ❯ Object.react_stack_bottom_frame node_modules/.pnpm/react-dom@19.2.6_react@19.2.6/node_modules/react-dom/cjs/react-dom-client.development.js:25904:20
 ❯ renderWithHooks node_modules/.pnpm/react-dom@19.2.6_react@19.2.6/node_modules/react-dom/cjs/react-dom-client.development.js:7662:22
 ❯ updateFunctionComponent node_modules/.pnpm/react-dom@19.2.6_react@19.2.6/node_modules/react-dom/cjs/react-dom-client.development.js:10166:19
 ❯ beginWork node_modules/.pnpm/react-dom@19.2.6_react@19.2.6/node_modules/react-dom/cjs/react-dom-client.development.js:11778:18
 ❯ runWithFiberInDEV node_modules/.pnpm/react-dom@19.2.6_react@19.2.6/node_modules/react-dom/cjs/react-dom-client.development.js:874:13
 ❯ performUnitOfWork node_modules/.pnpm/react-dom@19.2.6_react@19.2.6/node_modules/react-dom/cjs/react-dom-client.development.js:17641:22
 ❯ workLoopSync node_modules/.pnpm/react-dom@19.2.6_react@19.2.6/node_modules/react-dom/cjs/react-dom-client.development.js:17469:41
 ❯ renderRootSync node_modules/.pnpm/react-dom@19.2.6_react@19.2.6/node_modules/react-dom/cjs/react-dom-client.development.js:17450:11
 ❯ performWorkOnRoot node_modules/.pnpm/react-dom@19.2.6_react@19.2.6/node_modules/react-dom/cjs/react-dom-client.development.js:16583:35

⎯⎯⎯⎯⎯⎯⎯⎯⎯⎯⎯⎯⎯⎯⎯⎯⎯⎯⎯[136/1250]⎯

 FAIL  client/src/contexts/__tests__/auth-context.test.tsx > AuthContext > Initial State > should start with loading state and check auth on mount
 FAIL  client/src/contexts/__tests__/auth-context.test.tsx > AuthContext > Initial State > should set user if auth check succeeds
 FAIL  client/src/contexts/__tests__/auth-context.test.tsx > AuthContext > Login > should login successfully and set user
 FAIL  client/src/contexts/__tests__/auth-context.test.tsx > AuthContext > Login > should handle login failure
 FAIL  client/src/contexts/__tests__/auth-context.test.tsx > AuthContext > Logout > should logout and clear user
 FAIL  client/src/contexts/__tests__/auth-context.test.tsx > AuthContext > Admin Role > should set isAdmin true for admin users
 FAIL  client/src/contexts/__tests__/auth-context.test.tsx > AuthContext > Admin Role > should set isAdmin false for regular users
ReferenceError: React is not defined
 ❯ AuthProvider client/src/contexts/auth-context.tsx:183:3
    181|   const isAdmin = user?.role === "admin";
    182| 
    183|   return (
       |   ^
    184|     <AuthContext.Provider value={{ user, isLoading, login, register, l…
    185|       {children}
 ❯ Object.react_stack_bottom_frame node_modules/.pnpm/react-dom@19.2.6_react@19.2.6/node_modules/react-dom/cjs/react-dom-client.development.js:25904:20
 ❯ renderWithHooks node_modules/.pnpm/react-dom@19.2.6_react@19.2.6/node_modules/react-dom/cjs/react-dom-client.development.js:7662:22
 ❯ updateFunctionComponent node_modules/.pnpm/react-dom@19.2.6_react@19.2.6/node_modules/react-dom/cjs/react-dom-client.development.js:10166:19
 ❯ beginWork node_modules/.pnpm/react-dom@19.2.6_react@19.2.6/node_modules/react-dom/cjs/react-dom-client.development.js:11778:18
 ❯ runWithFiberInDEV node_modules/.pnpm/react-dom@19.2.6_react@19.2.6/node_modules/react-dom/cjs/react-dom-client.development.js:874:13
 ❯ performUnitOfWork node_modules/.pnpm/react-dom@19.2.6_react@19.2.6/node_modules/react-dom/cjs/react-dom-client.development.js:17641:22
 ❯ workLoopSync node_modules/.pnpm/react-dom@19.2.6_react@19.2.6/node_modules/react-dom/cjs/react-dom-client.development.js:17469:41
 ❯ renderRootSync node_modules/.pnpm/react-dom@19.2.6_react@19.2.6/node_modules/react-dom/cjs/react-dom-client.development.js:17450:11
 ❯ performWorkOnRoot node_modules/.pnpm/react-dom@19.2.6_react@19.2.6/node_modules/react-dom/cjs/react-dom-client.development.js:16583:35

⎯⎯⎯⎯⎯⎯⎯⎯⎯⎯⎯⎯⎯⎯⎯⎯⎯⎯⎯[137/1250]⎯

 FAIL  client/src/contexts/__tests__/cart-context.test.tsx > CartContext > Remove Item > should remove item from cart
Error: expect(element).toHaveTextContent()

Expected element to have text content:
  0
Received:
  1

Ignored nodes: comments, script, style
<html>
  <head />
  <body>
    <div>
      <div>
        <div
          data-testid="totalItems"
        >
          1
        </div>
        <div
          data-testid="totalPrice"
        >
          25000
        </div>
        <div
          data-testid="itemCount"
        >
          1
        </div>
        <div
          data-testid="items"
        >
          [{"id":"prod-123-default","productId":"prod-123","name":"Test Product","price":25000,"quantity":1,"image":"/images/test.jpg","slug":"test-product"}]
        </div>
        <button>
          Add Item
        </button>
        <button>
          Remove Item
        </button>
        <button>
          Update Quantity
        </button>
        <button>
          Clear Cart
        </button>
      </div>
    </div>
  </body>
</html>
 ❯ client/src/contexts/__tests__/cart-context.test.tsx:170:58
    168| 
    169|             await waitFor(() => {
    170|                 expect(screen.getByTestId('totalItems')).toHaveTextCon…
       |                                                          ^
    171|                 expect(screen.getByTestId('itemCount')).toHaveTextCont…
    172|             });
 ❯ runWithExpensiveErrorDiagnosticsDisabled node_modules/.pnpm/@testing-library+dom@10.4.1/node_modules/@testing-library/dom/dist/config.js:47:12
 ❯ checkCallback node_modules/.pnpm/@testing-library+dom@10.4.1/node_modules/@testing-library/dom/dist/wait-for.js:124:77
 ❯ Timeout.checkRealTimersCallback node_modules/.pnpm/@testing-library+dom@10.4.1/node_modules/@testing-library/dom/dist/wait-for.js:118:16

⎯⎯⎯⎯⎯⎯⎯⎯⎯⎯⎯⎯⎯⎯⎯⎯⎯⎯⎯[138/1250]⎯

 FAIL  client/src/contexts/__tests__/cart-context.test.tsx > CartContext > Update Quantity > should update item quantity
Error: expect(element).toHaveTextContent()

Expected element to have text content:
  5
Received:
  1

Ignored nodes: comments, script, style
<html>
  <head />
  <body>
    <div>
      <div>
        <div
          data-testid="totalItems"
        >
          1
        </div>
        <div
          data-testid="totalPrice"
        >
          25000
        </div>
        <div
          data-testid="itemCount"
        >
          1
        </div>
        <div
          data-testid="items"
        >
          [{"id":"prod-123-default","productId":"prod-123","name":"Test Product","price":25000,"quantity":1,"image":"/images/test.jpg","slug":"test-product"}]
        </div>
        <button>
          Add Item
        </button>
        <button>
          Remove Item
        </button>
        <button>
          Update Quantity
        </button>
        <button>
          Clear Cart
        </button>
      </div>
    </div>
  </body>
</html>
 ❯ client/src/contexts/__tests__/cart-context.test.tsx:196:58
    194| 
    195|             await waitFor(() => {
    196|                 expect(screen.getByTestId('totalItems')).toHaveTextCon…
       |                                                          ^
    197|                 expect(screen.getByTestId('totalPrice')).toHaveTextCon…
    198|             });
 ❯ runWithExpensiveErrorDiagnosticsDisabled node_modules/.pnpm/@testing-library+dom@10.4.1/node_modules/@testing-library/dom/dist/config.js:47:12
 ❯ checkCallback node_modules/.pnpm/@testing-library+dom@10.4.1/node_modules/@testing-library/dom/dist/wait-for.js:124:77
 ❯ Timeout.checkRealTimersCallback node_modules/.pnpm/@testing-library+dom@10.4.1/node_modules/@testing-library/dom/dist/wait-for.js:118:16

⎯⎯⎯⎯⎯⎯⎯⎯⎯⎯⎯⎯⎯⎯⎯⎯⎯⎯⎯[139/1250]⎯

 FAIL  client/src/contexts/__tests__/cart-context.test.tsx > CartContext > Update Quantity > should remove item when quantity set to 0
Error: expect(element).toHaveTextContent()

Expected element to have text content:
  0
Received:
  1

Ignored nodes: comments, script, style
<html>
  <head />
  <body>
    <div>
      <div>
        <div
          data-testid="totalItems"
        >
          1
        </div>
        <button>
          Add
        </button>
        <button>
          Set Zero
        </button>
      </div>
    </div>
  </body>
</html>
 ❯ client/src/contexts/__tests__/cart-context.test.tsx:241:58
    239| 
    240|             await waitFor(() => {
    241|                 expect(screen.getByTestId('totalItems')).toHaveTextCon…
       |                                                          ^
    242|             });
    243|         });
 ❯ runWithExpensiveErrorDiagnosticsDisabled node_modules/.pnpm/@testing-library+dom@10.4.1/node_modules/@testing-library/dom/dist/config.js:47:12
 ❯ checkCallback node_modules/.pnpm/@testing-library+dom@10.4.1/node_modules/@testing-library/dom/dist/wait-for.js:124:77
 ❯ Timeout.checkRealTimersCallback node_modules/.pnpm/@testing-library+dom@10.4.1/node_modules/@testing-library/dom/dist/wait-for.js:118:16

⎯⎯⎯⎯⎯⎯⎯⎯⎯⎯⎯⎯⎯⎯⎯⎯⎯⎯⎯[140/1250]⎯

 FAIL  .claude/worktrees/jovial-germain-89e4df/server/__tests__/auth.test.ts > Password Hashing > Security Properties > should produce cryptographically random salts
Error: Test timed out in 5000ms.
If this is a long-running test, pass a timeout value as the last argument or configure it globally with "testTimeout".
 ❯ .claude/worktrees/jovial-germain-89e4df/server/__tests__/auth.test.ts:245:5
    243|     });
    244| 
    245|     it('should produce cryptographically random salts', () => {
       |     ^
    246|       const password = 'testPassword';
    247|       const salts = new Set();

⎯⎯⎯⎯⎯⎯⎯⎯⎯⎯⎯⎯⎯⎯⎯⎯⎯⎯⎯[141/1250]⎯

 FAIL  client/src/components/admin/__tests__/admin.test.tsx > SettingsManagement > should render the settings form
 FAIL  client/src/components/admin/__tests__/admin.test.tsx > SettingsManagement > should display store name input
 FAIL  client/src/components/admin/__tests__/admin.test.tsx > SettingsManagement > should display support email input
 FAIL  client/src/components/admin/__tests__/admin.test.tsx > SettingsManagement > should display maintenance mode switch
 FAIL  client/src/components/admin/__tests__/admin.test.tsx > SettingsManagement > should display orders enabled switch
 FAIL  client/src/components/admin/__tests__/admin.test.tsx > SettingsManagement > should have save button
 FAIL  client/src/components/admin/__tests__/admin.test.tsx > SettingsManagement > should display settings icon in title
 FAIL  client/src/components/admin/__tests__/admin.test.tsx > SettingsManagement > should update store name on input change
 FAIL  client/src/components/admin/__tests__/admin.test.tsx > SettingsManagement > should toggle maintenance mode switch
ReferenceError: React is not defined
 ❯ SettingsManagement client/src/components/admin/settings-management.tsx:155:5
    153|     const dangerCfg = pendingSwitch ? DANGER_CONFIG[pendingSwitch.key]…
    154| 
    155|     return (
       |     ^
    156|         <>
    157|             {/* Confirmation dialog for dangerous switches */}
 ❯ Object.react_stack_bottom_frame node_modules/.pnpm/react-dom@19.2.6_react@19.2.6/node_modules/react-dom/cjs/react-dom-client.development.js:25904:20
 ❯ renderWithHooks node_modules/.pnpm/react-dom@19.2.6_react@19.2.6/node_modules/react-dom/cjs/react-dom-client.development.js:7662:22
 ❯ updateFunctionComponent node_modules/.pnpm/react-dom@19.2.6_react@19.2.6/node_modules/react-dom/cjs/react-dom-client.development.js:10166:19
 ❯ beginWork node_modules/.pnpm/react-dom@19.2.6_react@19.2.6/node_modules/react-dom/cjs/react-dom-client.development.js:11778:18
 ❯ runWithFiberInDEV node_modules/.pnpm/react-dom@19.2.6_react@19.2.6/node_modules/react-dom/cjs/react-dom-client.development.js:874:13
 ❯ performUnitOfWork node_modules/.pnpm/react-dom@19.2.6_react@19.2.6/node_modules/react-dom/cjs/react-dom-client.development.js:17641:22
 ❯ workLoopSync node_modules/.pnpm/react-dom@19.2.6_react@19.2.6/node_modules/react-dom/cjs/react-dom-client.development.js:17469:41
 ❯ renderRootSync node_modules/.pnpm/react-dom@19.2.6_react@19.2.6/node_modules/react-dom/cjs/react-dom-client.development.js:17450:11
 ❯ performWorkOnRoot node_modules/.pnpm/react-dom@19.2.6_react@19.2.6/node_modules/react-dom/cjs/react-dom-client.development.js:16583:35

⎯⎯⎯⎯⎯⎯⎯⎯⎯⎯⎯⎯⎯⎯⎯⎯⎯⎯⎯[142/1250]⎯

 FAIL  client/src/components/admin/__tests__/admin.test.tsx > SettingsManagement loading state > should show loading state
TypeError: useQuery.mockReturnValue is not a function
 ❯ client/src/components/admin/__tests__/admin.test.tsx:150:18
    148|     beforeEach(() => {
    149|         const { useQuery } = require('@tanstack/react-query');
    150|         useQuery.mockReturnValue({
       |                  ^
    151|             data: null,
    152|             isLoading: true,

⎯⎯⎯⎯⎯⎯⎯⎯⎯⎯⎯⎯⎯⎯⎯⎯⎯⎯⎯[143/1250]⎯

 FAIL  client/src/components/admin/__tests__/admin.test.tsx > SettingsManagement error state > should show error message
 FAIL  client/src/components/admin/__tests__/admin.test.tsx > SettingsManagement error state > should have retry button
TypeError: useQuery.mockReturnValue is not a function
 ❯ client/src/components/admin/__tests__/admin.test.tsx:166:18
    164|     beforeEach(() => {
    165|         const { useQuery } = require('@tanstack/react-query');
    166|         useQuery.mockReturnValue({
       |                  ^
    167|             data: null,
    168|             isLoading: false,

⎯⎯⎯⎯⎯⎯⎯⎯⎯⎯⎯⎯⎯⎯⎯⎯⎯⎯⎯[144/1250]⎯

 FAIL  client/src/components/chat/__tests__/ai-chat-bot.test.tsx > AIChatBot Component — واجهة الجات بوت > يعرض زر الفتح العائم
ReferenceError: React is not defined
 ❯ client/src/components/chat/__tests__/ai-chat-bot.test.tsx:293:16
    291| 
    292|     it("يعرض زر الفتح العائم", () => {
    293|         render(<AIChatBot />);
       |                ^
    294|         const btn = screen.getByRole("button", { name: /فتح مساعد AQUA…
    295|         expect(btn).toBeInTheDocument();

⎯⎯⎯⎯⎯⎯⎯⎯⎯⎯⎯⎯⎯⎯⎯⎯⎯⎯⎯[145/1250]⎯

 FAIL  client/src/components/chat/__tests__/ai-chat-bot.test.tsx > AIChatBot Component — واجهة الجات بوت > يفتح نافذة المحادثة عند الضغط على الزر العائم
ReferenceError: React is not defined
 ❯ client/src/components/chat/__tests__/ai-chat-bot.test.tsx:300:16
    298|     it("يفتح نافذة المحادثة عند الضغط على الزر العائم", async () => {
    299|         const user = userEvent.setup();
    300|         render(<AIChatBot />);
       |                ^
    301| 
    302|         const floatBtn = screen.getByRole("button", { name: /فتح مساعد…

⎯⎯⎯⎯⎯⎯⎯⎯⎯⎯⎯⎯⎯⎯⎯⎯⎯⎯⎯[146/1250]⎯

 FAIL  client/src/components/chat/__tests__/ai-chat-bot.test.tsx > AIChatBot Component — واجهة الجات بوت > يعرض رسالة الترحيب عند الفتح
ReferenceError: React is not defined
 ❯ client/src/components/chat/__tests__/ai-chat-bot.test.tsx:313:16
    311|     it("يعرض رسالة الترحيب عند الفتح", async () => {
    312|         const user = userEvent.setup();
    313|         render(<AIChatBot />);
       |                ^
    314| 
    315|         await user.click(screen.getByRole("button", { name: /فتح مساعد…

⎯⎯⎯⎯⎯⎯⎯⎯⎯⎯⎯⎯⎯⎯⎯⎯⎯⎯⎯[147/1250]⎯

 FAIL  client/src/components/chat/__tests__/ai-chat-bot.test.tsx > AIChatBot Component — واجهة الجات بوت > يظهر الأسئلة السريعة في البداية
ReferenceError: React is not defined
 ❯ client/src/components/chat/__tests__/ai-chat-bot.test.tsx:322:16
    320|     it("يظهر الأسئلة السريعة في البداية", async () => {
    321|         const user = userEvent.setup();
    322|         render(<AIChatBot />);
       |                ^
    323| 
    324|         await user.click(screen.getByRole("button", { name: /فتح مساعد…

⎯⎯⎯⎯⎯⎯⎯⎯⎯⎯⎯⎯⎯⎯⎯⎯⎯⎯⎯[148/1250]⎯

 FAIL  client/src/components/chat/__tests__/ai-chat-bot.test.tsx > AIChatBot Component — واجهة الجات بوت > يُعبئ حقل الإدخال عند الضغط على سؤال سريع
ReferenceError: React is not defined
 ❯ client/src/components/chat/__tests__/ai-chat-bot.test.tsx:332:16
    330|     it("يُعبئ حقل الإدخال عند الضغط على سؤال سريع", async () => {
    331|         const user = userEvent.setup();
    332|         render(<AIChatBot />);
       |                ^
    333| 
    334|         await user.click(screen.getByRole("button", { name: /فتح مساعد…

⎯⎯⎯⎯⎯⎯⎯⎯⎯⎯⎯⎯⎯⎯⎯⎯⎯⎯⎯[149/1250]⎯

 FAIL  client/src/components/chat/__tests__/ai-chat-bot.test.tsx > AIChatBot Component — واجهة الجات بوت > يغلق النافذة عند الضغط على X
ReferenceError: React is not defined
 ❯ client/src/components/chat/__tests__/ai-chat-bot.test.tsx:345:16
    343|     it("يغلق النافذة عند الضغط على X", async () => {
    344|         const user = userEvent.setup();
    345|         render(<AIChatBot />);
       |                ^
    346| 
    347|         await user.click(screen.getByRole("button", { name: /فتح مساعد…

⎯⎯⎯⎯⎯⎯⎯⎯⎯⎯⎯⎯⎯⎯⎯⎯⎯⎯⎯[150/1250]⎯

 FAIL  client/src/components/chat/__tests__/ai-chat-bot.test.tsx > AIChatBot Component — واجهة الجات بوت > يُعطّل الإدخال أثناء الـ streaming
ReferenceError: React is not defined
 ❯ client/src/components/chat/__tests__/ai-chat-bot.test.tsx:374:16
    372| 
    373|         const user = userEvent.setup();
    374|         render(<AIChatBot />);
       |                ^
    375| 
    376|         await user.click(screen.getByRole("button", { name: /فتح مساعد…

⎯⎯⎯⎯⎯⎯⎯⎯⎯⎯⎯⎯⎯⎯⎯⎯⎯⎯⎯[151/1250]⎯

 FAIL  client/src/components/chat/__tests__/ai-chat-bot.test.tsx > AIChatBot Component — واجهة الجات بوت > يُرسل رسالة المستخدم لـ /api/ai/chat/stream
ReferenceError: React is not defined
 ❯ client/src/components/chat/__tests__/ai-chat-bot.test.tsx:404:16
    402|         );
    403| 
    404|         render(<AIChatBot />);
       |                ^
    405|         await user.click(screen.getByRole("button", { name: /فتح مساعد…
    406| 

⎯⎯⎯⎯⎯⎯⎯⎯⎯⎯⎯⎯⎯⎯⎯⎯⎯⎯⎯[152/1250]⎯

 FAIL  client/src/components/chat/__tests__/ai-chat-bot.test.tsx > AIChatBot Component — واجهة الجات بوت > يعرض رد البوت بعد انتهاء الـ streaming
ReferenceError: React is not defined
 ❯ client/src/components/chat/__tests__/ai-chat-bot.test.tsx:434:16
    432|         );
    433| 
    434|         render(<AIChatBot />);
       |                ^
    435|         await user.click(screen.getByRole("button", { name: /فتح مساعد…
    436| 

⎯⎯⎯⎯⎯⎯⎯⎯⎯⎯⎯⎯⎯⎯⎯⎯⎯⎯⎯[153/1250]⎯

 FAIL  client/src/components/chat/__tests__/ai-chat-bot.test.tsx > AIChatBot Component — واجهة الجات بوت > يطبق النص المصحح (normalizedText) عند انتهاء الـ streaming
ReferenceError: React is not defined
 ❯ client/src/components/chat/__tests__/ai-chat-bot.test.tsx:462:38
    460|         } as unknown as Response);
    461| 
    462|         const { container } = render(<AIChatBot />);
       |                                      ^
    463|         await user.click(screen.getByRole("button", { name: /فتح مساعد…
    464| 

⎯⎯⎯⎯⎯⎯⎯⎯⎯⎯⎯⎯⎯⎯⎯⎯⎯⎯⎯[154/1250]⎯

 FAIL  client/src/components/chat/__tests__/ai-chat-bot.test.tsx > AIChatBot Component — واجهة الجات بوت > يعرض رسالة خطأ عند فشل الـ fetch
ReferenceError: React is not defined
 ❯ client/src/components/chat/__tests__/ai-chat-bot.test.tsx:483:16
    481|         mockFetch.mockResolvedValue({ ok: false, body: null } as unkno…
    482| 
    483|         render(<AIChatBot />);
       |                ^
    484|         await user.click(screen.getByRole("button", { name: /فتح مساعد…
    485| 

⎯⎯⎯⎯⎯⎯⎯⎯⎯⎯⎯⎯⎯⎯⎯⎯⎯⎯⎯[155/1250]⎯

 FAIL  client/src/components/chat/__tests__/ai-chat-bot.test.tsx > AIChatBot Component — واجهة الجات بوت > يُفرغ حقل الإدخال بعد الإرسال
ReferenceError: React is not defined
 ❯ client/src/components/chat/__tests__/ai-chat-bot.test.tsx:497:16
    495|     it("يُفرغ حقل الإدخال بعد الإرسال", async () => {
    496|         const user = userEvent.setup();
    497|         render(<AIChatBot />);
       |                ^
    498| 
    499|         await user.click(screen.getByRole("button", { name: /فتح مساعد…

⎯⎯⎯⎯⎯⎯⎯⎯⎯⎯⎯⎯⎯⎯⎯⎯⎯⎯⎯[156/1250]⎯

 FAIL  client/src/components/chat/__tests__/ai-chat-bot.test.tsx > AIChatBot Component — واجهة الجات بوت > لا يرسل رسالة فارغة
ReferenceError: React is not defined
 ❯ client/src/components/chat/__tests__/ai-chat-bot.test.tsx:512:16
    510|     it("لا يرسل رسالة فارغة", async () => {
    511|         const user = userEvent.setup();
    512|         render(<AIChatBot />);
       |                ^
    513| 
    514|         await user.click(screen.getByRole("button", { name: /فتح مساعد…

⎯⎯⎯⎯⎯⎯⎯⎯⎯⎯⎯⎯⎯⎯⎯⎯⎯⎯⎯[157/1250]⎯

 FAIL  client/src/components/calculators/__tests__/calculators.test.tsx > TankSizeCalculator > should render the calculator
 FAIL  client/src/components/calculators/__tests__/calculators.test.tsx > TankSizeCalculator > should have input fields for dimensions
 FAIL  client/src/components/calculators/__tests__/calculators.test.tsx > TankSizeCalculator > should have a calculate button
 FAIL  client/src/components/calculators/__tests__/calculators.test.tsx > TankSizeCalculator > should display title and description
 FAIL  client/src/components/calculators/__tests__/calculators.test.tsx > TankSizeCalculator > should have unit selectors
 FAIL  client/src/components/calculators/__tests__/calculators.test.tsx > TankSizeCalculator > should accept numeric input in fields
 FAIL  client/src/components/calculators/__tests__/calculators.test.tsx > TankSizeCalculator > should have calculator icon in title
ReferenceError: React is not defined
 ❯ TankSizeCalculator client/src/components/calculators/tank-size-calculator.tsx:60:5
     58|     };
     59| 
     60|     return (
       |     ^
     61|         <Card>
     62|             <CardHeader>
 ❯ Object.react_stack_bottom_frame node_modules/.pnpm/react-dom@19.2.6_react@19.2.6/node_modules/react-dom/cjs/react-dom-client.development.js:25904:20
 ❯ renderWithHooks node_modules/.pnpm/react-dom@19.2.6_react@19.2.6/node_modules/react-dom/cjs/react-dom-client.development.js:7662:22
 ❯ updateFunctionComponent node_modules/.pnpm/react-dom@19.2.6_react@19.2.6/node_modules/react-dom/cjs/react-dom-client.development.js:10166:19
 ❯ beginWork node_modules/.pnpm/react-dom@19.2.6_react@19.2.6/node_modules/react-dom/cjs/react-dom-client.development.js:11778:18
 ❯ runWithFiberInDEV node_modules/.pnpm/react-dom@19.2.6_react@19.2.6/node_modules/react-dom/cjs/react-dom-client.development.js:874:13
 ❯ performUnitOfWork node_modules/.pnpm/react-dom@19.2.6_react@19.2.6/node_modules/react-dom/cjs/react-dom-client.development.js:17641:22
 ❯ workLoopSync node_modules/.pnpm/react-dom@19.2.6_react@19.2.6/node_modules/react-dom/cjs/react-dom-client.development.js:17469:41
 ❯ renderRootSync node_modules/.pnpm/react-dom@19.2.6_react@19.2.6/node_modules/react-dom/cjs/react-dom-client.development.js:17450:11
 ❯ performWorkOnRoot node_modules/.pnpm/react-dom@19.2.6_react@19.2.6/node_modules/react-dom/cjs/react-dom-client.development.js:16583:35

⎯⎯⎯⎯⎯⎯⎯⎯⎯⎯⎯⎯⎯⎯⎯⎯⎯⎯⎯[158/1250]⎯

 FAIL  client/src/components/calculators/__tests__/calculators.test.tsx > Calculator Components Integration > TankSizeCalculator renders without crashing
AssertionError: expected [Function] to not throw an error but 'ReferenceError: React is not defined' was thrown

- Expected: 
undefined

+ Received: 
"ReferenceError: React is not defined"

 ❯ client/src/components/calculators/__tests__/calculators.test.tsx:107:58
    105| describe('Calculator Components Integration', () => {
    106|     it('TankSizeCalculator renders without crashing', () => {
    107|         expect(() => render(<TankSizeCalculator />)).not.toThrow();
       |                                                          ^
    108|     });
    109| });

⎯⎯⎯⎯⎯⎯⎯⎯⎯⎯⎯⎯⎯⎯⎯⎯⎯⎯⎯[159/1250]⎯

 FAIL  client/src/components/effects/__tests__/effects.test.tsx > ScrollProgress > should render the progress bar
 FAIL  client/src/components/effects/__tests__/effects.test.tsx > ScrollProgress > should have fixed positioning
 FAIL  client/src/components/effects/__tests__/effects.test.tsx > ScrollProgress > should start with 0% width
 FAIL  client/src/components/effects/__tests__/effects.test.tsx > ScrollProgress > should update progress on scroll
 FAIL  client/src/components/effects/__tests__/effects.test.tsx > ScrollProgress > should have correct z-index for visibility
 FAIL  client/src/components/effects/__tests__/effects.test.tsx > ScrollProgress > should be pointer-events-none
ReferenceError: React is not defined
 ❯ ScrollProgress client/src/components/effects/scroll-progress.tsx:27:3
     25|   }, [handleScroll]);
     26| 
     27|   return (
       |   ^
     28|     <div className="fixed top-0 left-0 right-0 h-[3px] bg-transparent …
     29|       <div
 ❯ Object.react_stack_bottom_frame node_modules/.pnpm/react-dom@19.2.6_react@19.2.6/node_modules/react-dom/cjs/react-dom-client.development.js:25904:20
 ❯ renderWithHooks node_modules/.pnpm/react-dom@19.2.6_react@19.2.6/node_modules/react-dom/cjs/react-dom-client.development.js:7662:22
 ❯ updateFunctionComponent node_modules/.pnpm/react-dom@19.2.6_react@19.2.6/node_modules/react-dom/cjs/react-dom-client.development.js:10166:19
 ❯ beginWork node_modules/.pnpm/react-dom@19.2.6_react@19.2.6/node_modules/react-dom/cjs/react-dom-client.development.js:11778:18
 ❯ runWithFiberInDEV node_modules/.pnpm/react-dom@19.2.6_react@19.2.6/node_modules/react-dom/cjs/react-dom-client.development.js:874:13
 ❯ performUnitOfWork node_modules/.pnpm/react-dom@19.2.6_react@19.2.6/node_modules/react-dom/cjs/react-dom-client.development.js:17641:22
 ❯ workLoopSync node_modules/.pnpm/react-dom@19.2.6_react@19.2.6/node_modules/react-dom/cjs/react-dom-client.development.js:17469:41
 ❯ renderRootSync node_modules/.pnpm/react-dom@19.2.6_react@19.2.6/node_modules/react-dom/cjs/react-dom-client.development.js:17450:11
 ❯ performWorkOnRoot node_modules/.pnpm/react-dom@19.2.6_react@19.2.6/node_modules/react-dom/cjs/react-dom-client.development.js:16583:35

⎯⎯⎯⎯⎯⎯⎯⎯⎯⎯⎯⎯⎯⎯⎯⎯⎯⎯⎯[160/1250]⎯

 FAIL  client/src/components/effects/__tests__/effects.test.tsx > FloatingActionButton > should render the FAB container
 FAIL  client/src/components/effects/__tests__/effects.test.tsx > FloatingActionButton > should have fixed positioning
 FAIL  client/src/components/effects/__tests__/effects.test.tsx > FloatingActionButton > should be hidden initially when not scrolled
 FAIL  client/src/components/effects/__tests__/effects.test.tsx > FloatingActionButton > should show button after scrolling past threshold
 FAIL  client/src/components/effects/__tests__/effects.test.tsx > FloatingActionButton > should call scrollTo when clicked
 FAIL  client/src/components/effects/__tests__/effects.test.tsx > FloatingActionButton > should have aria-label for accessibility
 FAIL  client/src/components/effects/__tests__/effects.test.tsx > FloatingActionButton > should have LTR direction
 FAIL  client/src/components/effects/__tests__/effects.test.tsx > FloatingActionButton > should have rounded button
ReferenceError: React is not defined
 ❯ FloatingActionButton client/src/components/effects/floating-action-button.tsx:22:3
     20|   };
     21| 
     22|   return (
       |   ^
     23|     <div className="fixed bottom-8 left-8 flex flex-col gap-3 z-40" di…
     24|       {/* Scroll to Top Button */}
 ❯ Object.react_stack_bottom_frame node_modules/.pnpm/react-dom@19.2.6_react@19.2.6/node_modules/react-dom/cjs/react-dom-client.development.js:25904:20
 ❯ renderWithHooks node_modules/.pnpm/react-dom@19.2.6_react@19.2.6/node_modules/react-dom/cjs/react-dom-client.development.js:7662:22
 ❯ updateFunctionComponent node_modules/.pnpm/react-dom@19.2.6_react@19.2.6/node_modules/react-dom/cjs/react-dom-client.development.js:10166:19
 ❯ beginWork node_modules/.pnpm/react-dom@19.2.6_react@19.2.6/node_modules/react-dom/cjs/react-dom-client.development.js:11778:18
 ❯ runWithFiberInDEV node_modules/.pnpm/react-dom@19.2.6_react@19.2.6/node_modules/react-dom/cjs/react-dom-client.development.js:874:13
 ❯ performUnitOfWork node_modules/.pnpm/react-dom@19.2.6_react@19.2.6/node_modules/react-dom/cjs/react-dom-client.development.js:17641:22
 ❯ workLoopSync node_modules/.pnpm/react-dom@19.2.6_react@19.2.6/node_modules/react-dom/cjs/react-dom-client.development.js:17469:41
 ❯ renderRootSync node_modules/.pnpm/react-dom@19.2.6_react@19.2.6/node_modules/react-dom/cjs/react-dom-client.development.js:17450:11
 ❯ performWorkOnRoot node_modules/.pnpm/react-dom@19.2.6_react@19.2.6/node_modules/react-dom/cjs/react-dom-client.development.js:16583:35

⎯⎯⎯⎯⎯⎯⎯⎯⎯⎯⎯⎯⎯⎯⎯⎯⎯⎯⎯[161/1250]⎯

 FAIL  client/src/components/effects/__tests__/effects.test.tsx > Effects components integration > ScrollProgress renders without crashing
AssertionError: expected [Function] to not throw an error but 'ReferenceError: React is not defined' was thrown

- Expected: 
undefined

+ Received: 
"ReferenceError: React is not defined"

 ❯ client/src/components/effects/__tests__/effects.test.tsx:153:54
    151| describe('Effects components integration', () => {
    152|     it('ScrollProgress renders without crashing', () => {
    153|         expect(() => render(<ScrollProgress />)).not.toThrow();
       |                                                      ^
    154|     });
    155| 

⎯⎯⎯⎯⎯⎯⎯⎯⎯⎯⎯⎯⎯⎯⎯⎯⎯⎯⎯[162/1250]⎯

 FAIL  client/src/components/effects/__tests__/effects.test.tsx > Effects components integration > FloatingActionButton renders without crashing
AssertionError: expected [Function] to not throw an error but 'ReferenceError: React is not defined' was thrown

- Expected: 
undefined

+ Received: 
"ReferenceError: React is not defined"

 ❯ client/src/components/effects/__tests__/effects.test.tsx:157:60
    155| 
    156|     it('FloatingActionButton renders without crashing', () => {
    157|         expect(() => render(<FloatingActionButton />)).not.toThrow();
       |                                                            ^
    158|     });
    159| });

⎯⎯⎯⎯⎯⎯⎯⎯⎯⎯⎯⎯⎯⎯⎯⎯⎯⎯⎯[163/1250]⎯

 FAIL  client/src/components/reviews/__tests__/reviews.test.tsx > RatingStars > should render correct number of full stars
 FAIL  client/src/components/reviews/__tests__/reviews.test.tsx > RatingStars > should render half star when rating has decimal >= 0.5
 FAIL  client/src/components/reviews/__tests__/reviews.test.tsx > RatingStars > should render all empty stars for rating 0
 FAIL  client/src/components/reviews/__tests__/reviews.test.tsx > RatingStars > should render all full stars for rating 5
 FAIL  client/src/components/reviews/__tests__/reviews.test.tsx > RatingStars > should show numeric value when showValue is true
 FAIL  client/src/components/reviews/__tests__/reviews.test.tsx > RatingStars > should not show numeric value when showValue is false
 FAIL  client/src/components/reviews/__tests__/reviews.test.tsx > RatingStars > should use custom maxRating
 FAIL  client/src/components/reviews/__tests__/reviews.test.tsx > RatingStars > should apply small size classes
 FAIL  client/src/components/reviews/__tests__/reviews.test.tsx > RatingStars > should apply large size classes
 FAIL  client/src/components/reviews/__tests__/reviews.test.tsx > RatingStars > should be interactive when interactive prop is true
 FAIL  client/src/components/reviews/__tests__/reviews.test.tsx > RatingStars > should call onRatingChange when star is clicked in interactive mode
 FAIL  client/src/components/reviews/__tests__/reviews.test.tsx > RatingStars > should not call onRatingChange when not interactive
 FAIL  client/src/components/reviews/__tests__/reviews.test.tsx > RatingStars > should apply custom className
 FAIL  client/src/components/reviews/__tests__/reviews.test.tsx > RatingStars > should have RTL direction on stars container
 FAIL  client/src/components/reviews/__tests__/reviews.test.tsx > RatingStars edge cases > should handle decimal rating correctly
 FAIL  client/src/components/reviews/__tests__/reviews.test.tsx > RatingStars edge cases > should handle rating of 0.4 without half star
ReferenceError: React is not defined
 ❯ RatingStars client/src/components/reviews/rating-stars.tsx:45:5
     43|     };
     44| 
     45|     return (
       |     ^
     46|         <div className={cn("flex items-center gap-1", className)}>
     47|             <div className="flex" dir="ltr">
 ❯ Object.react_stack_bottom_frame node_modules/.pnpm/react-dom@19.2.6_react@19.2.6/node_modules/react-dom/cjs/react-dom-client.development.js:25904:20
 ❯ renderWithHooks node_modules/.pnpm/react-dom@19.2.6_react@19.2.6/node_modules/react-dom/cjs/react-dom-client.development.js:7662:22
 ❯ updateFunctionComponent node_modules/.pnpm/react-dom@19.2.6_react@19.2.6/node_modules/react-dom/cjs/react-dom-client.development.js:10166:19
 ❯ beginWork node_modules/.pnpm/react-dom@19.2.6_react@19.2.6/node_modules/react-dom/cjs/react-dom-client.development.js:11778:18
 ❯ runWithFiberInDEV node_modules/.pnpm/react-dom@19.2.6_react@19.2.6/node_modules/react-dom/cjs/react-dom-client.development.js:874:13
 ❯ performUnitOfWork node_modules/.pnpm/react-dom@19.2.6_react@19.2.6/node_modules/react-dom/cjs/react-dom-client.development.js:17641:22
 ❯ workLoopSync node_modules/.pnpm/react-dom@19.2.6_react@19.2.6/node_modules/react-dom/cjs/react-dom-client.development.js:17469:41
 ❯ renderRootSync node_modules/.pnpm/react-dom@19.2.6_react@19.2.6/node_modules/react-dom/cjs/react-dom-client.development.js:17450:11
 ❯ performWorkOnRoot node_modules/.pnpm/react-dom@19.2.6_react@19.2.6/node_modules/react-dom/cjs/react-dom-client.development.js:16583:35

⎯⎯⎯⎯⎯⎯⎯⎯⎯⎯⎯⎯⎯⎯⎯⎯⎯⎯⎯[164/1250]⎯

 FAIL  client/src/components/reviews/__tests__/reviews.test.tsx > RatingStars edge cases > should handle rating greater than maxRating
AssertionError: expected [Function] to not throw an error but 'ReferenceError: React is not defined' was thrown

- Expected: 
undefined

+ Received: 
"ReferenceError: React is not defined"

 ❯ client/src/components/reviews/__tests__/reviews.test.tsx:142:77
    140| 
    141|     it('should handle rating greater than maxRating', () => {
    142|         expect(() => render(<RatingStars rating={10} maxRating={5} />)…
       |                                                                             ^
    143|     });
    144| 

⎯⎯⎯⎯⎯⎯⎯⎯⎯⎯⎯⎯⎯⎯⎯⎯⎯⎯⎯[165/1250]⎯

 FAIL  client/src/components/products/__tests__/product-card.test.tsx > ProductCard Component > should render product card
 FAIL  client/src/components/products/__tests__/product-card.test.tsx > ProductCard Component > should display product name
 FAIL  client/src/components/products/__tests__/product-card.test.tsx > ProductCard Component > should link to product details page
ReferenceError: React is not defined
 ❯ ProductCard2 client/src/components/products/product-card.tsx:74:3
     72|     : (product.stock ?? 0) <= 0;
     73| 
     74|   return (
       |   ^
     75|     <>
     76|       <Link href={`/products/${product.slug}`} aria-label={`عرض تفاصيل…
 ❯ Object.react_stack_bottom_frame node_modules/.pnpm/react-dom@19.2.6_react@19.2.6/node_modules/react-dom/cjs/react-dom-client.development.js:25904:20
 ❯ renderWithHooks node_modules/.pnpm/react-dom@19.2.6_react@19.2.6/node_modules/react-dom/cjs/react-dom-client.development.js:7662:22
 ❯ updateFunctionComponent node_modules/.pnpm/react-dom@19.2.6_react@19.2.6/node_modules/react-dom/cjs/react-dom-client.development.js:10166:19
 ❯ updateSimpleMemoComponent node_modules/.pnpm/react-dom@19.2.6_react@19.2.6/node_modules/react-dom/cjs/react-dom-client.development.js:9830:14
 ❯ updateMemoComponent node_modules/.pnpm/react-dom@19.2.6_react@19.2.6/node_modules/react-dom/cjs/react-dom-client.development.js:9763:13
 ❯ beginWork node_modules/.pnpm/react-dom@19.2.6_react@19.2.6/node_modules/react-dom/cjs/react-dom-client.development.js:12204:18
 ❯ runWithFiberInDEV node_modules/.pnpm/react-dom@19.2.6_react@19.2.6/node_modules/react-dom/cjs/react-dom-client.development.js:874:13
 ❯ performUnitOfWork node_modules/.pnpm/react-dom@19.2.6_react@19.2.6/node_modules/react-dom/cjs/react-dom-client.development.js:17641:22
 ❯ workLoopSync node_modules/.pnpm/react-dom@19.2.6_react@19.2.6/node_modules/react-dom/cjs/react-dom-client.development.js:17469:41

⎯⎯⎯⎯⎯⎯⎯⎯⎯⎯⎯⎯⎯⎯⎯⎯⎯⎯⎯[166/1250]⎯

 FAIL  client/src/components/ui/__tests__/badge.test.tsx > Badge > Rendering > should render with children
ReferenceError: React is not defined
 ❯ client/src/components/ui/__tests__/badge.test.tsx:13:20
     11|     describe('Rendering', () => {
     12|         it('should render with children', () => {
     13|             render(<Badge>New</Badge>);
       |                    ^
     14|             expect(screen.getByText('New')).toBeInTheDocument();
     15|         });

⎯⎯⎯⎯⎯⎯⎯⎯⎯⎯⎯⎯⎯⎯⎯⎯⎯⎯⎯[167/1250]⎯

 FAIL  client/src/components/ui/__tests__/badge.test.tsx > Badge > Rendering > should apply custom className
ReferenceError: React is not defined
 ❯ client/src/components/ui/__tests__/badge.test.tsx:18:20
     16| 
     17|         it('should apply custom className', () => {
     18|             render(<Badge className="custom-badge">Custom</Badge>);
       |                    ^
     19|             const badge = screen.getByText('Custom');
     20|             expect(badge).toHaveClass('custom-badge');

⎯⎯⎯⎯⎯⎯⎯⎯⎯⎯⎯⎯⎯⎯⎯⎯⎯⎯⎯[168/1250]⎯

 FAIL  client/src/components/ui/__tests__/badge.test.tsx > Badge > Variants > should render default variant
ReferenceError: React is not defined
 ❯ client/src/components/ui/__tests__/badge.test.tsx:26:20
     24|     describe('Variants', () => {
     25|         it('should render default variant', () => {
     26|             render(<Badge variant="default">Default</Badge>);
       |                    ^
     27|             expect(screen.getByText('Default')).toBeInTheDocument();
     28|         });

⎯⎯⎯⎯⎯⎯⎯⎯⎯⎯⎯⎯⎯⎯⎯⎯⎯⎯⎯[169/1250]⎯

 FAIL  client/src/components/ui/__tests__/badge.test.tsx > Badge > Variants > should render secondary variant
ReferenceError: React is not defined
 ❯ client/src/components/ui/__tests__/badge.test.tsx:31:20
     29| 
     30|         it('should render secondary variant', () => {
     31|             render(<Badge variant="secondary">Secondary</Badge>);
       |                    ^
     32|             expect(screen.getByText('Secondary')).toBeInTheDocument();
     33|         });

⎯⎯⎯⎯⎯⎯⎯⎯⎯⎯⎯⎯⎯⎯⎯⎯⎯⎯⎯[170/1250]⎯

 FAIL  client/src/components/ui/__tests__/badge.test.tsx > Badge > Variants > should render destructive variant
ReferenceError: React is not defined
 ❯ client/src/components/ui/__tests__/badge.test.tsx:36:20
     34| 
     35|         it('should render destructive variant', () => {
     36|             render(<Badge variant="destructive">Error</Badge>);
       |                    ^
     37|             expect(screen.getByText('Error')).toBeInTheDocument();
     38|         });

⎯⎯⎯⎯⎯⎯⎯⎯⎯⎯⎯⎯⎯⎯⎯⎯⎯⎯⎯[171/1250]⎯

 FAIL  client/src/components/ui/__tests__/badge.test.tsx > Badge > Variants > should render outline variant
ReferenceError: React is not defined
 ❯ client/src/components/ui/__tests__/badge.test.tsx:41:20
     39| 
     40|         it('should render outline variant', () => {
     41|             render(<Badge variant="outline">Outline</Badge>);
       |                    ^
     42|             expect(screen.getByText('Outline')).toBeInTheDocument();
     43|         });

⎯⎯⎯⎯⎯⎯⎯⎯⎯⎯⎯⎯⎯⎯⎯⎯⎯⎯⎯[172/1250]⎯

 FAIL  client/src/components/ui/__tests__/badge.test.tsx > Badge > Use Cases > should work for new product badge
ReferenceError: React is not defined
 ❯ client/src/components/ui/__tests__/badge.test.tsx:48:20
     46|     describe('Use Cases', () => {
     47|         it('should work for new product badge', () => {
     48|             render(<Badge>جديد</Badge>);
       |                    ^
     49|             expect(screen.getByText('جديد')).toBeInTheDocument();
     50|         });

⎯⎯⎯⎯⎯⎯⎯⎯⎯⎯⎯⎯⎯⎯⎯⎯⎯⎯⎯[173/1250]⎯

 FAIL  client/src/components/ui/__tests__/badge.test.tsx > Badge > Use Cases > should work for sale badge
ReferenceError: React is not defined
 ❯ client/src/components/ui/__tests__/badge.test.tsx:53:20
     51| 
     52|         it('should work for sale badge', () => {
     53|             render(<Badge variant="destructive">خصم 20%</Badge>);
       |                    ^
     54|             expect(screen.getByText('خصم 20%')).toBeInTheDocument();
     55|         });

⎯⎯⎯⎯⎯⎯⎯⎯⎯⎯⎯⎯⎯⎯⎯⎯⎯⎯⎯[174/1250]⎯

 FAIL  client/src/components/ui/__tests__/badge.test.tsx > Badge > Use Cases > should work for stock status
ReferenceError: React is not defined
 ❯ client/src/components/ui/__tests__/badge.test.tsx:58:20
     56| 
     57|         it('should work for stock status', () => {
     58|             render(<Badge variant="secondary">متوفر</Badge>);
       |                    ^
     59|             expect(screen.getByText('متوفر')).toBeInTheDocument();
     60|         });

⎯⎯⎯⎯⎯⎯⎯⎯⎯⎯⎯⎯⎯⎯⎯⎯⎯⎯⎯[175/1250]⎯

 FAIL  client/src/components/ui/__tests__/button.test.tsx > Button > Rendering > should render with children
ReferenceError: React is not defined
 ❯ client/src/components/ui/__tests__/button.test.tsx:14:20
     12|     describe('Rendering', () => {
     13|         it('should render with children', () => {
     14|             render(<Button>Click me</Button>);
       |                    ^
     15|             expect(screen.getByRole('button')).toHaveTextContent('Clic…
     16|         });

⎯⎯⎯⎯⎯⎯⎯⎯⎯⎯⎯⎯⎯⎯⎯⎯⎯⎯⎯[176/1250]⎯

 FAIL  client/src/components/ui/__tests__/button.test.tsx > Button > Rendering > should render as button by default
ReferenceError: React is not defined
 ❯ client/src/components/ui/__tests__/button.test.tsx:19:20
     17| 
     18|         it('should render as button by default', () => {
     19|             render(<Button>Test</Button>);
       |                    ^
     20|             expect(screen.getByRole('button')).toBeInTheDocument();
     21|         });

⎯⎯⎯⎯⎯⎯⎯⎯⎯⎯⎯⎯⎯⎯⎯⎯⎯⎯⎯[177/1250]⎯

 FAIL  client/src/components/ui/__tests__/button.test.tsx > Button > Rendering > should apply custom className
ReferenceError: React is not defined
 ❯ client/src/components/ui/__tests__/button.test.tsx:24:20
     22| 
     23|         it('should apply custom className', () => {
     24|             render(<Button className="custom-class">Test</Button>);
       |                    ^
     25|             expect(screen.getByRole('button')).toHaveClass('custom-cla…
     26|         });

⎯⎯⎯⎯⎯⎯⎯⎯⎯⎯⎯⎯⎯⎯⎯⎯⎯⎯⎯[178/1250]⎯

 FAIL  client/src/components/ui/__tests__/button.test.tsx > Button > Variants > should render default variant
ReferenceError: React is not defined
 ❯ client/src/components/ui/__tests__/button.test.tsx:31:20
     29|     describe('Variants', () => {
     30|         it('should render default variant', () => {
     31|             render(<Button variant="default">Default</Button>);
       |                    ^
     32|             expect(screen.getByRole('button')).toBeInTheDocument();
     33|         });

⎯⎯⎯⎯⎯⎯⎯⎯⎯⎯⎯⎯⎯⎯⎯⎯⎯⎯⎯[179/1250]⎯

 FAIL  client/src/components/ui/__tests__/button.test.tsx > Button > Variants > should render destructive variant
ReferenceError: React is not defined
 ❯ client/src/components/ui/__tests__/button.test.tsx:36:20
     34| 
     35|         it('should render destructive variant', () => {
     36|             render(<Button variant="destructive">Delete</Button>);
       |                    ^
     37|             expect(screen.getByRole('button')).toBeInTheDocument();
     38|         });

⎯⎯⎯⎯⎯⎯⎯⎯⎯⎯⎯⎯⎯⎯⎯⎯⎯⎯⎯[180/1250]⎯

 FAIL  client/src/components/ui/__tests__/button.test.tsx > Button > Variants > should render outline variant
ReferenceError: React is not defined
 ❯ client/src/components/ui/__tests__/button.test.tsx:41:20
     39| 
     40|         it('should render outline variant', () => {
     41|             render(<Button variant="outline">Outline</Button>);
       |                    ^
     42|             expect(screen.getByRole('button')).toBeInTheDocument();
     43|         });

⎯⎯⎯⎯⎯⎯⎯⎯⎯⎯⎯⎯⎯⎯⎯⎯⎯⎯⎯[181/1250]⎯

 FAIL  client/src/components/ui/__tests__/button.test.tsx > Button > Variants > should render secondary variant
ReferenceError: React is not defined
 ❯ client/src/components/ui/__tests__/button.test.tsx:46:20
     44| 
     45|         it('should render secondary variant', () => {
     46|             render(<Button variant="secondary">Secondary</Button>);
       |                    ^
     47|             expect(screen.getByRole('button')).toBeInTheDocument();
     48|         });

⎯⎯⎯⎯⎯⎯⎯⎯⎯⎯⎯⎯⎯⎯⎯⎯⎯⎯⎯[182/1250]⎯

 FAIL  client/src/components/ui/__tests__/button.test.tsx > Button > Variants > should render ghost variant
ReferenceError: React is not defined
 ❯ client/src/components/ui/__tests__/button.test.tsx:51:20
     49| 
     50|         it('should render ghost variant', () => {
     51|             render(<Button variant="ghost">Ghost</Button>);
       |                    ^
     52|             expect(screen.getByRole('button')).toBeInTheDocument();
     53|         });

⎯⎯⎯⎯⎯⎯⎯⎯⎯⎯⎯⎯⎯⎯⎯⎯⎯⎯⎯[183/1250]⎯

 FAIL  client/src/components/ui/__tests__/button.test.tsx > Button > Variants > should render link variant
ReferenceError: React is not defined
 ❯ client/src/components/ui/__tests__/button.test.tsx:56:20
     54| 
     55|         it('should render link variant', () => {
     56|             render(<Button variant="link">Link</Button>);
       |                    ^
     57|             expect(screen.getByRole('button')).toBeInTheDocument();
     58|         });

⎯⎯⎯⎯⎯⎯⎯⎯⎯⎯⎯⎯⎯⎯⎯⎯⎯⎯⎯[184/1250]⎯

 FAIL  client/src/components/ui/__tests__/button.test.tsx > Button > Sizes > should render default size
ReferenceError: React is not defined
 ❯ client/src/components/ui/__tests__/button.test.tsx:63:20
     61|     describe('Sizes', () => {
     62|         it('should render default size', () => {
     63|             render(<Button size="default">Default</Button>);
       |                    ^
     64|             expect(screen.getByRole('button')).toBeInTheDocument();
     65|         });

⎯⎯⎯⎯⎯⎯⎯⎯⎯⎯⎯⎯⎯⎯⎯⎯⎯⎯⎯[185/1250]⎯

 FAIL  client/src/components/ui/__tests__/button.test.tsx > Button > Sizes > should render small size
ReferenceError: React is not defined
 ❯ client/src/components/ui/__tests__/button.test.tsx:68:20
     66| 
     67|         it('should render small size', () => {
     68|             render(<Button size="sm">Small</Button>);
       |                    ^
     69|             expect(screen.getByRole('button')).toBeInTheDocument();
     70|         });

⎯⎯⎯⎯⎯⎯⎯⎯⎯⎯⎯⎯⎯⎯⎯⎯⎯⎯⎯[186/1250]⎯

 FAIL  client/src/components/ui/__tests__/button.test.tsx > Button > Sizes > should render large size
ReferenceError: React is not defined
 ❯ client/src/components/ui/__tests__/button.test.tsx:73:20
     71| 
     72|         it('should render large size', () => {
     73|             render(<Button size="lg">Large</Button>);
       |                    ^
     74|             expect(screen.getByRole('button')).toBeInTheDocument();
     75|         });

⎯⎯⎯⎯⎯⎯⎯⎯⎯⎯⎯⎯⎯⎯⎯⎯⎯⎯⎯[187/1250]⎯

 FAIL  client/src/components/ui/__tests__/button.test.tsx > Button > Sizes > should render icon size
ReferenceError: React is not defined
 ❯ client/src/components/ui/__tests__/button.test.tsx:78:20
     76| 
     77|         it('should render icon size', () => {
     78|             render(<Button size="icon">🔍</Button>);
       |                    ^
     79|             expect(screen.getByRole('button')).toBeInTheDocument();
     80|         });

⎯⎯⎯⎯⎯⎯⎯⎯⎯⎯⎯⎯⎯⎯⎯⎯⎯⎯⎯[188/1250]⎯

 FAIL  client/src/components/ui/__tests__/button.test.tsx > Button > Interactions > should call onClick when clicked
ReferenceError: React is not defined
 ❯ client/src/components/ui/__tests__/button.test.tsx:88:20
     86|             const handleClick = vi.fn();
     87| 
     88|             render(<Button onClick={handleClick}>Click me</Button>);
       |                    ^
     89|             await user.click(screen.getByRole('button'));
     90| 

⎯⎯⎯⎯⎯⎯⎯⎯⎯⎯⎯⎯⎯⎯⎯⎯⎯⎯⎯[189/1250]⎯

 FAIL  client/src/components/ui/__tests__/button.test.tsx > Button > Interactions > should not call onClick when disabled
ReferenceError: React is not defined
 ❯ client/src/components/ui/__tests__/button.test.tsx:98:20
     96|             const handleClick = vi.fn();
     97| 
     98|             render(<Button onClick={handleClick} disabled>Disabled</Bu…
       |                    ^
     99|             await user.click(screen.getByRole('button'));
    100| 

⎯⎯⎯⎯⎯⎯⎯⎯⎯⎯⎯⎯⎯⎯⎯⎯⎯⎯⎯[190/1250]⎯

 FAIL  client/src/components/ui/__tests__/button.test.tsx > Button > Disabled State > should be disabled when disabled prop is true
ReferenceError: React is not defined
 ❯ client/src/components/ui/__tests__/button.test.tsx:107:20
    105|     describe('Disabled State', () => {
    106|         it('should be disabled when disabled prop is true', () => {
    107|             render(<Button disabled>Disabled</Button>);
       |                    ^
    108|             expect(screen.getByRole('button')).toBeDisabled();
    109|         });

⎯⎯⎯⎯⎯⎯⎯⎯⎯⎯⎯⎯⎯⎯⎯⎯⎯⎯⎯[191/1250]⎯

 FAIL  client/src/components/ui/__tests__/button.test.tsx > Button > Disabled State > should not be disabled by default
ReferenceError: React is not defined
 ❯ client/src/components/ui/__tests__/button.test.tsx:112:20
    110| 
    111|         it('should not be disabled by default', () => {
    112|             render(<Button>Enabled</Button>);
       |                    ^
    113|             expect(screen.getByRole('button')).not.toBeDisabled();
    114|         });

⎯⎯⎯⎯⎯⎯⎯⎯⎯⎯⎯⎯⎯⎯⎯⎯⎯⎯⎯[192/1250]⎯

 FAIL  client/src/components/ui/__tests__/button.test.tsx > Button > As Child (Polymorphism) > should render as child element when asChild is true
ReferenceError: React is not defined
 ❯ client/src/components/ui/__tests__/button.test.tsx:120:17
    118|         it('should render as child element when asChild is true', () =…
    119|             render(
    120|                 <Button asChild>
       |                 ^
    121|                     <a href="/test">Link Button</a>
    122|                 </Button>

⎯⎯⎯⎯⎯⎯⎯⎯⎯⎯⎯⎯⎯⎯⎯⎯⎯⎯⎯[193/1250]⎯

 FAIL  client/src/components/ui/__tests__/button.test.tsx > Button > Accessibility > should have accessible role
ReferenceError: React is not defined
 ❯ client/src/components/ui/__tests__/button.test.tsx:130:20
    128|     describe('Accessibility', () => {
    129|         it('should have accessible role', () => {
    130|             render(<Button>Accessible</Button>);
       |                    ^
    131|             expect(screen.getByRole('button')).toBeInTheDocument();
    132|         });

⎯⎯⎯⎯⎯⎯⎯⎯⎯⎯⎯⎯⎯⎯⎯⎯⎯⎯⎯[194/1250]⎯

 FAIL  client/src/components/ui/__tests__/button.test.tsx > Button > Accessibility > should support aria-label
ReferenceError: React is not defined
 ❯ client/src/components/ui/__tests__/button.test.tsx:135:20
    133| 
    134|         it('should support aria-label', () => {
    135|             render(<Button aria-label="Close dialog">X</Button>);
       |                    ^
    136|             expect(screen.getByLabelText('Close dialog')).toBeInTheDoc…
    137|         });

⎯⎯⎯⎯⎯⎯⎯⎯⎯⎯⎯⎯⎯⎯⎯⎯⎯⎯⎯[195/1250]⎯

 FAIL  client/src/components/ui/__tests__/button.test.tsx > Button > Accessibility > should support type attribute
ReferenceError: React is not defined
 ❯ client/src/components/ui/__tests__/button.test.tsx:140:20
    138| 
    139|         it('should support type attribute', () => {
    140|             render(<Button type="submit">Submit</Button>);
       |                    ^
    141|             expect(screen.getByRole('button')).toHaveAttribute('type',…
    142|         });

⎯⎯⎯⎯⎯⎯⎯⎯⎯⎯⎯⎯⎯⎯⎯⎯⎯⎯⎯[196/1250]⎯

 FAIL  client/src/components/ui/__tests__/card.test.tsx > Card > Card Container > should render with children
ReferenceError: React is not defined
 ❯ client/src/components/ui/__tests__/card.test.tsx:13:20
     11|     describe('Card Container', () => {
     12|         it('should render with children', () => {
     13|             render(<Card>Card content</Card>);
       |                    ^
     14|             expect(screen.getByText('Card content')).toBeInTheDocument…
     15|         });

⎯⎯⎯⎯⎯⎯⎯⎯⎯⎯⎯⎯⎯⎯⎯⎯⎯⎯⎯[197/1250]⎯

 FAIL  client/src/components/ui/__tests__/card.test.tsx > Card > Card Container > should apply custom className
ReferenceError: React is not defined
 ❯ client/src/components/ui/__tests__/card.test.tsx:18:20
     16| 
     17|         it('should apply custom className', () => {
     18|             render(<Card className="custom-card" data-testid="card">Co…
       |                    ^
     19|             expect(screen.getByTestId('card')).toHaveClass('custom-car…
     20|         });

⎯⎯⎯⎯⎯⎯⎯⎯⎯⎯⎯⎯⎯⎯⎯⎯⎯⎯⎯[198/1250]⎯

 FAIL  client/src/components/ui/__tests__/card.test.tsx > Card > Card Container > should render as div by default
ReferenceError: React is not defined
 ❯ client/src/components/ui/__tests__/card.test.tsx:23:20
     21| 
     22|         it('should render as div by default', () => {
     23|             render(<Card data-testid="card">Content</Card>);
       |                    ^
     24|             expect(screen.getByTestId('card').tagName).toBe('DIV');
     25|         });

⎯⎯⎯⎯⎯⎯⎯⎯⎯⎯⎯⎯⎯⎯⎯⎯⎯⎯⎯[199/1250]⎯

 FAIL  client/src/components/ui/__tests__/card.test.tsx > Card > CardHeader > should render header content
ReferenceError: React is not defined
 ❯ client/src/components/ui/__tests__/card.test.tsx:31:17
     29|         it('should render header content', () => {
     30|             render(
     31|                 <Card>
       |                 ^
     32|                     <CardHeader>Header</CardHeader>
     33|                 </Card>

⎯⎯⎯⎯⎯⎯⎯⎯⎯⎯⎯⎯⎯⎯⎯⎯⎯⎯⎯[200/1250]⎯

 FAIL  client/src/components/ui/__tests__/card.test.tsx > Card > CardHeader > should apply custom className
ReferenceError: React is not defined
 ❯ client/src/components/ui/__tests__/card.test.tsx:40:17
     38|         it('should apply custom className', () => {
     39|             render(
     40|                 <Card>
       |                 ^
     41|                     <CardHeader className="custom-header" data-testid=…
     42|                         Header

⎯⎯⎯⎯⎯⎯⎯⎯⎯⎯⎯⎯⎯⎯⎯⎯⎯⎯⎯[201/1250]⎯

 FAIL  client/src/components/ui/__tests__/card.test.tsx > Card > CardTitle > should render title
ReferenceError: React is not defined
 ❯ client/src/components/ui/__tests__/card.test.tsx:53:17
     51|         it('should render title', () => {
     52|             render(
     53|                 <Card>
       |                 ^
     54|                     <CardHeader>
     55|                         <CardTitle>Test Title</CardTitle>

⎯⎯⎯⎯⎯⎯⎯⎯⎯⎯⎯⎯⎯⎯⎯⎯⎯⎯⎯[202/1250]⎯

 FAIL  client/src/components/ui/__tests__/card.test.tsx > Card > CardTitle > should render title text
ReferenceError: React is not defined
 ❯ client/src/components/ui/__tests__/card.test.tsx:64:17
     62|         it('should render title text', () => {
     63|             render(
     64|                 <Card>
       |                 ^
     65|                     <CardHeader>
     66|                         <CardTitle>Title</CardTitle>

⎯⎯⎯⎯⎯⎯⎯⎯⎯⎯⎯⎯⎯⎯⎯⎯⎯⎯⎯[203/1250]⎯

 FAIL  client/src/components/ui/__tests__/card.test.tsx > Card > CardTitle > should apply custom className
ReferenceError: React is not defined
 ❯ client/src/components/ui/__tests__/card.test.tsx:75:17
     73|         it('should apply custom className', () => {
     74|             render(
     75|                 <Card>
       |                 ^
     76|                     <CardHeader>
     77|                         <CardTitle className="custom-title" data-testi…

⎯⎯⎯⎯⎯⎯⎯⎯⎯⎯⎯⎯⎯⎯⎯⎯⎯⎯⎯[204/1250]⎯

 FAIL  client/src/components/ui/__tests__/card.test.tsx > Card > CardDescription > should render description
ReferenceError: React is not defined
 ❯ client/src/components/ui/__tests__/card.test.tsx:88:17
     86|         it('should render description', () => {
     87|             render(
     88|                 <Card>
       |                 ^
     89|                     <CardHeader>
     90|                         <CardDescription>Test Description</CardDescrip…

⎯⎯⎯⎯⎯⎯⎯⎯⎯⎯⎯⎯⎯⎯⎯⎯⎯⎯⎯[205/1250]⎯

 FAIL  client/src/components/ui/__tests__/card.test.tsx > Card > CardDescription > should apply custom className
ReferenceError: React is not defined
 ❯ client/src/components/ui/__tests__/card.test.tsx:99:17
     97|         it('should apply custom className', () => {
     98|             render(
     99|                 <Card>
       |                 ^
    100|                     <CardHeader>
    101|                         <CardDescription className="custom-desc" data-…

⎯⎯⎯⎯⎯⎯⎯⎯⎯⎯⎯⎯⎯⎯⎯⎯⎯⎯⎯[206/1250]⎯

 FAIL  client/src/components/ui/__tests__/card.test.tsx > Card > CardContent > should render content
ReferenceError: React is not defined
 ❯ client/src/components/ui/__tests__/card.test.tsx:114:17
    112|         it('should render content', () => {
    113|             render(
    114|                 <Card>
       |                 ^
    115|                     <CardContent>Main content here</CardContent>
    116|                 </Card>

⎯⎯⎯⎯⎯⎯⎯⎯⎯⎯⎯⎯⎯⎯⎯⎯⎯⎯⎯[207/1250]⎯

 FAIL  client/src/components/ui/__tests__/card.test.tsx > Card > CardContent > should apply custom className
ReferenceError: React is not defined
 ❯ client/src/components/ui/__tests__/card.test.tsx:123:17
    121|         it('should apply custom className', () => {
    122|             render(
    123|                 <Card>
       |                 ^
    124|                     <CardContent className="custom-content" data-testi…
    125|                         Content

⎯⎯⎯⎯⎯⎯⎯⎯⎯⎯⎯⎯⎯⎯⎯⎯⎯⎯⎯[208/1250]⎯

 FAIL  client/src/components/ui/__tests__/card.test.tsx > Card > CardFooter > should render footer
ReferenceError: React is not defined
 ❯ client/src/components/ui/__tests__/card.test.tsx:136:17
    134|         it('should render footer', () => {
    135|             render(
    136|                 <Card>
       |                 ^
    137|                     <CardFooter>Footer content</CardFooter>
    138|                 </Card>

⎯⎯⎯⎯⎯⎯⎯⎯⎯⎯⎯⎯⎯⎯⎯⎯⎯⎯⎯[209/1250]⎯

 FAIL  client/src/components/ui/__tests__/card.test.tsx > Card > CardFooter > should apply custom className
ReferenceError: React is not defined
 ❯ client/src/components/ui/__tests__/card.test.tsx:145:17
    143|         it('should apply custom className', () => {
    144|             render(
    145|                 <Card>
       |                 ^
    146|                     <CardFooter className="custom-footer" data-testid=…
    147|                         Footer

⎯⎯⎯⎯⎯⎯⎯⎯⎯⎯⎯⎯⎯⎯⎯⎯⎯⎯⎯[210/1250]⎯

 FAIL  client/src/components/ui/__tests__/card.test.tsx > Card > Complete Card > should render complete card with all parts
ReferenceError: React is not defined
 ❯ client/src/components/ui/__tests__/card.test.tsx:158:17
    156|         it('should render complete card with all parts', () => {
    157|             render(
    158|                 <Card data-testid="complete-card">
       |                 ^
    159|                     <CardHeader>
    160|                         <CardTitle>Product Name</CardTitle>

⎯⎯⎯⎯⎯⎯⎯⎯⎯⎯⎯⎯⎯⎯⎯⎯⎯⎯⎯[211/1250]⎯

 FAIL  client/src/components/ui/__tests__/card.test.tsx > Card > Complete Card > should maintain proper DOM structure
ReferenceError: React is not defined
 ❯ client/src/components/ui/__tests__/card.test.tsx:180:17
    178|         it('should maintain proper DOM structure', () => {
    179|             render(
    180|                 <Card data-testid="card">
       |                 ^
    181|                     <CardHeader data-testid="header">
    182|                         <CardTitle>Title</CardTitle>

⎯⎯⎯⎯⎯⎯⎯⎯⎯⎯⎯⎯⎯⎯⎯⎯⎯⎯⎯[212/1250]⎯

 FAIL  client/src/components/ui/__tests__/card.test.tsx > Card > Accessibility > should support aria attributes on card
ReferenceError: React is not defined
 ❯ client/src/components/ui/__tests__/card.test.tsx:200:17
    198|         it('should support aria attributes on card', () => {
    199|             render(
    200|                 <Card role="article" aria-label="Product card">
       |                 ^
    201|                     <CardContent>Product info</CardContent>
    202|                 </Card>

⎯⎯⎯⎯⎯⎯⎯⎯⎯⎯⎯⎯⎯⎯⎯⎯⎯⎯⎯[213/1250]⎯

 FAIL  client/src/components/ui/__tests__/card.test.tsx > Card > Accessibility > should render title with proper styling
ReferenceError: React is not defined
 ❯ client/src/components/ui/__tests__/card.test.tsx:209:17
    207|         it('should render title with proper styling', () => {
    208|             render(
    209|                 <Card>
       |                 ^
    210|                     <CardHeader>
    211|                         <CardTitle data-testid="title">Accessible Titl…

⎯⎯⎯⎯⎯⎯⎯⎯⎯⎯⎯⎯⎯⎯⎯⎯⎯⎯⎯[214/1250]⎯

 FAIL  client/src/components/ui/__tests__/dialog.test.tsx > Dialog > Basic Rendering > should not render content when closed
ReferenceError: React is not defined
 ❯ client/src/components/ui/__tests__/dialog.test.tsx:25:17
     23|         it('should not render content when closed', () => {
     24|             render(
     25|                 <Dialog>
       |                 ^
     26|                     <DialogTrigger>Open</DialogTrigger>
     27|                     <DialogContent>

⎯⎯⎯⎯⎯⎯⎯⎯⎯⎯⎯⎯⎯⎯⎯⎯⎯⎯⎯[215/1250]⎯

 FAIL  client/src/components/ui/__tests__/dialog.test.tsx > Dialog > Basic Rendering > should render trigger button
ReferenceError: React is not defined
 ❯ client/src/components/ui/__tests__/dialog.test.tsx:40:17
     38|         it('should render trigger button', () => {
     39|             render(
     40|                 <Dialog>
       |                 ^
     41|                     <DialogTrigger>Open Dialog</DialogTrigger>
     42|                     <DialogContent>

⎯⎯⎯⎯⎯⎯⎯⎯⎯⎯⎯⎯⎯⎯⎯⎯⎯⎯⎯[216/1250]⎯

 FAIL  client/src/components/ui/__tests__/dialog.test.tsx > Dialog > Opening and Closing > should open dialog when trigger clicked
ReferenceError: React is not defined
 ❯ client/src/components/ui/__tests__/dialog.test.tsx:57:17
     55| 
     56|             render(
     57|                 <Dialog>
       |                 ^
     58|                     <DialogTrigger>Open Dialog</DialogTrigger>
     59|                     <DialogContent>

⎯⎯⎯⎯⎯⎯⎯⎯⎯⎯⎯⎯⎯⎯⎯⎯⎯⎯⎯[217/1250]⎯

 FAIL  client/src/components/ui/__tests__/dialog.test.tsx > Dialog > Opening and Closing > should close dialog when close button clicked
ReferenceError: React is not defined
 ❯ client/src/components/ui/__tests__/dialog.test.tsx:78:17
     76| 
     77|             render(
     78|                 <Dialog>
       |                 ^
     79|                     <DialogTrigger>Open</DialogTrigger>
     80|                     <DialogContent>

⎯⎯⎯⎯⎯⎯⎯⎯⎯⎯⎯⎯⎯⎯⎯⎯⎯⎯⎯[218/1250]⎯

 FAIL  client/src/components/ui/__tests__/dialog.test.tsx > Dialog > Controlled Dialog > should work with external state control
ReferenceError: React is not defined
 ❯ client/src/components/ui/__tests__/dialog.test.tsx:106:17
    104| 
    105|             render(
    106|                 <Dialog open={false} onOpenChange={onOpenChange}>
       |                 ^
    107|                     <DialogTrigger>Open</DialogTrigger>
    108|                     <DialogContent>

⎯⎯⎯⎯⎯⎯⎯⎯⎯⎯⎯⎯⎯⎯⎯⎯⎯⎯⎯[219/1250]⎯

 FAIL  client/src/components/ui/__tests__/dialog.test.tsx > Dialog > Dialog Parts > should render header correctly
ReferenceError: React is not defined
 ❯ client/src/components/ui/__tests__/dialog.test.tsx:125:17
    123| 
    124|             render(
    125|                 <Dialog>
       |                 ^
    126|                     <DialogTrigger>Open</DialogTrigger>
    127|                     <DialogContent>

⎯⎯⎯⎯⎯⎯⎯⎯⎯⎯⎯⎯⎯⎯⎯⎯⎯⎯⎯[220/1250]⎯

 FAIL  client/src/components/ui/__tests__/dialog.test.tsx > Dialog > Dialog Parts > should render footer correctly
ReferenceError: React is not defined
 ❯ client/src/components/ui/__tests__/dialog.test.tsx:148:17
    146| 
    147|             render(
    148|                 <Dialog>
       |                 ^
    149|                     <DialogTrigger>Open</DialogTrigger>
    150|                     <DialogContent>

⎯⎯⎯⎯⎯⎯⎯⎯⎯⎯⎯⎯⎯⎯⎯⎯⎯⎯⎯[221/1250]⎯

 FAIL  client/src/components/ui/__tests__/dialog.test.tsx > Dialog > Accessibility > should have dialog role when open
ReferenceError: React is not defined
 ❯ client/src/components/ui/__tests__/dialog.test.tsx:174:17
    172| 
    173|             render(
    174|                 <Dialog>
       |                 ^
    175|                     <DialogTrigger>Open</DialogTrigger>
    176|                     <DialogContent>

⎯⎯⎯⎯⎯⎯⎯⎯⎯⎯⎯⎯⎯⎯⎯⎯⎯⎯⎯[222/1250]⎯

 FAIL  client/src/components/ui/__tests__/dialog.test.tsx > Dialog > Accessibility > should have proper title for screen readers
ReferenceError: React is not defined
 ❯ client/src/components/ui/__tests__/dialog.test.tsx:193:17
    191| 
    192|             render(
    193|                 <Dialog>
       |                 ^
    194|                     <DialogTrigger>Open</DialogTrigger>
    195|                     <DialogContent>

⎯⎯⎯⎯⎯⎯⎯⎯⎯⎯⎯⎯⎯⎯⎯⎯⎯⎯⎯[223/1250]⎯

 FAIL  client/src/components/ui/__tests__/dialog.test.tsx > Dialog > Use Cases > should work as confirmation dialog
ReferenceError: React is not defined
 ❯ client/src/components/ui/__tests__/dialog.test.tsx:215:17
    213| 
    214|             render(
    215|                 <Dialog>
       |                 ^
    216|                     <DialogTrigger>Delete Item</DialogTrigger>
    217|                     <DialogContent>

⎯⎯⎯⎯⎯⎯⎯⎯⎯⎯⎯⎯⎯⎯⎯⎯⎯⎯⎯[224/1250]⎯

 FAIL  client/src/components/ui/__tests__/error-boundary.test.tsx > ErrorBoundary > Error Handling > should catch errors and show fallback UI
 FAIL  client/src/components/ui/__tests__/error-boundary.test.tsx > ErrorBoundary > Error Handling > should show retry button
 FAIL  client/src/components/ui/__tests__/error-boundary.test.tsx > ErrorBoundary > Error Handling > should call onError callback when error occurs
 FAIL  client/src/components/ui/__tests__/error-boundary.test.tsx > ErrorBoundary > Retry Functionality > should have clickable retry button
 FAIL  client/src/components/ui/__tests__/error-boundary.test.tsx > ErrorBoundary > Error Message Display > should show descriptive error message
 FAIL  client/src/components/ui/__tests__/error-boundary.test.tsx > ErrorBoundary > Accessibility > should have accessible retry button
 FAIL  client/src/components/ui/__tests__/error-boundary.test.tsx > ErrorBoundary > Accessibility > should have descriptive error text
ReferenceError: React is not defined
 ❯ ErrorBoundary.render client/src/components/ui/error-boundary.tsx:69:13
     67| 
     68|             // Default fallback UI
     69|             return (
       |             ^
     70|                 <div className="min-h-[300px] flex items-center justif…
     71|                     <div className="text-center space-y-4 p-8 max-w-md…
 ❯ Object.react_stack_bottom_frame node_modules/.pnpm/react-dom@19.2.6_react@19.2.6/node_modules/react-dom/cjs/react-dom-client.development.js:25917:29
 ❯ updateClassComponent node_modules/.pnpm/react-dom@19.2.6_react@19.2.6/node_modules/react-dom/cjs/react-dom-client.development.js:10719:25
 ❯ beginWork node_modules/.pnpm/react-dom@19.2.6_react@19.2.6/node_modules/react-dom/cjs/react-dom-client.development.js:11792:13
 ❯ runWithFiberInDEV node_modules/.pnpm/react-dom@19.2.6_react@19.2.6/node_modules/react-dom/cjs/react-dom-client.development.js:874:13
 ❯ performUnitOfWork node_modules/.pnpm/react-dom@19.2.6_react@19.2.6/node_modules/react-dom/cjs/react-dom-client.development.js:17641:22
 ❯ workLoopSync node_modules/.pnpm/react-dom@19.2.6_react@19.2.6/node_modules/react-dom/cjs/react-dom-client.development.js:17469:41
 ❯ renderRootSync node_modules/.pnpm/react-dom@19.2.6_react@19.2.6/node_modules/react-dom/cjs/react-dom-client.development.js:17450:11
 ❯ performWorkOnRoot node_modules/.pnpm/react-dom@19.2.6_react@19.2.6/node_modules/react-dom/cjs/react-dom-client.development.js:16583:35
 ❯ performWorkOnRootViaSchedulerTask node_modules/.pnpm/react-dom@19.2.6_react@19.2.6/node_modules/react-dom/cjs/react-dom-client.development.js:18957:7

⎯⎯⎯⎯⎯⎯⎯⎯⎯⎯⎯⎯⎯⎯⎯⎯⎯⎯⎯[225/1250]⎯

 FAIL  client/src/components/ui/__tests__/input.test.tsx > Input > Rendering > should render input element
ReferenceError: React is not defined
 ❯ client/src/components/ui/__tests__/input.test.tsx:14:20
     12|     describe('Rendering', () => {
     13|         it('should render input element', () => {
     14|             render(<Input />);
       |                    ^
     15|             expect(screen.getByRole('textbox')).toBeInTheDocument();
     16|         });

⎯⎯⎯⎯⎯⎯⎯⎯⎯⎯⎯⎯⎯⎯⎯⎯⎯⎯⎯[226/1250]⎯

 FAIL  client/src/components/ui/__tests__/input.test.tsx > Input > Rendering > should apply custom className
ReferenceError: React is not defined
 ❯ client/src/components/ui/__tests__/input.test.tsx:19:20
     17| 
     18|         it('should apply custom className', () => {
     19|             render(<Input className="custom-input" />);
       |                    ^
     20|             expect(screen.getByRole('textbox')).toHaveClass('custom-in…
     21|         });

⎯⎯⎯⎯⎯⎯⎯⎯⎯⎯⎯⎯⎯⎯⎯⎯⎯⎯⎯[227/1250]⎯

 FAIL  client/src/components/ui/__tests__/input.test.tsx > Input > Rendering > should render with placeholder
ReferenceError: React is not defined
 ❯ client/src/components/ui/__tests__/input.test.tsx:24:20
     22| 
     23|         it('should render with placeholder', () => {
     24|             render(<Input placeholder="Enter text..." />);
       |                    ^
     25|             expect(screen.getByPlaceholderText('Enter text...')).toBeI…
     26|         });

⎯⎯⎯⎯⎯⎯⎯⎯⎯⎯⎯⎯⎯⎯⎯⎯⎯⎯⎯[228/1250]⎯

 FAIL  client/src/components/ui/__tests__/input.test.tsx > Input > Input Types > should render as textbox by default
ReferenceError: React is not defined
 ❯ client/src/components/ui/__tests__/input.test.tsx:31:20
     29|     describe('Input Types', () => {
     30|         it('should render as textbox by default', () => {
     31|             render(<Input />);
       |                    ^
     32|             // HTML5: type defaults to "text" when not specified, but …
     33|             expect(screen.getByRole('textbox')).toBeInTheDocument();

⎯⎯⎯⎯⎯⎯⎯⎯⎯⎯⎯⎯⎯⎯⎯⎯⎯⎯⎯[229/1250]⎯

 FAIL  client/src/components/ui/__tests__/input.test.tsx > Input > Input Types > should render email input
ReferenceError: React is not defined
 ❯ client/src/components/ui/__tests__/input.test.tsx:37:20
     35| 
     36|         it('should render email input', () => {
     37|             render(<Input type="email" />);
       |                    ^
     38|             expect(screen.getByRole('textbox')).toHaveAttribute('type'…
     39|         });

⎯⎯⎯⎯⎯⎯⎯⎯⎯⎯⎯⎯⎯⎯⎯⎯⎯⎯⎯[230/1250]⎯

 FAIL  client/src/components/ui/__tests__/input.test.tsx > Input > Input Types > should render password input
ReferenceError: React is not defined
 ❯ client/src/components/ui/__tests__/input.test.tsx:42:20
     40| 
     41|         it('should render password input', () => {
     42|             render(<Input type="password" />);
       |                    ^
     43|             // Password inputs don't have textbox role
     44|             expect(document.querySelector('input[type="password"]')).t…

⎯⎯⎯⎯⎯⎯⎯⎯⎯⎯⎯⎯⎯⎯⎯⎯⎯⎯⎯[231/1250]⎯

 FAIL  client/src/components/ui/__tests__/input.test.tsx > Input > Input Types > should render number input
ReferenceError: React is not defined
 ❯ client/src/components/ui/__tests__/input.test.tsx:48:20
     46| 
     47|         it('should render number input', () => {
     48|             render(<Input type="number" />);
       |                    ^
     49|             expect(screen.getByRole('spinbutton')).toBeInTheDocument();
     50|         });

⎯⎯⎯⎯⎯⎯⎯⎯⎯⎯⎯⎯⎯⎯⎯⎯⎯⎯⎯[232/1250]⎯

 FAIL  client/src/components/ui/__tests__/input.test.tsx > Input > Input Types > should render search input
ReferenceError: React is not defined
 ❯ client/src/components/ui/__tests__/input.test.tsx:53:20
     51| 
     52|         it('should render search input', () => {
     53|             render(<Input type="search" />);
       |                    ^
     54|             expect(screen.getByRole('searchbox')).toBeInTheDocument();
     55|         });

⎯⎯⎯⎯⎯⎯⎯⎯⎯⎯⎯⎯⎯⎯⎯⎯⎯⎯⎯[233/1250]⎯

 FAIL  client/src/components/ui/__tests__/input.test.tsx > Input > Input Types > should render tel input
ReferenceError: React is not defined
 ❯ client/src/components/ui/__tests__/input.test.tsx:58:20
     56| 
     57|         it('should render tel input', () => {
     58|             render(<Input type="tel" />);
       |                    ^
     59|             expect(screen.getByRole('textbox')).toHaveAttribute('type'…
     60|         });

⎯⎯⎯⎯⎯⎯⎯⎯⎯⎯⎯⎯⎯⎯⎯⎯⎯⎯⎯[234/1250]⎯

 FAIL  client/src/components/ui/__tests__/input.test.tsx > Input > Value and Change > should display initial value
ReferenceError: React is not defined
 ❯ client/src/components/ui/__tests__/input.test.tsx:65:20
     63|     describe('Value and Change', () => {
     64|         it('should display initial value', () => {
     65|             render(<Input defaultValue="Initial value" />);
       |                    ^
     66|             expect(screen.getByRole('textbox')).toHaveValue('Initial v…
     67|         });

⎯⎯⎯⎯⎯⎯⎯⎯⎯⎯⎯⎯⎯⎯⎯⎯⎯⎯⎯[235/1250]⎯

 FAIL  client/src/components/ui/__tests__/input.test.tsx > Input > Value and Change > should call onChange when value changes
ReferenceError: React is not defined
 ❯ client/src/components/ui/__tests__/input.test.tsx:73:20
     71|             const handleChange = vi.fn();
     72| 
     73|             render(<Input onChange={handleChange} />);
       |                    ^
     74|             await user.type(screen.getByRole('textbox'), 'test');
     75| 

⎯⎯⎯⎯⎯⎯⎯⎯⎯⎯⎯⎯⎯⎯⎯⎯⎯⎯⎯[236/1250]⎯

 FAIL  client/src/components/ui/__tests__/input.test.tsx > Input > Value and Change > should update value on user input
ReferenceError: React is not defined
 ❯ client/src/components/ui/__tests__/input.test.tsx:82:20
     80|             const user = userEvent.setup();
     81| 
     82|             render(<Input />);
       |                    ^
     83|             await user.type(screen.getByRole('textbox'), 'hello');
     84| 

⎯⎯⎯⎯⎯⎯⎯⎯⎯⎯⎯⎯⎯⎯⎯⎯⎯⎯⎯[237/1250]⎯

 FAIL  client/src/components/ui/__tests__/input.test.tsx > Input > Disabled State > should be disabled when disabled prop is true
ReferenceError: React is not defined
 ❯ client/src/components/ui/__tests__/input.test.tsx:91:20
     89|     describe('Disabled State', () => {
     90|         it('should be disabled when disabled prop is true', () => {
     91|             render(<Input disabled />);
       |                    ^
     92|             expect(screen.getByRole('textbox')).toBeDisabled();
     93|         });

⎯⎯⎯⎯⎯⎯⎯⎯⎯⎯⎯⎯⎯⎯⎯⎯⎯⎯⎯[238/1250]⎯

 FAIL  client/src/components/ui/__tests__/input.test.tsx > Input > Disabled State > should not allow input when disabled
ReferenceError: React is not defined
 ❯ client/src/components/ui/__tests__/input.test.tsx:98:20
     96|             const user = userEvent.setup();
     97| 
     98|             render(<Input disabled />);
       |                    ^
     99|             await user.type(screen.getByRole('textbox'), 'test');
    100| 

⎯⎯⎯⎯⎯⎯⎯⎯⎯⎯⎯⎯⎯⎯⎯⎯⎯⎯⎯[239/1250]⎯

 FAIL  client/src/components/ui/__tests__/input.test.tsx > Input > Read Only State > should be readonly when readOnly prop is true
ReferenceError: React is not defined
 ❯ client/src/components/ui/__tests__/input.test.tsx:107:20
    105|     describe('Read Only State', () => {
    106|         it('should be readonly when readOnly prop is true', () => {
    107|             render(<Input readOnly defaultValue="readonly" />);
       |                    ^
    108|             expect(screen.getByRole('textbox')).toHaveAttribute('reado…
    109|         });

⎯⎯⎯⎯⎯⎯⎯⎯⎯⎯⎯⎯⎯⎯⎯⎯⎯⎯⎯[240/1250]⎯

 FAIL  client/src/components/ui/__tests__/input.test.tsx > Input > Required State > should be required when required prop is true
ReferenceError: React is not defined
 ❯ client/src/components/ui/__tests__/input.test.tsx:114:20
    112|     describe('Required State', () => {
    113|         it('should be required when required prop is true', () => {
    114|             render(<Input required />);
       |                    ^
    115|             expect(screen.getByRole('textbox')).toBeRequired();
    116|         });

⎯⎯⎯⎯⎯⎯⎯⎯⎯⎯⎯⎯⎯⎯⎯⎯⎯⎯⎯[241/1250]⎯

 FAIL  client/src/components/ui/__tests__/input.test.tsx > Input > Accessibility > should support aria-label
ReferenceError: React is not defined
 ❯ client/src/components/ui/__tests__/input.test.tsx:121:20
    119|     describe('Accessibility', () => {
    120|         it('should support aria-label', () => {
    121|             render(<Input aria-label="Email address" />);
       |                    ^
    122|             expect(screen.getByLabelText('Email address')).toBeInTheDo…
    123|         });

⎯⎯⎯⎯⎯⎯⎯⎯⎯⎯⎯⎯⎯⎯⎯⎯⎯⎯⎯[242/1250]⎯

 FAIL  client/src/components/ui/__tests__/input.test.tsx > Input > Accessibility > should support aria-describedby
ReferenceError: React is not defined
 ❯ client/src/components/ui/__tests__/input.test.tsx:127:17
    125|         it('should support aria-describedby', () => {
    126|             render(
    127|                 <>
       |                 ^
    128|                     <Input aria-describedby="help-text" />
    129|                     <span id="help-text">Enter your email</span>

⎯⎯⎯⎯⎯⎯⎯⎯⎯⎯⎯⎯⎯⎯⎯⎯⎯⎯⎯[243/1250]⎯

 FAIL  client/src/components/ui/__tests__/input.test.tsx > Input > Accessibility > should support id for label association
ReferenceError: React is not defined
 ❯ client/src/components/ui/__tests__/input.test.tsx:137:17
    135|         it('should support id for label association', () => {
    136|             render(
    137|                 <>
       |                 ^
    138|                     <label htmlFor="email-input">Email</label>
    139|                     <Input id="email-input" />

⎯⎯⎯⎯⎯⎯⎯⎯⎯⎯⎯⎯⎯⎯⎯⎯⎯⎯⎯[244/1250]⎯

 FAIL  client/src/components/ui/__tests__/input.test.tsx > Input > Focus Behavior > should focus when focus method called
ReferenceError: React is not defined
 ❯ client/src/components/ui/__tests__/input.test.tsx:148:20
    146|     describe('Focus Behavior', () => {
    147|         it('should focus when focus method called', () => {
    148|             render(<Input data-testid="focus-input" />);
       |                    ^
    149|             const input = screen.getByTestId('focus-input');
    150| 

⎯⎯⎯⎯⎯⎯⎯⎯⎯⎯⎯⎯⎯⎯⎯⎯⎯⎯⎯[245/1250]⎯

 FAIL  client/src/components/ui/__tests__/input.test.tsx > Input > Focus Behavior > should call onFocus when focused
ReferenceError: React is not defined
 ❯ client/src/components/ui/__tests__/input.test.tsx:159:20
    157|             const handleFocus = vi.fn();
    158| 
    159|             render(<Input onFocus={handleFocus} />);
       |                    ^
    160|             await user.click(screen.getByRole('textbox'));
    161| 

⎯⎯⎯⎯⎯⎯⎯⎯⎯⎯⎯⎯⎯⎯⎯⎯⎯⎯⎯[246/1250]⎯

 FAIL  client/src/components/ui/__tests__/input.test.tsx > Input > Focus Behavior > should call onBlur when blurred
ReferenceError: React is not defined
 ❯ client/src/components/ui/__tests__/input.test.tsx:169:20
    167|             const handleBlur = vi.fn();
    168| 
    169|             render(<Input onBlur={handleBlur} />);
       |                    ^
    170|             const input = screen.getByRole('textbox');
    171|             await user.click(input);

⎯⎯⎯⎯⎯⎯⎯⎯⎯⎯⎯⎯⎯⎯⎯⎯⎯⎯⎯[247/1250]⎯

 FAIL  client/src/components/ui/__tests__/input.test.tsx > Input > Attributes > should support maxLength
ReferenceError: React is not defined
 ❯ client/src/components/ui/__tests__/input.test.tsx:180:20
    178|     describe('Attributes', () => {
    179|         it('should support maxLength', () => {
    180|             render(<Input maxLength={10} />);
       |                    ^
    181|             expect(screen.getByRole('textbox')).toHaveAttribute('maxLe…
    182|         });

⎯⎯⎯⎯⎯⎯⎯⎯⎯⎯⎯⎯⎯⎯⎯⎯⎯⎯⎯[248/1250]⎯

 FAIL  client/src/components/ui/__tests__/input.test.tsx > Input > Attributes > should support minLength
ReferenceError: React is not defined
 ❯ client/src/components/ui/__tests__/input.test.tsx:185:20
    183| 
    184|         it('should support minLength', () => {
    185|             render(<Input minLength={3} />);
       |                    ^
    186|             expect(screen.getByRole('textbox')).toHaveAttribute('minLe…
    187|         });

⎯⎯⎯⎯⎯⎯⎯⎯⎯⎯⎯⎯⎯⎯⎯⎯⎯⎯⎯[249/1250]⎯

 FAIL  client/src/components/ui/__tests__/input.test.tsx > Input > Attributes > should support pattern
ReferenceError: React is not defined
 ❯ client/src/components/ui/__tests__/input.test.tsx:190:20
    188| 
    189|         it('should support pattern', () => {
    190|             render(<Input pattern="[0-9]+" />);
       |                    ^
    191|             expect(screen.getByRole('textbox')).toHaveAttribute('patte…
    192|         });

⎯⎯⎯⎯⎯⎯⎯⎯⎯⎯⎯⎯⎯⎯⎯⎯⎯⎯⎯[250/1250]⎯

 FAIL  client/src/components/ui/__tests__/input.test.tsx > Input > Attributes > should support autoComplete
ReferenceError: React is not defined
 ❯ client/src/components/ui/__tests__/input.test.tsx:195:20
    193| 
    194|         it('should support autoComplete', () => {
    195|             render(<Input autoComplete="email" />);
       |                    ^
    196|             expect(screen.getByRole('textbox')).toHaveAttribute('autoC…
    197|         });

⎯⎯⎯⎯⎯⎯⎯⎯⎯⎯⎯⎯⎯⎯⎯⎯⎯⎯⎯[251/1250]⎯

 FAIL  .claude/worktrees/hardcore-noether-c55378/client/src/__tests__/App.test.tsx > App > Provider Setup > should render without crashing
 FAIL  .claude/worktrees/hardcore-noether-c55378/client/src/__tests__/App.test.tsx > App > Global Components > should render toaster
 FAIL  .claude/worktrees/hardcore-noether-c55378/client/src/__tests__/App.test.tsx > App > Global Components > should render scroll progress indicator
 FAIL  .claude/worktrees/hardcore-noether-c55378/client/src/__tests__/App.test.tsx > App > Global Components > should render floating action button container
 FAIL  .claude/worktrees/hardcore-noether-c55378/client/src/__tests__/App.test.tsx > App > Global Components > should render bubble trail container
 FAIL  .claude/worktrees/hardcore-noether-c55378/client/src/__tests__/App.test.tsx > App > Accessibility > should have main content area
 FAIL  .claude/worktrees/hardcore-noether-c55378/client/src/__tests__/App.test.tsx > App > Accessibility > should have skip to main content link
ReferenceError: React is not defined
 ❯ App .claude/worktrees/hardcore-noether-c55378/client/src/App.tsx:936:18
    934|   }, []);
    935| 
    936|   if (!initDone) return <AppInitLoader onDone={handleInitDone} />;
       |                  ^
    937|   return <AppShell />;
    938| }
 ❯ Object.react_stack_bottom_frame node_modules/.pnpm/react-dom@19.2.6_react@19.2.6/node_modules/react-dom/cjs/react-dom-client.development.js:25904:20
 ❯ renderWithHooks node_modules/.pnpm/react-dom@19.2.6_react@19.2.6/node_modules/react-dom/cjs/react-dom-client.development.js:7662:22
 ❯ updateFunctionComponent node_modules/.pnpm/react-dom@19.2.6_react@19.2.6/node_modules/react-dom/cjs/react-dom-client.development.js:10166:19
 ❯ beginWork node_modules/.pnpm/react-dom@19.2.6_react@19.2.6/node_modules/react-dom/cjs/react-dom-client.development.js:11778:18
 ❯ runWithFiberInDEV node_modules/.pnpm/react-dom@19.2.6_react@19.2.6/node_modules/react-dom/cjs/react-dom-client.development.js:874:13
 ❯ performUnitOfWork node_modules/.pnpm/react-dom@19.2.6_react@19.2.6/node_modules/react-dom/cjs/react-dom-client.development.js:17641:22
 ❯ workLoopSync node_modules/.pnpm/react-dom@19.2.6_react@19.2.6/node_modules/react-dom/cjs/react-dom-client.development.js:17469:41
 ❯ renderRootSync node_modules/.pnpm/react-dom@19.2.6_react@19.2.6/node_modules/react-dom/cjs/react-dom-client.development.js:17450:11
 ❯ performWorkOnRoot node_modules/.pnpm/react-dom@19.2.6_react@19.2.6/node_modules/react-dom/cjs/react-dom-client.development.js:16583:35

⎯⎯⎯⎯⎯⎯⎯⎯⎯⎯⎯⎯⎯⎯⎯⎯⎯⎯⎯[252/1250]⎯

 FAIL  .claude/worktrees/hardcore-noether-c55378/client/src/__tests__/cart.test.tsx > Shopping Cart Hook > should add item to cart
 FAIL  .claude/worktrees/hardcore-noether-c55378/client/src/__tests__/cart.test.tsx > Shopping Cart Hook > should update item quantity in cart
 FAIL  .claude/worktrees/hardcore-noether-c55378/client/src/__tests__/cart.test.tsx > Shopping Cart Hook > should remove item from cart
 FAIL  .claude/worktrees/hardcore-noether-c55378/client/src/__tests__/cart.test.tsx > Shopping Cart Hook > should calculate total price correctly
 FAIL  .claude/worktrees/hardcore-noether-c55378/client/src/__tests__/cart.test.tsx > Shopping Cart Hook > should clear entire cart
 FAIL  .claude/worktrees/hardcore-noether-c55378/client/src/__tests__/cart.test.tsx > Shopping Cart Hook > should not exceed stock limit
 FAIL  .claude/worktrees/hardcore-noether-c55378/client/src/__tests__/cart.test.tsx > Shopping Cart Hook > should increase quantity when adding same product
 FAIL  .claude/worktrees/hardcore-noether-c55378/client/src/__tests__/cart.test.tsx > Shopping Cart Hook > should persist cart to localStorage
ReferenceError: React is not defined
 ❯ wrapper .claude/worktrees/hardcore-noether-c55378/client/src/__tests__/cart.test.tsx:53:5
     51| 
     52|   const wrapper = ({ children }: { children: React.ReactNode }) => (
     53|     <AuthProvider>
       |     ^
     54|       <CartProvider>{children}</CartProvider>
     55|     </AuthProvider>
 ❯ Object.react_stack_bottom_frame node_modules/.pnpm/react-dom@19.2.6_react@19.2.6/node_modules/react-dom/cjs/react-dom-client.development.js:25904:20
 ❯ renderWithHooks node_modules/.pnpm/react-dom@19.2.6_react@19.2.6/node_modules/react-dom/cjs/react-dom-client.development.js:7662:22
 ❯ updateFunctionComponent node_modules/.pnpm/react-dom@19.2.6_react@19.2.6/node_modules/react-dom/cjs/react-dom-client.development.js:10166:19
 ❯ beginWork node_modules/.pnpm/react-dom@19.2.6_react@19.2.6/node_modules/react-dom/cjs/react-dom-client.development.js:11778:18
 ❯ runWithFiberInDEV node_modules/.pnpm/react-dom@19.2.6_react@19.2.6/node_modules/react-dom/cjs/react-dom-client.development.js:874:13
 ❯ performUnitOfWork node_modules/.pnpm/react-dom@19.2.6_react@19.2.6/node_modules/react-dom/cjs/react-dom-client.development.js:17641:22
 ❯ workLoopSync node_modules/.pnpm/react-dom@19.2.6_react@19.2.6/node_modules/react-dom/cjs/react-dom-client.development.js:17469:41
 ❯ renderRootSync node_modules/.pnpm/react-dom@19.2.6_react@19.2.6/node_modules/react-dom/cjs/react-dom-client.development.js:17450:11
 ❯ performWorkOnRoot node_modules/.pnpm/react-dom@19.2.6_react@19.2.6/node_modules/react-dom/cjs/react-dom-client.development.js:16583:35

⎯⎯⎯⎯⎯⎯⎯⎯⎯⎯⎯⎯⎯⎯⎯⎯⎯⎯⎯[253/1250]⎯

 FAIL  .claude/worktrees/hardcore-noether-c55378/client/src/__tests__/cart.test.tsx > Cart Drawer Component > should display cart items
ReferenceError: React is not defined
 ❯ .claude/worktrees/hardcore-noether-c55378/client/src/__tests__/cart.test.tsx:177:7
    175| 
    176|     render(
    177|       <div data-testid="cart-drawer">
       |       ^
    178|         {mockCart.map(item => (
    179|           <div key={item.id} data-testid="cart-item">

⎯⎯⎯⎯⎯⎯⎯⎯⎯⎯⎯⎯⎯⎯⎯⎯⎯⎯⎯[254/1250]⎯

 FAIL  .claude/worktrees/hardcore-noether-c55378/client/src/__tests__/cart.test.tsx > Cart Drawer Component > should show empty cart message when cart is empty
ReferenceError: React is not defined
 ❯ .claude/worktrees/hardcore-noether-c55378/client/src/__tests__/cart.test.tsx:195:7
    193|   it('should show empty cart message when cart is empty', () => {
    194|     render(
    195|       <div data-testid="cart-drawer">
       |       ^
    196|         <p>السلة فارغة</p>
    197|       </div>

⎯⎯⎯⎯⎯⎯⎯⎯⎯⎯⎯⎯⎯⎯⎯⎯⎯⎯⎯[255/1250]⎯

 FAIL  .claude/worktrees/hardcore-noether-c55378/client/src/__tests__/cart.test.tsx > Cart Drawer Component > should calculate and display total price
ReferenceError: React is not defined
 ❯ .claude/worktrees/hardcore-noether-c55378/client/src/__tests__/cart.test.tsx:207:7
    205| 
    206|     render(
    207|       <div data-testid="cart-total">
       |       ^
    208|         <span>المجموع: {total} IQD</span>
    209|       </div>

⎯⎯⎯⎯⎯⎯⎯⎯⎯⎯⎯⎯⎯⎯⎯⎯⎯⎯⎯[256/1250]⎯

 FAIL  .claude/worktrees/hardcore-noether-c55378/client/src/__tests__/cart.test.tsx > Invoice Generation > should generate invoice with correct details
ReferenceError: React is not defined
 ❯ .claude/worktrees/hardcore-noether-c55378/client/src/__tests__/cart.test.tsx:229:7
    227| 
    228|     render(
    229|       <div data-testid="invoice">
       |       ^
    230|         <h2>فاتورة رقم: {mockOrder.id}</h2>
    231|         <p>العميل: {mockOrder.customerName}</p>

⎯⎯⎯⎯⎯⎯⎯⎯⎯⎯⎯⎯⎯⎯⎯⎯⎯⎯⎯[257/1250]⎯

 FAIL  .claude/worktrees/hardcore-noether-c55378/client/src/__tests__/fish-encyclopedia.test.tsx > Fish Details Display > should display all fish information
ReferenceError: React is not defined
 ❯ .claude/worktrees/hardcore-noether-c55378/client/src/__tests__/fish-encyclopedia.test.tsx:183:7
    181|   it('should display all fish information', () => {
    182|     render(
    183|       <div data-testid="fish-details">
       |       ^
    184|         <h1>{mockFish.arabicName}</h1>
    185|         <p>{mockFish.scientificName}</p>

⎯⎯⎯⎯⎯⎯⎯⎯⎯⎯⎯⎯⎯⎯⎯⎯⎯⎯⎯[258/1250]⎯

 FAIL  .claude/worktrees/jovial-germain-89e4df/client/src/__tests__/App.test.tsx > App > Provider Setup > should render without crashing
 FAIL  .claude/worktrees/jovial-germain-89e4df/client/src/__tests__/App.test.tsx > App > Global Components > should render toaster
 FAIL  .claude/worktrees/jovial-germain-89e4df/client/src/__tests__/App.test.tsx > App > Global Components > should render scroll progress indicator
 FAIL  .claude/worktrees/jovial-germain-89e4df/client/src/__tests__/App.test.tsx > App > Global Components > should render floating action button container
 FAIL  .claude/worktrees/jovial-germain-89e4df/client/src/__tests__/App.test.tsx > App > Global Components > should render bubble trail container
 FAIL  .claude/worktrees/jovial-germain-89e4df/client/src/__tests__/App.test.tsx > App > Accessibility > should have main content area
 FAIL  .claude/worktrees/jovial-germain-89e4df/client/src/__tests__/App.test.tsx > App > Accessibility > should have skip to main content link
ReferenceError: React is not defined
 ❯ App .claude/worktrees/jovial-germain-89e4df/client/src/App.tsx:936:18
    934|   }, []);
    935| 
    936|   if (!initDone) return <AppInitLoader onDone={handleInitDone} />;
       |                  ^
    937|   return <AppShell />;
    938| }
 ❯ Object.react_stack_bottom_frame node_modules/.pnpm/react-dom@19.2.6_react@19.2.6/node_modules/react-dom/cjs/react-dom-client.development.js:25904:20
 ❯ renderWithHooks node_modules/.pnpm/react-dom@19.2.6_react@19.2.6/node_modules/react-dom/cjs/react-dom-client.development.js:7662:22
 ❯ updateFunctionComponent node_modules/.pnpm/react-dom@19.2.6_react@19.2.6/node_modules/react-dom/cjs/react-dom-client.development.js:10166:19
 ❯ beginWork node_modules/.pnpm/react-dom@19.2.6_react@19.2.6/node_modules/react-dom/cjs/react-dom-client.development.js:11778:18
 ❯ runWithFiberInDEV node_modules/.pnpm/react-dom@19.2.6_react@19.2.6/node_modules/react-dom/cjs/react-dom-client.development.js:874:13
 ❯ performUnitOfWork node_modules/.pnpm/react-dom@19.2.6_react@19.2.6/node_modules/react-dom/cjs/react-dom-client.development.js:17641:22
 ❯ workLoopSync node_modules/.pnpm/react-dom@19.2.6_react@19.2.6/node_modules/react-dom/cjs/react-dom-client.development.js:17469:41
 ❯ renderRootSync node_modules/.pnpm/react-dom@19.2.6_react@19.2.6/node_modules/react-dom/cjs/react-dom-client.development.js:17450:11
 ❯ performWorkOnRoot node_modules/.pnpm/react-dom@19.2.6_react@19.2.6/node_modules/react-dom/cjs/react-dom-client.development.js:16583:35

⎯⎯⎯⎯⎯⎯⎯⎯⎯⎯⎯⎯⎯⎯⎯⎯⎯⎯⎯[259/1250]⎯

 FAIL  .claude/worktrees/jovial-germain-89e4df/client/src/__tests__/cart.test.tsx > Shopping Cart Hook > should add item to cart
 FAIL  .claude/worktrees/jovial-germain-89e4df/client/src/__tests__/cart.test.tsx > Shopping Cart Hook > should update item quantity in cart
 FAIL  .claude/worktrees/jovial-germain-89e4df/client/src/__tests__/cart.test.tsx > Shopping Cart Hook > should remove item from cart
 FAIL  .claude/worktrees/jovial-germain-89e4df/client/src/__tests__/cart.test.tsx > Shopping Cart Hook > should calculate total price correctly
 FAIL  .claude/worktrees/jovial-germain-89e4df/client/src/__tests__/cart.test.tsx > Shopping Cart Hook > should clear entire cart
 FAIL  .claude/worktrees/jovial-germain-89e4df/client/src/__tests__/cart.test.tsx > Shopping Cart Hook > should not exceed stock limit
 FAIL  .claude/worktrees/jovial-germain-89e4df/client/src/__tests__/cart.test.tsx > Shopping Cart Hook > should increase quantity when adding same product
 FAIL  .claude/worktrees/jovial-germain-89e4df/client/src/__tests__/cart.test.tsx > Shopping Cart Hook > should persist cart to localStorage
ReferenceError: React is not defined
 ❯ wrapper .claude/worktrees/jovial-germain-89e4df/client/src/__tests__/cart.test.tsx:53:5
     51| 
     52|   const wrapper = ({ children }: { children: React.ReactNode }) => (
     53|     <AuthProvider>
       |     ^
     54|       <CartProvider>{children}</CartProvider>
     55|     </AuthProvider>
 ❯ Object.react_stack_bottom_frame node_modules/.pnpm/react-dom@19.2.6_react@19.2.6/node_modules/react-dom/cjs/react-dom-client.development.js:25904:20
 ❯ renderWithHooks node_modules/.pnpm/react-dom@19.2.6_react@19.2.6/node_modules/react-dom/cjs/react-dom-client.development.js:7662:22
 ❯ updateFunctionComponent node_modules/.pnpm/react-dom@19.2.6_react@19.2.6/node_modules/react-dom/cjs/react-dom-client.development.js:10166:19
 ❯ beginWork node_modules/.pnpm/react-dom@19.2.6_react@19.2.6/node_modules/react-dom/cjs/react-dom-client.development.js:11778:18
 ❯ runWithFiberInDEV node_modules/.pnpm/react-dom@19.2.6_react@19.2.6/node_modules/react-dom/cjs/react-dom-client.development.js:874:13
 ❯ performUnitOfWork node_modules/.pnpm/react-dom@19.2.6_react@19.2.6/node_modules/react-dom/cjs/react-dom-client.development.js:17641:22
 ❯ workLoopSync node_modules/.pnpm/react-dom@19.2.6_react@19.2.6/node_modules/react-dom/cjs/react-dom-client.development.js:17469:41
 ❯ renderRootSync node_modules/.pnpm/react-dom@19.2.6_react@19.2.6/node_modules/react-dom/cjs/react-dom-client.development.js:17450:11
 ❯ performWorkOnRoot node_modules/.pnpm/react-dom@19.2.6_react@19.2.6/node_modules/react-dom/cjs/react-dom-client.development.js:16583:35

⎯⎯⎯⎯⎯⎯⎯⎯⎯⎯⎯⎯⎯⎯⎯⎯⎯⎯⎯[260/1250]⎯

 FAIL  .claude/worktrees/jovial-germain-89e4df/client/src/__tests__/cart.test.tsx > Cart Drawer Component > should display cart items
ReferenceError: React is not defined
 ❯ .claude/worktrees/jovial-germain-89e4df/client/src/__tests__/cart.test.tsx:177:7
    175| 
    176|     render(
    177|       <div data-testid="cart-drawer">
       |       ^
    178|         {mockCart.map(item => (
    179|           <div key={item.id} data-testid="cart-item">

⎯⎯⎯⎯⎯⎯⎯⎯⎯⎯⎯⎯⎯⎯⎯⎯⎯⎯⎯[261/1250]⎯

 FAIL  .claude/worktrees/jovial-germain-89e4df/client/src/__tests__/cart.test.tsx > Cart Drawer Component > should show empty cart message when cart is empty
ReferenceError: React is not defined
 ❯ .claude/worktrees/jovial-germain-89e4df/client/src/__tests__/cart.test.tsx:195:7
    193|   it('should show empty cart message when cart is empty', () => {
    194|     render(
    195|       <div data-testid="cart-drawer">
       |       ^
    196|         <p>السلة فارغة</p>
    197|       </div>

⎯⎯⎯⎯⎯⎯⎯⎯⎯⎯⎯⎯⎯⎯⎯⎯⎯⎯⎯[262/1250]⎯

 FAIL  .claude/worktrees/jovial-germain-89e4df/client/src/__tests__/cart.test.tsx > Cart Drawer Component > should calculate and display total price
ReferenceError: React is not defined
 ❯ .claude/worktrees/jovial-germain-89e4df/client/src/__tests__/cart.test.tsx:207:7
    205| 
    206|     render(
    207|       <div data-testid="cart-total">
       |       ^
    208|         <span>المجموع: {total} IQD</span>
    209|       </div>

⎯⎯⎯⎯⎯⎯⎯⎯⎯⎯⎯⎯⎯⎯⎯⎯⎯⎯⎯[263/1250]⎯

 FAIL  .claude/worktrees/jovial-germain-89e4df/client/src/__tests__/cart.test.tsx > Invoice Generation > should generate invoice with correct details
ReferenceError: React is not defined
 ❯ .claude/worktrees/jovial-germain-89e4df/client/src/__tests__/cart.test.tsx:229:7
    227| 
    228|     render(
    229|       <div data-testid="invoice">
       |       ^
    230|         <h2>فاتورة رقم: {mockOrder.id}</h2>
    231|         <p>العميل: {mockOrder.customerName}</p>

⎯⎯⎯⎯⎯⎯⎯⎯⎯⎯⎯⎯⎯⎯⎯⎯⎯⎯⎯[264/1250]⎯

 FAIL  .claude/worktrees/jovial-germain-89e4df/client/src/__tests__/fish-encyclopedia.test.tsx > Fish Details Display > should display all fish information
ReferenceError: React is not defined
 ❯ .claude/worktrees/jovial-germain-89e4df/client/src/__tests__/fish-encyclopedia.test.tsx:183:7
    181|   it('should display all fish information', () => {
    182|     render(
    183|       <div data-testid="fish-details">
       |       ^
    184|         <h1>{mockFish.arabicName}</h1>
    185|         <p>{mockFish.scientificName}</p>

⎯⎯⎯⎯⎯⎯⎯⎯⎯⎯⎯⎯⎯⎯⎯⎯⎯⎯⎯[265/1250]⎯

 FAIL  .claude/worktrees/hardcore-noether-c55378/client/src/contexts/__tests__/auth-context.test.tsx > AuthContext > Initial State > should start with loading state and check auth on mount
 FAIL  .claude/worktrees/hardcore-noether-c55378/client/src/contexts/__tests__/auth-context.test.tsx > AuthContext > Initial State > should set user if auth check succeeds
 FAIL  .claude/worktrees/hardcore-noether-c55378/client/src/contexts/__tests__/auth-context.test.tsx > AuthContext > Login > should login successfully and set user
 FAIL  .claude/worktrees/hardcore-noether-c55378/client/src/contexts/__tests__/auth-context.test.tsx > AuthContext > Login > should handle login failure
 FAIL  .claude/worktrees/hardcore-noether-c55378/client/src/contexts/__tests__/auth-context.test.tsx > AuthContext > Logout > should logout and clear user
 FAIL  .claude/worktrees/hardcore-noether-c55378/client/src/contexts/__tests__/auth-context.test.tsx > AuthContext > Admin Role > should set isAdmin true for admin users
 FAIL  .claude/worktrees/hardcore-noether-c55378/client/src/contexts/__tests__/auth-context.test.tsx > AuthContext > Admin Role > should set isAdmin false for regular users
ReferenceError: React is not defined
 ❯ AuthProvider .claude/worktrees/hardcore-noether-c55378/client/src/contexts/auth-context.tsx:183:3
    181|   const isAdmin = user?.role === "admin";
    182| 
    183|   return (
       |   ^
    184|     <AuthContext.Provider value={{ user, isLoading, login, register, l…
    185|       {children}
 ❯ Object.react_stack_bottom_frame node_modules/.pnpm/react-dom@19.2.6_react@19.2.6/node_modules/react-dom/cjs/react-dom-client.development.js:25904:20
 ❯ renderWithHooks node_modules/.pnpm/react-dom@19.2.6_react@19.2.6/node_modules/react-dom/cjs/react-dom-client.development.js:7662:22
 ❯ updateFunctionComponent node_modules/.pnpm/react-dom@19.2.6_react@19.2.6/node_modules/react-dom/cjs/react-dom-client.development.js:10166:19
 ❯ beginWork node_modules/.pnpm/react-dom@19.2.6_react@19.2.6/node_modules/react-dom/cjs/react-dom-client.development.js:11778:18
 ❯ runWithFiberInDEV node_modules/.pnpm/react-dom@19.2.6_react@19.2.6/node_modules/react-dom/cjs/react-dom-client.development.js:874:13
 ❯ performUnitOfWork node_modules/.pnpm/react-dom@19.2.6_react@19.2.6/node_modules/react-dom/cjs/react-dom-client.development.js:17641:22
 ❯ workLoopSync node_modules/.pnpm/react-dom@19.2.6_react@19.2.6/node_modules/react-dom/cjs/react-dom-client.development.js:17469:41
 ❯ renderRootSync node_modules/.pnpm/react-dom@19.2.6_react@19.2.6/node_modules/react-dom/cjs/react-dom-client.development.js:17450:11
 ❯ performWorkOnRoot node_modules/.pnpm/react-dom@19.2.6_react@19.2.6/node_modules/react-dom/cjs/react-dom-client.development.js:16583:35

⎯⎯⎯⎯⎯⎯⎯⎯⎯⎯⎯⎯⎯⎯⎯⎯⎯⎯⎯[266/1250]⎯

 FAIL  .claude/worktrees/hardcore-noether-c55378/client/src/contexts/__tests__/cart-context.test.tsx > CartContext > Remove Item > should remove item from cart
Error: expect(element).toHaveTextContent()

Expected element to have text content:
  0
Received:
  1

Ignored nodes: comments, script, style
<html>
  <head />
  <body>
    <div>
      <div>
        <div
          data-testid="totalItems"
        >
          1
        </div>
        <div
          data-testid="totalPrice"
        >
          25000
        </div>
        <div
          data-testid="itemCount"
        >
          1
        </div>
        <div
          data-testid="items"
        >
          [{"id":"prod-123-default","productId":"prod-123","name":"Test Product","price":25000,"quantity":1,"image":"/images/test.jpg","slug":"test-product"}]
        </div>
        <button>
          Add Item
        </button>
        <button>
          Remove Item
        </button>
        <button>
          Update Quantity
        </button>
        <button>
          Clear Cart
        </button>
      </div>
    </div>
  </body>
</html>
 ❯ .claude/worktrees/hardcore-noether-c55378/client/src/contexts/__tests__/cart-context.test.tsx:170:58
    168| 
    169|             await waitFor(() => {
    170|                 expect(screen.getByTestId('totalItems')).toHaveTextCon…
       |                                                          ^
    171|                 expect(screen.getByTestId('itemCount')).toHaveTextCont…
    172|             });
 ❯ runWithExpensiveErrorDiagnosticsDisabled node_modules/.pnpm/@testing-library+dom@10.4.1/node_modules/@testing-library/dom/dist/config.js:47:12
 ❯ checkCallback node_modules/.pnpm/@testing-library+dom@10.4.1/node_modules/@testing-library/dom/dist/wait-for.js:124:77
 ❯ Timeout.checkRealTimersCallback node_modules/.pnpm/@testing-library+dom@10.4.1/node_modules/@testing-library/dom/dist/wait-for.js:118:16

⎯⎯⎯⎯⎯⎯⎯⎯⎯⎯⎯⎯⎯⎯⎯⎯⎯⎯⎯[267/1250]⎯

 FAIL  .claude/worktrees/hardcore-noether-c55378/client/src/contexts/__tests__/cart-context.test.tsx > CartContext > Update Quantity > should update item quantity
Error: expect(element).toHaveTextContent()

Expected element to have text content:
  5
Received:
  1

Ignored nodes: comments, script, style
<html>
  <head />
  <body>
    <div>
      <div>
        <div
          data-testid="totalItems"
        >
          1
        </div>
        <div
          data-testid="totalPrice"
        >
          25000
        </div>
        <div
          data-testid="itemCount"
        >
          1
        </div>
        <div
          data-testid="items"
        >
          [{"id":"prod-123-default","productId":"prod-123","name":"Test Product","price":25000,"quantity":1,"image":"/images/test.jpg","slug":"test-product"}]
        </div>
        <button>
          Add Item
        </button>
        <button>
          Remove Item
        </button>
        <button>
          Update Quantity
        </button>
        <button>
          Clear Cart
        </button>
      </div>
    </div>
  </body>
</html>
 ❯ .claude/worktrees/hardcore-noether-c55378/client/src/contexts/__tests__/cart-context.test.tsx:196:58
    194| 
    195|             await waitFor(() => {
    196|                 expect(screen.getByTestId('totalItems')).toHaveTextCon…
       |                                                          ^
    197|                 expect(screen.getByTestId('totalPrice')).toHaveTextCon…
    198|             });
 ❯ runWithExpensiveErrorDiagnosticsDisabled node_modules/.pnpm/@testing-library+dom@10.4.1/node_modules/@testing-library/dom/dist/config.js:47:12
 ❯ checkCallback node_modules/.pnpm/@testing-library+dom@10.4.1/node_modules/@testing-library/dom/dist/wait-for.js:124:77
 ❯ Timeout.checkRealTimersCallback node_modules/.pnpm/@testing-library+dom@10.4.1/node_modules/@testing-library/dom/dist/wait-for.js:118:16

⎯⎯⎯⎯⎯⎯⎯⎯⎯⎯⎯⎯⎯⎯⎯⎯⎯⎯⎯[268/1250]⎯

 FAIL  .claude/worktrees/hardcore-noether-c55378/client/src/contexts/__tests__/cart-context.test.tsx > CartContext > Update Quantity > should remove item when quantity set to 0
Error: expect(element).toHaveTextContent()

Expected element to have text content:
  0
Received:
  1

Ignored nodes: comments, script, style
<html>
  <head />
  <body>
    <div>
      <div>
        <div
          data-testid="totalItems"
        >
          1
        </div>
        <button>
          Add
        </button>
        <button>
          Set Zero
        </button>
      </div>
    </div>
  </body>
</html>
 ❯ .claude/worktrees/hardcore-noether-c55378/client/src/contexts/__tests__/cart-context.test.tsx:241:58
    239| 
    240|             await waitFor(() => {
    241|                 expect(screen.getByTestId('totalItems')).toHaveTextCon…
       |                                                          ^
    242|             });
    243|         });
 ❯ runWithExpensiveErrorDiagnosticsDisabled node_modules/.pnpm/@testing-library+dom@10.4.1/node_modules/@testing-library/dom/dist/config.js:47:12
 ❯ checkCallback node_modules/.pnpm/@testing-library+dom@10.4.1/node_modules/@testing-library/dom/dist/wait-for.js:124:77
 ❯ Timeout.checkRealTimersCallback node_modules/.pnpm/@testing-library+dom@10.4.1/node_modules/@testing-library/dom/dist/wait-for.js:118:16

⎯⎯⎯⎯⎯⎯⎯⎯⎯⎯⎯⎯⎯⎯⎯⎯⎯⎯⎯[269/1250]⎯

 FAIL  .claude/worktrees/hardcore-noether-c55378/client/src/lib/__tests__/queryClient.test.ts > QueryClient > apiRequest > should make POST request with data
AssertionError: expected "vi.fn()" to be called with arguments: [ '/api/test', ObjectContaining{…} ]

Received: 

  1st vi.fn() call:

  [
    "/api/test",
-   ObjectContaining {
+   {
      "body": "{\"name\":\"Test\",\"value\":123}",
      "credentials": "include",
      "headers": {
        "Content-Type": "application/json",
+       "X-CSRF-Token": "1b3cf1878c76f7f52e3c940eeb6dac64240f01e7c9c2d551588052ec28cfd246",
      },
      "method": "POST",
+     "signal": AbortSignal {
+       "onabort": null,
+       Symbol(listeners): {
+         "bubbling": Map {},
+         "capturing": Map {},
+       },
+       Symbol(listenerOptions): {
+         "bubbling": Map {},
+         "capturing": Map {},
+       },
+       Symbol(aborted): false,
+       Symbol(reason): undefined,
+     },
    },
  ]


Number of calls: 1

 ❯ .claude/worktrees/hardcore-noether-c55378/client/src/lib/__tests__/queryClient.test.ts:71:34
     69|             await apiRequest('POST', '/api/test', testData);
     70| 
     71|             expect(global.fetch).toHaveBeenCalledWith(
       |                                  ^
     72|                 '/api/test',
     73|                 expect.objectContaining({

⎯⎯⎯⎯⎯⎯⎯⎯⎯⎯⎯⎯⎯⎯⎯⎯⎯⎯⎯[270/1250]⎯

 FAIL  .claude/worktrees/hardcore-noether-c55378/client/src/lib/__tests__/utils.test.ts > Utility Functions > generateOrderNumber > should generate unique order numbers
AssertionError: expected 1 to be greater than 95
 ❯ .claude/worktrees/hardcore-noether-c55378/client/src/lib/__tests__/utils.test.ts:128:33
    126| 
    127|       // Most should be unique (allow small collision due to random)
    128|       expect(orderNumbers.size).toBeGreaterThan(95);
       |                                 ^
    129|     });
    130| 

⎯⎯⎯⎯⎯⎯⎯⎯⎯⎯⎯⎯⎯⎯⎯⎯⎯⎯⎯[271/1250]⎯

 FAIL  .claude/worktrees/hardcore-noether-c55378/client/src/hooks/__tests__/use-pwa.test.ts > usePWA > Service Worker > should register service worker on mount
AssertionError: expected "vi.fn()" to be called with arguments: [ '/sw.js' ]

Received: 

  1st vi.fn() call:

  [
-   "/sw.js",
+   "/sw-push.js",
  ]


Number of calls: 1


Ignored nodes: comments, script, style
<html>
  <head />
  <body>
    <div />
  </body>
</html>
 ❯ .claude/worktrees/hardcore-noether-c55378/client/src/hooks/__tests__/use-pwa.test.ts:142:58
    140| 
    141|             await waitFor(() => {
    142|                 expect(navigator.serviceWorker.register).toHaveBeenCal…
       |                                                          ^
    143|             });
    144|         });
 ❯ runWithExpensiveErrorDiagnosticsDisabled node_modules/.pnpm/@testing-library+dom@10.4.1/node_modules/@testing-library/dom/dist/config.js:47:12
 ❯ checkCallback node_modules/.pnpm/@testing-library+dom@10.4.1/node_modules/@testing-library/dom/dist/wait-for.js:124:77
 ❯ Timeout.checkRealTimersCallback node_modules/.pnpm/@testing-library+dom@10.4.1/node_modules/@testing-library/dom/dist/wait-for.js:118:16

⎯⎯⎯⎯⎯⎯⎯⎯⎯⎯⎯⎯⎯⎯⎯⎯⎯⎯⎯[272/1250]⎯

 FAIL  .claude/worktrees/hardcore-noether-c55378/client/src/pages/__tests__/404.test.tsx > 404 Not Found Page > Rendering > should render the 404 page
 FAIL  .claude/worktrees/hardcore-noether-c55378/client/src/pages/__tests__/404.test.tsx > 404 Not Found Page > Rendering > should display error state component
 FAIL  .claude/worktrees/hardcore-noether-c55378/client/src/pages/__tests__/404.test.tsx > 404 Not Found Page > Rendering > should render the shrimp mascot with sad mood
 FAIL  .claude/worktrees/hardcore-noether-c55378/client/src/pages/__tests__/404.test.tsx > 404 Not Found Page > Rendering > should display 404 text
 FAIL  .claude/worktrees/hardcore-noether-c55378/client/src/pages/__tests__/404.test.tsx > 404 Not Found Page > Rendering > should display fun message about lost shrimp
 FAIL  .claude/worktrees/hardcore-noether-c55378/client/src/pages/__tests__/404.test.tsx > 404 Not Found Page > Navigation Links > should display navigation suggestions
 FAIL  .claude/worktrees/hardcore-noether-c55378/client/src/pages/__tests__/404.test.tsx > 404 Not Found Page > Navigation Links > should have home button
 FAIL  .claude/worktrees/hardcore-noether-c55378/client/src/pages/__tests__/404.test.tsx > 404 Not Found Page > Navigation Links > should have products button
 FAIL  .claude/worktrees/hardcore-noether-c55378/client/src/pages/__tests__/404.test.tsx > 404 Not Found Page > Navigation Links > should have fish encyclopedia button
 FAIL  .claude/worktrees/hardcore-noether-c55378/client/src/pages/__tests__/404.test.tsx > 404 Not Found Page > Navigation Links > should have journey button
 FAIL  .claude/worktrees/hardcore-noether-c55378/client/src/pages/__tests__/404.test.tsx > 404 Not Found Page > Navigation Links > should have deals button
 FAIL  .claude/worktrees/hardcore-noether-c55378/client/src/pages/__tests__/404.test.tsx > 404 Not Found Page > Navigation Links > should navigate to home when clicking home button
 FAIL  .claude/worktrees/hardcore-noether-c55378/client/src/pages/__tests__/404.test.tsx > 404 Not Found Page > Navigation Links > should navigate to products when clicking products button
 FAIL  .claude/worktrees/hardcore-noether-c55378/client/src/pages/__tests__/404.test.tsx > 404 Not Found Page > Navigation Links > should navigate to fish encyclopedia when clicking encyclopedia button
 FAIL  .claude/worktrees/hardcore-noether-c55378/client/src/pages/__tests__/404.test.tsx > 404 Not Found Page > Accessibility > should have main content area
 FAIL  .claude/worktrees/hardcore-noether-c55378/client/src/pages/__tests__/404.test.tsx > 404 Not Found Page > Accessibility > should have RTL direction for suggestions
ReferenceError: React is not defined
 ❯ NotFound .claude/worktrees/hardcore-noether-c55378/client/src/pages/404.tsx:10:3
      8|   const [, setLocation] = useLocation();
      9| 
     10|   return (
       |   ^
     11|     <div className="min-h-screen flex flex-col bg-background">
     12|       <MetaTags
 ❯ Object.react_stack_bottom_frame node_modules/.pnpm/react-dom@19.2.6_react@19.2.6/node_modules/react-dom/cjs/react-dom-client.development.js:25904:20
 ❯ renderWithHooks node_modules/.pnpm/react-dom@19.2.6_react@19.2.6/node_modules/react-dom/cjs/react-dom-client.development.js:7662:22
 ❯ updateFunctionComponent node_modules/.pnpm/react-dom@19.2.6_react@19.2.6/node_modules/react-dom/cjs/react-dom-client.development.js:10166:19
 ❯ beginWork node_modules/.pnpm/react-dom@19.2.6_react@19.2.6/node_modules/react-dom/cjs/react-dom-client.development.js:11778:18
 ❯ runWithFiberInDEV node_modules/.pnpm/react-dom@19.2.6_react@19.2.6/node_modules/react-dom/cjs/react-dom-client.development.js:874:13
 ❯ performUnitOfWork node_modules/.pnpm/react-dom@19.2.6_react@19.2.6/node_modules/react-dom/cjs/react-dom-client.development.js:17641:22
 ❯ workLoopSync node_modules/.pnpm/react-dom@19.2.6_react@19.2.6/node_modules/react-dom/cjs/react-dom-client.development.js:17469:41
 ❯ renderRootSync node_modules/.pnpm/react-dom@19.2.6_react@19.2.6/node_modules/react-dom/cjs/react-dom-client.development.js:17450:11
 ❯ performWorkOnRoot node_modules/.pnpm/react-dom@19.2.6_react@19.2.6/node_modules/react-dom/cjs/react-dom-client.development.js:16583:35

⎯⎯⎯⎯⎯⎯⎯⎯⎯⎯⎯⎯⎯⎯⎯⎯⎯⎯⎯[273/1250]⎯

 FAIL  .claude/worktrees/hardcore-noether-c55378/client/src/pages/__tests__/admin-dashboard.test.tsx > Admin Dashboard Page > should render admin dashboard
 FAIL  .claude/worktrees/hardcore-noether-c55378/client/src/pages/__tests__/admin-dashboard.test.tsx > Admin Dashboard Page > should display admin email
 FAIL  .claude/worktrees/hardcore-noether-c55378/client/src/pages/__tests__/admin-dashboard.test.tsx > Admin Dashboard Page > should have interactive buttons
 FAIL  .claude/worktrees/hardcore-noether-c55378/client/src/pages/__tests__/admin-dashboard.test.tsx > Admin Dashboard Page > should have logout button
ReferenceError: React is not defined
 ❯ AdminDashboard .claude/worktrees/hardcore-noether-c55378/client/src/pages/admin-dashboard.tsx:614:3
    612|   }, 0);
    613| 
    614|   return (
       |   ^
    615|     <div className="container mx-auto py-8 px-4" dir="rtl">
    616|       <div className="mb-8 flex justify-between items-center">
 ❯ Object.react_stack_bottom_frame node_modules/.pnpm/react-dom@19.2.6_react@19.2.6/node_modules/react-dom/cjs/react-dom-client.development.js:25904:20
 ❯ renderWithHooks node_modules/.pnpm/react-dom@19.2.6_react@19.2.6/node_modules/react-dom/cjs/react-dom-client.development.js:7662:22
 ❯ updateFunctionComponent node_modules/.pnpm/react-dom@19.2.6_react@19.2.6/node_modules/react-dom/cjs/react-dom-client.development.js:10166:19
 ❯ beginWork node_modules/.pnpm/react-dom@19.2.6_react@19.2.6/node_modules/react-dom/cjs/react-dom-client.development.js:11778:18
 ❯ runWithFiberInDEV node_modules/.pnpm/react-dom@19.2.6_react@19.2.6/node_modules/react-dom/cjs/react-dom-client.development.js:874:13
 ❯ performUnitOfWork node_modules/.pnpm/react-dom@19.2.6_react@19.2.6/node_modules/react-dom/cjs/react-dom-client.development.js:17641:22
 ❯ workLoopSync node_modules/.pnpm/react-dom@19.2.6_react@19.2.6/node_modules/react-dom/cjs/react-dom-client.development.js:17469:41
 ❯ renderRootSync node_modules/.pnpm/react-dom@19.2.6_react@19.2.6/node_modules/react-dom/cjs/react-dom-client.development.js:17450:11
 ❯ performWorkOnRoot node_modules/.pnpm/react-dom@19.2.6_react@19.2.6/node_modules/react-dom/cjs/react-dom-client.development.js:16583:35

⎯⎯⎯⎯⎯⎯⎯⎯⎯⎯⎯⎯⎯⎯⎯⎯⎯⎯⎯[274/1250]⎯

 FAIL  .claude/worktrees/hardcore-noether-c55378/client/src/pages/__tests__/admin-login.test.tsx > Admin Login Page > Rendering > should render admin login form
 FAIL  .claude/worktrees/hardcore-noether-c55378/client/src/pages/__tests__/admin-login.test.tsx > Admin Login Page > Rendering > should display email input
 FAIL  .claude/worktrees/hardcore-noether-c55378/client/src/pages/__tests__/admin-login.test.tsx > Admin Login Page > Rendering > should display password input
 FAIL  .claude/worktrees/hardcore-noether-c55378/client/src/pages/__tests__/admin-login.test.tsx > Admin Login Page > Rendering > should display submit button
 FAIL  .claude/worktrees/hardcore-noether-c55378/client/src/pages/__tests__/admin-login.test.tsx > Admin Login Page > Rendering > should display security message
 FAIL  .claude/worktrees/hardcore-noether-c55378/client/src/pages/__tests__/admin-login.test.tsx > Admin Login Page > Form Interaction > should update email input value
 FAIL  .claude/worktrees/hardcore-noether-c55378/client/src/pages/__tests__/admin-login.test.tsx > Admin Login Page > Form Interaction > should update password input value
 FAIL  .claude/worktrees/hardcore-noether-c55378/client/src/pages/__tests__/admin-login.test.tsx > Admin Login Page > Form Submission > should call login on form submit
 FAIL  .claude/worktrees/hardcore-noether-c55378/client/src/pages/__tests__/admin-login.test.tsx > Admin Login Page > Form Submission > should redirect to admin dashboard on success
 FAIL  .claude/worktrees/hardcore-noether-c55378/client/src/pages/__tests__/admin-login.test.tsx > Admin Login Page > Form Submission > should show error on failed login
 FAIL  .claude/worktrees/hardcore-noether-c55378/client/src/pages/__tests__/admin-login.test.tsx > Admin Login Page > Loading State > should show loading text while submitting
ReferenceError: React is not defined
 ❯ AdminLogin .claude/worktrees/hardcore-noether-c55378/client/src/pages/admin-login.tsx:61:3
     59|   };
     60| 
     61|   return (
       |   ^
     62|     <div className="min-h-screen flex items-center justify-center bg-b…
     63|       {/* Background Effects */}
 ❯ Object.react_stack_bottom_frame node_modules/.pnpm/react-dom@19.2.6_react@19.2.6/node_modules/react-dom/cjs/react-dom-client.development.js:25904:20
 ❯ renderWithHooks node_modules/.pnpm/react-dom@19.2.6_react@19.2.6/node_modules/react-dom/cjs/react-dom-client.development.js:7662:22
 ❯ updateFunctionComponent node_modules/.pnpm/react-dom@19.2.6_react@19.2.6/node_modules/react-dom/cjs/react-dom-client.development.js:10166:19
 ❯ beginWork node_modules/.pnpm/react-dom@19.2.6_react@19.2.6/node_modules/react-dom/cjs/react-dom-client.development.js:11778:18
 ❯ runWithFiberInDEV node_modules/.pnpm/react-dom@19.2.6_react@19.2.6/node_modules/react-dom/cjs/react-dom-client.development.js:874:13
 ❯ performUnitOfWork node_modules/.pnpm/react-dom@19.2.6_react@19.2.6/node_modules/react-dom/cjs/react-dom-client.development.js:17641:22
 ❯ workLoopSync node_modules/.pnpm/react-dom@19.2.6_react@19.2.6/node_modules/react-dom/cjs/react-dom-client.development.js:17469:41
 ❯ renderRootSync node_modules/.pnpm/react-dom@19.2.6_react@19.2.6/node_modules/react-dom/cjs/react-dom-client.development.js:17450:11
 ❯ performWorkOnRoot node_modules/.pnpm/react-dom@19.2.6_react@19.2.6/node_modules/react-dom/cjs/react-dom-client.development.js:16583:35

⎯⎯⎯⎯⎯⎯⎯⎯⎯⎯⎯⎯⎯⎯⎯⎯⎯⎯⎯[275/1250]⎯

 FAIL  .claude/worktrees/hardcore-noether-c55378/client/src/pages/__tests__/blog-post.test.tsx > Blog Post Page > Not Found State > should display not found message when article does not exist
 FAIL  .claude/worktrees/hardcore-noether-c55378/client/src/pages/__tests__/blog-post.test.tsx > Blog Post Page > Not Found State > should have link to blog page
 FAIL  .claude/worktrees/hardcore-noether-c55378/client/src/pages/__tests__/blog-post.test.tsx > Blog Post Page > Not Found State > should have return button
 FAIL  .claude/worktrees/hardcore-noether-c55378/client/src/pages/__tests__/blog-post.test.tsx > Blog Post Page > Content > should display article content area
 FAIL  .claude/worktrees/hardcore-noether-c55378/client/src/pages/__tests__/blog-post.test.tsx > Blog Post Page > Accessibility > should have proper heading structure
 FAIL  .claude/worktrees/hardcore-noether-c55378/client/src/pages/__tests__/blog-post.test.tsx > Blog Post Page > Accessibility > should have navigation link
Error: No QueryClient set, use QueryClientProvider to set one
 ❯ useQueryClient node_modules/.pnpm/@tanstack+react-query@5.100.10_react@19.2.6/node_modules/@tanstack/react-query/build/modern/QueryClientProvider.js:15:11
 ❯ useBaseQuery node_modules/.pnpm/@tanstack+react-query@5.100.10_react@19.2.6/node_modules/@tanstack/react-query/build/modern/useBaseQuery.js:30:18
 ❯ useQuery node_modules/.pnpm/@tanstack+react-query@5.100.10_react@19.2.6/node_modules/@tanstack/react-query/build/modern/useQuery.js:7:10
 ❯ BlogPost .claude/worktrees/hardcore-noether-c55378/client/src/pages/blog-post.tsx:18:46
     16|     const slug = params?.id;
     17| 
     18|     const { data: post, isLoading, error } = useQuery<BlogPost>({
       |                                              ^
     19|         queryKey: [`/api/blog/posts/${slug}`],
     20|         enabled: !!slug
 ❯ Object.react_stack_bottom_frame node_modules/.pnpm/react-dom@19.2.6_react@19.2.6/node_modules/react-dom/cjs/react-dom-client.development.js:25904:20
 ❯ renderWithHooks node_modules/.pnpm/react-dom@19.2.6_react@19.2.6/node_modules/react-dom/cjs/react-dom-client.development.js:7662:22
 ❯ updateFunctionComponent node_modules/.pnpm/react-dom@19.2.6_react@19.2.6/node_modules/react-dom/cjs/react-dom-client.development.js:10166:19
 ❯ beginWork node_modules/.pnpm/react-dom@19.2.6_react@19.2.6/node_modules/react-dom/cjs/react-dom-client.development.js:11778:18
 ❯ runWithFiberInDEV node_modules/.pnpm/react-dom@19.2.6_react@19.2.6/node_modules/react-dom/cjs/react-dom-client.development.js:874:13
 ❯ performUnitOfWork node_modules/.pnpm/react-dom@19.2.6_react@19.2.6/node_modules/react-dom/cjs/react-dom-client.development.js:17641:22

⎯⎯⎯⎯⎯⎯⎯⎯⎯⎯⎯⎯⎯⎯⎯⎯⎯⎯⎯[276/1250]⎯

 FAIL  .claude/worktrees/hardcore-noether-c55378/client/src/pages/__tests__/community-gallery.test.tsx > Community Gallery Page > Rendering > should render the gallery page
 FAIL  .claude/worktrees/hardcore-noether-c55378/client/src/pages/__tests__/community-gallery.test.tsx > Community Gallery Page > Rendering > should have main content area
 FAIL  .claude/worktrees/hardcore-noether-c55378/client/src/pages/__tests__/community-gallery.test.tsx > Community Gallery Page > Rendering > should display gallery title
 FAIL  .claude/worktrees/hardcore-noether-c55378/client/src/pages/__tests__/community-gallery.test.tsx > Community Gallery Page > Gallery Items > should display gallery content after loading
 FAIL  .claude/worktrees/hardcore-noether-c55378/client/src/pages/__tests__/community-gallery.test.tsx > Community Gallery Page > Accessibility > should have proper heading structure
ReferenceError: React is not defined
 ❯ CommunityGallery .claude/worktrees/hardcore-noether-c55378/client/src/pages/community-gallery.tsx:172:3
    170|   const approvedSubmissions = submissions.filter(s => s.isApproved && …
    171| 
    172|   return (
       |   ^
    173|     <div className="min-h-screen flex flex-col bg-background">
    174|       <Navbar />
 ❯ Object.react_stack_bottom_frame node_modules/.pnpm/react-dom@19.2.6_react@19.2.6/node_modules/react-dom/cjs/react-dom-client.development.js:25904:20
 ❯ renderWithHooks node_modules/.pnpm/react-dom@19.2.6_react@19.2.6/node_modules/react-dom/cjs/react-dom-client.development.js:7662:22
 ❯ updateFunctionComponent node_modules/.pnpm/react-dom@19.2.6_react@19.2.6/node_modules/react-dom/cjs/react-dom-client.development.js:10166:19
 ❯ beginWork node_modules/.pnpm/react-dom@19.2.6_react@19.2.6/node_modules/react-dom/cjs/react-dom-client.development.js:11778:18
 ❯ runWithFiberInDEV node_modules/.pnpm/react-dom@19.2.6_react@19.2.6/node_modules/react-dom/cjs/react-dom-client.development.js:874:13
 ❯ performUnitOfWork node_modules/.pnpm/react-dom@19.2.6_react@19.2.6/node_modules/react-dom/cjs/react-dom-client.development.js:17641:22
 ❯ workLoopSync node_modules/.pnpm/react-dom@19.2.6_react@19.2.6/node_modules/react-dom/cjs/react-dom-client.development.js:17469:41
 ❯ renderRootSync node_modules/.pnpm/react-dom@19.2.6_react@19.2.6/node_modules/react-dom/cjs/react-dom-client.development.js:17450:11
 ❯ performWorkOnRoot node_modules/.pnpm/react-dom@19.2.6_react@19.2.6/node_modules/react-dom/cjs/react-dom-client.development.js:16583:35

⎯⎯⎯⎯⎯⎯⎯⎯⎯⎯⎯⎯⎯⎯⎯⎯⎯⎯⎯[277/1250]⎯

 FAIL  .claude/worktrees/hardcore-noether-c55378/client/src/pages/__tests__/compare.test.tsx > Compare Products Page > Rendering > should render the compare page
 FAIL  .claude/worktrees/hardcore-noether-c55378/client/src/pages/__tests__/compare.test.tsx > Compare Products Page > Rendering > should have main content area
 FAIL  .claude/worktrees/hardcore-noether-c55378/client/src/pages/__tests__/compare.test.tsx > Compare Products Page > Empty State > should show empty state when no products to compare
 FAIL  .claude/worktrees/hardcore-noether-c55378/client/src/pages/__tests__/compare.test.tsx > Compare Products Page > Accessibility > should have proper heading structure
ReferenceError: React is not defined
 ❯ ComparePage .claude/worktrees/hardcore-noether-c55378/client/src/pages/compare.tsx:30:5
     28|     const comparedProducts = allProducts.filter(p => compareIds.includ…
     29| 
     30|     return (
       |     ^
     31|         <div className="min-h-screen flex flex-col bg-background">
     32|             <MetaTags
 ❯ Object.react_stack_bottom_frame node_modules/.pnpm/react-dom@19.2.6_react@19.2.6/node_modules/react-dom/cjs/react-dom-client.development.js:25904:20
 ❯ renderWithHooks node_modules/.pnpm/react-dom@19.2.6_react@19.2.6/node_modules/react-dom/cjs/react-dom-client.development.js:7662:22
 ❯ updateFunctionComponent node_modules/.pnpm/react-dom@19.2.6_react@19.2.6/node_modules/react-dom/cjs/react-dom-client.development.js:10166:19
 ❯ beginWork node_modules/.pnpm/react-dom@19.2.6_react@19.2.6/node_modules/react-dom/cjs/react-dom-client.development.js:11778:18
 ❯ runWithFiberInDEV node_modules/.pnpm/react-dom@19.2.6_react@19.2.6/node_modules/react-dom/cjs/react-dom-client.development.js:874:13
 ❯ performUnitOfWork node_modules/.pnpm/react-dom@19.2.6_react@19.2.6/node_modules/react-dom/cjs/react-dom-client.development.js:17641:22
 ❯ workLoopSync node_modules/.pnpm/react-dom@19.2.6_react@19.2.6/node_modules/react-dom/cjs/react-dom-client.development.js:17469:41
 ❯ renderRootSync node_modules/.pnpm/react-dom@19.2.6_react@19.2.6/node_modules/react-dom/cjs/react-dom-client.development.js:17450:11
 ❯ performWorkOnRoot node_modules/.pnpm/react-dom@19.2.6_react@19.2.6/node_modules/react-dom/cjs/react-dom-client.development.js:16583:35

⎯⎯⎯⎯⎯⎯⎯⎯⎯⎯⎯⎯⎯⎯⎯⎯⎯⎯⎯[278/1250]⎯

 FAIL  .claude/worktrees/hardcore-noether-c55378/client/src/pages/__tests__/deals.test.tsx > Deals Page > Rendering > should render deals page
 FAIL  .claude/worktrees/hardcore-noether-c55378/client/src/pages/__tests__/deals.test.tsx > Deals Page > Rendering > should have main content area
 FAIL  .claude/worktrees/hardcore-noether-c55378/client/src/pages/__tests__/deals.test.tsx > Deals Page > Rendering > should display deals title
 FAIL  .claude/worktrees/hardcore-noether-c55378/client/src/pages/__tests__/deals.test.tsx > Deals Page > Rendering > should render whatsapp widget
 FAIL  .claude/worktrees/hardcore-noether-c55378/client/src/pages/__tests__/deals.test.tsx > Deals Page > Rendering > should render back to top button
 FAIL  .claude/worktrees/hardcore-noether-c55378/client/src/pages/__tests__/deals.test.tsx > Deals Page > Product Display > should display deals after loading
 FAIL  .claude/worktrees/hardcore-noether-c55378/client/src/pages/__tests__/deals.test.tsx > Deals Page > Accessibility > should have proper heading structure
ReferenceError: React is not defined
 ❯ Deals .claude/worktrees/hardcore-noether-c55378/client/src/pages/deals.tsx:53:3
     51|   };
     52| 
     53|   return (
       |   ^
     54|     <div className="min-h-screen flex flex-col bg-background font-sans…
     55|       <MetaTags
 ❯ Object.react_stack_bottom_frame node_modules/.pnpm/react-dom@19.2.6_react@19.2.6/node_modules/react-dom/cjs/react-dom-client.development.js:25904:20
 ❯ renderWithHooks node_modules/.pnpm/react-dom@19.2.6_react@19.2.6/node_modules/react-dom/cjs/react-dom-client.development.js:7662:22
 ❯ updateFunctionComponent node_modules/.pnpm/react-dom@19.2.6_react@19.2.6/node_modules/react-dom/cjs/react-dom-client.development.js:10166:19
 ❯ beginWork node_modules/.pnpm/react-dom@19.2.6_react@19.2.6/node_modules/react-dom/cjs/react-dom-client.development.js:11778:18
 ❯ runWithFiberInDEV node_modules/.pnpm/react-dom@19.2.6_react@19.2.6/node_modules/react-dom/cjs/react-dom-client.development.js:874:13
 ❯ performUnitOfWork node_modules/.pnpm/react-dom@19.2.6_react@19.2.6/node_modules/react-dom/cjs/react-dom-client.development.js:17641:22
 ❯ workLoopSync node_modules/.pnpm/react-dom@19.2.6_react@19.2.6/node_modules/react-dom/cjs/react-dom-client.development.js:17469:41
 ❯ renderRootSync node_modules/.pnpm/react-dom@19.2.6_react@19.2.6/node_modules/react-dom/cjs/react-dom-client.development.js:17450:11
 ❯ performWorkOnRoot node_modules/.pnpm/react-dom@19.2.6_react@19.2.6/node_modules/react-dom/cjs/react-dom-client.development.js:16583:35

⎯⎯⎯⎯⎯⎯⎯⎯⎯⎯⎯⎯⎯⎯⎯⎯⎯⎯⎯[279/1250]⎯

 FAIL  .claude/worktrees/hardcore-noether-c55378/client/src/pages/__tests__/faq.test.tsx > FAQ Page > should render FAQ page
 FAIL  .claude/worktrees/hardcore-noether-c55378/client/src/pages/__tests__/faq.test.tsx > FAQ Page > should display FAQ categories
 FAIL  .claude/worktrees/hardcore-noether-c55378/client/src/pages/__tests__/faq.test.tsx > FAQ Page > should have expandable FAQ items
 FAIL  .claude/worktrees/hardcore-noether-c55378/client/src/pages/__tests__/faq.test.tsx > FAQ Page > should render footer
ReferenceError: React is not defined
 ❯ FAQ .claude/worktrees/hardcore-noether-c55378/client/src/pages/faq.tsx:237:3
    235|   ];
    236| 
    237|   return (
       |   ^
    238|     <div className="min-h-screen flex flex-col bg-background font-sans…
    239|       <MetaTags
 ❯ Object.react_stack_bottom_frame node_modules/.pnpm/react-dom@19.2.6_react@19.2.6/node_modules/react-dom/cjs/react-dom-client.development.js:25904:20
 ❯ renderWithHooks node_modules/.pnpm/react-dom@19.2.6_react@19.2.6/node_modules/react-dom/cjs/react-dom-client.development.js:7662:22
 ❯ updateFunctionComponent node_modules/.pnpm/react-dom@19.2.6_react@19.2.6/node_modules/react-dom/cjs/react-dom-client.development.js:10166:19
 ❯ beginWork node_modules/.pnpm/react-dom@19.2.6_react@19.2.6/node_modules/react-dom/cjs/react-dom-client.development.js:11778:18
 ❯ runWithFiberInDEV node_modules/.pnpm/react-dom@19.2.6_react@19.2.6/node_modules/react-dom/cjs/react-dom-client.development.js:874:13
 ❯ performUnitOfWork node_modules/.pnpm/react-dom@19.2.6_react@19.2.6/node_modules/react-dom/cjs/react-dom-client.development.js:17641:22
 ❯ workLoopSync node_modules/.pnpm/react-dom@19.2.6_react@19.2.6/node_modules/react-dom/cjs/react-dom-client.development.js:17469:41
 ❯ renderRootSync node_modules/.pnpm/react-dom@19.2.6_react@19.2.6/node_modules/react-dom/cjs/react-dom-client.development.js:17450:11
 ❯ performWorkOnRoot node_modules/.pnpm/react-dom@19.2.6_react@19.2.6/node_modules/react-dom/cjs/react-dom-client.development.js:16583:35

⎯⎯⎯⎯⎯⎯⎯⎯⎯⎯⎯⎯⎯⎯⎯⎯⎯⎯⎯[280/1250]⎯

 FAIL  .claude/worktrees/hardcore-noether-c55378/client/src/pages/__tests__/fish-breeding-calculator.test.tsx > Fish Breeding Calculator Page > should render the calculator page
 FAIL  .claude/worktrees/hardcore-noether-c55378/client/src/pages/__tests__/fish-breeding-calculator.test.tsx > Fish Breeding Calculator Page > should have main content area
 FAIL  .claude/worktrees/hardcore-noether-c55378/client/src/pages/__tests__/fish-breeding-calculator.test.tsx > Fish Breeding Calculator Page > should display fish breeding heading
 FAIL  .claude/worktrees/hardcore-noether-c55378/client/src/pages/__tests__/fish-breeding-calculator.test.tsx > Fish Breeding Calculator Page > should have interactive controls
 FAIL  .claude/worktrees/hardcore-noether-c55378/client/src/pages/__tests__/fish-breeding-calculator.test.tsx > Fish Breeding Calculator Page > should render footer
ReferenceError: React is not defined
 ❯ FishBreedingCalculator .claude/worktrees/hardcore-noether-c55378/client/src/pages/fish-breeding-calculator.tsx:389:3
    387|   const waterStatus = checkWaterParameters();
    388| 
    389|   return (
       |   ^
    390|     <div className="min-h-screen flex flex-col bg-background">
    391|       <Navbar />
 ❯ Object.react_stack_bottom_frame node_modules/.pnpm/react-dom@19.2.6_react@19.2.6/node_modules/react-dom/cjs/react-dom-client.development.js:25904:20
 ❯ renderWithHooks node_modules/.pnpm/react-dom@19.2.6_react@19.2.6/node_modules/react-dom/cjs/react-dom-client.development.js:7662:22
 ❯ updateFunctionComponent node_modules/.pnpm/react-dom@19.2.6_react@19.2.6/node_modules/react-dom/cjs/react-dom-client.development.js:10166:19
 ❯ beginWork node_modules/.pnpm/react-dom@19.2.6_react@19.2.6/node_modules/react-dom/cjs/react-dom-client.development.js:11778:18
 ❯ runWithFiberInDEV node_modules/.pnpm/react-dom@19.2.6_react@19.2.6/node_modules/react-dom/cjs/react-dom-client.development.js:874:13
 ❯ performUnitOfWork node_modules/.pnpm/react-dom@19.2.6_react@19.2.6/node_modules/react-dom/cjs/react-dom-client.development.js:17641:22
 ❯ workLoopSync node_modules/.pnpm/react-dom@19.2.6_react@19.2.6/node_modules/react-dom/cjs/react-dom-client.development.js:17469:41
 ❯ renderRootSync node_modules/.pnpm/react-dom@19.2.6_react@19.2.6/node_modules/react-dom/cjs/react-dom-client.development.js:17450:11
 ❯ performWorkOnRoot node_modules/.pnpm/react-dom@19.2.6_react@19.2.6/node_modules/react-dom/cjs/react-dom-client.development.js:16583:35

⎯⎯⎯⎯⎯⎯⎯⎯⎯⎯⎯⎯⎯⎯⎯⎯⎯⎯⎯[281/1250]⎯

 FAIL  .claude/worktrees/hardcore-noether-c55378/client/src/pages/__tests__/fish-encyclopedia.test.tsx > Fish Encyclopedia Page > should render encyclopedia page
 FAIL  .claude/worktrees/hardcore-noether-c55378/client/src/pages/__tests__/fish-encyclopedia.test.tsx > Fish Encyclopedia Page > should display page title
 FAIL  .claude/worktrees/hardcore-noether-c55378/client/src/pages/__tests__/fish-encyclopedia.test.tsx > Fish Encyclopedia Page > should have search functionality
 FAIL  .claude/worktrees/hardcore-noether-c55378/client/src/pages/__tests__/fish-encyclopedia.test.tsx > Fish Encyclopedia Page > should display fish cards
 FAIL  .claude/worktrees/hardcore-noether-c55378/client/src/pages/__tests__/fish-encyclopedia.test.tsx > Fish Encyclopedia Page > should render footer
ReferenceError: React is not defined
 ❯ FishEncyclopedia .claude/worktrees/hardcore-noether-c55378/client/src/pages/fish-encyclopedia.tsx:135:3
    133|   };
    134| 
    135|   return (
       |   ^
    136|     <div className="min-h-screen flex flex-col bg-background">
    137|       <Navbar />
 ❯ Object.react_stack_bottom_frame node_modules/.pnpm/react-dom@19.2.6_react@19.2.6/node_modules/react-dom/cjs/react-dom-client.development.js:25904:20
 ❯ renderWithHooks node_modules/.pnpm/react-dom@19.2.6_react@19.2.6/node_modules/react-dom/cjs/react-dom-client.development.js:7662:22
 ❯ updateFunctionComponent node_modules/.pnpm/react-dom@19.2.6_react@19.2.6/node_modules/react-dom/cjs/react-dom-client.development.js:10166:19
 ❯ beginWork node_modules/.pnpm/react-dom@19.2.6_react@19.2.6/node_modules/react-dom/cjs/react-dom-client.development.js:11778:18
 ❯ runWithFiberInDEV node_modules/.pnpm/react-dom@19.2.6_react@19.2.6/node_modules/react-dom/cjs/react-dom-client.development.js:874:13
 ❯ performUnitOfWork node_modules/.pnpm/react-dom@19.2.6_react@19.2.6/node_modules/react-dom/cjs/react-dom-client.development.js:17641:22
 ❯ workLoopSync node_modules/.pnpm/react-dom@19.2.6_react@19.2.6/node_modules/react-dom/cjs/react-dom-client.development.js:17469:41
 ❯ renderRootSync node_modules/.pnpm/react-dom@19.2.6_react@19.2.6/node_modules/react-dom/cjs/react-dom-client.development.js:17450:11
 ❯ performWorkOnRoot node_modules/.pnpm/react-dom@19.2.6_react@19.2.6/node_modules/react-dom/cjs/react-dom-client.development.js:16583:35

⎯⎯⎯⎯⎯⎯⎯⎯⎯⎯⎯⎯⎯⎯⎯⎯⎯⎯⎯[282/1250]⎯

 FAIL  .claude/worktrees/hardcore-noether-c55378/client/src/pages/__tests__/fish-health-diagnosis.test.tsx > Fish Health Diagnosis Page > Rendering > should render fish health diagnosis page
 FAIL  .claude/worktrees/hardcore-noether-c55378/client/src/pages/__tests__/fish-health-diagnosis.test.tsx > Fish Health Diagnosis Page > Rendering > should have main content area
 FAIL  .claude/worktrees/hardcore-noether-c55378/client/src/pages/__tests__/fish-health-diagnosis.test.tsx > Fish Health Diagnosis Page > Rendering > should display page title
 FAIL  .claude/worktrees/hardcore-noether-c55378/client/src/pages/__tests__/fish-health-diagnosis.test.tsx > Fish Health Diagnosis Page > Rendering > should display AI diagnosis badge with Dr. AQUAVO branding
 FAIL  .claude/worktrees/hardcore-noether-c55378/client/src/pages/__tests__/fish-health-diagnosis.test.tsx > Fish Health Diagnosis Page > Rendering > should have upload section
 FAIL  .claude/worktrees/hardcore-noether-c55378/client/src/pages/__tests__/fish-health-diagnosis.test.tsx > Fish Health Diagnosis Page > Rendering > should display diagnosis result placeholder
 FAIL  .claude/worktrees/hardcore-noether-c55378/client/src/pages/__tests__/fish-health-diagnosis.test.tsx > Fish Health Diagnosis Page > Rendering > should display disease categories reference section
 FAIL  .claude/worktrees/hardcore-noether-c55378/client/src/pages/__tests__/fish-health-diagnosis.test.tsx > Fish Health Diagnosis Page > Rendering > should display all 4 disease category cards
 FAIL  .claude/worktrees/hardcore-noether-c55378/client/src/pages/__tests__/fish-health-diagnosis.test.tsx > Fish Health Diagnosis Page > Rendering > should show upload tips
 FAIL  .claude/worktrees/hardcore-noether-c55378/client/src/pages/__tests__/fish-health-diagnosis.test.tsx > Fish Health Diagnosis Page > Diagnosis Tool > should display diagnosis form or tool
 FAIL  .claude/worktrees/hardcore-noether-c55378/client/src/pages/__tests__/fish-health-diagnosis.test.tsx > Fish Health Diagnosis Page > Diagnosis Tool > should have upload and camera buttons
 FAIL  .claude/worktrees/hardcore-noether-c55378/client/src/pages/__tests__/fish-health-diagnosis.test.tsx > Fish Health Diagnosis Page > Accessibility > should have proper heading structure
 FAIL  .claude/worktrees/hardcore-noether-c55378/client/src/pages/__tests__/fish-health-diagnosis.test.tsx > Fish Health Diagnosis Page > Accessibility > should have disclaimer notice
ReferenceError: React is not defined
 ❯ FishHealthDiagnosis .claude/worktrees/hardcore-noether-c55378/client/src/pages/fish-health-diagnosis.tsx:502:3
    500|   };
    501| 
    502|   return (
       |   ^
    503|     <div className="min-h-screen flex flex-col bg-background">
    504|       <MetaTags
 ❯ Object.react_stack_bottom_frame node_modules/.pnpm/react-dom@19.2.6_react@19.2.6/node_modules/react-dom/cjs/react-dom-client.development.js:25904:20
 ❯ renderWithHooks node_modules/.pnpm/react-dom@19.2.6_react@19.2.6/node_modules/react-dom/cjs/react-dom-client.development.js:7662:22
 ❯ updateFunctionComponent node_modules/.pnpm/react-dom@19.2.6_react@19.2.6/node_modules/react-dom/cjs/react-dom-client.development.js:10166:19
 ❯ beginWork node_modules/.pnpm/react-dom@19.2.6_react@19.2.6/node_modules/react-dom/cjs/react-dom-client.development.js:11778:18
 ❯ runWithFiberInDEV node_modules/.pnpm/react-dom@19.2.6_react@19.2.6/node_modules/react-dom/cjs/react-dom-client.development.js:874:13
 ❯ performUnitOfWork node_modules/.pnpm/react-dom@19.2.6_react@19.2.6/node_modules/react-dom/cjs/react-dom-client.development.js:17641:22
 ❯ workLoopSync node_modules/.pnpm/react-dom@19.2.6_react@19.2.6/node_modules/react-dom/cjs/react-dom-client.development.js:17469:41
 ❯ renderRootSync node_modules/.pnpm/react-dom@19.2.6_react@19.2.6/node_modules/react-dom/cjs/react-dom-client.development.js:17450:11
 ❯ performWorkOnRoot node_modules/.pnpm/react-dom@19.2.6_react@19.2.6/node_modules/react-dom/cjs/react-dom-client.development.js:16583:35

⎯⎯⎯⎯⎯⎯⎯⎯⎯⎯⎯⎯⎯⎯⎯⎯⎯⎯⎯[283/1250]⎯

 FAIL  .claude/worktrees/hardcore-noether-c55378/client/src/pages/__tests__/forgot-password.test.tsx > Forgot Password Page > Rendering > should render forgot password page
 FAIL  .claude/worktrees/hardcore-noether-c55378/client/src/pages/__tests__/forgot-password.test.tsx > Forgot Password Page > Rendering > should display email input
 FAIL  .claude/worktrees/hardcore-noether-c55378/client/src/pages/__tests__/forgot-password.test.tsx > Forgot Password Page > Rendering > should display submit button
 FAIL  .claude/worktrees/hardcore-noether-c55378/client/src/pages/__tests__/forgot-password.test.tsx > Forgot Password Page > Rendering > should have link to login page
 FAIL  .claude/worktrees/hardcore-noether-c55378/client/src/pages/__tests__/forgot-password.test.tsx > Forgot Password Page > Form Interaction > should update email input value
 FAIL  .claude/worktrees/hardcore-noether-c55378/client/src/pages/__tests__/forgot-password.test.tsx > Forgot Password Page > Accessibility > should have main content area
 FAIL  .claude/worktrees/hardcore-noether-c55378/client/src/pages/__tests__/forgot-password.test.tsx > Forgot Password Page > Accessibility > should have proper heading structure
ReferenceError: React is not defined
 ❯ ForgotPassword .claude/worktrees/hardcore-noether-c55378/client/src/pages/forgot-password.tsx:62:5
     60|     };
     61| 
     62|     return (
       |     ^
     63|         <div className="min-h-screen flex flex-col bg-gradient-to-br f…
     64|             <Navbar />
 ❯ Object.react_stack_bottom_frame node_modules/.pnpm/react-dom@19.2.6_react@19.2.6/node_modules/react-dom/cjs/react-dom-client.development.js:25904:20
 ❯ renderWithHooks node_modules/.pnpm/react-dom@19.2.6_react@19.2.6/node_modules/react-dom/cjs/react-dom-client.development.js:7662:22
 ❯ updateFunctionComponent node_modules/.pnpm/react-dom@19.2.6_react@19.2.6/node_modules/react-dom/cjs/react-dom-client.development.js:10166:19
 ❯ beginWork node_modules/.pnpm/react-dom@19.2.6_react@19.2.6/node_modules/react-dom/cjs/react-dom-client.development.js:11778:18
 ❯ runWithFiberInDEV node_modules/.pnpm/react-dom@19.2.6_react@19.2.6/node_modules/react-dom/cjs/react-dom-client.development.js:874:13
 ❯ performUnitOfWork node_modules/.pnpm/react-dom@19.2.6_react@19.2.6/node_modules/react-dom/cjs/react-dom-client.development.js:17641:22
 ❯ workLoopSync node_modules/.pnpm/react-dom@19.2.6_react@19.2.6/node_modules/react-dom/cjs/react-dom-client.development.js:17469:41
 ❯ renderRootSync node_modules/.pnpm/react-dom@19.2.6_react@19.2.6/node_modules/react-dom/cjs/react-dom-client.development.js:17450:11
 ❯ performWorkOnRoot node_modules/.pnpm/react-dom@19.2.6_react@19.2.6/node_modules/react-dom/cjs/react-dom-client.development.js:16583:35

⎯⎯⎯⎯⎯⎯⎯⎯⎯⎯⎯⎯⎯⎯⎯⎯⎯⎯⎯[284/1250]⎯

 FAIL  .claude/worktrees/hardcore-noether-c55378/client/src/pages/__tests__/guides-eco-friendly.test.tsx > Eco-Friendly Guides Page > Rendering > should render the guides page
 FAIL  .claude/worktrees/hardcore-noether-c55378/client/src/pages/__tests__/guides-eco-friendly.test.tsx > Eco-Friendly Guides Page > Rendering > should have main content area
 FAIL  .claude/worktrees/hardcore-noether-c55378/client/src/pages/__tests__/guides-eco-friendly.test.tsx > Eco-Friendly Guides Page > Rendering > should display guides title
 FAIL  .claude/worktrees/hardcore-noether-c55378/client/src/pages/__tests__/guides-eco-friendly.test.tsx > Eco-Friendly Guides Page > Content > should contain eco-friendly guide content
 FAIL  .claude/worktrees/hardcore-noether-c55378/client/src/pages/__tests__/guides-eco-friendly.test.tsx > Eco-Friendly Guides Page > Accessibility > should have proper heading structure
ReferenceError: React is not defined
 ❯ EcoFriendlyGuide .claude/worktrees/hardcore-noether-c55378/client/src/pages/guides-eco-friendly.tsx:18:3
     16|   };
     17| 
     18|   return (
       |   ^
     19|     <div className="min-h-screen flex flex-col bg-slate-50 dark:bg-sla…
     20|       <Navbar />
 ❯ Object.react_stack_bottom_frame node_modules/.pnpm/react-dom@19.2.6_react@19.2.6/node_modules/react-dom/cjs/react-dom-client.development.js:25904:20
 ❯ renderWithHooks node_modules/.pnpm/react-dom@19.2.6_react@19.2.6/node_modules/react-dom/cjs/react-dom-client.development.js:7662:22
 ❯ updateFunctionComponent node_modules/.pnpm/react-dom@19.2.6_react@19.2.6/node_modules/react-dom/cjs/react-dom-client.development.js:10166:19
 ❯ beginWork node_modules/.pnpm/react-dom@19.2.6_react@19.2.6/node_modules/react-dom/cjs/react-dom-client.development.js:11778:18
 ❯ runWithFiberInDEV node_modules/.pnpm/react-dom@19.2.6_react@19.2.6/node_modules/react-dom/cjs/react-dom-client.development.js:874:13
 ❯ performUnitOfWork node_modules/.pnpm/react-dom@19.2.6_react@19.2.6/node_modules/react-dom/cjs/react-dom-client.development.js:17641:22
 ❯ workLoopSync node_modules/.pnpm/react-dom@19.2.6_react@19.2.6/node_modules/react-dom/cjs/react-dom-client.development.js:17469:41
 ❯ renderRootSync node_modules/.pnpm/react-dom@19.2.6_react@19.2.6/node_modules/react-dom/cjs/react-dom-client.development.js:17450:11
 ❯ performWorkOnRoot node_modules/.pnpm/react-dom@19.2.6_react@19.2.6/node_modules/react-dom/cjs/react-dom-client.development.js:16583:35

⎯⎯⎯⎯⎯⎯⎯⎯⎯⎯⎯⎯⎯⎯⎯⎯⎯⎯⎯[285/1250]⎯

 FAIL  .claude/worktrees/hardcore-noether-c55378/client/src/pages/__tests__/home.test.tsx > Home Page > should render the home page without crashing
 FAIL  .claude/worktrees/hardcore-noether-c55378/client/src/pages/__tests__/home.test.tsx > Home Page > should have main content section
 FAIL  .claude/worktrees/hardcore-noether-c55378/client/src/pages/__tests__/home.test.tsx > Home Page > should display hero section with heading
 FAIL  .claude/worktrees/hardcore-noether-c55378/client/src/pages/__tests__/home.test.tsx > Home Page > should render WhatsApp widget
 FAIL  .claude/worktrees/hardcore-noether-c55378/client/src/pages/__tests__/home.test.tsx > Home Page > should contain navigation links
ReferenceError: React is not defined
 ❯ Home .claude/worktrees/hardcore-noether-c55378/client/src/pages/home.tsx:161:3
    159|   const salesPending = !shouldFetchSales || salesIsLoading;
    160| 
    161|   return (
       |   ^
    162|     <div className="min-h-screen flex flex-col bg-background font-sans…
    163|       <MetaTags
 ❯ Object.react_stack_bottom_frame node_modules/.pnpm/react-dom@19.2.6_react@19.2.6/node_modules/react-dom/cjs/react-dom-client.development.js:25904:20
 ❯ renderWithHooks node_modules/.pnpm/react-dom@19.2.6_react@19.2.6/node_modules/react-dom/cjs/react-dom-client.development.js:7662:22
 ❯ updateFunctionComponent node_modules/.pnpm/react-dom@19.2.6_react@19.2.6/node_modules/react-dom/cjs/react-dom-client.development.js:10166:19
 ❯ beginWork node_modules/.pnpm/react-dom@19.2.6_react@19.2.6/node_modules/react-dom/cjs/react-dom-client.development.js:11778:18
 ❯ runWithFiberInDEV node_modules/.pnpm/react-dom@19.2.6_react@19.2.6/node_modules/react-dom/cjs/react-dom-client.development.js:874:13
 ❯ performUnitOfWork node_modules/.pnpm/react-dom@19.2.6_react@19.2.6/node_modules/react-dom/cjs/react-dom-client.development.js:17641:22
 ❯ workLoopSync node_modules/.pnpm/react-dom@19.2.6_react@19.2.6/node_modules/react-dom/cjs/react-dom-client.development.js:17469:41
 ❯ renderRootSync node_modules/.pnpm/react-dom@19.2.6_react@19.2.6/node_modules/react-dom/cjs/react-dom-client.development.js:17450:11
 ❯ performWorkOnRoot node_modules/.pnpm/react-dom@19.2.6_react@19.2.6/node_modules/react-dom/cjs/react-dom-client.development.js:16583:35

⎯⎯⎯⎯⎯⎯⎯⎯⎯⎯⎯⎯⎯⎯⎯⎯⎯⎯⎯[286/1250]⎯

 FAIL  .claude/worktrees/hardcore-noether-c55378/client/src/pages/__tests__/journey.test.tsx > JourneyPage > renders loading state when loading saved plan
ReferenceError: React is not defined
 ❯ JourneyPage .claude/worktrees/hardcore-noether-c55378/client/src/pages/journey.tsx:56:5
     54|   // Loading State
     55|   if (isLoadingSavedPlan) {
     56|     return (
       |     ^
     57|       <div className="min-h-screen flex items-center justify-center">
     58|         <Loader2 className="h-8 w-8 animate-spin text-primary" />
 ❯ Object.react_stack_bottom_frame node_modules/.pnpm/react-dom@19.2.6_react@19.2.6/node_modules/react-dom/cjs/react-dom-client.development.js:25904:20
 ❯ renderWithHooks node_modules/.pnpm/react-dom@19.2.6_react@19.2.6/node_modules/react-dom/cjs/react-dom-client.development.js:7662:22
 ❯ updateFunctionComponent node_modules/.pnpm/react-dom@19.2.6_react@19.2.6/node_modules/react-dom/cjs/react-dom-client.development.js:10166:19
 ❯ beginWork node_modules/.pnpm/react-dom@19.2.6_react@19.2.6/node_modules/react-dom/cjs/react-dom-client.development.js:11778:18
 ❯ runWithFiberInDEV node_modules/.pnpm/react-dom@19.2.6_react@19.2.6/node_modules/react-dom/cjs/react-dom-client.development.js:874:13
 ❯ performUnitOfWork node_modules/.pnpm/react-dom@19.2.6_react@19.2.6/node_modules/react-dom/cjs/react-dom-client.development.js:17641:22
 ❯ workLoopSync node_modules/.pnpm/react-dom@19.2.6_react@19.2.6/node_modules/react-dom/cjs/react-dom-client.development.js:17469:41
 ❯ renderRootSync node_modules/.pnpm/react-dom@19.2.6_react@19.2.6/node_modules/react-dom/cjs/react-dom-client.development.js:17450:11
 ❯ performWorkOnRoot node_modules/.pnpm/react-dom@19.2.6_react@19.2.6/node_modules/react-dom/cjs/react-dom-client.development.js:16583:35

⎯⎯⎯⎯⎯⎯⎯⎯⎯⎯⎯⎯⎯⎯⎯⎯⎯⎯⎯[287/1250]⎯

 FAIL  .claude/worktrees/hardcore-noether-c55378/client/src/pages/__tests__/journey.test.tsx > JourneyPage > renders Step 1 initially
 FAIL  .claude/worktrees/hardcore-noether-c55378/client/src/pages/__tests__/journey.test.tsx > JourneyPage > calls updateData when selecting an option in Step 1
 FAIL  .claude/worktrees/hardcore-noether-c55378/client/src/pages/__tests__/journey.test.tsx > JourneyPage > renders Step 2 when currentStep is 1
 FAIL  .claude/worktrees/hardcore-noether-c55378/client/src/pages/__tests__/journey.test.tsx > JourneyPage > calls nextStep when Next button is clicked
 FAIL  .claude/worktrees/hardcore-noether-c55378/client/src/pages/__tests__/journey.test.tsx > JourneyPage > renders Summary (Step 9) when currentStep is 8
ReferenceError: React is not defined
 ❯ JourneyPage .claude/worktrees/hardcore-noether-c55378/client/src/pages/journey.tsx:160:3
    158|   };
    159| 
    160|   return (
       |   ^
    161|     <div className="min-h-screen bg-background" ref={topRef}>
    162|       <MetaTags
 ❯ Object.react_stack_bottom_frame node_modules/.pnpm/react-dom@19.2.6_react@19.2.6/node_modules/react-dom/cjs/react-dom-client.development.js:25904:20
 ❯ renderWithHooks node_modules/.pnpm/react-dom@19.2.6_react@19.2.6/node_modules/react-dom/cjs/react-dom-client.development.js:7662:22
 ❯ updateFunctionComponent node_modules/.pnpm/react-dom@19.2.6_react@19.2.6/node_modules/react-dom/cjs/react-dom-client.development.js:10166:19
 ❯ beginWork node_modules/.pnpm/react-dom@19.2.6_react@19.2.6/node_modules/react-dom/cjs/react-dom-client.development.js:11778:18
 ❯ runWithFiberInDEV node_modules/.pnpm/react-dom@19.2.6_react@19.2.6/node_modules/react-dom/cjs/react-dom-client.development.js:874:13
 ❯ performUnitOfWork node_modules/.pnpm/react-dom@19.2.6_react@19.2.6/node_modules/react-dom/cjs/react-dom-client.development.js:17641:22
 ❯ workLoopSync node_modules/.pnpm/react-dom@19.2.6_react@19.2.6/node_modules/react-dom/cjs/react-dom-client.development.js:17469:41
 ❯ renderRootSync node_modules/.pnpm/react-dom@19.2.6_react@19.2.6/node_modules/react-dom/cjs/react-dom-client.development.js:17450:11
 ❯ performWorkOnRoot node_modules/.pnpm/react-dom@19.2.6_react@19.2.6/node_modules/react-dom/cjs/react-dom-client.development.js:16583:35

⎯⎯⎯⎯⎯⎯⎯⎯⎯⎯⎯⎯⎯⎯⎯⎯⎯⎯⎯[288/1250]⎯

 FAIL  .claude/worktrees/hardcore-noether-c55378/client/src/pages/__tests__/login.test.tsx > Login Page > Rendering > should render login form
 FAIL  .claude/worktrees/hardcore-noether-c55378/client/src/pages/__tests__/login.test.tsx > Login Page > Rendering > should render navbar and footer
 FAIL  .claude/worktrees/hardcore-noether-c55378/client/src/pages/__tests__/login.test.tsx > Login Page > Rendering > should render remember me checkbox
 FAIL  .claude/worktrees/hardcore-noether-c55378/client/src/pages/__tests__/login.test.tsx > Login Page > Rendering > should render forgot password link
 FAIL  .claude/worktrees/hardcore-noether-c55378/client/src/pages/__tests__/login.test.tsx > Login Page > Rendering > should render register link
 FAIL  .claude/worktrees/hardcore-noether-c55378/client/src/pages/__tests__/login.test.tsx > Login Page > Form Interaction > should update email input value
 FAIL  .claude/worktrees/hardcore-noether-c55378/client/src/pages/__tests__/login.test.tsx > Login Page > Form Interaction > should update password input value
 FAIL  .claude/worktrees/hardcore-noether-c55378/client/src/pages/__tests__/login.test.tsx > Login Page > Form Interaction > should toggle password visibility
 FAIL  .claude/worktrees/hardcore-noether-c55378/client/src/pages/__tests__/login.test.tsx > Login Page > Form Interaction > should toggle remember me checkbox
 FAIL  .claude/worktrees/hardcore-noether-c55378/client/src/pages/__tests__/login.test.tsx > Login Page > Form Submission > should call login on form submit
 FAIL  .claude/worktrees/hardcore-noether-c55378/client/src/pages/__tests__/login.test.tsx > Login Page > Form Submission > should show toast on successful login
 FAIL  .claude/worktrees/hardcore-noether-c55378/client/src/pages/__tests__/login.test.tsx > Login Page > Form Submission > should redirect on successful login
 FAIL  .claude/worktrees/hardcore-noether-c55378/client/src/pages/__tests__/login.test.tsx > Login Page > Form Submission > should show error on failed login
 FAIL  .claude/worktrees/hardcore-noether-c55378/client/src/pages/__tests__/login.test.tsx > Login Page > Loading State > should show loading text while submitting
 FAIL  .claude/worktrees/hardcore-noether-c55378/client/src/pages/__tests__/login.test.tsx > Login Page > Accessibility > should have proper labels for inputs
 FAIL  .claude/worktrees/hardcore-noether-c55378/client/src/pages/__tests__/login.test.tsx > Login Page > Accessibility > should have RTL direction
ReferenceError: React is not defined
 ❯ Login .claude/worktrees/hardcore-noether-c55378/client/src/pages/login.tsx:101:5
     99|     }
    100| 
    101|     return (
       |     ^
    102|         <div className="min-h-screen flex flex-col bg-background" dir=…
    103|             <MetaTags
 ❯ Object.react_stack_bottom_frame node_modules/.pnpm/react-dom@19.2.6_react@19.2.6/node_modules/react-dom/cjs/react-dom-client.development.js:25904:20
 ❯ renderWithHooks node_modules/.pnpm/react-dom@19.2.6_react@19.2.6/node_modules/react-dom/cjs/react-dom-client.development.js:7662:22
 ❯ updateFunctionComponent node_modules/.pnpm/react-dom@19.2.6_react@19.2.6/node_modules/react-dom/cjs/react-dom-client.development.js:10166:19
 ❯ beginWork node_modules/.pnpm/react-dom@19.2.6_react@19.2.6/node_modules/react-dom/cjs/react-dom-client.development.js:11778:18
 ❯ runWithFiberInDEV node_modules/.pnpm/react-dom@19.2.6_react@19.2.6/node_modules/react-dom/cjs/react-dom-client.development.js:874:13
 ❯ performUnitOfWork node_modules/.pnpm/react-dom@19.2.6_react@19.2.6/node_modules/react-dom/cjs/react-dom-client.development.js:17641:22
 ❯ workLoopSync node_modules/.pnpm/react-dom@19.2.6_react@19.2.6/node_modules/react-dom/cjs/react-dom-client.development.js:17469:41
 ❯ renderRootSync node_modules/.pnpm/react-dom@19.2.6_react@19.2.6/node_modules/react-dom/cjs/react-dom-client.development.js:17450:11
 ❯ performWorkOnRoot node_modules/.pnpm/react-dom@19.2.6_react@19.2.6/node_modules/react-dom/cjs/react-dom-client.development.js:16583:35

⎯⎯⎯⎯⎯⎯⎯⎯⎯⎯⎯⎯⎯⎯⎯⎯⎯⎯⎯[289/1250]⎯

 FAIL  .claude/worktrees/hardcore-noether-c55378/client/src/pages/__tests__/order-confirmation.test.tsx > Order Confirmation Page > Rendering > should render order confirmation page
 FAIL  .claude/worktrees/hardcore-noether-c55378/client/src/pages/__tests__/order-confirmation.test.tsx > Order Confirmation Page > Rendering > should have main content area
 FAIL  .claude/worktrees/hardcore-noether-c55378/client/src/pages/__tests__/order-confirmation.test.tsx > Order Confirmation Page > Rendering > should display confirmation content
 FAIL  .claude/worktrees/hardcore-noether-c55378/client/src/pages/__tests__/order-confirmation.test.tsx > Order Confirmation Page > Order Details > should display order information section
 FAIL  .claude/worktrees/hardcore-noether-c55378/client/src/pages/__tests__/order-confirmation.test.tsx > Order Confirmation Page > Call to Actions > should have navigation buttons
 FAIL  .claude/worktrees/hardcore-noether-c55378/client/src/pages/__tests__/order-confirmation.test.tsx > Order Confirmation Page > Accessibility > should have proper heading structure
ReferenceError: React is not defined
 ❯ OrderConfirmation .claude/worktrees/hardcore-noether-c55378/client/src/pages/order-confirmation.tsx:143:9
    141| 
    142|     if (!orderData && !isLoading) {
    143|         return (
       |         ^
    144|             <ConfirmationContent
    145|                 orderId={orderId || "unknown"}
 ❯ Object.react_stack_bottom_frame node_modules/.pnpm/react-dom@19.2.6_react@19.2.6/node_modules/react-dom/cjs/react-dom-client.development.js:25904:20
 ❯ renderWithHooks node_modules/.pnpm/react-dom@19.2.6_react@19.2.6/node_modules/react-dom/cjs/react-dom-client.development.js:7662:22
 ❯ updateFunctionComponent node_modules/.pnpm/react-dom@19.2.6_react@19.2.6/node_modules/react-dom/cjs/react-dom-client.development.js:10166:19
 ❯ beginWork node_modules/.pnpm/react-dom@19.2.6_react@19.2.6/node_modules/react-dom/cjs/react-dom-client.development.js:11778:18
 ❯ runWithFiberInDEV node_modules/.pnpm/react-dom@19.2.6_react@19.2.6/node_modules/react-dom/cjs/react-dom-client.development.js:874:13
 ❯ performUnitOfWork node_modules/.pnpm/react-dom@19.2.6_react@19.2.6/node_modules/react-dom/cjs/react-dom-client.development.js:17641:22
 ❯ workLoopSync node_modules/.pnpm/react-dom@19.2.6_react@19.2.6/node_modules/react-dom/cjs/react-dom-client.development.js:17469:41
 ❯ renderRootSync node_modules/.pnpm/react-dom@19.2.6_react@19.2.6/node_modules/react-dom/cjs/react-dom-client.development.js:17450:11
 ❯ performWorkOnRoot node_modules/.pnpm/react-dom@19.2.6_react@19.2.6/node_modules/react-dom/cjs/react-dom-client.development.js:16583:35

⎯⎯⎯⎯⎯⎯⎯⎯⎯⎯⎯⎯⎯⎯⎯⎯⎯⎯⎯[290/1250]⎯

 FAIL  .claude/worktrees/hardcore-noether-c55378/client/src/pages/__tests__/order-tracking.test.tsx > Order Tracking Page > should render order tracking page
 FAIL  .claude/worktrees/hardcore-noether-c55378/client/src/pages/__tests__/order-tracking.test.tsx > Order Tracking Page > should display order status
 FAIL  .claude/worktrees/hardcore-noether-c55378/client/src/pages/__tests__/order-tracking.test.tsx > Order Tracking Page > should render footer
ReferenceError: React is not defined
 ❯ OrderTracking .claude/worktrees/hardcore-noether-c55378/client/src/pages/order-tracking.tsx:157:3
    155|   };
    156| 
    157|   return (
       |   ^
    158|     <div className="min-h-screen flex flex-col bg-background font-sans…
    159|       <Navbar />
 ❯ Object.react_stack_bottom_frame node_modules/.pnpm/react-dom@19.2.6_react@19.2.6/node_modules/react-dom/cjs/react-dom-client.development.js:25904:20
 ❯ renderWithHooks node_modules/.pnpm/react-dom@19.2.6_react@19.2.6/node_modules/react-dom/cjs/react-dom-client.development.js:7662:22
 ❯ updateFunctionComponent node_modules/.pnpm/react-dom@19.2.6_react@19.2.6/node_modules/react-dom/cjs/react-dom-client.development.js:10166:19
 ❯ beginWork node_modules/.pnpm/react-dom@19.2.6_react@19.2.6/node_modules/react-dom/cjs/react-dom-client.development.js:11778:18
 ❯ runWithFiberInDEV node_modules/.pnpm/react-dom@19.2.6_react@19.2.6/node_modules/react-dom/cjs/react-dom-client.development.js:874:13
 ❯ performUnitOfWork node_modules/.pnpm/react-dom@19.2.6_react@19.2.6/node_modules/react-dom/cjs/react-dom-client.development.js:17641:22
 ❯ workLoopSync node_modules/.pnpm/react-dom@19.2.6_react@19.2.6/node_modules/react-dom/cjs/react-dom-client.development.js:17469:41
 ❯ renderRootSync node_modules/.pnpm/react-dom@19.2.6_react@19.2.6/node_modules/react-dom/cjs/react-dom-client.development.js:17450:11
 ❯ performWorkOnRoot node_modules/.pnpm/react-dom@19.2.6_react@19.2.6/node_modules/react-dom/cjs/react-dom-client.development.js:16583:35

⎯⎯⎯⎯⎯⎯⎯⎯⎯⎯⎯⎯⎯⎯⎯⎯⎯⎯⎯[291/1250]⎯

 FAIL  .claude/worktrees/hardcore-noether-c55378/client/src/pages/__tests__/privacy-policy.test.tsx > Privacy Policy Page > Rendering > should render the privacy policy page
 FAIL  .claude/worktrees/hardcore-noether-c55378/client/src/pages/__tests__/privacy-policy.test.tsx > Privacy Policy Page > Rendering > should have main content area
 FAIL  .claude/worktrees/hardcore-noether-c55378/client/src/pages/__tests__/privacy-policy.test.tsx > Privacy Policy Page > Rendering > should display privacy policy title
 FAIL  .claude/worktrees/hardcore-noether-c55378/client/src/pages/__tests__/privacy-policy.test.tsx > Privacy Policy Page > Content Sections > should contain privacy-related content
 FAIL  .claude/worktrees/hardcore-noether-c55378/client/src/pages/__tests__/privacy-policy.test.tsx > Privacy Policy Page > Accessibility > should have proper heading structure
ReferenceError: React is not defined
 ❯ PrivacyPolicy .claude/worktrees/hardcore-noether-c55378/client/src/pages/privacy-policy.tsx:97:3
     95|   ];
     96| 
     97|   return (
       |   ^
     98|     <div className="min-h-screen flex flex-col bg-background font-sans…
     99|       <Navbar />
 ❯ Object.react_stack_bottom_frame node_modules/.pnpm/react-dom@19.2.6_react@19.2.6/node_modules/react-dom/cjs/react-dom-client.development.js:25904:20
 ❯ renderWithHooks node_modules/.pnpm/react-dom@19.2.6_react@19.2.6/node_modules/react-dom/cjs/react-dom-client.development.js:7662:22
 ❯ updateFunctionComponent node_modules/.pnpm/react-dom@19.2.6_react@19.2.6/node_modules/react-dom/cjs/react-dom-client.development.js:10166:19
 ❯ beginWork node_modules/.pnpm/react-dom@19.2.6_react@19.2.6/node_modules/react-dom/cjs/react-dom-client.development.js:11778:18
 ❯ runWithFiberInDEV node_modules/.pnpm/react-dom@19.2.6_react@19.2.6/node_modules/react-dom/cjs/react-dom-client.development.js:874:13
 ❯ performUnitOfWork node_modules/.pnpm/react-dom@19.2.6_react@19.2.6/node_modules/react-dom/cjs/react-dom-client.development.js:17641:22
 ❯ workLoopSync node_modules/.pnpm/react-dom@19.2.6_react@19.2.6/node_modules/react-dom/cjs/react-dom-client.development.js:17469:41
 ❯ renderRootSync node_modules/.pnpm/react-dom@19.2.6_react@19.2.6/node_modules/react-dom/cjs/react-dom-client.development.js:17450:11
 ❯ performWorkOnRoot node_modules/.pnpm/react-dom@19.2.6_react@19.2.6/node_modules/react-dom/cjs/react-dom-client.development.js:16583:35

⎯⎯⎯⎯⎯⎯⎯⎯⎯⎯⎯⎯⎯⎯⎯⎯⎯⎯⎯[292/1250]⎯

 FAIL  .claude/worktrees/hardcore-noether-c55378/client/src/pages/__tests__/products.test.tsx > Products Page > should render the products page
 FAIL  .claude/worktrees/hardcore-noether-c55378/client/src/pages/__tests__/products.test.tsx > Products Page > should show main content area
 FAIL  .claude/worktrees/hardcore-noether-c55378/client/src/pages/__tests__/products.test.tsx > Products Page > should have filter section
 FAIL  .claude/worktrees/hardcore-noether-c55378/client/src/pages/__tests__/products.test.tsx > Products Page > should display products after loading
 FAIL  .claude/worktrees/hardcore-noether-c55378/client/src/pages/__tests__/products.test.tsx > Products Page > should render footer
Error: [vitest] No "fetchPersonalizedOrder" export is defined on the "@/lib/api" mock. Did you forget to return it from "vi.mock"?
If you need to partially mock a module, you can use "importOriginal" helper inside:

vi.mock(import("@/lib/api"), async (importOriginal) => {
  const actual = await importOriginal()
  return {
    ...actual,
    // your mocked methods
  }
})

 ❯ Products .claude/worktrees/hardcore-noether-c55378/client/src/pages/products.tsx:105:14
    103|   const { data: boostData } = useQuery({
    104|     queryKey: ["personalized-order"],
    105|     queryFn: fetchPersonalizedOrder,
       |              ^
    106|     staleTime: 5 * 60 * 1000,
    107|     enabled: !!user && sortBy === "smart",
 ❯ Object.react_stack_bottom_frame node_modules/.pnpm/react-dom@19.2.6_react@19.2.6/node_modules/react-dom/cjs/react-dom-client.development.js:25904:20
 ❯ renderWithHooks node_modules/.pnpm/react-dom@19.2.6_react@19.2.6/node_modules/react-dom/cjs/react-dom-client.development.js:7662:22
 ❯ updateFunctionComponent node_modules/.pnpm/react-dom@19.2.6_react@19.2.6/node_modules/react-dom/cjs/react-dom-client.development.js:10166:19
 ❯ beginWork node_modules/.pnpm/react-dom@19.2.6_react@19.2.6/node_modules/react-dom/cjs/react-dom-client.development.js:11778:18
 ❯ runWithFiberInDEV node_modules/.pnpm/react-dom@19.2.6_react@19.2.6/node_modules/react-dom/cjs/react-dom-client.development.js:874:13
 ❯ performUnitOfWork node_modules/.pnpm/react-dom@19.2.6_react@19.2.6/node_modules/react-dom/cjs/react-dom-client.development.js:17641:22
 ❯ workLoopSync node_modules/.pnpm/react-dom@19.2.6_react@19.2.6/node_modules/react-dom/cjs/react-dom-client.development.js:17469:41

⎯⎯⎯⎯⎯⎯⎯⎯⎯⎯⎯⎯⎯⎯⎯⎯⎯⎯⎯[293/1250]⎯

 FAIL  .claude/worktrees/hardcore-noether-c55378/client/src/pages/__tests__/register.test.tsx > Register Page > Rendering > should render register form
 FAIL  .claude/worktrees/hardcore-noether-c55378/client/src/pages/__tests__/register.test.tsx > Register Page > Rendering > should display name input
 FAIL  .claude/worktrees/hardcore-noether-c55378/client/src/pages/__tests__/register.test.tsx > Register Page > Rendering > should display email input
 FAIL  .claude/worktrees/hardcore-noether-c55378/client/src/pages/__tests__/register.test.tsx > Register Page > Rendering > should display phone input
 FAIL  .claude/worktrees/hardcore-noether-c55378/client/src/pages/__tests__/register.test.tsx > Register Page > Rendering > should display password input
 FAIL  .claude/worktrees/hardcore-noether-c55378/client/src/pages/__tests__/register.test.tsx > Register Page > Rendering > should display confirm password input
 FAIL  .claude/worktrees/hardcore-noether-c55378/client/src/pages/__tests__/register.test.tsx > Register Page > Rendering > should display submit button
 FAIL  .claude/worktrees/hardcore-noether-c55378/client/src/pages/__tests__/register.test.tsx > Register Page > Rendering > should display password strength indicator
 FAIL  .claude/worktrees/hardcore-noether-c55378/client/src/pages/__tests__/register.test.tsx > Register Page > Rendering > should have link to login page
 FAIL  .claude/worktrees/hardcore-noether-c55378/client/src/pages/__tests__/register.test.tsx > Register Page > Form Interaction > should update name input value
 FAIL  .claude/worktrees/hardcore-noether-c55378/client/src/pages/__tests__/register.test.tsx > Register Page > Form Interaction > should update email input value
 FAIL  .claude/worktrees/hardcore-noether-c55378/client/src/pages/__tests__/register.test.tsx > Register Page > Accessibility > should have main content area
 FAIL  .claude/worktrees/hardcore-noether-c55378/client/src/pages/__tests__/register.test.tsx > Register Page > Accessibility > should have proper labels for inputs
ReferenceError: React is not defined
 ❯ Register .claude/worktrees/hardcore-noether-c55378/client/src/pages/register.tsx:116:5
    114|     ];
    115| 
    116|     return (
       |     ^
    117|         <div className="min-h-screen flex flex-col bg-gradient-to-br f…
    118|             <Navbar />
 ❯ Object.react_stack_bottom_frame node_modules/.pnpm/react-dom@19.2.6_react@19.2.6/node_modules/react-dom/cjs/react-dom-client.development.js:25904:20
 ❯ renderWithHooks node_modules/.pnpm/react-dom@19.2.6_react@19.2.6/node_modules/react-dom/cjs/react-dom-client.development.js:7662:22
 ❯ updateFunctionComponent node_modules/.pnpm/react-dom@19.2.6_react@19.2.6/node_modules/react-dom/cjs/react-dom-client.development.js:10166:19
 ❯ beginWork node_modules/.pnpm/react-dom@19.2.6_react@19.2.6/node_modules/react-dom/cjs/react-dom-client.development.js:11778:18
 ❯ runWithFiberInDEV node_modules/.pnpm/react-dom@19.2.6_react@19.2.6/node_modules/react-dom/cjs/react-dom-client.development.js:874:13
 ❯ performUnitOfWork node_modules/.pnpm/react-dom@19.2.6_react@19.2.6/node_modules/react-dom/cjs/react-dom-client.development.js:17641:22
 ❯ workLoopSync node_modules/.pnpm/react-dom@19.2.6_react@19.2.6/node_modules/react-dom/cjs/react-dom-client.development.js:17469:41
 ❯ renderRootSync node_modules/.pnpm/react-dom@19.2.6_react@19.2.6/node_modules/react-dom/cjs/react-dom-client.development.js:17450:11
 ❯ performWorkOnRoot node_modules/.pnpm/react-dom@19.2.6_react@19.2.6/node_modules/react-dom/cjs/react-dom-client.development.js:16583:35

⎯⎯⎯⎯⎯⎯⎯⎯⎯⎯⎯⎯⎯⎯⎯⎯⎯⎯⎯[294/1250]⎯

 FAIL  .claude/worktrees/hardcore-noether-c55378/client/src/pages/__tests__/return-policy.test.tsx > Return Policy Page > Rendering > should render the return policy page
 FAIL  .claude/worktrees/hardcore-noether-c55378/client/src/pages/__tests__/return-policy.test.tsx > Return Policy Page > Rendering > should have main content area
 FAIL  .claude/worktrees/hardcore-noether-c55378/client/src/pages/__tests__/return-policy.test.tsx > Return Policy Page > Rendering > should display return policy title
 FAIL  .claude/worktrees/hardcore-noether-c55378/client/src/pages/__tests__/return-policy.test.tsx > Return Policy Page > Content > should contain return policy content
 FAIL  .claude/worktrees/hardcore-noether-c55378/client/src/pages/__tests__/return-policy.test.tsx > Return Policy Page > Accessibility > should have proper heading structure
ReferenceError: React is not defined
 ❯ ReturnPolicy .claude/worktrees/hardcore-noether-c55378/client/src/pages/return-policy.tsx:78:3
     76|   ];
     77| 
     78|   return (
       |   ^
     79|     <div className="min-h-screen flex flex-col bg-background font-sans…
     80|       <Navbar />
 ❯ Object.react_stack_bottom_frame node_modules/.pnpm/react-dom@19.2.6_react@19.2.6/node_modules/react-dom/cjs/react-dom-client.development.js:25904:20
 ❯ renderWithHooks node_modules/.pnpm/react-dom@19.2.6_react@19.2.6/node_modules/react-dom/cjs/react-dom-client.development.js:7662:22
 ❯ updateFunctionComponent node_modules/.pnpm/react-dom@19.2.6_react@19.2.6/node_modules/react-dom/cjs/react-dom-client.development.js:10166:19
 ❯ beginWork node_modules/.pnpm/react-dom@19.2.6_react@19.2.6/node_modules/react-dom/cjs/react-dom-client.development.js:11778:18
 ❯ runWithFiberInDEV node_modules/.pnpm/react-dom@19.2.6_react@19.2.6/node_modules/react-dom/cjs/react-dom-client.development.js:874:13
 ❯ performUnitOfWork node_modules/.pnpm/react-dom@19.2.6_react@19.2.6/node_modules/react-dom/cjs/react-dom-client.development.js:17641:22
 ❯ workLoopSync node_modules/.pnpm/react-dom@19.2.6_react@19.2.6/node_modules/react-dom/cjs/react-dom-client.development.js:17469:41
 ❯ renderRootSync node_modules/.pnpm/react-dom@19.2.6_react@19.2.6/node_modules/react-dom/cjs/react-dom-client.development.js:17450:11
 ❯ performWorkOnRoot node_modules/.pnpm/react-dom@19.2.6_react@19.2.6/node_modules/react-dom/cjs/react-dom-client.development.js:16583:35

⎯⎯⎯⎯⎯⎯⎯⎯⎯⎯⎯⎯⎯⎯⎯⎯⎯⎯⎯[295/1250]⎯

 FAIL  .claude/worktrees/hardcore-noether-c55378/client/src/pages/__tests__/search-results.test.tsx > Search Results Page > should render search results page
 FAIL  .claude/worktrees/hardcore-noether-c55378/client/src/pages/__tests__/search-results.test.tsx > Search Results Page > should display search results
 FAIL  .claude/worktrees/hardcore-noether-c55378/client/src/pages/__tests__/search-results.test.tsx > Search Results Page > should render footer
ReferenceError: React is not defined
 ❯ SearchResults .claude/worktrees/hardcore-noether-c55378/client/src/pages/search-results.tsx:261:3
    259|   };
    260| 
    261|   return (
       |   ^
    262|     <div className="min-h-screen flex flex-col bg-background">
    263|       <MetaTags
 ❯ Object.react_stack_bottom_frame node_modules/.pnpm/react-dom@19.2.6_react@19.2.6/node_modules/react-dom/cjs/react-dom-client.development.js:25904:20
 ❯ renderWithHooks node_modules/.pnpm/react-dom@19.2.6_react@19.2.6/node_modules/react-dom/cjs/react-dom-client.development.js:7662:22
 ❯ updateFunctionComponent node_modules/.pnpm/react-dom@19.2.6_react@19.2.6/node_modules/react-dom/cjs/react-dom-client.development.js:10166:19
 ❯ beginWork node_modules/.pnpm/react-dom@19.2.6_react@19.2.6/node_modules/react-dom/cjs/react-dom-client.development.js:11778:18
 ❯ runWithFiberInDEV node_modules/.pnpm/react-dom@19.2.6_react@19.2.6/node_modules/react-dom/cjs/react-dom-client.development.js:874:13
 ❯ performUnitOfWork node_modules/.pnpm/react-dom@19.2.6_react@19.2.6/node_modules/react-dom/cjs/react-dom-client.development.js:17641:22
 ❯ workLoopSync node_modules/.pnpm/react-dom@19.2.6_react@19.2.6/node_modules/react-dom/cjs/react-dom-client.development.js:17469:41
 ❯ renderRootSync node_modules/.pnpm/react-dom@19.2.6_react@19.2.6/node_modules/react-dom/cjs/react-dom-client.development.js:17450:11
 ❯ performWorkOnRoot node_modules/.pnpm/react-dom@19.2.6_react@19.2.6/node_modules/react-dom/cjs/react-dom-client.development.js:16583:35

⎯⎯⎯⎯⎯⎯⎯⎯⎯⎯⎯⎯⎯⎯⎯⎯⎯⎯⎯[296/1250]⎯

 FAIL  .claude/worktrees/hardcore-noether-c55378/client/src/pages/__tests__/shipping.test.tsx > Shipping Page > Rendering > should render the shipping page
 FAIL  .claude/worktrees/hardcore-noether-c55378/client/src/pages/__tests__/shipping.test.tsx > Shipping Page > Rendering > should have main content area
 FAIL  .claude/worktrees/hardcore-noether-c55378/client/src/pages/__tests__/shipping.test.tsx > Shipping Page > Rendering > should display shipping title
 FAIL  .claude/worktrees/hardcore-noether-c55378/client/src/pages/__tests__/shipping.test.tsx > Shipping Page > Content > should contain shipping content
 FAIL  .claude/worktrees/hardcore-noether-c55378/client/src/pages/__tests__/shipping.test.tsx > Shipping Page > Accessibility > should have proper heading structure
ReferenceError: React is not defined
 ❯ Shipping .claude/worktrees/hardcore-noether-c55378/client/src/pages/shipping.tsx:100:5
     98| 
     99| export default function Shipping() {
    100|     return (
       |     ^
    101|         <div className="min-h-screen flex flex-col bg-background">
    102|             <Navbar />
 ❯ Object.react_stack_bottom_frame node_modules/.pnpm/react-dom@19.2.6_react@19.2.6/node_modules/react-dom/cjs/react-dom-client.development.js:25904:20
 ❯ renderWithHooks node_modules/.pnpm/react-dom@19.2.6_react@19.2.6/node_modules/react-dom/cjs/react-dom-client.development.js:7662:22
 ❯ updateFunctionComponent node_modules/.pnpm/react-dom@19.2.6_react@19.2.6/node_modules/react-dom/cjs/react-dom-client.development.js:10166:19
 ❯ beginWork node_modules/.pnpm/react-dom@19.2.6_react@19.2.6/node_modules/react-dom/cjs/react-dom-client.development.js:11778:18
 ❯ runWithFiberInDEV node_modules/.pnpm/react-dom@19.2.6_react@19.2.6/node_modules/react-dom/cjs/react-dom-client.development.js:874:13
 ❯ performUnitOfWork node_modules/.pnpm/react-dom@19.2.6_react@19.2.6/node_modules/react-dom/cjs/react-dom-client.development.js:17641:22
 ❯ workLoopSync node_modules/.pnpm/react-dom@19.2.6_react@19.2.6/node_modules/react-dom/cjs/react-dom-client.development.js:17469:41
 ❯ renderRootSync node_modules/.pnpm/react-dom@19.2.6_react@19.2.6/node_modules/react-dom/cjs/react-dom-client.development.js:17450:11
 ❯ performWorkOnRoot node_modules/.pnpm/react-dom@19.2.6_react@19.2.6/node_modules/react-dom/cjs/react-dom-client.development.js:16583:35

⎯⎯⎯⎯⎯⎯⎯⎯⎯⎯⎯⎯⎯⎯⎯⎯⎯⎯⎯[297/1250]⎯

 FAIL  .claude/worktrees/hardcore-noether-c55378/client/src/pages/__tests__/sustainability.test.tsx > Sustainability Page > Rendering > should render the sustainability page
 FAIL  .claude/worktrees/hardcore-noether-c55378/client/src/pages/__tests__/sustainability.test.tsx > Sustainability Page > Rendering > should have main content area
 FAIL  .claude/worktrees/hardcore-noether-c55378/client/src/pages/__tests__/sustainability.test.tsx > Sustainability Page > Rendering > should display sustainability title
 FAIL  .claude/worktrees/hardcore-noether-c55378/client/src/pages/__tests__/sustainability.test.tsx > Sustainability Page > Content > should contain sustainability content
 FAIL  .claude/worktrees/hardcore-noether-c55378/client/src/pages/__tests__/sustainability.test.tsx > Sustainability Page > Accessibility > should have proper heading structure
ReferenceError: React is not defined
 ❯ Sustainability .claude/worktrees/hardcore-noether-c55378/client/src/pages/sustainability.tsx:24:3
     22|   };
     23| 
     24|   return (
       |   ^
     25|     <div className="min-h-screen flex flex-col bg-slate-950 font-sans …
     26|       <Navbar />
 ❯ Object.react_stack_bottom_frame node_modules/.pnpm/react-dom@19.2.6_react@19.2.6/node_modules/react-dom/cjs/react-dom-client.development.js:25904:20
 ❯ renderWithHooks node_modules/.pnpm/react-dom@19.2.6_react@19.2.6/node_modules/react-dom/cjs/react-dom-client.development.js:7662:22
 ❯ updateFunctionComponent node_modules/.pnpm/react-dom@19.2.6_react@19.2.6/node_modules/react-dom/cjs/react-dom-client.development.js:10166:19
 ❯ beginWork node_modules/.pnpm/react-dom@19.2.6_react@19.2.6/node_modules/react-dom/cjs/react-dom-client.development.js:11778:18
 ❯ runWithFiberInDEV node_modules/.pnpm/react-dom@19.2.6_react@19.2.6/node_modules/react-dom/cjs/react-dom-client.development.js:874:13
 ❯ performUnitOfWork node_modules/.pnpm/react-dom@19.2.6_react@19.2.6/node_modules/react-dom/cjs/react-dom-client.development.js:17641:22
 ❯ workLoopSync node_modules/.pnpm/react-dom@19.2.6_react@19.2.6/node_modules/react-dom/cjs/react-dom-client.development.js:17469:41
 ❯ renderRootSync node_modules/.pnpm/react-dom@19.2.6_react@19.2.6/node_modules/react-dom/cjs/react-dom-client.development.js:17450:11
 ❯ performWorkOnRoot node_modules/.pnpm/react-dom@19.2.6_react@19.2.6/node_modules/react-dom/cjs/react-dom-client.development.js:16583:35

⎯⎯⎯⎯⎯⎯⎯⎯⎯⎯⎯⎯⎯⎯⎯⎯⎯⎯⎯[298/1250]⎯

 FAIL  .claude/worktrees/hardcore-noether-c55378/client/src/pages/__tests__/terms.test.tsx > Terms and Conditions Page > Rendering > should render the terms page
 FAIL  .claude/worktrees/hardcore-noether-c55378/client/src/pages/__tests__/terms.test.tsx > Terms and Conditions Page > Rendering > should have main content area
 FAIL  .claude/worktrees/hardcore-noether-c55378/client/src/pages/__tests__/terms.test.tsx > Terms and Conditions Page > Rendering > should display terms title
 FAIL  .claude/worktrees/hardcore-noether-c55378/client/src/pages/__tests__/terms.test.tsx > Terms and Conditions Page > Content > should contain terms content
 FAIL  .claude/worktrees/hardcore-noether-c55378/client/src/pages/__tests__/terms.test.tsx > Terms and Conditions Page > Accessibility > should have proper heading structure
ReferenceError: React is not defined
 ❯ Terms .claude/worktrees/hardcore-noether-c55378/client/src/pages/terms.tsx:96:3
     94|   ];
     95| 
     96|   return (
       |   ^
     97|     <div className="min-h-screen flex flex-col bg-background font-sans…
     98|       <Navbar />
 ❯ Object.react_stack_bottom_frame node_modules/.pnpm/react-dom@19.2.6_react@19.2.6/node_modules/react-dom/cjs/react-dom-client.development.js:25904:20
 ❯ renderWithHooks node_modules/.pnpm/react-dom@19.2.6_react@19.2.6/node_modules/react-dom/cjs/react-dom-client.development.js:7662:22
 ❯ updateFunctionComponent node_modules/.pnpm/react-dom@19.2.6_react@19.2.6/node_modules/react-dom/cjs/react-dom-client.development.js:10166:19
 ❯ beginWork node_modules/.pnpm/react-dom@19.2.6_react@19.2.6/node_modules/react-dom/cjs/react-dom-client.development.js:11778:18
 ❯ runWithFiberInDEV node_modules/.pnpm/react-dom@19.2.6_react@19.2.6/node_modules/react-dom/cjs/react-dom-client.development.js:874:13
 ❯ performUnitOfWork node_modules/.pnpm/react-dom@19.2.6_react@19.2.6/node_modules/react-dom/cjs/react-dom-client.development.js:17641:22
 ❯ workLoopSync node_modules/.pnpm/react-dom@19.2.6_react@19.2.6/node_modules/react-dom/cjs/react-dom-client.development.js:17469:41
 ❯ renderRootSync node_modules/.pnpm/react-dom@19.2.6_react@19.2.6/node_modules/react-dom/cjs/react-dom-client.development.js:17450:11
 ❯ performWorkOnRoot node_modules/.pnpm/react-dom@19.2.6_react@19.2.6/node_modules/react-dom/cjs/react-dom-client.development.js:16583:35

⎯⎯⎯⎯⎯⎯⎯⎯⎯⎯⎯⎯⎯⎯⎯⎯⎯⎯⎯[299/1250]⎯

 FAIL  .claude/worktrees/hardcore-noether-c55378/client/src/pages/__tests__/wishlist.test.tsx > Wishlist Page > should render wishlist page
 FAIL  .claude/worktrees/hardcore-noether-c55378/client/src/pages/__tests__/wishlist.test.tsx > Wishlist Page > should display wishlist items
 FAIL  .claude/worktrees/hardcore-noether-c55378/client/src/pages/__tests__/wishlist.test.tsx > Wishlist Page > should have remove from wishlist functionality
 FAIL  .claude/worktrees/hardcore-noether-c55378/client/src/pages/__tests__/wishlist.test.tsx > Wishlist Page > should render footer
ReferenceError: React is not defined
 ❯ Wishlist .claude/worktrees/hardcore-noether-c55378/client/src/pages/wishlist.tsx:68:3
     66|   };
     67| 
     68|   return (
       |   ^
     69|     <div className="min-h-screen flex flex-col bg-background">
     70|       <MetaTags
 ❯ Object.react_stack_bottom_frame node_modules/.pnpm/react-dom@19.2.6_react@19.2.6/node_modules/react-dom/cjs/react-dom-client.development.js:25904:20
 ❯ renderWithHooks node_modules/.pnpm/react-dom@19.2.6_react@19.2.6/node_modules/react-dom/cjs/react-dom-client.development.js:7662:22
 ❯ updateFunctionComponent node_modules/.pnpm/react-dom@19.2.6_react@19.2.6/node_modules/react-dom/cjs/react-dom-client.development.js:10166:19
 ❯ beginWork node_modules/.pnpm/react-dom@19.2.6_react@19.2.6/node_modules/react-dom/cjs/react-dom-client.development.js:11778:18
 ❯ runWithFiberInDEV node_modules/.pnpm/react-dom@19.2.6_react@19.2.6/node_modules/react-dom/cjs/react-dom-client.development.js:874:13
 ❯ performUnitOfWork node_modules/.pnpm/react-dom@19.2.6_react@19.2.6/node_modules/react-dom/cjs/react-dom-client.development.js:17641:22
 ❯ workLoopSync node_modules/.pnpm/react-dom@19.2.6_react@19.2.6/node_modules/react-dom/cjs/react-dom-client.development.js:17469:41
 ❯ renderRootSync node_modules/.pnpm/react-dom@19.2.6_react@19.2.6/node_modules/react-dom/cjs/react-dom-client.development.js:17450:11
 ❯ performWorkOnRoot node_modules/.pnpm/react-dom@19.2.6_react@19.2.6/node_modules/react-dom/cjs/react-dom-client.development.js:16583:35

⎯⎯⎯⎯⎯⎯⎯⎯⎯⎯⎯⎯⎯⎯⎯⎯⎯⎯⎯[300/1250]⎯

 FAIL  .claude/worktrees/jovial-germain-89e4df/client/src/contexts/__tests__/auth-context.test.tsx > AuthContext > Initial State > should start with loading state and check auth on mount
 FAIL  .claude/worktrees/jovial-germain-89e4df/client/src/contexts/__tests__/auth-context.test.tsx > AuthContext > Initial State > should set user if auth check succeeds
 FAIL  .claude/worktrees/jovial-germain-89e4df/client/src/contexts/__tests__/auth-context.test.tsx > AuthContext > Login > should login successfully and set user
 FAIL  .claude/worktrees/jovial-germain-89e4df/client/src/contexts/__tests__/auth-context.test.tsx > AuthContext > Login > should handle login failure
 FAIL  .claude/worktrees/jovial-germain-89e4df/client/src/contexts/__tests__/auth-context.test.tsx > AuthContext > Logout > should logout and clear user
 FAIL  .claude/worktrees/jovial-germain-89e4df/client/src/contexts/__tests__/auth-context.test.tsx > AuthContext > Admin Role > should set isAdmin true for admin users
 FAIL  .claude/worktrees/jovial-germain-89e4df/client/src/contexts/__tests__/auth-context.test.tsx > AuthContext > Admin Role > should set isAdmin false for regular users
ReferenceError: React is not defined
 ❯ AuthProvider .claude/worktrees/jovial-germain-89e4df/client/src/contexts/auth-context.tsx:183:3
    181|   const isAdmin = user?.role === "admin";
    182| 
    183|   return (
       |   ^
    184|     <AuthContext.Provider value={{ user, isLoading, login, register, l…
    185|       {children}
 ❯ Object.react_stack_bottom_frame node_modules/.pnpm/react-dom@19.2.6_react@19.2.6/node_modules/react-dom/cjs/react-dom-client.development.js:25904:20
 ❯ renderWithHooks node_modules/.pnpm/react-dom@19.2.6_react@19.2.6/node_modules/react-dom/cjs/react-dom-client.development.js:7662:22
 ❯ updateFunctionComponent node_modules/.pnpm/react-dom@19.2.6_react@19.2.6/node_modules/react-dom/cjs/react-dom-client.development.js:10166:19
 ❯ beginWork node_modules/.pnpm/react-dom@19.2.6_react@19.2.6/node_modules/react-dom/cjs/react-dom-client.development.js:11778:18
 ❯ runWithFiberInDEV node_modules/.pnpm/react-dom@19.2.6_react@19.2.6/node_modules/react-dom/cjs/react-dom-client.development.js:874:13
 ❯ performUnitOfWork node_modules/.pnpm/react-dom@19.2.6_react@19.2.6/node_modules/react-dom/cjs/react-dom-client.development.js:17641:22
 ❯ workLoopSync node_modules/.pnpm/react-dom@19.2.6_react@19.2.6/node_modules/react-dom/cjs/react-dom-client.development.js:17469:41
 ❯ renderRootSync node_modules/.pnpm/react-dom@19.2.6_react@19.2.6/node_modules/react-dom/cjs/react-dom-client.development.js:17450:11
 ❯ performWorkOnRoot node_modules/.pnpm/react-dom@19.2.6_react@19.2.6/node_modules/react-dom/cjs/react-dom-client.development.js:16583:35

⎯⎯⎯⎯⎯⎯⎯⎯⎯⎯⎯⎯⎯⎯⎯⎯⎯⎯⎯[301/1250]⎯

 FAIL  .claude/worktrees/jovial-germain-89e4df/client/src/contexts/__tests__/cart-context.test.tsx > CartContext > Remove Item > should remove item from cart
Error: expect(element).toHaveTextContent()

Expected element to have text content:
  0
Received:
  1

Ignored nodes: comments, script, style
<html>
  <head />
  <body>
    <div>
      <div>
        <div
          data-testid="totalItems"
        >
          1
        </div>
        <div
          data-testid="totalPrice"
        >
          25000
        </div>
        <div
          data-testid="itemCount"
        >
          1
        </div>
        <div
          data-testid="items"
        >
          [{"id":"prod-123-default","productId":"prod-123","name":"Test Product","price":25000,"quantity":1,"image":"/images/test.jpg","slug":"test-product"}]
        </div>
        <button>
          Add Item
        </button>
        <button>
          Remove Item
        </button>
        <button>
          Update Quantity
        </button>
        <button>
          Clear Cart
        </button>
      </div>
    </div>
  </body>
</html>
 ❯ .claude/worktrees/jovial-germain-89e4df/client/src/contexts/__tests__/cart-context.test.tsx:170:58
    168| 
    169|             await waitFor(() => {
    170|                 expect(screen.getByTestId('totalItems')).toHaveTextCon…
       |                                                          ^
    171|                 expect(screen.getByTestId('itemCount')).toHaveTextCont…
    172|             });
 ❯ runWithExpensiveErrorDiagnosticsDisabled node_modules/.pnpm/@testing-library+dom@10.4.1/node_modules/@testing-library/dom/dist/config.js:47:12
 ❯ checkCallback node_modules/.pnpm/@testing-library+dom@10.4.1/node_modules/@testing-library/dom/dist/wait-for.js:124:77
 ❯ Timeout.checkRealTimersCallback node_modules/.pnpm/@testing-library+dom@10.4.1/node_modules/@testing-library/dom/dist/wait-for.js:118:16

⎯⎯⎯⎯⎯⎯⎯⎯⎯⎯⎯⎯⎯⎯⎯⎯⎯⎯⎯[302/1250]⎯

 FAIL  .claude/worktrees/jovial-germain-89e4df/client/src/contexts/__tests__/cart-context.test.tsx > CartContext > Update Quantity > should update item quantity
Error: expect(element).toHaveTextContent()

Expected element to have text content:
  5
Received:
  1

Ignored nodes: comments, script, style
<html>
  <head />
  <body>
    <div>
      <div>
        <div
          data-testid="totalItems"
        >
          1
        </div>
        <div
          data-testid="totalPrice"
        >
          25000
        </div>
        <div
          data-testid="itemCount"
        >
          1
        </div>
        <div
          data-testid="items"
        >
          [{"id":"prod-123-default","productId":"prod-123","name":"Test Product","price":25000,"quantity":1,"image":"/images/test.jpg","slug":"test-product"}]
        </div>
        <button>
          Add Item
        </button>
        <button>
          Remove Item
        </button>
        <button>
          Update Quantity
        </button>
        <button>
          Clear Cart
        </button>
      </div>
    </div>
  </body>
</html>
 ❯ .claude/worktrees/jovial-germain-89e4df/client/src/contexts/__tests__/cart-context.test.tsx:196:58
    194| 
    195|             await waitFor(() => {
    196|                 expect(screen.getByTestId('totalItems')).toHaveTextCon…
       |                                                          ^
    197|                 expect(screen.getByTestId('totalPrice')).toHaveTextCon…
    198|             });
 ❯ runWithExpensiveErrorDiagnosticsDisabled node_modules/.pnpm/@testing-library+dom@10.4.1/node_modules/@testing-library/dom/dist/config.js:47:12
 ❯ checkCallback node_modules/.pnpm/@testing-library+dom@10.4.1/node_modules/@testing-library/dom/dist/wait-for.js:124:77
 ❯ Timeout.checkRealTimersCallback node_modules/.pnpm/@testing-library+dom@10.4.1/node_modules/@testing-library/dom/dist/wait-for.js:118:16

⎯⎯⎯⎯⎯⎯⎯⎯⎯⎯⎯⎯⎯⎯⎯⎯⎯⎯⎯[303/1250]⎯

 FAIL  .claude/worktrees/jovial-germain-89e4df/client/src/contexts/__tests__/cart-context.test.tsx > CartContext > Update Quantity > should remove item when quantity set to 0
Error: expect(element).toHaveTextContent()

Expected element to have text content:
  0
Received:
  1

Ignored nodes: comments, script, style
<html>
  <head />
  <body>
    <div>
      <div>
        <div
          data-testid="totalItems"
        >
          1
        </div>
        <button>
          Add
        </button>
        <button>
          Set Zero
        </button>
      </div>
    </div>
  </body>
</html>
 ❯ .claude/worktrees/jovial-germain-89e4df/client/src/contexts/__tests__/cart-context.test.tsx:241:58
    239| 
    240|             await waitFor(() => {
    241|                 expect(screen.getByTestId('totalItems')).toHaveTextCon…
       |                                                          ^
    242|             });
    243|         });
 ❯ runWithExpensiveErrorDiagnosticsDisabled node_modules/.pnpm/@testing-library+dom@10.4.1/node_modules/@testing-library/dom/dist/config.js:47:12
 ❯ checkCallback node_modules/.pnpm/@testing-library+dom@10.4.1/node_modules/@testing-library/dom/dist/wait-for.js:124:77
 ❯ Timeout.checkRealTimersCallback node_modules/.pnpm/@testing-library+dom@10.4.1/node_modules/@testing-library/dom/dist/wait-for.js:118:16

⎯⎯⎯⎯⎯⎯⎯⎯⎯⎯⎯⎯⎯⎯⎯⎯⎯⎯⎯[304/1250]⎯

 FAIL  .claude/worktrees/jovial-germain-89e4df/client/src/lib/__tests__/queryClient.test.ts > QueryClient > apiRequest > should make POST request with data
AssertionError: expected "vi.fn()" to be called with arguments: [ '/api/test', ObjectContaining{…} ]

Received: 

  1st vi.fn() call:

  [
    "/api/test",
-   ObjectContaining {
+   {
      "body": "{\"name\":\"Test\",\"value\":123}",
      "credentials": "include",
      "headers": {
        "Content-Type": "application/json",
+       "X-CSRF-Token": "0fa958b3376755d05665342354e986efa024ce2905aadf972932dfdf32bc53f8",
      },
      "method": "POST",
+     "signal": AbortSignal {
+       "onabort": null,
+       Symbol(listeners): {
+         "bubbling": Map {},
+         "capturing": Map {},
+       },
+       Symbol(listenerOptions): {
+         "bubbling": Map {},
+         "capturing": Map {},
+       },
+       Symbol(aborted): false,
+       Symbol(reason): undefined,
+     },
    },
  ]


Number of calls: 1

 ❯ .claude/worktrees/jovial-germain-89e4df/client/src/lib/__tests__/queryClient.test.ts:71:34
     69|             await apiRequest('POST', '/api/test', testData);
     70| 
     71|             expect(global.fetch).toHaveBeenCalledWith(
       |                                  ^
     72|                 '/api/test',
     73|                 expect.objectContaining({

⎯⎯⎯⎯⎯⎯⎯⎯⎯⎯⎯⎯⎯⎯⎯⎯⎯⎯⎯[305/1250]⎯

 FAIL  .claude/worktrees/jovial-germain-89e4df/client/src/lib/__tests__/utils.test.ts > Utility Functions > generateOrderNumber > should generate unique order numbers
AssertionError: expected 1 to be greater than 95
 ❯ .claude/worktrees/jovial-germain-89e4df/client/src/lib/__tests__/utils.test.ts:128:33
    126| 
    127|       // Most should be unique (allow small collision due to random)
    128|       expect(orderNumbers.size).toBeGreaterThan(95);
       |                                 ^
    129|     });
    130| 

⎯⎯⎯⎯⎯⎯⎯⎯⎯⎯⎯⎯⎯⎯⎯⎯⎯⎯⎯[306/1250]⎯

 FAIL  .claude/worktrees/jovial-germain-89e4df/client/src/hooks/__tests__/use-pwa.test.ts > usePWA > Service Worker > should register service worker on mount
AssertionError: expected "vi.fn()" to be called with arguments: [ '/sw.js' ]

Received: 

  1st vi.fn() call:

  [
-   "/sw.js",
+   "/sw-push.js",
  ]


Number of calls: 1


Ignored nodes: comments, script, style
<html>
  <head />
  <body>
    <div />
  </body>
</html>
 ❯ .claude/worktrees/jovial-germain-89e4df/client/src/hooks/__tests__/use-pwa.test.ts:142:58
    140| 
    141|             await waitFor(() => {
    142|                 expect(navigator.serviceWorker.register).toHaveBeenCal…
       |                                                          ^
    143|             });
    144|         });
 ❯ runWithExpensiveErrorDiagnosticsDisabled node_modules/.pnpm/@testing-library+dom@10.4.1/node_modules/@testing-library/dom/dist/config.js:47:12
 ❯ checkCallback node_modules/.pnpm/@testing-library+dom@10.4.1/node_modules/@testing-library/dom/dist/wait-for.js:124:77
 ❯ Timeout.checkRealTimersCallback node_modules/.pnpm/@testing-library+dom@10.4.1/node_modules/@testing-library/dom/dist/wait-for.js:118:16

⎯⎯⎯⎯⎯⎯⎯⎯⎯⎯⎯⎯⎯⎯⎯⎯⎯⎯⎯[307/1250]⎯

 FAIL  .claude/worktrees/jovial-germain-89e4df/client/src/pages/__tests__/404.test.tsx > 404 Not Found Page > Rendering > should render the 404 page
 FAIL  .claude/worktrees/jovial-germain-89e4df/client/src/pages/__tests__/404.test.tsx > 404 Not Found Page > Rendering > should display error state component
 FAIL  .claude/worktrees/jovial-germain-89e4df/client/src/pages/__tests__/404.test.tsx > 404 Not Found Page > Rendering > should render the shrimp mascot with sad mood
 FAIL  .claude/worktrees/jovial-germain-89e4df/client/src/pages/__tests__/404.test.tsx > 404 Not Found Page > Rendering > should display 404 text
 FAIL  .claude/worktrees/jovial-germain-89e4df/client/src/pages/__tests__/404.test.tsx > 404 Not Found Page > Rendering > should display fun message about lost shrimp
 FAIL  .claude/worktrees/jovial-germain-89e4df/client/src/pages/__tests__/404.test.tsx > 404 Not Found Page > Navigation Links > should display navigation suggestions
 FAIL  .claude/worktrees/jovial-germain-89e4df/client/src/pages/__tests__/404.test.tsx > 404 Not Found Page > Navigation Links > should have home button
 FAIL  .claude/worktrees/jovial-germain-89e4df/client/src/pages/__tests__/404.test.tsx > 404 Not Found Page > Navigation Links > should have products button
 FAIL  .claude/worktrees/jovial-germain-89e4df/client/src/pages/__tests__/404.test.tsx > 404 Not Found Page > Navigation Links > should have fish encyclopedia button
 FAIL  .claude/worktrees/jovial-germain-89e4df/client/src/pages/__tests__/404.test.tsx > 404 Not Found Page > Navigation Links > should have journey button
 FAIL  .claude/worktrees/jovial-germain-89e4df/client/src/pages/__tests__/404.test.tsx > 404 Not Found Page > Navigation Links > should have deals button
 FAIL  .claude/worktrees/jovial-germain-89e4df/client/src/pages/__tests__/404.test.tsx > 404 Not Found Page > Navigation Links > should navigate to home when clicking home button
 FAIL  .claude/worktrees/jovial-germain-89e4df/client/src/pages/__tests__/404.test.tsx > 404 Not Found Page > Navigation Links > should navigate to products when clicking products button
 FAIL  .claude/worktrees/jovial-germain-89e4df/client/src/pages/__tests__/404.test.tsx > 404 Not Found Page > Navigation Links > should navigate to fish encyclopedia when clicking encyclopedia button
 FAIL  .claude/worktrees/jovial-germain-89e4df/client/src/pages/__tests__/404.test.tsx > 404 Not Found Page > Accessibility > should have main content area
 FAIL  .claude/worktrees/jovial-germain-89e4df/client/src/pages/__tests__/404.test.tsx > 404 Not Found Page > Accessibility > should have RTL direction for suggestions
ReferenceError: React is not defined
 ❯ NotFound .claude/worktrees/jovial-germain-89e4df/client/src/pages/404.tsx:10:3
      8|   const [, setLocation] = useLocation();
      9| 
     10|   return (
       |   ^
     11|     <div className="min-h-screen flex flex-col bg-background">
     12|       <MetaTags
 ❯ Object.react_stack_bottom_frame node_modules/.pnpm/react-dom@19.2.6_react@19.2.6/node_modules/react-dom/cjs/react-dom-client.development.js:25904:20
 ❯ renderWithHooks node_modules/.pnpm/react-dom@19.2.6_react@19.2.6/node_modules/react-dom/cjs/react-dom-client.development.js:7662:22
 ❯ updateFunctionComponent node_modules/.pnpm/react-dom@19.2.6_react@19.2.6/node_modules/react-dom/cjs/react-dom-client.development.js:10166:19
 ❯ beginWork node_modules/.pnpm/react-dom@19.2.6_react@19.2.6/node_modules/react-dom/cjs/react-dom-client.development.js:11778:18
 ❯ runWithFiberInDEV node_modules/.pnpm/react-dom@19.2.6_react@19.2.6/node_modules/react-dom/cjs/react-dom-client.development.js:874:13
 ❯ performUnitOfWork node_modules/.pnpm/react-dom@19.2.6_react@19.2.6/node_modules/react-dom/cjs/react-dom-client.development.js:17641:22
 ❯ workLoopSync node_modules/.pnpm/react-dom@19.2.6_react@19.2.6/node_modules/react-dom/cjs/react-dom-client.development.js:17469:41
 ❯ renderRootSync node_modules/.pnpm/react-dom@19.2.6_react@19.2.6/node_modules/react-dom/cjs/react-dom-client.development.js:17450:11
 ❯ performWorkOnRoot node_modules/.pnpm/react-dom@19.2.6_react@19.2.6/node_modules/react-dom/cjs/react-dom-client.development.js:16583:35

⎯⎯⎯⎯⎯⎯⎯⎯⎯⎯⎯⎯⎯⎯⎯⎯⎯⎯⎯[308/1250]⎯

 FAIL  .claude/worktrees/jovial-germain-89e4df/client/src/pages/__tests__/admin-dashboard.test.tsx > Admin Dashboard Page > should render admin dashboard
 FAIL  .claude/worktrees/jovial-germain-89e4df/client/src/pages/__tests__/admin-dashboard.test.tsx > Admin Dashboard Page > should display admin email
 FAIL  .claude/worktrees/jovial-germain-89e4df/client/src/pages/__tests__/admin-dashboard.test.tsx > Admin Dashboard Page > should have interactive buttons
 FAIL  .claude/worktrees/jovial-germain-89e4df/client/src/pages/__tests__/admin-dashboard.test.tsx > Admin Dashboard Page > should have logout button
ReferenceError: React is not defined
 ❯ AdminDashboard .claude/worktrees/jovial-germain-89e4df/client/src/pages/admin-dashboard.tsx:614:3
    612|   }, 0);
    613| 
    614|   return (
       |   ^
    615|     <div className="container mx-auto py-8 px-4" dir="rtl">
    616|       <div className="mb-8 flex justify-between items-center">
 ❯ Object.react_stack_bottom_frame node_modules/.pnpm/react-dom@19.2.6_react@19.2.6/node_modules/react-dom/cjs/react-dom-client.development.js:25904:20
 ❯ renderWithHooks node_modules/.pnpm/react-dom@19.2.6_react@19.2.6/node_modules/react-dom/cjs/react-dom-client.development.js:7662:22
 ❯ updateFunctionComponent node_modules/.pnpm/react-dom@19.2.6_react@19.2.6/node_modules/react-dom/cjs/react-dom-client.development.js:10166:19
 ❯ beginWork node_modules/.pnpm/react-dom@19.2.6_react@19.2.6/node_modules/react-dom/cjs/react-dom-client.development.js:11778:18
 ❯ runWithFiberInDEV node_modules/.pnpm/react-dom@19.2.6_react@19.2.6/node_modules/react-dom/cjs/react-dom-client.development.js:874:13
 ❯ performUnitOfWork node_modules/.pnpm/react-dom@19.2.6_react@19.2.6/node_modules/react-dom/cjs/react-dom-client.development.js:17641:22
 ❯ workLoopSync node_modules/.pnpm/react-dom@19.2.6_react@19.2.6/node_modules/react-dom/cjs/react-dom-client.development.js:17469:41
 ❯ renderRootSync node_modules/.pnpm/react-dom@19.2.6_react@19.2.6/node_modules/react-dom/cjs/react-dom-client.development.js:17450:11
 ❯ performWorkOnRoot node_modules/.pnpm/react-dom@19.2.6_react@19.2.6/node_modules/react-dom/cjs/react-dom-client.development.js:16583:35

⎯⎯⎯⎯⎯⎯⎯⎯⎯⎯⎯⎯⎯⎯⎯⎯⎯⎯⎯[309/1250]⎯

 FAIL  .claude/worktrees/jovial-germain-89e4df/client/src/pages/__tests__/admin-login.test.tsx > Admin Login Page > Rendering > should render admin login form
 FAIL  .claude/worktrees/jovial-germain-89e4df/client/src/pages/__tests__/admin-login.test.tsx > Admin Login Page > Rendering > should display email input
 FAIL  .claude/worktrees/jovial-germain-89e4df/client/src/pages/__tests__/admin-login.test.tsx > Admin Login Page > Rendering > should display password input
 FAIL  .claude/worktrees/jovial-germain-89e4df/client/src/pages/__tests__/admin-login.test.tsx > Admin Login Page > Rendering > should display submit button
 FAIL  .claude/worktrees/jovial-germain-89e4df/client/src/pages/__tests__/admin-login.test.tsx > Admin Login Page > Rendering > should display security message
 FAIL  .claude/worktrees/jovial-germain-89e4df/client/src/pages/__tests__/admin-login.test.tsx > Admin Login Page > Form Interaction > should update email input value
 FAIL  .claude/worktrees/jovial-germain-89e4df/client/src/pages/__tests__/admin-login.test.tsx > Admin Login Page > Form Interaction > should update password input value
 FAIL  .claude/worktrees/jovial-germain-89e4df/client/src/pages/__tests__/admin-login.test.tsx > Admin Login Page > Form Submission > should call login on form submit
 FAIL  .claude/worktrees/jovial-germain-89e4df/client/src/pages/__tests__/admin-login.test.tsx > Admin Login Page > Form Submission > should redirect to admin dashboard on success
 FAIL  .claude/worktrees/jovial-germain-89e4df/client/src/pages/__tests__/admin-login.test.tsx > Admin Login Page > Form Submission > should show error on failed login
 FAIL  .claude/worktrees/jovial-germain-89e4df/client/src/pages/__tests__/admin-login.test.tsx > Admin Login Page > Loading State > should show loading text while submitting
ReferenceError: React is not defined
 ❯ AdminLogin .claude/worktrees/jovial-germain-89e4df/client/src/pages/admin-login.tsx:61:3
     59|   };
     60| 
     61|   return (
       |   ^
     62|     <div className="min-h-screen flex items-center justify-center bg-b…
     63|       {/* Background Effects */}
 ❯ Object.react_stack_bottom_frame node_modules/.pnpm/react-dom@19.2.6_react@19.2.6/node_modules/react-dom/cjs/react-dom-client.development.js:25904:20
 ❯ renderWithHooks node_modules/.pnpm/react-dom@19.2.6_react@19.2.6/node_modules/react-dom/cjs/react-dom-client.development.js:7662:22
 ❯ updateFunctionComponent node_modules/.pnpm/react-dom@19.2.6_react@19.2.6/node_modules/react-dom/cjs/react-dom-client.development.js:10166:19
 ❯ beginWork node_modules/.pnpm/react-dom@19.2.6_react@19.2.6/node_modules/react-dom/cjs/react-dom-client.development.js:11778:18
 ❯ runWithFiberInDEV node_modules/.pnpm/react-dom@19.2.6_react@19.2.6/node_modules/react-dom/cjs/react-dom-client.development.js:874:13
 ❯ performUnitOfWork node_modules/.pnpm/react-dom@19.2.6_react@19.2.6/node_modules/react-dom/cjs/react-dom-client.development.js:17641:22
 ❯ workLoopSync node_modules/.pnpm/react-dom@19.2.6_react@19.2.6/node_modules/react-dom/cjs/react-dom-client.development.js:17469:41
 ❯ renderRootSync node_modules/.pnpm/react-dom@19.2.6_react@19.2.6/node_modules/react-dom/cjs/react-dom-client.development.js:17450:11
 ❯ performWorkOnRoot node_modules/.pnpm/react-dom@19.2.6_react@19.2.6/node_modules/react-dom/cjs/react-dom-client.development.js:16583:35

⎯⎯⎯⎯⎯⎯⎯⎯⎯⎯⎯⎯⎯⎯⎯⎯⎯⎯⎯[310/1250]⎯

 FAIL  .claude/worktrees/jovial-germain-89e4df/client/src/pages/__tests__/blog-post.test.tsx > Blog Post Page > Not Found State > should display not found message when article does not exist
 FAIL  .claude/worktrees/jovial-germain-89e4df/client/src/pages/__tests__/blog-post.test.tsx > Blog Post Page > Not Found State > should have link to blog page
 FAIL  .claude/worktrees/jovial-germain-89e4df/client/src/pages/__tests__/blog-post.test.tsx > Blog Post Page > Not Found State > should have return button
 FAIL  .claude/worktrees/jovial-germain-89e4df/client/src/pages/__tests__/blog-post.test.tsx > Blog Post Page > Content > should display article content area
 FAIL  .claude/worktrees/jovial-germain-89e4df/client/src/pages/__tests__/blog-post.test.tsx > Blog Post Page > Accessibility > should have proper heading structure
 FAIL  .claude/worktrees/jovial-germain-89e4df/client/src/pages/__tests__/blog-post.test.tsx > Blog Post Page > Accessibility > should have navigation link
Error: No QueryClient set, use QueryClientProvider to set one
 ❯ useQueryClient node_modules/.pnpm/@tanstack+react-query@5.100.10_react@19.2.6/node_modules/@tanstack/react-query/build/modern/QueryClientProvider.js:15:11
 ❯ useBaseQuery node_modules/.pnpm/@tanstack+react-query@5.100.10_react@19.2.6/node_modules/@tanstack/react-query/build/modern/useBaseQuery.js:30:18
 ❯ useQuery node_modules/.pnpm/@tanstack+react-query@5.100.10_react@19.2.6/node_modules/@tanstack/react-query/build/modern/useQuery.js:7:10
 ❯ BlogPost .claude/worktrees/jovial-germain-89e4df/client/src/pages/blog-post.tsx:18:46
     16|     const slug = params?.id;
     17| 
     18|     const { data: post, isLoading, error } = useQuery<BlogPost>({
       |                                              ^
     19|         queryKey: [`/api/blog/posts/${slug}`],
     20|         enabled: !!slug
 ❯ Object.react_stack_bottom_frame node_modules/.pnpm/react-dom@19.2.6_react@19.2.6/node_modules/react-dom/cjs/react-dom-client.development.js:25904:20
 ❯ renderWithHooks node_modules/.pnpm/react-dom@19.2.6_react@19.2.6/node_modules/react-dom/cjs/react-dom-client.development.js:7662:22
 ❯ updateFunctionComponent node_modules/.pnpm/react-dom@19.2.6_react@19.2.6/node_modules/react-dom/cjs/react-dom-client.development.js:10166:19
 ❯ beginWork node_modules/.pnpm/react-dom@19.2.6_react@19.2.6/node_modules/react-dom/cjs/react-dom-client.development.js:11778:18
 ❯ runWithFiberInDEV node_modules/.pnpm/react-dom@19.2.6_react@19.2.6/node_modules/react-dom/cjs/react-dom-client.development.js:874:13
 ❯ performUnitOfWork node_modules/.pnpm/react-dom@19.2.6_react@19.2.6/node_modules/react-dom/cjs/react-dom-client.development.js:17641:22

⎯⎯⎯⎯⎯⎯⎯⎯⎯⎯⎯⎯⎯⎯⎯⎯⎯⎯⎯[311/1250]⎯

 FAIL  .claude/worktrees/jovial-germain-89e4df/client/src/pages/__tests__/community-gallery.test.tsx > Community Gallery Page > Rendering > should render the gallery page
 FAIL  .claude/worktrees/jovial-germain-89e4df/client/src/pages/__tests__/community-gallery.test.tsx > Community Gallery Page > Rendering > should have main content area
 FAIL  .claude/worktrees/jovial-germain-89e4df/client/src/pages/__tests__/community-gallery.test.tsx > Community Gallery Page > Rendering > should display gallery title
 FAIL  .claude/worktrees/jovial-germain-89e4df/client/src/pages/__tests__/community-gallery.test.tsx > Community Gallery Page > Gallery Items > should display gallery content after loading
 FAIL  .claude/worktrees/jovial-germain-89e4df/client/src/pages/__tests__/community-gallery.test.tsx > Community Gallery Page > Accessibility > should have proper heading structure
ReferenceError: React is not defined
 ❯ CommunityGallery .claude/worktrees/jovial-germain-89e4df/client/src/pages/community-gallery.tsx:172:3
    170|   const approvedSubmissions = submissions.filter(s => s.isApproved && …
    171| 
    172|   return (
       |   ^
    173|     <div className="min-h-screen flex flex-col bg-background">
    174|       <Navbar />
 ❯ Object.react_stack_bottom_frame node_modules/.pnpm/react-dom@19.2.6_react@19.2.6/node_modules/react-dom/cjs/react-dom-client.development.js:25904:20
 ❯ renderWithHooks node_modules/.pnpm/react-dom@19.2.6_react@19.2.6/node_modules/react-dom/cjs/react-dom-client.development.js:7662:22
 ❯ updateFunctionComponent node_modules/.pnpm/react-dom@19.2.6_react@19.2.6/node_modules/react-dom/cjs/react-dom-client.development.js:10166:19
 ❯ beginWork node_modules/.pnpm/react-dom@19.2.6_react@19.2.6/node_modules/react-dom/cjs/react-dom-client.development.js:11778:18
 ❯ runWithFiberInDEV node_modules/.pnpm/react-dom@19.2.6_react@19.2.6/node_modules/react-dom/cjs/react-dom-client.development.js:874:13
 ❯ performUnitOfWork node_modules/.pnpm/react-dom@19.2.6_react@19.2.6/node_modules/react-dom/cjs/react-dom-client.development.js:17641:22
 ❯ workLoopSync node_modules/.pnpm/react-dom@19.2.6_react@19.2.6/node_modules/react-dom/cjs/react-dom-client.development.js:17469:41
 ❯ renderRootSync node_modules/.pnpm/react-dom@19.2.6_react@19.2.6/node_modules/react-dom/cjs/react-dom-client.development.js:17450:11
 ❯ performWorkOnRoot node_modules/.pnpm/react-dom@19.2.6_react@19.2.6/node_modules/react-dom/cjs/react-dom-client.development.js:16583:35

⎯⎯⎯⎯⎯⎯⎯⎯⎯⎯⎯⎯⎯⎯⎯⎯⎯⎯⎯[312/1250]⎯

 FAIL  .claude/worktrees/jovial-germain-89e4df/client/src/pages/__tests__/compare.test.tsx > Compare Products Page > Rendering > should render the compare page
 FAIL  .claude/worktrees/jovial-germain-89e4df/client/src/pages/__tests__/compare.test.tsx > Compare Products Page > Rendering > should have main content area
 FAIL  .claude/worktrees/jovial-germain-89e4df/client/src/pages/__tests__/compare.test.tsx > Compare Products Page > Empty State > should show empty state when no products to compare
 FAIL  .claude/worktrees/jovial-germain-89e4df/client/src/pages/__tests__/compare.test.tsx > Compare Products Page > Accessibility > should have proper heading structure
ReferenceError: React is not defined
 ❯ ComparePage .claude/worktrees/jovial-germain-89e4df/client/src/pages/compare.tsx:30:5
     28|     const comparedProducts = allProducts.filter(p => compareIds.includ…
     29| 
     30|     return (
       |     ^
     31|         <div className="min-h-screen flex flex-col bg-background">
     32|             <MetaTags
 ❯ Object.react_stack_bottom_frame node_modules/.pnpm/react-dom@19.2.6_react@19.2.6/node_modules/react-dom/cjs/react-dom-client.development.js:25904:20
 ❯ renderWithHooks node_modules/.pnpm/react-dom@19.2.6_react@19.2.6/node_modules/react-dom/cjs/react-dom-client.development.js:7662:22
 ❯ updateFunctionComponent node_modules/.pnpm/react-dom@19.2.6_react@19.2.6/node_modules/react-dom/cjs/react-dom-client.development.js:10166:19
 ❯ beginWork node_modules/.pnpm/react-dom@19.2.6_react@19.2.6/node_modules/react-dom/cjs/react-dom-client.development.js:11778:18
 ❯ runWithFiberInDEV node_modules/.pnpm/react-dom@19.2.6_react@19.2.6/node_modules/react-dom/cjs/react-dom-client.development.js:874:13
 ❯ performUnitOfWork node_modules/.pnpm/react-dom@19.2.6_react@19.2.6/node_modules/react-dom/cjs/react-dom-client.development.js:17641:22
 ❯ workLoopSync node_modules/.pnpm/react-dom@19.2.6_react@19.2.6/node_modules/react-dom/cjs/react-dom-client.development.js:17469:41
 ❯ renderRootSync node_modules/.pnpm/react-dom@19.2.6_react@19.2.6/node_modules/react-dom/cjs/react-dom-client.development.js:17450:11
 ❯ performWorkOnRoot node_modules/.pnpm/react-dom@19.2.6_react@19.2.6/node_modules/react-dom/cjs/react-dom-client.development.js:16583:35

⎯⎯⎯⎯⎯⎯⎯⎯⎯⎯⎯⎯⎯⎯⎯⎯⎯⎯⎯[313/1250]⎯

 FAIL  .claude/worktrees/jovial-germain-89e4df/client/src/pages/__tests__/deals.test.tsx > Deals Page > Rendering > should render deals page
 FAIL  .claude/worktrees/jovial-germain-89e4df/client/src/pages/__tests__/deals.test.tsx > Deals Page > Rendering > should have main content area
 FAIL  .claude/worktrees/jovial-germain-89e4df/client/src/pages/__tests__/deals.test.tsx > Deals Page > Rendering > should display deals title
 FAIL  .claude/worktrees/jovial-germain-89e4df/client/src/pages/__tests__/deals.test.tsx > Deals Page > Rendering > should render whatsapp widget
 FAIL  .claude/worktrees/jovial-germain-89e4df/client/src/pages/__tests__/deals.test.tsx > Deals Page > Rendering > should render back to top button
 FAIL  .claude/worktrees/jovial-germain-89e4df/client/src/pages/__tests__/deals.test.tsx > Deals Page > Product Display > should display deals after loading
 FAIL  .claude/worktrees/jovial-germain-89e4df/client/src/pages/__tests__/deals.test.tsx > Deals Page > Accessibility > should have proper heading structure
ReferenceError: React is not defined
 ❯ Deals .claude/worktrees/jovial-germain-89e4df/client/src/pages/deals.tsx:53:3
     51|   };
     52| 
     53|   return (
       |   ^
     54|     <div className="min-h-screen flex flex-col bg-background font-sans…
     55|       <MetaTags
 ❯ Object.react_stack_bottom_frame node_modules/.pnpm/react-dom@19.2.6_react@19.2.6/node_modules/react-dom/cjs/react-dom-client.development.js:25904:20
 ❯ renderWithHooks node_modules/.pnpm/react-dom@19.2.6_react@19.2.6/node_modules/react-dom/cjs/react-dom-client.development.js:7662:22
 ❯ updateFunctionComponent node_modules/.pnpm/react-dom@19.2.6_react@19.2.6/node_modules/react-dom/cjs/react-dom-client.development.js:10166:19
 ❯ beginWork node_modules/.pnpm/react-dom@19.2.6_react@19.2.6/node_modules/react-dom/cjs/react-dom-client.development.js:11778:18
 ❯ runWithFiberInDEV node_modules/.pnpm/react-dom@19.2.6_react@19.2.6/node_modules/react-dom/cjs/react-dom-client.development.js:874:13
 ❯ performUnitOfWork node_modules/.pnpm/react-dom@19.2.6_react@19.2.6/node_modules/react-dom/cjs/react-dom-client.development.js:17641:22
 ❯ workLoopSync node_modules/.pnpm/react-dom@19.2.6_react@19.2.6/node_modules/react-dom/cjs/react-dom-client.development.js:17469:41
 ❯ renderRootSync node_modules/.pnpm/react-dom@19.2.6_react@19.2.6/node_modules/react-dom/cjs/react-dom-client.development.js:17450:11
 ❯ performWorkOnRoot node_modules/.pnpm/react-dom@19.2.6_react@19.2.6/node_modules/react-dom/cjs/react-dom-client.development.js:16583:35

⎯⎯⎯⎯⎯⎯⎯⎯⎯⎯⎯⎯⎯⎯⎯⎯⎯⎯⎯[314/1250]⎯

 FAIL  .claude/worktrees/jovial-germain-89e4df/client/src/pages/__tests__/faq.test.tsx > FAQ Page > should render FAQ page
 FAIL  .claude/worktrees/jovial-germain-89e4df/client/src/pages/__tests__/faq.test.tsx > FAQ Page > should display FAQ categories
 FAIL  .claude/worktrees/jovial-germain-89e4df/client/src/pages/__tests__/faq.test.tsx > FAQ Page > should have expandable FAQ items
 FAIL  .claude/worktrees/jovial-germain-89e4df/client/src/pages/__tests__/faq.test.tsx > FAQ Page > should render footer
ReferenceError: React is not defined
 ❯ FAQ .claude/worktrees/jovial-germain-89e4df/client/src/pages/faq.tsx:237:3
    235|   ];
    236| 
    237|   return (
       |   ^
    238|     <div className="min-h-screen flex flex-col bg-background font-sans…
    239|       <MetaTags
 ❯ Object.react_stack_bottom_frame node_modules/.pnpm/react-dom@19.2.6_react@19.2.6/node_modules/react-dom/cjs/react-dom-client.development.js:25904:20
 ❯ renderWithHooks node_modules/.pnpm/react-dom@19.2.6_react@19.2.6/node_modules/react-dom/cjs/react-dom-client.development.js:7662:22
 ❯ updateFunctionComponent node_modules/.pnpm/react-dom@19.2.6_react@19.2.6/node_modules/react-dom/cjs/react-dom-client.development.js:10166:19
 ❯ beginWork node_modules/.pnpm/react-dom@19.2.6_react@19.2.6/node_modules/react-dom/cjs/react-dom-client.development.js:11778:18
 ❯ runWithFiberInDEV node_modules/.pnpm/react-dom@19.2.6_react@19.2.6/node_modules/react-dom/cjs/react-dom-client.development.js:874:13
 ❯ performUnitOfWork node_modules/.pnpm/react-dom@19.2.6_react@19.2.6/node_modules/react-dom/cjs/react-dom-client.development.js:17641:22
 ❯ workLoopSync node_modules/.pnpm/react-dom@19.2.6_react@19.2.6/node_modules/react-dom/cjs/react-dom-client.development.js:17469:41
 ❯ renderRootSync node_modules/.pnpm/react-dom@19.2.6_react@19.2.6/node_modules/react-dom/cjs/react-dom-client.development.js:17450:11
 ❯ performWorkOnRoot node_modules/.pnpm/react-dom@19.2.6_react@19.2.6/node_modules/react-dom/cjs/react-dom-client.development.js:16583:35

⎯⎯⎯⎯⎯⎯⎯⎯⎯⎯⎯⎯⎯⎯⎯⎯⎯⎯⎯[315/1250]⎯

 FAIL  .claude/worktrees/jovial-germain-89e4df/client/src/pages/__tests__/fish-breeding-calculator.test.tsx > Fish Breeding Calculator Page > should render the calculator page
 FAIL  .claude/worktrees/jovial-germain-89e4df/client/src/pages/__tests__/fish-breeding-calculator.test.tsx > Fish Breeding Calculator Page > should have main content area
 FAIL  .claude/worktrees/jovial-germain-89e4df/client/src/pages/__tests__/fish-breeding-calculator.test.tsx > Fish Breeding Calculator Page > should display fish breeding heading
 FAIL  .claude/worktrees/jovial-germain-89e4df/client/src/pages/__tests__/fish-breeding-calculator.test.tsx > Fish Breeding Calculator Page > should have interactive controls
 FAIL  .claude/worktrees/jovial-germain-89e4df/client/src/pages/__tests__/fish-breeding-calculator.test.tsx > Fish Breeding Calculator Page > should render footer
ReferenceError: React is not defined
 ❯ FishBreedingCalculator .claude/worktrees/jovial-germain-89e4df/client/src/pages/fish-breeding-calculator.tsx:389:3
    387|   const waterStatus = checkWaterParameters();
    388| 
    389|   return (
       |   ^
    390|     <div className="min-h-screen flex flex-col bg-background">
    391|       <Navbar />
 ❯ Object.react_stack_bottom_frame node_modules/.pnpm/react-dom@19.2.6_react@19.2.6/node_modules/react-dom/cjs/react-dom-client.development.js:25904:20
 ❯ renderWithHooks node_modules/.pnpm/react-dom@19.2.6_react@19.2.6/node_modules/react-dom/cjs/react-dom-client.development.js:7662:22
 ❯ updateFunctionComponent node_modules/.pnpm/react-dom@19.2.6_react@19.2.6/node_modules/react-dom/cjs/react-dom-client.development.js:10166:19
 ❯ beginWork node_modules/.pnpm/react-dom@19.2.6_react@19.2.6/node_modules/react-dom/cjs/react-dom-client.development.js:11778:18
 ❯ runWithFiberInDEV node_modules/.pnpm/react-dom@19.2.6_react@19.2.6/node_modules/react-dom/cjs/react-dom-client.development.js:874:13
 ❯ performUnitOfWork node_modules/.pnpm/react-dom@19.2.6_react@19.2.6/node_modules/react-dom/cjs/react-dom-client.development.js:17641:22
 ❯ workLoopSync node_modules/.pnpm/react-dom@19.2.6_react@19.2.6/node_modules/react-dom/cjs/react-dom-client.development.js:17469:41
 ❯ renderRootSync node_modules/.pnpm/react-dom@19.2.6_react@19.2.6/node_modules/react-dom/cjs/react-dom-client.development.js:17450:11
 ❯ performWorkOnRoot node_modules/.pnpm/react-dom@19.2.6_react@19.2.6/node_modules/react-dom/cjs/react-dom-client.development.js:16583:35

⎯⎯⎯⎯⎯⎯⎯⎯⎯⎯⎯⎯⎯⎯⎯⎯⎯⎯⎯[316/1250]⎯

 FAIL  .claude/worktrees/jovial-germain-89e4df/client/src/pages/__tests__/fish-encyclopedia.test.tsx > Fish Encyclopedia Page > should render encyclopedia page
 FAIL  .claude/worktrees/jovial-germain-89e4df/client/src/pages/__tests__/fish-encyclopedia.test.tsx > Fish Encyclopedia Page > should display page title
 FAIL  .claude/worktrees/jovial-germain-89e4df/client/src/pages/__tests__/fish-encyclopedia.test.tsx > Fish Encyclopedia Page > should have search functionality
 FAIL  .claude/worktrees/jovial-germain-89e4df/client/src/pages/__tests__/fish-encyclopedia.test.tsx > Fish Encyclopedia Page > should display fish cards
 FAIL  .claude/worktrees/jovial-germain-89e4df/client/src/pages/__tests__/fish-encyclopedia.test.tsx > Fish Encyclopedia Page > should render footer
ReferenceError: React is not defined
 ❯ FishEncyclopedia .claude/worktrees/jovial-germain-89e4df/client/src/pages/fish-encyclopedia.tsx:135:3
    133|   };
    134| 
    135|   return (
       |   ^
    136|     <div className="min-h-screen flex flex-col bg-background">
    137|       <Navbar />
 ❯ Object.react_stack_bottom_frame node_modules/.pnpm/react-dom@19.2.6_react@19.2.6/node_modules/react-dom/cjs/react-dom-client.development.js:25904:20
 ❯ renderWithHooks node_modules/.pnpm/react-dom@19.2.6_react@19.2.6/node_modules/react-dom/cjs/react-dom-client.development.js:7662:22
 ❯ updateFunctionComponent node_modules/.pnpm/react-dom@19.2.6_react@19.2.6/node_modules/react-dom/cjs/react-dom-client.development.js:10166:19
 ❯ beginWork node_modules/.pnpm/react-dom@19.2.6_react@19.2.6/node_modules/react-dom/cjs/react-dom-client.development.js:11778:18
 ❯ runWithFiberInDEV node_modules/.pnpm/react-dom@19.2.6_react@19.2.6/node_modules/react-dom/cjs/react-dom-client.development.js:874:13
 ❯ performUnitOfWork node_modules/.pnpm/react-dom@19.2.6_react@19.2.6/node_modules/react-dom/cjs/react-dom-client.development.js:17641:22
 ❯ workLoopSync node_modules/.pnpm/react-dom@19.2.6_react@19.2.6/node_modules/react-dom/cjs/react-dom-client.development.js:17469:41
 ❯ renderRootSync node_modules/.pnpm/react-dom@19.2.6_react@19.2.6/node_modules/react-dom/cjs/react-dom-client.development.js:17450:11
 ❯ performWorkOnRoot node_modules/.pnpm/react-dom@19.2.6_react@19.2.6/node_modules/react-dom/cjs/react-dom-client.development.js:16583:35

⎯⎯⎯⎯⎯⎯⎯⎯⎯⎯⎯⎯⎯⎯⎯⎯⎯⎯⎯[317/1250]⎯

 FAIL  .claude/worktrees/jovial-germain-89e4df/client/src/pages/__tests__/fish-health-diagnosis.test.tsx > Fish Health Diagnosis Page > Rendering > should render fish health diagnosis page
 FAIL  .claude/worktrees/jovial-germain-89e4df/client/src/pages/__tests__/fish-health-diagnosis.test.tsx > Fish Health Diagnosis Page > Rendering > should have main content area
 FAIL  .claude/worktrees/jovial-germain-89e4df/client/src/pages/__tests__/fish-health-diagnosis.test.tsx > Fish Health Diagnosis Page > Rendering > should display page title
 FAIL  .claude/worktrees/jovial-germain-89e4df/client/src/pages/__tests__/fish-health-diagnosis.test.tsx > Fish Health Diagnosis Page > Rendering > should display AI diagnosis badge with Dr. AQUAVO branding
 FAIL  .claude/worktrees/jovial-germain-89e4df/client/src/pages/__tests__/fish-health-diagnosis.test.tsx > Fish Health Diagnosis Page > Rendering > should have upload section
 FAIL  .claude/worktrees/jovial-germain-89e4df/client/src/pages/__tests__/fish-health-diagnosis.test.tsx > Fish Health Diagnosis Page > Rendering > should display diagnosis result placeholder
 FAIL  .claude/worktrees/jovial-germain-89e4df/client/src/pages/__tests__/fish-health-diagnosis.test.tsx > Fish Health Diagnosis Page > Rendering > should display disease categories reference section
 FAIL  .claude/worktrees/jovial-germain-89e4df/client/src/pages/__tests__/fish-health-diagnosis.test.tsx > Fish Health Diagnosis Page > Rendering > should display all 4 disease category cards
 FAIL  .claude/worktrees/jovial-germain-89e4df/client/src/pages/__tests__/fish-health-diagnosis.test.tsx > Fish Health Diagnosis Page > Rendering > should show upload tips
 FAIL  .claude/worktrees/jovial-germain-89e4df/client/src/pages/__tests__/fish-health-diagnosis.test.tsx > Fish Health Diagnosis Page > Diagnosis Tool > should display diagnosis form or tool
 FAIL  .claude/worktrees/jovial-germain-89e4df/client/src/pages/__tests__/fish-health-diagnosis.test.tsx > Fish Health Diagnosis Page > Diagnosis Tool > should have upload and camera buttons
 FAIL  .claude/worktrees/jovial-germain-89e4df/client/src/pages/__tests__/fish-health-diagnosis.test.tsx > Fish Health Diagnosis Page > Accessibility > should have proper heading structure
 FAIL  .claude/worktrees/jovial-germain-89e4df/client/src/pages/__tests__/fish-health-diagnosis.test.tsx > Fish Health Diagnosis Page > Accessibility > should have disclaimer notice
ReferenceError: React is not defined
 ❯ FishHealthDiagnosis .claude/worktrees/jovial-germain-89e4df/client/src/pages/fish-health-diagnosis.tsx:502:3
    500|   };
    501| 
    502|   return (
       |   ^
    503|     <div className="min-h-screen flex flex-col bg-background">
    504|       <MetaTags
 ❯ Object.react_stack_bottom_frame node_modules/.pnpm/react-dom@19.2.6_react@19.2.6/node_modules/react-dom/cjs/react-dom-client.development.js:25904:20
 ❯ renderWithHooks node_modules/.pnpm/react-dom@19.2.6_react@19.2.6/node_modules/react-dom/cjs/react-dom-client.development.js:7662:22
 ❯ updateFunctionComponent node_modules/.pnpm/react-dom@19.2.6_react@19.2.6/node_modules/react-dom/cjs/react-dom-client.development.js:10166:19
 ❯ beginWork node_modules/.pnpm/react-dom@19.2.6_react@19.2.6/node_modules/react-dom/cjs/react-dom-client.development.js:11778:18
 ❯ runWithFiberInDEV node_modules/.pnpm/react-dom@19.2.6_react@19.2.6/node_modules/react-dom/cjs/react-dom-client.development.js:874:13
 ❯ performUnitOfWork node_modules/.pnpm/react-dom@19.2.6_react@19.2.6/node_modules/react-dom/cjs/react-dom-client.development.js:17641:22
 ❯ workLoopSync node_modules/.pnpm/react-dom@19.2.6_react@19.2.6/node_modules/react-dom/cjs/react-dom-client.development.js:17469:41
 ❯ renderRootSync node_modules/.pnpm/react-dom@19.2.6_react@19.2.6/node_modules/react-dom/cjs/react-dom-client.development.js:17450:11
 ❯ performWorkOnRoot node_modules/.pnpm/react-dom@19.2.6_react@19.2.6/node_modules/react-dom/cjs/react-dom-client.development.js:16583:35

⎯⎯⎯⎯⎯⎯⎯⎯⎯⎯⎯⎯⎯⎯⎯⎯⎯⎯⎯[318/1250]⎯

 FAIL  .claude/worktrees/jovial-germain-89e4df/client/src/pages/__tests__/forgot-password.test.tsx > Forgot Password Page > Rendering > should render forgot password page
 FAIL  .claude/worktrees/jovial-germain-89e4df/client/src/pages/__tests__/forgot-password.test.tsx > Forgot Password Page > Rendering > should display email input
 FAIL  .claude/worktrees/jovial-germain-89e4df/client/src/pages/__tests__/forgot-password.test.tsx > Forgot Password Page > Rendering > should display submit button
 FAIL  .claude/worktrees/jovial-germain-89e4df/client/src/pages/__tests__/forgot-password.test.tsx > Forgot Password Page > Rendering > should have link to login page
 FAIL  .claude/worktrees/jovial-germain-89e4df/client/src/pages/__tests__/forgot-password.test.tsx > Forgot Password Page > Form Interaction > should update email input value
 FAIL  .claude/worktrees/jovial-germain-89e4df/client/src/pages/__tests__/forgot-password.test.tsx > Forgot Password Page > Accessibility > should have main content area
 FAIL  .claude/worktrees/jovial-germain-89e4df/client/src/pages/__tests__/forgot-password.test.tsx > Forgot Password Page > Accessibility > should have proper heading structure
ReferenceError: React is not defined
 ❯ ForgotPassword .claude/worktrees/jovial-germain-89e4df/client/src/pages/forgot-password.tsx:62:5
     60|     };
     61| 
     62|     return (
       |     ^
     63|         <div className="min-h-screen flex flex-col bg-gradient-to-br f…
     64|             <Navbar />
 ❯ Object.react_stack_bottom_frame node_modules/.pnpm/react-dom@19.2.6_react@19.2.6/node_modules/react-dom/cjs/react-dom-client.development.js:25904:20
 ❯ renderWithHooks node_modules/.pnpm/react-dom@19.2.6_react@19.2.6/node_modules/react-dom/cjs/react-dom-client.development.js:7662:22
 ❯ updateFunctionComponent node_modules/.pnpm/react-dom@19.2.6_react@19.2.6/node_modules/react-dom/cjs/react-dom-client.development.js:10166:19
 ❯ beginWork node_modules/.pnpm/react-dom@19.2.6_react@19.2.6/node_modules/react-dom/cjs/react-dom-client.development.js:11778:18
 ❯ runWithFiberInDEV node_modules/.pnpm/react-dom@19.2.6_react@19.2.6/node_modules/react-dom/cjs/react-dom-client.development.js:874:13
 ❯ performUnitOfWork node_modules/.pnpm/react-dom@19.2.6_react@19.2.6/node_modules/react-dom/cjs/react-dom-client.development.js:17641:22
 ❯ workLoopSync node_modules/.pnpm/react-dom@19.2.6_react@19.2.6/node_modules/react-dom/cjs/react-dom-client.development.js:17469:41
 ❯ renderRootSync node_modules/.pnpm/react-dom@19.2.6_react@19.2.6/node_modules/react-dom/cjs/react-dom-client.development.js:17450:11
 ❯ performWorkOnRoot node_modules/.pnpm/react-dom@19.2.6_react@19.2.6/node_modules/react-dom/cjs/react-dom-client.development.js:16583:35

⎯⎯⎯⎯⎯⎯⎯⎯⎯⎯⎯⎯⎯⎯⎯⎯⎯⎯⎯[319/1250]⎯

 FAIL  .claude/worktrees/jovial-germain-89e4df/client/src/pages/__tests__/guides-eco-friendly.test.tsx > Eco-Friendly Guides Page > Rendering > should render the guides page
 FAIL  .claude/worktrees/jovial-germain-89e4df/client/src/pages/__tests__/guides-eco-friendly.test.tsx > Eco-Friendly Guides Page > Rendering > should have main content area
 FAIL  .claude/worktrees/jovial-germain-89e4df/client/src/pages/__tests__/guides-eco-friendly.test.tsx > Eco-Friendly Guides Page > Rendering > should display guides title
 FAIL  .claude/worktrees/jovial-germain-89e4df/client/src/pages/__tests__/guides-eco-friendly.test.tsx > Eco-Friendly Guides Page > Content > should contain eco-friendly guide content
 FAIL  .claude/worktrees/jovial-germain-89e4df/client/src/pages/__tests__/guides-eco-friendly.test.tsx > Eco-Friendly Guides Page > Accessibility > should have proper heading structure
ReferenceError: React is not defined
 ❯ EcoFriendlyGuide .claude/worktrees/jovial-germain-89e4df/client/src/pages/guides-eco-friendly.tsx:18:3
     16|   };
     17| 
     18|   return (
       |   ^
     19|     <div className="min-h-screen flex flex-col bg-slate-50 dark:bg-sla…
     20|       <Navbar />
 ❯ Object.react_stack_bottom_frame node_modules/.pnpm/react-dom@19.2.6_react@19.2.6/node_modules/react-dom/cjs/react-dom-client.development.js:25904:20
 ❯ renderWithHooks node_modules/.pnpm/react-dom@19.2.6_react@19.2.6/node_modules/react-dom/cjs/react-dom-client.development.js:7662:22
 ❯ updateFunctionComponent node_modules/.pnpm/react-dom@19.2.6_react@19.2.6/node_modules/react-dom/cjs/react-dom-client.development.js:10166:19
 ❯ beginWork node_modules/.pnpm/react-dom@19.2.6_react@19.2.6/node_modules/react-dom/cjs/react-dom-client.development.js:11778:18
 ❯ runWithFiberInDEV node_modules/.pnpm/react-dom@19.2.6_react@19.2.6/node_modules/react-dom/cjs/react-dom-client.development.js:874:13
 ❯ performUnitOfWork node_modules/.pnpm/react-dom@19.2.6_react@19.2.6/node_modules/react-dom/cjs/react-dom-client.development.js:17641:22
 ❯ workLoopSync node_modules/.pnpm/react-dom@19.2.6_react@19.2.6/node_modules/react-dom/cjs/react-dom-client.development.js:17469:41
 ❯ renderRootSync node_modules/.pnpm/react-dom@19.2.6_react@19.2.6/node_modules/react-dom/cjs/react-dom-client.development.js:17450:11
 ❯ performWorkOnRoot node_modules/.pnpm/react-dom@19.2.6_react@19.2.6/node_modules/react-dom/cjs/react-dom-client.development.js:16583:35

⎯⎯⎯⎯⎯⎯⎯⎯⎯⎯⎯⎯⎯⎯⎯⎯⎯⎯⎯[320/1250]⎯

 FAIL  .claude/worktrees/jovial-germain-89e4df/client/src/pages/__tests__/home.test.tsx > Home Page > should render the home page without crashing
 FAIL  .claude/worktrees/jovial-germain-89e4df/client/src/pages/__tests__/home.test.tsx > Home Page > should have main content section
 FAIL  .claude/worktrees/jovial-germain-89e4df/client/src/pages/__tests__/home.test.tsx > Home Page > should display hero section with heading
 FAIL  .claude/worktrees/jovial-germain-89e4df/client/src/pages/__tests__/home.test.tsx > Home Page > should render WhatsApp widget
 FAIL  .claude/worktrees/jovial-germain-89e4df/client/src/pages/__tests__/home.test.tsx > Home Page > should contain navigation links
ReferenceError: React is not defined
 ❯ Home .claude/worktrees/jovial-germain-89e4df/client/src/pages/home.tsx:161:3
    159|   const salesPending = !shouldFetchSales || salesIsLoading;
    160| 
    161|   return (
       |   ^
    162|     <div className="min-h-screen flex flex-col bg-background font-sans…
    163|       <MetaTags
 ❯ Object.react_stack_bottom_frame node_modules/.pnpm/react-dom@19.2.6_react@19.2.6/node_modules/react-dom/cjs/react-dom-client.development.js:25904:20
 ❯ renderWithHooks node_modules/.pnpm/react-dom@19.2.6_react@19.2.6/node_modules/react-dom/cjs/react-dom-client.development.js:7662:22
 ❯ updateFunctionComponent node_modules/.pnpm/react-dom@19.2.6_react@19.2.6/node_modules/react-dom/cjs/react-dom-client.development.js:10166:19
 ❯ beginWork node_modules/.pnpm/react-dom@19.2.6_react@19.2.6/node_modules/react-dom/cjs/react-dom-client.development.js:11778:18
 ❯ runWithFiberInDEV node_modules/.pnpm/react-dom@19.2.6_react@19.2.6/node_modules/react-dom/cjs/react-dom-client.development.js:874:13
 ❯ performUnitOfWork node_modules/.pnpm/react-dom@19.2.6_react@19.2.6/node_modules/react-dom/cjs/react-dom-client.development.js:17641:22
 ❯ workLoopSync node_modules/.pnpm/react-dom@19.2.6_react@19.2.6/node_modules/react-dom/cjs/react-dom-client.development.js:17469:41
 ❯ renderRootSync node_modules/.pnpm/react-dom@19.2.6_react@19.2.6/node_modules/react-dom/cjs/react-dom-client.development.js:17450:11
 ❯ performWorkOnRoot node_modules/.pnpm/react-dom@19.2.6_react@19.2.6/node_modules/react-dom/cjs/react-dom-client.development.js:16583:35

⎯⎯⎯⎯⎯⎯⎯⎯⎯⎯⎯⎯⎯⎯⎯⎯⎯⎯⎯[321/1250]⎯

 FAIL  .claude/worktrees/jovial-germain-89e4df/client/src/pages/__tests__/journey.test.tsx > JourneyPage > renders loading state when loading saved plan
ReferenceError: React is not defined
 ❯ JourneyPage .claude/worktrees/jovial-germain-89e4df/client/src/pages/journey.tsx:56:5
     54|   // Loading State
     55|   if (isLoadingSavedPlan) {
     56|     return (
       |     ^
     57|       <div className="min-h-screen flex items-center justify-center">
     58|         <Loader2 className="h-8 w-8 animate-spin text-primary" />
 ❯ Object.react_stack_bottom_frame node_modules/.pnpm/react-dom@19.2.6_react@19.2.6/node_modules/react-dom/cjs/react-dom-client.development.js:25904:20
 ❯ renderWithHooks node_modules/.pnpm/react-dom@19.2.6_react@19.2.6/node_modules/react-dom/cjs/react-dom-client.development.js:7662:22
 ❯ updateFunctionComponent node_modules/.pnpm/react-dom@19.2.6_react@19.2.6/node_modules/react-dom/cjs/react-dom-client.development.js:10166:19
 ❯ beginWork node_modules/.pnpm/react-dom@19.2.6_react@19.2.6/node_modules/react-dom/cjs/react-dom-client.development.js:11778:18
 ❯ runWithFiberInDEV node_modules/.pnpm/react-dom@19.2.6_react@19.2.6/node_modules/react-dom/cjs/react-dom-client.development.js:874:13
 ❯ performUnitOfWork node_modules/.pnpm/react-dom@19.2.6_react@19.2.6/node_modules/react-dom/cjs/react-dom-client.development.js:17641:22
 ❯ workLoopSync node_modules/.pnpm/react-dom@19.2.6_react@19.2.6/node_modules/react-dom/cjs/react-dom-client.development.js:17469:41
 ❯ renderRootSync node_modules/.pnpm/react-dom@19.2.6_react@19.2.6/node_modules/react-dom/cjs/react-dom-client.development.js:17450:11
 ❯ performWorkOnRoot node_modules/.pnpm/react-dom@19.2.6_react@19.2.6/node_modules/react-dom/cjs/react-dom-client.development.js:16583:35

⎯⎯⎯⎯⎯⎯⎯⎯⎯⎯⎯⎯⎯⎯⎯⎯⎯⎯⎯[322/1250]⎯

 FAIL  .claude/worktrees/jovial-germain-89e4df/client/src/pages/__tests__/journey.test.tsx > JourneyPage > renders Step 1 initially
 FAIL  .claude/worktrees/jovial-germain-89e4df/client/src/pages/__tests__/journey.test.tsx > JourneyPage > calls updateData when selecting an option in Step 1
 FAIL  .claude/worktrees/jovial-germain-89e4df/client/src/pages/__tests__/journey.test.tsx > JourneyPage > renders Step 2 when currentStep is 1
 FAIL  .claude/worktrees/jovial-germain-89e4df/client/src/pages/__tests__/journey.test.tsx > JourneyPage > calls nextStep when Next button is clicked
 FAIL  .claude/worktrees/jovial-germain-89e4df/client/src/pages/__tests__/journey.test.tsx > JourneyPage > renders Summary (Step 9) when currentStep is 8
ReferenceError: React is not defined
 ❯ JourneyPage .claude/worktrees/jovial-germain-89e4df/client/src/pages/journey.tsx:160:3
    158|   };
    159| 
    160|   return (
       |   ^
    161|     <div className="min-h-screen bg-background" ref={topRef}>
    162|       <MetaTags
 ❯ Object.react_stack_bottom_frame node_modules/.pnpm/react-dom@19.2.6_react@19.2.6/node_modules/react-dom/cjs/react-dom-client.development.js:25904:20
 ❯ renderWithHooks node_modules/.pnpm/react-dom@19.2.6_react@19.2.6/node_modules/react-dom/cjs/react-dom-client.development.js:7662:22
 ❯ updateFunctionComponent node_modules/.pnpm/react-dom@19.2.6_react@19.2.6/node_modules/react-dom/cjs/react-dom-client.development.js:10166:19
 ❯ beginWork node_modules/.pnpm/react-dom@19.2.6_react@19.2.6/node_modules/react-dom/cjs/react-dom-client.development.js:11778:18
 ❯ runWithFiberInDEV node_modules/.pnpm/react-dom@19.2.6_react@19.2.6/node_modules/react-dom/cjs/react-dom-client.development.js:874:13
 ❯ performUnitOfWork node_modules/.pnpm/react-dom@19.2.6_react@19.2.6/node_modules/react-dom/cjs/react-dom-client.development.js:17641:22
 ❯ workLoopSync node_modules/.pnpm/react-dom@19.2.6_react@19.2.6/node_modules/react-dom/cjs/react-dom-client.development.js:17469:41
 ❯ renderRootSync node_modules/.pnpm/react-dom@19.2.6_react@19.2.6/node_modules/react-dom/cjs/react-dom-client.development.js:17450:11
 ❯ performWorkOnRoot node_modules/.pnpm/react-dom@19.2.6_react@19.2.6/node_modules/react-dom/cjs/react-dom-client.development.js:16583:35

⎯⎯⎯⎯⎯⎯⎯⎯⎯⎯⎯⎯⎯⎯⎯⎯⎯⎯⎯[323/1250]⎯

 FAIL  .claude/worktrees/jovial-germain-89e4df/client/src/pages/__tests__/login.test.tsx > Login Page > Rendering > should render login form
 FAIL  .claude/worktrees/jovial-germain-89e4df/client/src/pages/__tests__/login.test.tsx > Login Page > Rendering > should render navbar and footer
 FAIL  .claude/worktrees/jovial-germain-89e4df/client/src/pages/__tests__/login.test.tsx > Login Page > Rendering > should render remember me checkbox
 FAIL  .claude/worktrees/jovial-germain-89e4df/client/src/pages/__tests__/login.test.tsx > Login Page > Rendering > should render forgot password link
 FAIL  .claude/worktrees/jovial-germain-89e4df/client/src/pages/__tests__/login.test.tsx > Login Page > Rendering > should render register link
 FAIL  .claude/worktrees/jovial-germain-89e4df/client/src/pages/__tests__/login.test.tsx > Login Page > Form Interaction > should update email input value
 FAIL  .claude/worktrees/jovial-germain-89e4df/client/src/pages/__tests__/login.test.tsx > Login Page > Form Interaction > should update password input value
 FAIL  .claude/worktrees/jovial-germain-89e4df/client/src/pages/__tests__/login.test.tsx > Login Page > Form Interaction > should toggle password visibility
 FAIL  .claude/worktrees/jovial-germain-89e4df/client/src/pages/__tests__/login.test.tsx > Login Page > Form Interaction > should toggle remember me checkbox
 FAIL  .claude/worktrees/jovial-germain-89e4df/client/src/pages/__tests__/login.test.tsx > Login Page > Form Submission > should call login on form submit
 FAIL  .claude/worktrees/jovial-germain-89e4df/client/src/pages/__tests__/login.test.tsx > Login Page > Form Submission > should show toast on successful login
 FAIL  .claude/worktrees/jovial-germain-89e4df/client/src/pages/__tests__/login.test.tsx > Login Page > Form Submission > should redirect on successful login
 FAIL  .claude/worktrees/jovial-germain-89e4df/client/src/pages/__tests__/login.test.tsx > Login Page > Form Submission > should show error on failed login
 FAIL  .claude/worktrees/jovial-germain-89e4df/client/src/pages/__tests__/login.test.tsx > Login Page > Loading State > should show loading text while submitting
 FAIL  .claude/worktrees/jovial-germain-89e4df/client/src/pages/__tests__/login.test.tsx > Login Page > Accessibility > should have proper labels for inputs
 FAIL  .claude/worktrees/jovial-germain-89e4df/client/src/pages/__tests__/login.test.tsx > Login Page > Accessibility > should have RTL direction
ReferenceError: React is not defined
 ❯ Login .claude/worktrees/jovial-germain-89e4df/client/src/pages/login.tsx:101:5
     99|     }
    100| 
    101|     return (
       |     ^
    102|         <div className="min-h-screen flex flex-col bg-background" dir=…
    103|             <MetaTags
 ❯ Object.react_stack_bottom_frame node_modules/.pnpm/react-dom@19.2.6_react@19.2.6/node_modules/react-dom/cjs/react-dom-client.development.js:25904:20
 ❯ renderWithHooks node_modules/.pnpm/react-dom@19.2.6_react@19.2.6/node_modules/react-dom/cjs/react-dom-client.development.js:7662:22
 ❯ updateFunctionComponent node_modules/.pnpm/react-dom@19.2.6_react@19.2.6/node_modules/react-dom/cjs/react-dom-client.development.js:10166:19
 ❯ beginWork node_modules/.pnpm/react-dom@19.2.6_react@19.2.6/node_modules/react-dom/cjs/react-dom-client.development.js:11778:18
 ❯ runWithFiberInDEV node_modules/.pnpm/react-dom@19.2.6_react@19.2.6/node_modules/react-dom/cjs/react-dom-client.development.js:874:13
 ❯ performUnitOfWork node_modules/.pnpm/react-dom@19.2.6_react@19.2.6/node_modules/react-dom/cjs/react-dom-client.development.js:17641:22
 ❯ workLoopSync node_modules/.pnpm/react-dom@19.2.6_react@19.2.6/node_modules/react-dom/cjs/react-dom-client.development.js:17469:41
 ❯ renderRootSync node_modules/.pnpm/react-dom@19.2.6_react@19.2.6/node_modules/react-dom/cjs/react-dom-client.development.js:17450:11
 ❯ performWorkOnRoot node_modules/.pnpm/react-dom@19.2.6_react@19.2.6/node_modules/react-dom/cjs/react-dom-client.development.js:16583:35

⎯⎯⎯⎯⎯⎯⎯⎯⎯⎯⎯⎯⎯⎯⎯⎯⎯⎯⎯[324/1250]⎯

 FAIL  .claude/worktrees/jovial-germain-89e4df/client/src/pages/__tests__/order-confirmation.test.tsx > Order Confirmation Page > Rendering > should render order confirmation page
 FAIL  .claude/worktrees/jovial-germain-89e4df/client/src/pages/__tests__/order-confirmation.test.tsx > Order Confirmation Page > Rendering > should have main content area
 FAIL  .claude/worktrees/jovial-germain-89e4df/client/src/pages/__tests__/order-confirmation.test.tsx > Order Confirmation Page > Rendering > should display confirmation content
 FAIL  .claude/worktrees/jovial-germain-89e4df/client/src/pages/__tests__/order-confirmation.test.tsx > Order Confirmation Page > Order Details > should display order information section
 FAIL  .claude/worktrees/jovial-germain-89e4df/client/src/pages/__tests__/order-confirmation.test.tsx > Order Confirmation Page > Call to Actions > should have navigation buttons
 FAIL  .claude/worktrees/jovial-germain-89e4df/client/src/pages/__tests__/order-confirmation.test.tsx > Order Confirmation Page > Accessibility > should have proper heading structure
ReferenceError: React is not defined
 ❯ OrderConfirmation .claude/worktrees/jovial-germain-89e4df/client/src/pages/order-confirmation.tsx:143:9
    141| 
    142|     if (!orderData && !isLoading) {
    143|         return (
       |         ^
    144|             <ConfirmationContent
    145|                 orderId={orderId || "unknown"}
 ❯ Object.react_stack_bottom_frame node_modules/.pnpm/react-dom@19.2.6_react@19.2.6/node_modules/react-dom/cjs/react-dom-client.development.js:25904:20
 ❯ renderWithHooks node_modules/.pnpm/react-dom@19.2.6_react@19.2.6/node_modules/react-dom/cjs/react-dom-client.development.js:7662:22
 ❯ updateFunctionComponent node_modules/.pnpm/react-dom@19.2.6_react@19.2.6/node_modules/react-dom/cjs/react-dom-client.development.js:10166:19
 ❯ beginWork node_modules/.pnpm/react-dom@19.2.6_react@19.2.6/node_modules/react-dom/cjs/react-dom-client.development.js:11778:18
 ❯ runWithFiberInDEV node_modules/.pnpm/react-dom@19.2.6_react@19.2.6/node_modules/react-dom/cjs/react-dom-client.development.js:874:13
 ❯ performUnitOfWork node_modules/.pnpm/react-dom@19.2.6_react@19.2.6/node_modules/react-dom/cjs/react-dom-client.development.js:17641:22
 ❯ workLoopSync node_modules/.pnpm/react-dom@19.2.6_react@19.2.6/node_modules/react-dom/cjs/react-dom-client.development.js:17469:41
 ❯ renderRootSync node_modules/.pnpm/react-dom@19.2.6_react@19.2.6/node_modules/react-dom/cjs/react-dom-client.development.js:17450:11
 ❯ performWorkOnRoot node_modules/.pnpm/react-dom@19.2.6_react@19.2.6/node_modules/react-dom/cjs/react-dom-client.development.js:16583:35

⎯⎯⎯⎯⎯⎯⎯⎯⎯⎯⎯⎯⎯⎯⎯⎯⎯⎯⎯[325/1250]⎯

 FAIL  .claude/worktrees/jovial-germain-89e4df/client/src/pages/__tests__/order-tracking.test.tsx > Order Tracking Page > should render order tracking page
 FAIL  .claude/worktrees/jovial-germain-89e4df/client/src/pages/__tests__/order-tracking.test.tsx > Order Tracking Page > should display order status
 FAIL  .claude/worktrees/jovial-germain-89e4df/client/src/pages/__tests__/order-tracking.test.tsx > Order Tracking Page > should render footer
ReferenceError: React is not defined
 ❯ OrderTracking .claude/worktrees/jovial-germain-89e4df/client/src/pages/order-tracking.tsx:157:3
    155|   };
    156| 
    157|   return (
       |   ^
    158|     <div className="min-h-screen flex flex-col bg-background font-sans…
    159|       <Navbar />
 ❯ Object.react_stack_bottom_frame node_modules/.pnpm/react-dom@19.2.6_react@19.2.6/node_modules/react-dom/cjs/react-dom-client.development.js:25904:20
 ❯ renderWithHooks node_modules/.pnpm/react-dom@19.2.6_react@19.2.6/node_modules/react-dom/cjs/react-dom-client.development.js:7662:22
 ❯ updateFunctionComponent node_modules/.pnpm/react-dom@19.2.6_react@19.2.6/node_modules/react-dom/cjs/react-dom-client.development.js:10166:19
 ❯ beginWork node_modules/.pnpm/react-dom@19.2.6_react@19.2.6/node_modules/react-dom/cjs/react-dom-client.development.js:11778:18
 ❯ runWithFiberInDEV node_modules/.pnpm/react-dom@19.2.6_react@19.2.6/node_modules/react-dom/cjs/react-dom-client.development.js:874:13
 ❯ performUnitOfWork node_modules/.pnpm/react-dom@19.2.6_react@19.2.6/node_modules/react-dom/cjs/react-dom-client.development.js:17641:22
 ❯ workLoopSync node_modules/.pnpm/react-dom@19.2.6_react@19.2.6/node_modules/react-dom/cjs/react-dom-client.development.js:17469:41
 ❯ renderRootSync node_modules/.pnpm/react-dom@19.2.6_react@19.2.6/node_modules/react-dom/cjs/react-dom-client.development.js:17450:11
 ❯ performWorkOnRoot node_modules/.pnpm/react-dom@19.2.6_react@19.2.6/node_modules/react-dom/cjs/react-dom-client.development.js:16583:35

⎯⎯⎯⎯⎯⎯⎯⎯⎯⎯⎯⎯⎯⎯⎯⎯⎯⎯⎯[326/1250]⎯

 FAIL  .claude/worktrees/jovial-germain-89e4df/client/src/pages/__tests__/privacy-policy.test.tsx > Privacy Policy Page > Rendering > should render the privacy policy page
 FAIL  .claude/worktrees/jovial-germain-89e4df/client/src/pages/__tests__/privacy-policy.test.tsx > Privacy Policy Page > Rendering > should have main content area
 FAIL  .claude/worktrees/jovial-germain-89e4df/client/src/pages/__tests__/privacy-policy.test.tsx > Privacy Policy Page > Rendering > should display privacy policy title
 FAIL  .claude/worktrees/jovial-germain-89e4df/client/src/pages/__tests__/privacy-policy.test.tsx > Privacy Policy Page > Content Sections > should contain privacy-related content
 FAIL  .claude/worktrees/jovial-germain-89e4df/client/src/pages/__tests__/privacy-policy.test.tsx > Privacy Policy Page > Accessibility > should have proper heading structure
ReferenceError: React is not defined
 ❯ PrivacyPolicy .claude/worktrees/jovial-germain-89e4df/client/src/pages/privacy-policy.tsx:97:3
     95|   ];
     96| 
     97|   return (
       |   ^
     98|     <div className="min-h-screen flex flex-col bg-background font-sans…
     99|       <Navbar />
 ❯ Object.react_stack_bottom_frame node_modules/.pnpm/react-dom@19.2.6_react@19.2.6/node_modules/react-dom/cjs/react-dom-client.development.js:25904:20
 ❯ renderWithHooks node_modules/.pnpm/react-dom@19.2.6_react@19.2.6/node_modules/react-dom/cjs/react-dom-client.development.js:7662:22
 ❯ updateFunctionComponent node_modules/.pnpm/react-dom@19.2.6_react@19.2.6/node_modules/react-dom/cjs/react-dom-client.development.js:10166:19
 ❯ beginWork node_modules/.pnpm/react-dom@19.2.6_react@19.2.6/node_modules/react-dom/cjs/react-dom-client.development.js:11778:18
 ❯ runWithFiberInDEV node_modules/.pnpm/react-dom@19.2.6_react@19.2.6/node_modules/react-dom/cjs/react-dom-client.development.js:874:13
 ❯ performUnitOfWork node_modules/.pnpm/react-dom@19.2.6_react@19.2.6/node_modules/react-dom/cjs/react-dom-client.development.js:17641:22
 ❯ workLoopSync node_modules/.pnpm/react-dom@19.2.6_react@19.2.6/node_modules/react-dom/cjs/react-dom-client.development.js:17469:41
 ❯ renderRootSync node_modules/.pnpm/react-dom@19.2.6_react@19.2.6/node_modules/react-dom/cjs/react-dom-client.development.js:17450:11
 ❯ performWorkOnRoot node_modules/.pnpm/react-dom@19.2.6_react@19.2.6/node_modules/react-dom/cjs/react-dom-client.development.js:16583:35

⎯⎯⎯⎯⎯⎯⎯⎯⎯⎯⎯⎯⎯⎯⎯⎯⎯⎯⎯[327/1250]⎯

 FAIL  .claude/worktrees/jovial-germain-89e4df/client/src/pages/__tests__/products.test.tsx > Products Page > should render the products page
 FAIL  .claude/worktrees/jovial-germain-89e4df/client/src/pages/__tests__/products.test.tsx > Products Page > should show main content area
 FAIL  .claude/worktrees/jovial-germain-89e4df/client/src/pages/__tests__/products.test.tsx > Products Page > should have filter section
 FAIL  .claude/worktrees/jovial-germain-89e4df/client/src/pages/__tests__/products.test.tsx > Products Page > should display products after loading
 FAIL  .claude/worktrees/jovial-germain-89e4df/client/src/pages/__tests__/products.test.tsx > Products Page > should render footer
Error: [vitest] No "fetchPersonalizedOrder" export is defined on the "@/lib/api" mock. Did you forget to return it from "vi.mock"?
If you need to partially mock a module, you can use "importOriginal" helper inside:

vi.mock(import("@/lib/api"), async (importOriginal) => {
  const actual = await importOriginal()
  return {
    ...actual,
    // your mocked methods
  }
})

 ❯ Products .claude/worktrees/jovial-germain-89e4df/client/src/pages/products.tsx:105:14
    103|   const { data: boostData } = useQuery({
    104|     queryKey: ["personalized-order"],
    105|     queryFn: fetchPersonalizedOrder,
       |              ^
    106|     staleTime: 5 * 60 * 1000,
    107|     enabled: !!user && sortBy === "smart",
 ❯ Object.react_stack_bottom_frame node_modules/.pnpm/react-dom@19.2.6_react@19.2.6/node_modules/react-dom/cjs/react-dom-client.development.js:25904:20
 ❯ renderWithHooks node_modules/.pnpm/react-dom@19.2.6_react@19.2.6/node_modules/react-dom/cjs/react-dom-client.development.js:7662:22
 ❯ updateFunctionComponent node_modules/.pnpm/react-dom@19.2.6_react@19.2.6/node_modules/react-dom/cjs/react-dom-client.development.js:10166:19
 ❯ beginWork node_modules/.pnpm/react-dom@19.2.6_react@19.2.6/node_modules/react-dom/cjs/react-dom-client.development.js:11778:18
 ❯ runWithFiberInDEV node_modules/.pnpm/react-dom@19.2.6_react@19.2.6/node_modules/react-dom/cjs/react-dom-client.development.js:874:13
 ❯ performUnitOfWork node_modules/.pnpm/react-dom@19.2.6_react@19.2.6/node_modules/react-dom/cjs/react-dom-client.development.js:17641:22
 ❯ workLoopSync node_modules/.pnpm/react-dom@19.2.6_react@19.2.6/node_modules/react-dom/cjs/react-dom-client.development.js:17469:41

⎯⎯⎯⎯⎯⎯⎯⎯⎯⎯⎯⎯⎯⎯⎯⎯⎯⎯⎯[328/1250]⎯

 FAIL  .claude/worktrees/jovial-germain-89e4df/client/src/pages/__tests__/register.test.tsx > Register Page > Rendering > should render register form
 FAIL  .claude/worktrees/jovial-germain-89e4df/client/src/pages/__tests__/register.test.tsx > Register Page > Rendering > should display name input
 FAIL  .claude/worktrees/jovial-germain-89e4df/client/src/pages/__tests__/register.test.tsx > Register Page > Rendering > should display email input
 FAIL  .claude/worktrees/jovial-germain-89e4df/client/src/pages/__tests__/register.test.tsx > Register Page > Rendering > should display phone input
 FAIL  .claude/worktrees/jovial-germain-89e4df/client/src/pages/__tests__/register.test.tsx > Register Page > Rendering > should display password input
 FAIL  .claude/worktrees/jovial-germain-89e4df/client/src/pages/__tests__/register.test.tsx > Register Page > Rendering > should display confirm password input
 FAIL  .claude/worktrees/jovial-germain-89e4df/client/src/pages/__tests__/register.test.tsx > Register Page > Rendering > should display submit button
 FAIL  .claude/worktrees/jovial-germain-89e4df/client/src/pages/__tests__/register.test.tsx > Register Page > Rendering > should display password strength indicator
 FAIL  .claude/worktrees/jovial-germain-89e4df/client/src/pages/__tests__/register.test.tsx > Register Page > Rendering > should have link to login page
 FAIL  .claude/worktrees/jovial-germain-89e4df/client/src/pages/__tests__/register.test.tsx > Register Page > Form Interaction > should update name input value
 FAIL  .claude/worktrees/jovial-germain-89e4df/client/src/pages/__tests__/register.test.tsx > Register Page > Form Interaction > should update email input value
 FAIL  .claude/worktrees/jovial-germain-89e4df/client/src/pages/__tests__/register.test.tsx > Register Page > Accessibility > should have main content area
 FAIL  .claude/worktrees/jovial-germain-89e4df/client/src/pages/__tests__/register.test.tsx > Register Page > Accessibility > should have proper labels for inputs
ReferenceError: React is not defined
 ❯ Register .claude/worktrees/jovial-germain-89e4df/client/src/pages/register.tsx:116:5
    114|     ];
    115| 
    116|     return (
       |     ^
    117|         <div className="min-h-screen flex flex-col bg-gradient-to-br f…
    118|             <Navbar />
 ❯ Object.react_stack_bottom_frame node_modules/.pnpm/react-dom@19.2.6_react@19.2.6/node_modules/react-dom/cjs/react-dom-client.development.js:25904:20
 ❯ renderWithHooks node_modules/.pnpm/react-dom@19.2.6_react@19.2.6/node_modules/react-dom/cjs/react-dom-client.development.js:7662:22
 ❯ updateFunctionComponent node_modules/.pnpm/react-dom@19.2.6_react@19.2.6/node_modules/react-dom/cjs/react-dom-client.development.js:10166:19
 ❯ beginWork node_modules/.pnpm/react-dom@19.2.6_react@19.2.6/node_modules/react-dom/cjs/react-dom-client.development.js:11778:18
 ❯ runWithFiberInDEV node_modules/.pnpm/react-dom@19.2.6_react@19.2.6/node_modules/react-dom/cjs/react-dom-client.development.js:874:13
 ❯ performUnitOfWork node_modules/.pnpm/react-dom@19.2.6_react@19.2.6/node_modules/react-dom/cjs/react-dom-client.development.js:17641:22
 ❯ workLoopSync node_modules/.pnpm/react-dom@19.2.6_react@19.2.6/node_modules/react-dom/cjs/react-dom-client.development.js:17469:41
 ❯ renderRootSync node_modules/.pnpm/react-dom@19.2.6_react@19.2.6/node_modules/react-dom/cjs/react-dom-client.development.js:17450:11
 ❯ performWorkOnRoot node_modules/.pnpm/react-dom@19.2.6_react@19.2.6/node_modules/react-dom/cjs/react-dom-client.development.js:16583:35

⎯⎯⎯⎯⎯⎯⎯⎯⎯⎯⎯⎯⎯⎯⎯⎯⎯⎯⎯[329/1250]⎯

 FAIL  .claude/worktrees/jovial-germain-89e4df/client/src/pages/__tests__/return-policy.test.tsx > Return Policy Page > Rendering > should render the return policy page
 FAIL  .claude/worktrees/jovial-germain-89e4df/client/src/pages/__tests__/return-policy.test.tsx > Return Policy Page > Rendering > should have main content area
 FAIL  .claude/worktrees/jovial-germain-89e4df/client/src/pages/__tests__/return-policy.test.tsx > Return Policy Page > Rendering > should display return policy title
 FAIL  .claude/worktrees/jovial-germain-89e4df/client/src/pages/__tests__/return-policy.test.tsx > Return Policy Page > Content > should contain return policy content
 FAIL  .claude/worktrees/jovial-germain-89e4df/client/src/pages/__tests__/return-policy.test.tsx > Return Policy Page > Accessibility > should have proper heading structure
ReferenceError: React is not defined
 ❯ ReturnPolicy .claude/worktrees/jovial-germain-89e4df/client/src/pages/return-policy.tsx:78:3
     76|   ];
     77| 
     78|   return (
       |   ^
     79|     <div className="min-h-screen flex flex-col bg-background font-sans…
     80|       <Navbar />
 ❯ Object.react_stack_bottom_frame node_modules/.pnpm/react-dom@19.2.6_react@19.2.6/node_modules/react-dom/cjs/react-dom-client.development.js:25904:20
 ❯ renderWithHooks node_modules/.pnpm/react-dom@19.2.6_react@19.2.6/node_modules/react-dom/cjs/react-dom-client.development.js:7662:22
 ❯ updateFunctionComponent node_modules/.pnpm/react-dom@19.2.6_react@19.2.6/node_modules/react-dom/cjs/react-dom-client.development.js:10166:19
 ❯ beginWork node_modules/.pnpm/react-dom@19.2.6_react@19.2.6/node_modules/react-dom/cjs/react-dom-client.development.js:11778:18
 ❯ runWithFiberInDEV node_modules/.pnpm/react-dom@19.2.6_react@19.2.6/node_modules/react-dom/cjs/react-dom-client.development.js:874:13
 ❯ performUnitOfWork node_modules/.pnpm/react-dom@19.2.6_react@19.2.6/node_modules/react-dom/cjs/react-dom-client.development.js:17641:22
 ❯ workLoopSync node_modules/.pnpm/react-dom@19.2.6_react@19.2.6/node_modules/react-dom/cjs/react-dom-client.development.js:17469:41
 ❯ renderRootSync node_modules/.pnpm/react-dom@19.2.6_react@19.2.6/node_modules/react-dom/cjs/react-dom-client.development.js:17450:11
 ❯ performWorkOnRoot node_modules/.pnpm/react-dom@19.2.6_react@19.2.6/node_modules/react-dom/cjs/react-dom-client.development.js:16583:35

⎯⎯⎯⎯⎯⎯⎯⎯⎯⎯⎯⎯⎯⎯⎯⎯⎯⎯⎯[330/1250]⎯

 FAIL  .claude/worktrees/jovial-germain-89e4df/client/src/pages/__tests__/search-results.test.tsx > Search Results Page > should render search results page
 FAIL  .claude/worktrees/jovial-germain-89e4df/client/src/pages/__tests__/search-results.test.tsx > Search Results Page > should display search results
 FAIL  .claude/worktrees/jovial-germain-89e4df/client/src/pages/__tests__/search-results.test.tsx > Search Results Page > should render footer
ReferenceError: React is not defined
 ❯ SearchResults .claude/worktrees/jovial-germain-89e4df/client/src/pages/search-results.tsx:261:3
    259|   };
    260| 
    261|   return (
       |   ^
    262|     <div className="min-h-screen flex flex-col bg-background">
    263|       <MetaTags
 ❯ Object.react_stack_bottom_frame node_modules/.pnpm/react-dom@19.2.6_react@19.2.6/node_modules/react-dom/cjs/react-dom-client.development.js:25904:20
 ❯ renderWithHooks node_modules/.pnpm/react-dom@19.2.6_react@19.2.6/node_modules/react-dom/cjs/react-dom-client.development.js:7662:22
 ❯ updateFunctionComponent node_modules/.pnpm/react-dom@19.2.6_react@19.2.6/node_modules/react-dom/cjs/react-dom-client.development.js:10166:19
 ❯ beginWork node_modules/.pnpm/react-dom@19.2.6_react@19.2.6/node_modules/react-dom/cjs/react-dom-client.development.js:11778:18
 ❯ runWithFiberInDEV node_modules/.pnpm/react-dom@19.2.6_react@19.2.6/node_modules/react-dom/cjs/react-dom-client.development.js:874:13
 ❯ performUnitOfWork node_modules/.pnpm/react-dom@19.2.6_react@19.2.6/node_modules/react-dom/cjs/react-dom-client.development.js:17641:22
 ❯ workLoopSync node_modules/.pnpm/react-dom@19.2.6_react@19.2.6/node_modules/react-dom/cjs/react-dom-client.development.js:17469:41
 ❯ renderRootSync node_modules/.pnpm/react-dom@19.2.6_react@19.2.6/node_modules/react-dom/cjs/react-dom-client.development.js:17450:11
 ❯ performWorkOnRoot node_modules/.pnpm/react-dom@19.2.6_react@19.2.6/node_modules/react-dom/cjs/react-dom-client.development.js:16583:35

⎯⎯⎯⎯⎯⎯⎯⎯⎯⎯⎯⎯⎯⎯⎯⎯⎯⎯⎯[331/1250]⎯

 FAIL  .claude/worktrees/jovial-germain-89e4df/client/src/pages/__tests__/shipping.test.tsx > Shipping Page > Rendering > should render the shipping page
 FAIL  .claude/worktrees/jovial-germain-89e4df/client/src/pages/__tests__/shipping.test.tsx > Shipping Page > Rendering > should have main content area
 FAIL  .claude/worktrees/jovial-germain-89e4df/client/src/pages/__tests__/shipping.test.tsx > Shipping Page > Rendering > should display shipping title
 FAIL  .claude/worktrees/jovial-germain-89e4df/client/src/pages/__tests__/shipping.test.tsx > Shipping Page > Content > should contain shipping content
 FAIL  .claude/worktrees/jovial-germain-89e4df/client/src/pages/__tests__/shipping.test.tsx > Shipping Page > Accessibility > should have proper heading structure
ReferenceError: React is not defined
 ❯ Shipping .claude/worktrees/jovial-germain-89e4df/client/src/pages/shipping.tsx:100:5
     98| 
     99| export default function Shipping() {
    100|     return (
       |     ^
    101|         <div className="min-h-screen flex flex-col bg-background">
    102|             <Navbar />
 ❯ Object.react_stack_bottom_frame node_modules/.pnpm/react-dom@19.2.6_react@19.2.6/node_modules/react-dom/cjs/react-dom-client.development.js:25904:20
 ❯ renderWithHooks node_modules/.pnpm/react-dom@19.2.6_react@19.2.6/node_modules/react-dom/cjs/react-dom-client.development.js:7662:22
 ❯ updateFunctionComponent node_modules/.pnpm/react-dom@19.2.6_react@19.2.6/node_modules/react-dom/cjs/react-dom-client.development.js:10166:19
 ❯ beginWork node_modules/.pnpm/react-dom@19.2.6_react@19.2.6/node_modules/react-dom/cjs/react-dom-client.development.js:11778:18
 ❯ runWithFiberInDEV node_modules/.pnpm/react-dom@19.2.6_react@19.2.6/node_modules/react-dom/cjs/react-dom-client.development.js:874:13
 ❯ performUnitOfWork node_modules/.pnpm/react-dom@19.2.6_react@19.2.6/node_modules/react-dom/cjs/react-dom-client.development.js:17641:22
 ❯ workLoopSync node_modules/.pnpm/react-dom@19.2.6_react@19.2.6/node_modules/react-dom/cjs/react-dom-client.development.js:17469:41
 ❯ renderRootSync node_modules/.pnpm/react-dom@19.2.6_react@19.2.6/node_modules/react-dom/cjs/react-dom-client.development.js:17450:11
 ❯ performWorkOnRoot node_modules/.pnpm/react-dom@19.2.6_react@19.2.6/node_modules/react-dom/cjs/react-dom-client.development.js:16583:35

⎯⎯⎯⎯⎯⎯⎯⎯⎯⎯⎯⎯⎯⎯⎯⎯⎯⎯⎯[332/1250]⎯

 FAIL  .claude/worktrees/jovial-germain-89e4df/client/src/pages/__tests__/sustainability.test.tsx > Sustainability Page > Rendering > should render the sustainability page
 FAIL  .claude/worktrees/jovial-germain-89e4df/client/src/pages/__tests__/sustainability.test.tsx > Sustainability Page > Rendering > should have main content area
 FAIL  .claude/worktrees/jovial-germain-89e4df/client/src/pages/__tests__/sustainability.test.tsx > Sustainability Page > Rendering > should display sustainability title
 FAIL  .claude/worktrees/jovial-germain-89e4df/client/src/pages/__tests__/sustainability.test.tsx > Sustainability Page > Content > should contain sustainability content
 FAIL  .claude/worktrees/jovial-germain-89e4df/client/src/pages/__tests__/sustainability.test.tsx > Sustainability Page > Accessibility > should have proper heading structure
ReferenceError: React is not defined
 ❯ Sustainability .claude/worktrees/jovial-germain-89e4df/client/src/pages/sustainability.tsx:24:3
     22|   };
     23| 
     24|   return (
       |   ^
     25|     <div className="min-h-screen flex flex-col bg-slate-950 font-sans …
     26|       <Navbar />
 ❯ Object.react_stack_bottom_frame node_modules/.pnpm/react-dom@19.2.6_react@19.2.6/node_modules/react-dom/cjs/react-dom-client.development.js:25904:20
 ❯ renderWithHooks node_modules/.pnpm/react-dom@19.2.6_react@19.2.6/node_modules/react-dom/cjs/react-dom-client.development.js:7662:22
 ❯ updateFunctionComponent node_modules/.pnpm/react-dom@19.2.6_react@19.2.6/node_modules/react-dom/cjs/react-dom-client.development.js:10166:19
 ❯ beginWork node_modules/.pnpm/react-dom@19.2.6_react@19.2.6/node_modules/react-dom/cjs/react-dom-client.development.js:11778:18
 ❯ runWithFiberInDEV node_modules/.pnpm/react-dom@19.2.6_react@19.2.6/node_modules/react-dom/cjs/react-dom-client.development.js:874:13
 ❯ performUnitOfWork node_modules/.pnpm/react-dom@19.2.6_react@19.2.6/node_modules/react-dom/cjs/react-dom-client.development.js:17641:22
 ❯ workLoopSync node_modules/.pnpm/react-dom@19.2.6_react@19.2.6/node_modules/react-dom/cjs/react-dom-client.development.js:17469:41
 ❯ renderRootSync node_modules/.pnpm/react-dom@19.2.6_react@19.2.6/node_modules/react-dom/cjs/react-dom-client.development.js:17450:11
 ❯ performWorkOnRoot node_modules/.pnpm/react-dom@19.2.6_react@19.2.6/node_modules/react-dom/cjs/react-dom-client.development.js:16583:35

⎯⎯⎯⎯⎯⎯⎯⎯⎯⎯⎯⎯⎯⎯⎯⎯⎯⎯⎯[333/1250]⎯

 FAIL  .claude/worktrees/jovial-germain-89e4df/client/src/pages/__tests__/terms.test.tsx > Terms and Conditions Page > Rendering > should render the terms page
 FAIL  .claude/worktrees/jovial-germain-89e4df/client/src/pages/__tests__/terms.test.tsx > Terms and Conditions Page > Rendering > should have main content area
 FAIL  .claude/worktrees/jovial-germain-89e4df/client/src/pages/__tests__/terms.test.tsx > Terms and Conditions Page > Rendering > should display terms title
 FAIL  .claude/worktrees/jovial-germain-89e4df/client/src/pages/__tests__/terms.test.tsx > Terms and Conditions Page > Content > should contain terms content
 FAIL  .claude/worktrees/jovial-germain-89e4df/client/src/pages/__tests__/terms.test.tsx > Terms and Conditions Page > Accessibility > should have proper heading structure
ReferenceError: React is not defined
 ❯ Terms .claude/worktrees/jovial-germain-89e4df/client/src/pages/terms.tsx:96:3
     94|   ];
     95| 
     96|   return (
       |   ^
     97|     <div className="min-h-screen flex flex-col bg-background font-sans…
     98|       <Navbar />
 ❯ Object.react_stack_bottom_frame node_modules/.pnpm/react-dom@19.2.6_react@19.2.6/node_modules/react-dom/cjs/react-dom-client.development.js:25904:20
 ❯ renderWithHooks node_modules/.pnpm/react-dom@19.2.6_react@19.2.6/node_modules/react-dom/cjs/react-dom-client.development.js:7662:22
 ❯ updateFunctionComponent node_modules/.pnpm/react-dom@19.2.6_react@19.2.6/node_modules/react-dom/cjs/react-dom-client.development.js:10166:19
 ❯ beginWork node_modules/.pnpm/react-dom@19.2.6_react@19.2.6/node_modules/react-dom/cjs/react-dom-client.development.js:11778:18
 ❯ runWithFiberInDEV node_modules/.pnpm/react-dom@19.2.6_react@19.2.6/node_modules/react-dom/cjs/react-dom-client.development.js:874:13
 ❯ performUnitOfWork node_modules/.pnpm/react-dom@19.2.6_react@19.2.6/node_modules/react-dom/cjs/react-dom-client.development.js:17641:22
 ❯ workLoopSync node_modules/.pnpm/react-dom@19.2.6_react@19.2.6/node_modules/react-dom/cjs/react-dom-client.development.js:17469:41
 ❯ renderRootSync node_modules/.pnpm/react-dom@19.2.6_react@19.2.6/node_modules/react-dom/cjs/react-dom-client.development.js:17450:11
 ❯ performWorkOnRoot node_modules/.pnpm/react-dom@19.2.6_react@19.2.6/node_modules/react-dom/cjs/react-dom-client.development.js:16583:35

⎯⎯⎯⎯⎯⎯⎯⎯⎯⎯⎯⎯⎯⎯⎯⎯⎯⎯⎯[334/1250]⎯

 FAIL  .claude/worktrees/jovial-germain-89e4df/client/src/pages/__tests__/wishlist.test.tsx > Wishlist Page > should render wishlist page
 FAIL  .claude/worktrees/jovial-germain-89e4df/client/src/pages/__tests__/wishlist.test.tsx > Wishlist Page > should display wishlist items
 FAIL  .claude/worktrees/jovial-germain-89e4df/client/src/pages/__tests__/wishlist.test.tsx > Wishlist Page > should have remove from wishlist functionality
 FAIL  .claude/worktrees/jovial-germain-89e4df/client/src/pages/__tests__/wishlist.test.tsx > Wishlist Page > should render footer
ReferenceError: React is not defined
 ❯ Wishlist .claude/worktrees/jovial-germain-89e4df/client/src/pages/wishlist.tsx:68:3
     66|   };
     67| 
     68|   return (
       |   ^
     69|     <div className="min-h-screen flex flex-col bg-background">
     70|       <MetaTags
 ❯ Object.react_stack_bottom_frame node_modules/.pnpm/react-dom@19.2.6_react@19.2.6/node_modules/react-dom/cjs/react-dom-client.development.js:25904:20
 ❯ renderWithHooks node_modules/.pnpm/react-dom@19.2.6_react@19.2.6/node_modules/react-dom/cjs/react-dom-client.development.js:7662:22
 ❯ updateFunctionComponent node_modules/.pnpm/react-dom@19.2.6_react@19.2.6/node_modules/react-dom/cjs/react-dom-client.development.js:10166:19
 ❯ beginWork node_modules/.pnpm/react-dom@19.2.6_react@19.2.6/node_modules/react-dom/cjs/react-dom-client.development.js:11778:18
 ❯ runWithFiberInDEV node_modules/.pnpm/react-dom@19.2.6_react@19.2.6/node_modules/react-dom/cjs/react-dom-client.development.js:874:13
 ❯ performUnitOfWork node_modules/.pnpm/react-dom@19.2.6_react@19.2.6/node_modules/react-dom/cjs/react-dom-client.development.js:17641:22
 ❯ workLoopSync node_modules/.pnpm/react-dom@19.2.6_react@19.2.6/node_modules/react-dom/cjs/react-dom-client.development.js:17469:41
 ❯ renderRootSync node_modules/.pnpm/react-dom@19.2.6_react@19.2.6/node_modules/react-dom/cjs/react-dom-client.development.js:17450:11
 ❯ performWorkOnRoot node_modules/.pnpm/react-dom@19.2.6_react@19.2.6/node_modules/react-dom/cjs/react-dom-client.development.js:16583:35

⎯⎯⎯⎯⎯⎯⎯⎯⎯⎯⎯⎯⎯⎯⎯⎯⎯⎯⎯[335/1250]⎯

 FAIL  .claude/worktrees/hardcore-noether-c55378/client/src/components/effects/__tests__/effects.test.tsx > ScrollProgress > should render the progress bar
 FAIL  .claude/worktrees/hardcore-noether-c55378/client/src/components/effects/__tests__/effects.test.tsx > ScrollProgress > should have fixed positioning
 FAIL  .claude/worktrees/hardcore-noether-c55378/client/src/components/effects/__tests__/effects.test.tsx > ScrollProgress > should start with 0% width
 FAIL  .claude/worktrees/hardcore-noether-c55378/client/src/components/effects/__tests__/effects.test.tsx > ScrollProgress > should update progress on scroll
 FAIL  .claude/worktrees/hardcore-noether-c55378/client/src/components/effects/__tests__/effects.test.tsx > ScrollProgress > should have correct z-index for visibility
 FAIL  .claude/worktrees/hardcore-noether-c55378/client/src/components/effects/__tests__/effects.test.tsx > ScrollProgress > should be pointer-events-none
ReferenceError: React is not defined
 ❯ ScrollProgress .claude/worktrees/hardcore-noether-c55378/client/src/components/effects/scroll-progress.tsx:27:3
     25|   }, [handleScroll]);
     26| 
     27|   return (
       |   ^
     28|     <div className="fixed top-0 left-0 right-0 h-[3px] bg-transparent …
     29|       <div
 ❯ Object.react_stack_bottom_frame node_modules/.pnpm/react-dom@19.2.6_react@19.2.6/node_modules/react-dom/cjs/react-dom-client.development.js:25904:20
 ❯ renderWithHooks node_modules/.pnpm/react-dom@19.2.6_react@19.2.6/node_modules/react-dom/cjs/react-dom-client.development.js:7662:22
 ❯ updateFunctionComponent node_modules/.pnpm/react-dom@19.2.6_react@19.2.6/node_modules/react-dom/cjs/react-dom-client.development.js:10166:19
 ❯ beginWork node_modules/.pnpm/react-dom@19.2.6_react@19.2.6/node_modules/react-dom/cjs/react-dom-client.development.js:11778:18
 ❯ runWithFiberInDEV node_modules/.pnpm/react-dom@19.2.6_react@19.2.6/node_modules/react-dom/cjs/react-dom-client.development.js:874:13
 ❯ performUnitOfWork node_modules/.pnpm/react-dom@19.2.6_react@19.2.6/node_modules/react-dom/cjs/react-dom-client.development.js:17641:22
 ❯ workLoopSync node_modules/.pnpm/react-dom@19.2.6_react@19.2.6/node_modules/react-dom/cjs/react-dom-client.development.js:17469:41
 ❯ renderRootSync node_modules/.pnpm/react-dom@19.2.6_react@19.2.6/node_modules/react-dom/cjs/react-dom-client.development.js:17450:11
 ❯ performWorkOnRoot node_modules/.pnpm/react-dom@19.2.6_react@19.2.6/node_modules/react-dom/cjs/react-dom-client.development.js:16583:35

⎯⎯⎯⎯⎯⎯⎯⎯⎯⎯⎯⎯⎯⎯⎯⎯⎯⎯⎯[336/1250]⎯

 FAIL  .claude/worktrees/hardcore-noether-c55378/client/src/components/effects/__tests__/effects.test.tsx > FloatingActionButton > should render the FAB container
 FAIL  .claude/worktrees/hardcore-noether-c55378/client/src/components/effects/__tests__/effects.test.tsx > FloatingActionButton > should have fixed positioning
 FAIL  .claude/worktrees/hardcore-noether-c55378/client/src/components/effects/__tests__/effects.test.tsx > FloatingActionButton > should be hidden initially when not scrolled
 FAIL  .claude/worktrees/hardcore-noether-c55378/client/src/components/effects/__tests__/effects.test.tsx > FloatingActionButton > should show button after scrolling past threshold
 FAIL  .claude/worktrees/hardcore-noether-c55378/client/src/components/effects/__tests__/effects.test.tsx > FloatingActionButton > should call scrollTo when clicked
 FAIL  .claude/worktrees/hardcore-noether-c55378/client/src/components/effects/__tests__/effects.test.tsx > FloatingActionButton > should have aria-label for accessibility
 FAIL  .claude/worktrees/hardcore-noether-c55378/client/src/components/effects/__tests__/effects.test.tsx > FloatingActionButton > should have LTR direction
 FAIL  .claude/worktrees/hardcore-noether-c55378/client/src/components/effects/__tests__/effects.test.tsx > FloatingActionButton > should have rounded button
ReferenceError: React is not defined
 ❯ FloatingActionButton .claude/worktrees/hardcore-noether-c55378/client/src/components/effects/floating-action-button.tsx:22:3
     20|   };
     21| 
     22|   return (
       |   ^
     23|     <div className="fixed bottom-8 left-8 flex flex-col gap-3 z-40" di…
     24|       {/* Scroll to Top Button */}
 ❯ Object.react_stack_bottom_frame node_modules/.pnpm/react-dom@19.2.6_react@19.2.6/node_modules/react-dom/cjs/react-dom-client.development.js:25904:20
 ❯ renderWithHooks node_modules/.pnpm/react-dom@19.2.6_react@19.2.6/node_modules/react-dom/cjs/react-dom-client.development.js:7662:22
 ❯ updateFunctionComponent node_modules/.pnpm/react-dom@19.2.6_react@19.2.6/node_modules/react-dom/cjs/react-dom-client.development.js:10166:19
 ❯ beginWork node_modules/.pnpm/react-dom@19.2.6_react@19.2.6/node_modules/react-dom/cjs/react-dom-client.development.js:11778:18
 ❯ runWithFiberInDEV node_modules/.pnpm/react-dom@19.2.6_react@19.2.6/node_modules/react-dom/cjs/react-dom-client.development.js:874:13
 ❯ performUnitOfWork node_modules/.pnpm/react-dom@19.2.6_react@19.2.6/node_modules/react-dom/cjs/react-dom-client.development.js:17641:22
 ❯ workLoopSync node_modules/.pnpm/react-dom@19.2.6_react@19.2.6/node_modules/react-dom/cjs/react-dom-client.development.js:17469:41
 ❯ renderRootSync node_modules/.pnpm/react-dom@19.2.6_react@19.2.6/node_modules/react-dom/cjs/react-dom-client.development.js:17450:11
 ❯ performWorkOnRoot node_modules/.pnpm/react-dom@19.2.6_react@19.2.6/node_modules/react-dom/cjs/react-dom-client.development.js:16583:35

⎯⎯⎯⎯⎯⎯⎯⎯⎯⎯⎯⎯⎯⎯⎯⎯⎯⎯⎯[337/1250]⎯

 FAIL  .claude/worktrees/hardcore-noether-c55378/client/src/components/effects/__tests__/effects.test.tsx > Effects components integration > ScrollProgress renders without crashing
AssertionError: expected [Function] to not throw an error but 'ReferenceError: React is not defined' was thrown

- Expected: 
undefined

+ Received: 
"ReferenceError: React is not defined"

 ❯ .claude/worktrees/hardcore-noether-c55378/client/src/components/effects/__tests__/effects.test.tsx:153:54
    151| describe('Effects components integration', () => {
    152|     it('ScrollProgress renders without crashing', () => {
    153|         expect(() => render(<ScrollProgress />)).not.toThrow();
       |                                                      ^
    154|     });
    155| 

⎯⎯⎯⎯⎯⎯⎯⎯⎯⎯⎯⎯⎯⎯⎯⎯⎯⎯⎯[338/1250]⎯

 FAIL  .claude/worktrees/hardcore-noether-c55378/client/src/components/effects/__tests__/effects.test.tsx > Effects components integration > FloatingActionButton renders without crashing
AssertionError: expected [Function] to not throw an error but 'ReferenceError: React is not defined' was thrown

- Expected: 
undefined

+ Received: 
"ReferenceError: React is not defined"

 ❯ .claude/worktrees/hardcore-noether-c55378/client/src/components/effects/__tests__/effects.test.tsx:157:60
    155| 
    156|     it('FloatingActionButton renders without crashing', () => {
    157|         expect(() => render(<FloatingActionButton />)).not.toThrow();
       |                                                            ^
    158|     });
    159| });

⎯⎯⎯⎯⎯⎯⎯⎯⎯⎯⎯⎯⎯⎯⎯⎯⎯⎯⎯[339/1250]⎯

 FAIL  .claude/worktrees/hardcore-noether-c55378/client/src/components/calculators/__tests__/calculators.test.tsx > TankSizeCalculator > should render the calculator
 FAIL  .claude/worktrees/hardcore-noether-c55378/client/src/components/calculators/__tests__/calculators.test.tsx > TankSizeCalculator > should have input fields for dimensions
 FAIL  .claude/worktrees/hardcore-noether-c55378/client/src/components/calculators/__tests__/calculators.test.tsx > TankSizeCalculator > should have a calculate button
 FAIL  .claude/worktrees/hardcore-noether-c55378/client/src/components/calculators/__tests__/calculators.test.tsx > TankSizeCalculator > should display title and description
 FAIL  .claude/worktrees/hardcore-noether-c55378/client/src/components/calculators/__tests__/calculators.test.tsx > TankSizeCalculator > should have unit selectors
 FAIL  .claude/worktrees/hardcore-noether-c55378/client/src/components/calculators/__tests__/calculators.test.tsx > TankSizeCalculator > should accept numeric input in fields
 FAIL  .claude/worktrees/hardcore-noether-c55378/client/src/components/calculators/__tests__/calculators.test.tsx > TankSizeCalculator > should have calculator icon in title
ReferenceError: React is not defined
 ❯ TankSizeCalculator .claude/worktrees/hardcore-noether-c55378/client/src/components/calculators/tank-size-calculator.tsx:60:5
     58|     };
     59| 
     60|     return (
       |     ^
     61|         <Card>
     62|             <CardHeader>
 ❯ Object.react_stack_bottom_frame node_modules/.pnpm/react-dom@19.2.6_react@19.2.6/node_modules/react-dom/cjs/react-dom-client.development.js:25904:20
 ❯ renderWithHooks node_modules/.pnpm/react-dom@19.2.6_react@19.2.6/node_modules/react-dom/cjs/react-dom-client.development.js:7662:22
 ❯ updateFunctionComponent node_modules/.pnpm/react-dom@19.2.6_react@19.2.6/node_modules/react-dom/cjs/react-dom-client.development.js:10166:19
 ❯ beginWork node_modules/.pnpm/react-dom@19.2.6_react@19.2.6/node_modules/react-dom/cjs/react-dom-client.development.js:11778:18
 ❯ runWithFiberInDEV node_modules/.pnpm/react-dom@19.2.6_react@19.2.6/node_modules/react-dom/cjs/react-dom-client.development.js:874:13
 ❯ performUnitOfWork node_modules/.pnpm/react-dom@19.2.6_react@19.2.6/node_modules/react-dom/cjs/react-dom-client.development.js:17641:22
 ❯ workLoopSync node_modules/.pnpm/react-dom@19.2.6_react@19.2.6/node_modules/react-dom/cjs/react-dom-client.development.js:17469:41
 ❯ renderRootSync node_modules/.pnpm/react-dom@19.2.6_react@19.2.6/node_modules/react-dom/cjs/react-dom-client.development.js:17450:11
 ❯ performWorkOnRoot node_modules/.pnpm/react-dom@19.2.6_react@19.2.6/node_modules/react-dom/cjs/react-dom-client.development.js:16583:35

⎯⎯⎯⎯⎯⎯⎯⎯⎯⎯⎯⎯⎯⎯⎯⎯⎯⎯⎯[340/1250]⎯

 FAIL  .claude/worktrees/hardcore-noether-c55378/client/src/components/calculators/__tests__/calculators.test.tsx > Calculator Components Integration > TankSizeCalculator renders without crashing
AssertionError: expected [Function] to not throw an error but 'ReferenceError: React is not defined' was thrown

- Expected: 
undefined

+ Received: 
"ReferenceError: React is not defined"

 ❯ .claude/worktrees/hardcore-noether-c55378/client/src/components/calculators/__tests__/calculators.test.tsx:107:58
    105| describe('Calculator Components Integration', () => {
    106|     it('TankSizeCalculator renders without crashing', () => {
    107|         expect(() => render(<TankSizeCalculator />)).not.toThrow();
       |                                                          ^
    108|     });
    109| });

⎯⎯⎯⎯⎯⎯⎯⎯⎯⎯⎯⎯⎯⎯⎯⎯⎯⎯⎯[341/1250]⎯

 FAIL  .claude/worktrees/hardcore-noether-c55378/client/src/components/admin/__tests__/admin.test.tsx > SettingsManagement > should render the settings form
 FAIL  .claude/worktrees/hardcore-noether-c55378/client/src/components/admin/__tests__/admin.test.tsx > SettingsManagement > should display store name input
 FAIL  .claude/worktrees/hardcore-noether-c55378/client/src/components/admin/__tests__/admin.test.tsx > SettingsManagement > should display support email input
 FAIL  .claude/worktrees/hardcore-noether-c55378/client/src/components/admin/__tests__/admin.test.tsx > SettingsManagement > should display maintenance mode switch
 FAIL  .claude/worktrees/hardcore-noether-c55378/client/src/components/admin/__tests__/admin.test.tsx > SettingsManagement > should display orders enabled switch
 FAIL  .claude/worktrees/hardcore-noether-c55378/client/src/components/admin/__tests__/admin.test.tsx > SettingsManagement > should have save button
 FAIL  .claude/worktrees/hardcore-noether-c55378/client/src/components/admin/__tests__/admin.test.tsx > SettingsManagement > should display settings icon in title
 FAIL  .claude/worktrees/hardcore-noether-c55378/client/src/components/admin/__tests__/admin.test.tsx > SettingsManagement > should update store name on input change
 FAIL  .claude/worktrees/hardcore-noether-c55378/client/src/components/admin/__tests__/admin.test.tsx > SettingsManagement > should toggle maintenance mode switch
ReferenceError: React is not defined
 ❯ SettingsManagement .claude/worktrees/hardcore-noether-c55378/client/src/components/admin/settings-management.tsx:155:5
    153|     const dangerCfg = pendingSwitch ? DANGER_CONFIG[pendingSwitch.key]…
    154| 
    155|     return (
       |     ^
    156|         <>
    157|             {/* Confirmation dialog for dangerous switches */}
 ❯ Object.react_stack_bottom_frame node_modules/.pnpm/react-dom@19.2.6_react@19.2.6/node_modules/react-dom/cjs/react-dom-client.development.js:25904:20
 ❯ renderWithHooks node_modules/.pnpm/react-dom@19.2.6_react@19.2.6/node_modules/react-dom/cjs/react-dom-client.development.js:7662:22
 ❯ updateFunctionComponent node_modules/.pnpm/react-dom@19.2.6_react@19.2.6/node_modules/react-dom/cjs/react-dom-client.development.js:10166:19
 ❯ beginWork node_modules/.pnpm/react-dom@19.2.6_react@19.2.6/node_modules/react-dom/cjs/react-dom-client.development.js:11778:18
 ❯ runWithFiberInDEV node_modules/.pnpm/react-dom@19.2.6_react@19.2.6/node_modules/react-dom/cjs/react-dom-client.development.js:874:13
 ❯ performUnitOfWork node_modules/.pnpm/react-dom@19.2.6_react@19.2.6/node_modules/react-dom/cjs/react-dom-client.development.js:17641:22
 ❯ workLoopSync node_modules/.pnpm/react-dom@19.2.6_react@19.2.6/node_modules/react-dom/cjs/react-dom-client.development.js:17469:41
 ❯ renderRootSync node_modules/.pnpm/react-dom@19.2.6_react@19.2.6/node_modules/react-dom/cjs/react-dom-client.development.js:17450:11
 ❯ performWorkOnRoot node_modules/.pnpm/react-dom@19.2.6_react@19.2.6/node_modules/react-dom/cjs/react-dom-client.development.js:16583:35

⎯⎯⎯⎯⎯⎯⎯⎯⎯⎯⎯⎯⎯⎯⎯⎯⎯⎯⎯[342/1250]⎯

 FAIL  .claude/worktrees/hardcore-noether-c55378/client/src/components/admin/__tests__/admin.test.tsx > SettingsManagement loading state > should show loading state
TypeError: useQuery.mockReturnValue is not a function
 ❯ .claude/worktrees/hardcore-noether-c55378/client/src/components/admin/__tests__/admin.test.tsx:150:18
    148|     beforeEach(() => {
    149|         const { useQuery } = require('@tanstack/react-query');
    150|         useQuery.mockReturnValue({
       |                  ^
    151|             data: null,
    152|             isLoading: true,

⎯⎯⎯⎯⎯⎯⎯⎯⎯⎯⎯⎯⎯⎯⎯⎯⎯⎯⎯[343/1250]⎯

 FAIL  .claude/worktrees/hardcore-noether-c55378/client/src/components/admin/__tests__/admin.test.tsx > SettingsManagement error state > should show error message
 FAIL  .claude/worktrees/hardcore-noether-c55378/client/src/components/admin/__tests__/admin.test.tsx > SettingsManagement error state > should have retry button
TypeError: useQuery.mockReturnValue is not a function
 ❯ .claude/worktrees/hardcore-noether-c55378/client/src/components/admin/__tests__/admin.test.tsx:166:18
    164|     beforeEach(() => {
    165|         const { useQuery } = require('@tanstack/react-query');
    166|         useQuery.mockReturnValue({
       |                  ^
    167|             data: null,
    168|             isLoading: false,

⎯⎯⎯⎯⎯⎯⎯⎯⎯⎯⎯⎯⎯⎯⎯⎯⎯⎯⎯[344/1250]⎯

 FAIL  .claude/worktrees/hardcore-noether-c55378/client/src/components/products/__tests__/product-card.test.tsx > ProductCard Component > should render product card
 FAIL  .claude/worktrees/hardcore-noether-c55378/client/src/components/products/__tests__/product-card.test.tsx > ProductCard Component > should display product name
 FAIL  .claude/worktrees/hardcore-noether-c55378/client/src/components/products/__tests__/product-card.test.tsx > ProductCard Component > should link to product details page
ReferenceError: React is not defined
 ❯ ProductCard2 .claude/worktrees/hardcore-noether-c55378/client/src/components/products/product-card.tsx:74:3
     72|     : (product.stock ?? 0) <= 0;
     73| 
     74|   return (
       |   ^
     75|     <>
     76|       <Link href={`/products/${product.slug}`} aria-label={`عرض تفاصيل…
 ❯ Object.react_stack_bottom_frame node_modules/.pnpm/react-dom@19.2.6_react@19.2.6/node_modules/react-dom/cjs/react-dom-client.development.js:25904:20
 ❯ renderWithHooks node_modules/.pnpm/react-dom@19.2.6_react@19.2.6/node_modules/react-dom/cjs/react-dom-client.development.js:7662:22
 ❯ updateFunctionComponent node_modules/.pnpm/react-dom@19.2.6_react@19.2.6/node_modules/react-dom/cjs/react-dom-client.development.js:10166:19
 ❯ updateSimpleMemoComponent node_modules/.pnpm/react-dom@19.2.6_react@19.2.6/node_modules/react-dom/cjs/react-dom-client.development.js:9830:14
 ❯ updateMemoComponent node_modules/.pnpm/react-dom@19.2.6_react@19.2.6/node_modules/react-dom/cjs/react-dom-client.development.js:9763:13
 ❯ beginWork node_modules/.pnpm/react-dom@19.2.6_react@19.2.6/node_modules/react-dom/cjs/react-dom-client.development.js:12204:18
 ❯ runWithFiberInDEV node_modules/.pnpm/react-dom@19.2.6_react@19.2.6/node_modules/react-dom/cjs/react-dom-client.development.js:874:13
 ❯ performUnitOfWork node_modules/.pnpm/react-dom@19.2.6_react@19.2.6/node_modules/react-dom/cjs/react-dom-client.development.js:17641:22
 ❯ workLoopSync node_modules/.pnpm/react-dom@19.2.6_react@19.2.6/node_modules/react-dom/cjs/react-dom-client.development.js:17469:41

⎯⎯⎯⎯⎯⎯⎯⎯⎯⎯⎯⎯⎯⎯⎯⎯⎯⎯⎯[345/1250]⎯

 FAIL  .claude/worktrees/hardcore-noether-c55378/client/src/components/chat/__tests__/ai-chat-bot.test.tsx > AIChatBot Component — واجهة الجات بوت > يعرض زر الفتح العائم
ReferenceError: React is not defined
 ❯ .claude/worktrees/hardcore-noether-c55378/client/src/components/chat/__tests__/ai-chat-bot.test.tsx:293:16
    291| 
    292|     it("يعرض زر الفتح العائم", () => {
    293|         render(<AIChatBot />);
       |                ^
    294|         const btn = screen.getByRole("button", { name: /فتح مساعد AQUA…
    295|         expect(btn).toBeInTheDocument();

⎯⎯⎯⎯⎯⎯⎯⎯⎯⎯⎯⎯⎯⎯⎯⎯⎯⎯⎯[346/1250]⎯

 FAIL  .claude/worktrees/hardcore-noether-c55378/client/src/components/chat/__tests__/ai-chat-bot.test.tsx > AIChatBot Component — واجهة الجات بوت > يفتح نافذة المحادثة عند الضغط على الزر العائم
ReferenceError: React is not defined
 ❯ .claude/worktrees/hardcore-noether-c55378/client/src/components/chat/__tests__/ai-chat-bot.test.tsx:300:16
    298|     it("يفتح نافذة المحادثة عند الضغط على الزر العائم", async () => {
    299|         const user = userEvent.setup();
    300|         render(<AIChatBot />);
       |                ^
    301| 
    302|         const floatBtn = screen.getByRole("button", { name: /فتح مساعد…

⎯⎯⎯⎯⎯⎯⎯⎯⎯⎯⎯⎯⎯⎯⎯⎯⎯⎯⎯[347/1250]⎯

 FAIL  .claude/worktrees/hardcore-noether-c55378/client/src/components/chat/__tests__/ai-chat-bot.test.tsx > AIChatBot Component — واجهة الجات بوت > يعرض رسالة الترحيب عند الفتح
ReferenceError: React is not defined
 ❯ .claude/worktrees/hardcore-noether-c55378/client/src/components/chat/__tests__/ai-chat-bot.test.tsx:313:16
    311|     it("يعرض رسالة الترحيب عند الفتح", async () => {
    312|         const user = userEvent.setup();
    313|         render(<AIChatBot />);
       |                ^
    314| 
    315|         await user.click(screen.getByRole("button", { name: /فتح مساعد…

⎯⎯⎯⎯⎯⎯⎯⎯⎯⎯⎯⎯⎯⎯⎯⎯⎯⎯⎯[348/1250]⎯

 FAIL  .claude/worktrees/hardcore-noether-c55378/client/src/components/chat/__tests__/ai-chat-bot.test.tsx > AIChatBot Component — واجهة الجات بوت > يظهر الأسئلة السريعة في البداية
ReferenceError: React is not defined
 ❯ .claude/worktrees/hardcore-noether-c55378/client/src/components/chat/__tests__/ai-chat-bot.test.tsx:322:16
    320|     it("يظهر الأسئلة السريعة في البداية", async () => {
    321|         const user = userEvent.setup();
    322|         render(<AIChatBot />);
       |                ^
    323| 
    324|         await user.click(screen.getByRole("button", { name: /فتح مساعد…

⎯⎯⎯⎯⎯⎯⎯⎯⎯⎯⎯⎯⎯⎯⎯⎯⎯⎯⎯[349/1250]⎯

 FAIL  .claude/worktrees/hardcore-noether-c55378/client/src/components/chat/__tests__/ai-chat-bot.test.tsx > AIChatBot Component — واجهة الجات بوت > يُعبئ حقل الإدخال عند الضغط على سؤال سريع
ReferenceError: React is not defined
 ❯ .claude/worktrees/hardcore-noether-c55378/client/src/components/chat/__tests__/ai-chat-bot.test.tsx:332:16
    330|     it("يُعبئ حقل الإدخال عند الضغط على سؤال سريع", async () => {
    331|         const user = userEvent.setup();
    332|         render(<AIChatBot />);
       |                ^
    333| 
    334|         await user.click(screen.getByRole("button", { name: /فتح مساعد…

⎯⎯⎯⎯⎯⎯⎯⎯⎯⎯⎯⎯⎯⎯⎯⎯⎯⎯⎯[350/1250]⎯

 FAIL  .claude/worktrees/hardcore-noether-c55378/client/src/components/chat/__tests__/ai-chat-bot.test.tsx > AIChatBot Component — واجهة الجات بوت > يغلق النافذة عند الضغط على X
ReferenceError: React is not defined
 ❯ .claude/worktrees/hardcore-noether-c55378/client/src/components/chat/__tests__/ai-chat-bot.test.tsx:345:16
    343|     it("يغلق النافذة عند الضغط على X", async () => {
    344|         const user = userEvent.setup();
    345|         render(<AIChatBot />);
       |                ^
    346| 
    347|         await user.click(screen.getByRole("button", { name: /فتح مساعد…

⎯⎯⎯⎯⎯⎯⎯⎯⎯⎯⎯⎯⎯⎯⎯⎯⎯⎯⎯[351/1250]⎯

 FAIL  .claude/worktrees/hardcore-noether-c55378/client/src/components/chat/__tests__/ai-chat-bot.test.tsx > AIChatBot Component — واجهة الجات بوت > يُعطّل الإدخال أثناء الـ streaming
ReferenceError: React is not defined
 ❯ .claude/worktrees/hardcore-noether-c55378/client/src/components/chat/__tests__/ai-chat-bot.test.tsx:374:16
    372| 
    373|         const user = userEvent.setup();
    374|         render(<AIChatBot />);
       |                ^
    375| 
    376|         await user.click(screen.getByRole("button", { name: /فتح مساعد…

⎯⎯⎯⎯⎯⎯⎯⎯⎯⎯⎯⎯⎯⎯⎯⎯⎯⎯⎯[352/1250]⎯

 FAIL  .claude/worktrees/hardcore-noether-c55378/client/src/components/chat/__tests__/ai-chat-bot.test.tsx > AIChatBot Component — واجهة الجات بوت > يُرسل رسالة المستخدم لـ /api/ai/chat/stream
ReferenceError: React is not defined
 ❯ .claude/worktrees/hardcore-noether-c55378/client/src/components/chat/__tests__/ai-chat-bot.test.tsx:404:16
    402|         );
    403| 
    404|         render(<AIChatBot />);
       |                ^
    405|         await user.click(screen.getByRole("button", { name: /فتح مساعد…
    406| 

⎯⎯⎯⎯⎯⎯⎯⎯⎯⎯⎯⎯⎯⎯⎯⎯⎯⎯⎯[353/1250]⎯

 FAIL  .claude/worktrees/hardcore-noether-c55378/client/src/components/chat/__tests__/ai-chat-bot.test.tsx > AIChatBot Component — واجهة الجات بوت > يعرض رد البوت بعد انتهاء الـ streaming
ReferenceError: React is not defined
 ❯ .claude/worktrees/hardcore-noether-c55378/client/src/components/chat/__tests__/ai-chat-bot.test.tsx:434:16
    432|         );
    433| 
    434|         render(<AIChatBot />);
       |                ^
    435|         await user.click(screen.getByRole("button", { name: /فتح مساعد…
    436| 

⎯⎯⎯⎯⎯⎯⎯⎯⎯⎯⎯⎯⎯⎯⎯⎯⎯⎯⎯[354/1250]⎯

 FAIL  .claude/worktrees/hardcore-noether-c55378/client/src/components/chat/__tests__/ai-chat-bot.test.tsx > AIChatBot Component — واجهة الجات بوت > يطبق النص المصحح (normalizedText) عند انتهاء الـ streaming
ReferenceError: React is not defined
 ❯ .claude/worktrees/hardcore-noether-c55378/client/src/components/chat/__tests__/ai-chat-bot.test.tsx:462:38
    460|         } as unknown as Response);
    461| 
    462|         const { container } = render(<AIChatBot />);
       |                                      ^
    463|         await user.click(screen.getByRole("button", { name: /فتح مساعد…
    464| 

⎯⎯⎯⎯⎯⎯⎯⎯⎯⎯⎯⎯⎯⎯⎯⎯⎯⎯⎯[355/1250]⎯

 FAIL  .claude/worktrees/hardcore-noether-c55378/client/src/components/chat/__tests__/ai-chat-bot.test.tsx > AIChatBot Component — واجهة الجات بوت > يعرض رسالة خطأ عند فشل الـ fetch
ReferenceError: React is not defined
 ❯ .claude/worktrees/hardcore-noether-c55378/client/src/components/chat/__tests__/ai-chat-bot.test.tsx:483:16
    481|         mockFetch.mockResolvedValue({ ok: false, body: null } as unkno…
    482| 
    483|         render(<AIChatBot />);
       |                ^
    484|         await user.click(screen.getByRole("button", { name: /فتح مساعد…
    485| 

⎯⎯⎯⎯⎯⎯⎯⎯⎯⎯⎯⎯⎯⎯⎯⎯⎯⎯⎯[356/1250]⎯

 FAIL  .claude/worktrees/hardcore-noether-c55378/client/src/components/chat/__tests__/ai-chat-bot.test.tsx > AIChatBot Component — واجهة الجات بوت > يُفرغ حقل الإدخال بعد الإرسال
ReferenceError: React is not defined
 ❯ .claude/worktrees/hardcore-noether-c55378/client/src/components/chat/__tests__/ai-chat-bot.test.tsx:497:16
    495|     it("يُفرغ حقل الإدخال بعد الإرسال", async () => {
    496|         const user = userEvent.setup();
    497|         render(<AIChatBot />);
       |                ^
    498| 
    499|         await user.click(screen.getByRole("button", { name: /فتح مساعد…

⎯⎯⎯⎯⎯⎯⎯⎯⎯⎯⎯⎯⎯⎯⎯⎯⎯⎯⎯[357/1250]⎯

 FAIL  .claude/worktrees/hardcore-noether-c55378/client/src/components/chat/__tests__/ai-chat-bot.test.tsx > AIChatBot Component — واجهة الجات بوت > لا يرسل رسالة فارغة
ReferenceError: React is not defined
 ❯ .claude/worktrees/hardcore-noether-c55378/client/src/components/chat/__tests__/ai-chat-bot.test.tsx:512:16
    510|     it("لا يرسل رسالة فارغة", async () => {
    511|         const user = userEvent.setup();
    512|         render(<AIChatBot />);
       |                ^
    513| 
    514|         await user.click(screen.getByRole("button", { name: /فتح مساعد…

⎯⎯⎯⎯⎯⎯⎯⎯⎯⎯⎯⎯⎯⎯⎯⎯⎯⎯⎯[358/1250]⎯

 FAIL  .claude/worktrees/hardcore-noether-c55378/client/src/components/reviews/__tests__/reviews.test.tsx > RatingStars > should render correct number of full stars
 FAIL  .claude/worktrees/hardcore-noether-c55378/client/src/components/reviews/__tests__/reviews.test.tsx > RatingStars > should render half star when rating has decimal >= 0.5
 FAIL  .claude/worktrees/hardcore-noether-c55378/client/src/components/reviews/__tests__/reviews.test.tsx > RatingStars > should render all empty stars for rating 0
 FAIL  .claude/worktrees/hardcore-noether-c55378/client/src/components/reviews/__tests__/reviews.test.tsx > RatingStars > should render all full stars for rating 5
 FAIL  .claude/worktrees/hardcore-noether-c55378/client/src/components/reviews/__tests__/reviews.test.tsx > RatingStars > should show numeric value when showValue is true
 FAIL  .claude/worktrees/hardcore-noether-c55378/client/src/components/reviews/__tests__/reviews.test.tsx > RatingStars > should not show numeric value when showValue is false
 FAIL  .claude/worktrees/hardcore-noether-c55378/client/src/components/reviews/__tests__/reviews.test.tsx > RatingStars > should use custom maxRating
 FAIL  .claude/worktrees/hardcore-noether-c55378/client/src/components/reviews/__tests__/reviews.test.tsx > RatingStars > should apply small size classes
 FAIL  .claude/worktrees/hardcore-noether-c55378/client/src/components/reviews/__tests__/reviews.test.tsx > RatingStars > should apply large size classes
 FAIL  .claude/worktrees/hardcore-noether-c55378/client/src/components/reviews/__tests__/reviews.test.tsx > RatingStars > should be interactive when interactive prop is true
 FAIL  .claude/worktrees/hardcore-noether-c55378/client/src/components/reviews/__tests__/reviews.test.tsx > RatingStars > should call onRatingChange when star is clicked in interactive mode
 FAIL  .claude/worktrees/hardcore-noether-c55378/client/src/components/reviews/__tests__/reviews.test.tsx > RatingStars > should not call onRatingChange when not interactive
 FAIL  .claude/worktrees/hardcore-noether-c55378/client/src/components/reviews/__tests__/reviews.test.tsx > RatingStars > should apply custom className
 FAIL  .claude/worktrees/hardcore-noether-c55378/client/src/components/reviews/__tests__/reviews.test.tsx > RatingStars > should have RTL direction on stars container
 FAIL  .claude/worktrees/hardcore-noether-c55378/client/src/components/reviews/__tests__/reviews.test.tsx > RatingStars edge cases > should handle decimal rating correctly
 FAIL  .claude/worktrees/hardcore-noether-c55378/client/src/components/reviews/__tests__/reviews.test.tsx > RatingStars edge cases > should handle rating of 0.4 without half star
ReferenceError: React is not defined
 ❯ RatingStars .claude/worktrees/hardcore-noether-c55378/client/src/components/reviews/rating-stars.tsx:45:5
     43|     };
     44| 
     45|     return (
       |     ^
     46|         <div className={cn("flex items-center gap-1", className)}>
     47|             <div className="flex" dir="ltr">
 ❯ Object.react_stack_bottom_frame node_modules/.pnpm/react-dom@19.2.6_react@19.2.6/node_modules/react-dom/cjs/react-dom-client.development.js:25904:20
 ❯ renderWithHooks node_modules/.pnpm/react-dom@19.2.6_react@19.2.6/node_modules/react-dom/cjs/react-dom-client.development.js:7662:22
 ❯ updateFunctionComponent node_modules/.pnpm/react-dom@19.2.6_react@19.2.6/node_modules/react-dom/cjs/react-dom-client.development.js:10166:19
 ❯ beginWork node_modules/.pnpm/react-dom@19.2.6_react@19.2.6/node_modules/react-dom/cjs/react-dom-client.development.js:11778:18
 ❯ runWithFiberInDEV node_modules/.pnpm/react-dom@19.2.6_react@19.2.6/node_modules/react-dom/cjs/react-dom-client.development.js:874:13
 ❯ performUnitOfWork node_modules/.pnpm/react-dom@19.2.6_react@19.2.6/node_modules/react-dom/cjs/react-dom-client.development.js:17641:22
 ❯ workLoopSync node_modules/.pnpm/react-dom@19.2.6_react@19.2.6/node_modules/react-dom/cjs/react-dom-client.development.js:17469:41
 ❯ renderRootSync node_modules/.pnpm/react-dom@19.2.6_react@19.2.6/node_modules/react-dom/cjs/react-dom-client.development.js:17450:11
 ❯ performWorkOnRoot node_modules/.pnpm/react-dom@19.2.6_react@19.2.6/node_modules/react-dom/cjs/react-dom-client.development.js:16583:35

⎯⎯⎯⎯⎯⎯⎯⎯⎯⎯⎯⎯⎯⎯⎯⎯⎯⎯⎯[359/1250]⎯

 FAIL  .claude/worktrees/hardcore-noether-c55378/client/src/components/reviews/__tests__/reviews.test.tsx > RatingStars edge cases > should handle rating greater than maxRating
AssertionError: expected [Function] to not throw an error but 'ReferenceError: React is not defined' was thrown

- Expected: 
undefined

+ Received: 
"ReferenceError: React is not defined"

 ❯ .claude/worktrees/hardcore-noether-c55378/client/src/components/reviews/__tests__/reviews.test.tsx:142:77
    140| 
    141|     it('should handle rating greater than maxRating', () => {
    142|         expect(() => render(<RatingStars rating={10} maxRating={5} />)…
       |                                                                             ^
    143|     });
    144| 

⎯⎯⎯⎯⎯⎯⎯⎯⎯⎯⎯⎯⎯⎯⎯⎯⎯⎯⎯[360/1250]⎯

 FAIL  .claude/worktrees/hardcore-noether-c55378/client/src/components/ui/__tests__/badge.test.tsx > Badge > Rendering > should render with children
ReferenceError: React is not defined
 ❯ .claude/worktrees/hardcore-noether-c55378/client/src/components/ui/__tests__/badge.test.tsx:13:20
     11|     describe('Rendering', () => {
     12|         it('should render with children', () => {
     13|             render(<Badge>New</Badge>);
       |                    ^
     14|             expect(screen.getByText('New')).toBeInTheDocument();
     15|         });

⎯⎯⎯⎯⎯⎯⎯⎯⎯⎯⎯⎯⎯⎯⎯⎯⎯⎯⎯[361/1250]⎯

 FAIL  .claude/worktrees/hardcore-noether-c55378/client/src/components/ui/__tests__/badge.test.tsx > Badge > Rendering > should apply custom className
ReferenceError: React is not defined
 ❯ .claude/worktrees/hardcore-noether-c55378/client/src/components/ui/__tests__/badge.test.tsx:18:20
     16| 
     17|         it('should apply custom className', () => {
     18|             render(<Badge className="custom-badge">Custom</Badge>);
       |                    ^
     19|             const badge = screen.getByText('Custom');
     20|             expect(badge).toHaveClass('custom-badge');

⎯⎯⎯⎯⎯⎯⎯⎯⎯⎯⎯⎯⎯⎯⎯⎯⎯⎯⎯[362/1250]⎯

 FAIL  .claude/worktrees/hardcore-noether-c55378/client/src/components/ui/__tests__/badge.test.tsx > Badge > Variants > should render default variant
ReferenceError: React is not defined
 ❯ .claude/worktrees/hardcore-noether-c55378/client/src/components/ui/__tests__/badge.test.tsx:26:20
     24|     describe('Variants', () => {
     25|         it('should render default variant', () => {
     26|             render(<Badge variant="default">Default</Badge>);
       |                    ^
     27|             expect(screen.getByText('Default')).toBeInTheDocument();
     28|         });

⎯⎯⎯⎯⎯⎯⎯⎯⎯⎯⎯⎯⎯⎯⎯⎯⎯⎯⎯[363/1250]⎯

 FAIL  .claude/worktrees/hardcore-noether-c55378/client/src/components/ui/__tests__/badge.test.tsx > Badge > Variants > should render secondary variant
ReferenceError: React is not defined
 ❯ .claude/worktrees/hardcore-noether-c55378/client/src/components/ui/__tests__/badge.test.tsx:31:20
     29| 
     30|         it('should render secondary variant', () => {
     31|             render(<Badge variant="secondary">Secondary</Badge>);
       |                    ^
     32|             expect(screen.getByText('Secondary')).toBeInTheDocument();
     33|         });

⎯⎯⎯⎯⎯⎯⎯⎯⎯⎯⎯⎯⎯⎯⎯⎯⎯⎯⎯[364/1250]⎯

 FAIL  .claude/worktrees/hardcore-noether-c55378/client/src/components/ui/__tests__/badge.test.tsx > Badge > Variants > should render destructive variant
ReferenceError: React is not defined
 ❯ .claude/worktrees/hardcore-noether-c55378/client/src/components/ui/__tests__/badge.test.tsx:36:20
     34| 
     35|         it('should render destructive variant', () => {
     36|             render(<Badge variant="destructive">Error</Badge>);
       |                    ^
     37|             expect(screen.getByText('Error')).toBeInTheDocument();
     38|         });

⎯⎯⎯⎯⎯⎯⎯⎯⎯⎯⎯⎯⎯⎯⎯⎯⎯⎯⎯[365/1250]⎯

 FAIL  .claude/worktrees/hardcore-noether-c55378/client/src/components/ui/__tests__/badge.test.tsx > Badge > Variants > should render outline variant
ReferenceError: React is not defined
 ❯ .claude/worktrees/hardcore-noether-c55378/client/src/components/ui/__tests__/badge.test.tsx:41:20
     39| 
     40|         it('should render outline variant', () => {
     41|             render(<Badge variant="outline">Outline</Badge>);
       |                    ^
     42|             expect(screen.getByText('Outline')).toBeInTheDocument();
     43|         });

⎯⎯⎯⎯⎯⎯⎯⎯⎯⎯⎯⎯⎯⎯⎯⎯⎯⎯⎯[366/1250]⎯

 FAIL  .claude/worktrees/hardcore-noether-c55378/client/src/components/ui/__tests__/badge.test.tsx > Badge > Use Cases > should work for new product badge
ReferenceError: React is not defined
 ❯ .claude/worktrees/hardcore-noether-c55378/client/src/components/ui/__tests__/badge.test.tsx:48:20
     46|     describe('Use Cases', () => {
     47|         it('should work for new product badge', () => {
     48|             render(<Badge>جديد</Badge>);
       |                    ^
     49|             expect(screen.getByText('جديد')).toBeInTheDocument();
     50|         });

⎯⎯⎯⎯⎯⎯⎯⎯⎯⎯⎯⎯⎯⎯⎯⎯⎯⎯⎯[367/1250]⎯

 FAIL  .claude/worktrees/hardcore-noether-c55378/client/src/components/ui/__tests__/badge.test.tsx > Badge > Use Cases > should work for sale badge
ReferenceError: React is not defined
 ❯ .claude/worktrees/hardcore-noether-c55378/client/src/components/ui/__tests__/badge.test.tsx:53:20
     51| 
     52|         it('should work for sale badge', () => {
     53|             render(<Badge variant="destructive">خصم 20%</Badge>);
       |                    ^
     54|             expect(screen.getByText('خصم 20%')).toBeInTheDocument();
     55|         });

⎯⎯⎯⎯⎯⎯⎯⎯⎯⎯⎯⎯⎯⎯⎯⎯⎯⎯⎯[368/1250]⎯

 FAIL  .claude/worktrees/hardcore-noether-c55378/client/src/components/ui/__tests__/badge.test.tsx > Badge > Use Cases > should work for stock status
ReferenceError: React is not defined
 ❯ .claude/worktrees/hardcore-noether-c55378/client/src/components/ui/__tests__/badge.test.tsx:58:20
     56| 
     57|         it('should work for stock status', () => {
     58|             render(<Badge variant="secondary">متوفر</Badge>);
       |                    ^
     59|             expect(screen.getByText('متوفر')).toBeInTheDocument();
     60|         });

⎯⎯⎯⎯⎯⎯⎯⎯⎯⎯⎯⎯⎯⎯⎯⎯⎯⎯⎯[369/1250]⎯

 FAIL  .claude/worktrees/hardcore-noether-c55378/client/src/components/ui/__tests__/button.test.tsx > Button > Rendering > should render with children
ReferenceError: React is not defined
 ❯ .claude/worktrees/hardcore-noether-c55378/client/src/components/ui/__tests__/button.test.tsx:14:20
     12|     describe('Rendering', () => {
     13|         it('should render with children', () => {
     14|             render(<Button>Click me</Button>);
       |                    ^
     15|             expect(screen.getByRole('button')).toHaveTextContent('Clic…
     16|         });

⎯⎯⎯⎯⎯⎯⎯⎯⎯⎯⎯⎯⎯⎯⎯⎯⎯⎯⎯[370/1250]⎯

 FAIL  .claude/worktrees/hardcore-noether-c55378/client/src/components/ui/__tests__/button.test.tsx > Button > Rendering > should render as button by default
ReferenceError: React is not defined
 ❯ .claude/worktrees/hardcore-noether-c55378/client/src/components/ui/__tests__/button.test.tsx:19:20
     17| 
     18|         it('should render as button by default', () => {
     19|             render(<Button>Test</Button>);
       |                    ^
     20|             expect(screen.getByRole('button')).toBeInTheDocument();
     21|         });

⎯⎯⎯⎯⎯⎯⎯⎯⎯⎯⎯⎯⎯⎯⎯⎯⎯⎯⎯[371/1250]⎯

 FAIL  .claude/worktrees/hardcore-noether-c55378/client/src/components/ui/__tests__/button.test.tsx > Button > Rendering > should apply custom className
ReferenceError: React is not defined
 ❯ .claude/worktrees/hardcore-noether-c55378/client/src/components/ui/__tests__/button.test.tsx:24:20
     22| 
     23|         it('should apply custom className', () => {
     24|             render(<Button className="custom-class">Test</Button>);
       |                    ^
     25|             expect(screen.getByRole('button')).toHaveClass('custom-cla…
     26|         });

⎯⎯⎯⎯⎯⎯⎯⎯⎯⎯⎯⎯⎯⎯⎯⎯⎯⎯⎯[372/1250]⎯

 FAIL  .claude/worktrees/hardcore-noether-c55378/client/src/components/ui/__tests__/button.test.tsx > Button > Variants > should render default variant
ReferenceError: React is not defined
 ❯ .claude/worktrees/hardcore-noether-c55378/client/src/components/ui/__tests__/button.test.tsx:31:20
     29|     describe('Variants', () => {
     30|         it('should render default variant', () => {
     31|             render(<Button variant="default">Default</Button>);
       |                    ^
     32|             expect(screen.getByRole('button')).toBeInTheDocument();
     33|         });

⎯⎯⎯⎯⎯⎯⎯⎯⎯⎯⎯⎯⎯⎯⎯⎯⎯⎯⎯[373/1250]⎯

 FAIL  .claude/worktrees/hardcore-noether-c55378/client/src/components/ui/__tests__/button.test.tsx > Button > Variants > should render destructive variant
ReferenceError: React is not defined
 ❯ .claude/worktrees/hardcore-noether-c55378/client/src/components/ui/__tests__/button.test.tsx:36:20
     34| 
     35|         it('should render destructive variant', () => {
     36|             render(<Button variant="destructive">Delete</Button>);
       |                    ^
     37|             expect(screen.getByRole('button')).toBeInTheDocument();
     38|         });

⎯⎯⎯⎯⎯⎯⎯⎯⎯⎯⎯⎯⎯⎯⎯⎯⎯⎯⎯[374/1250]⎯

 FAIL  .claude/worktrees/hardcore-noether-c55378/client/src/components/ui/__tests__/button.test.tsx > Button > Variants > should render outline variant
ReferenceError: React is not defined
 ❯ .claude/worktrees/hardcore-noether-c55378/client/src/components/ui/__tests__/button.test.tsx:41:20
     39| 
     40|         it('should render outline variant', () => {
     41|             render(<Button variant="outline">Outline</Button>);
       |                    ^
     42|             expect(screen.getByRole('button')).toBeInTheDocument();
     43|         });

⎯⎯⎯⎯⎯⎯⎯⎯⎯⎯⎯⎯⎯⎯⎯⎯⎯⎯⎯[375/1250]⎯

 FAIL  .claude/worktrees/hardcore-noether-c55378/client/src/components/ui/__tests__/button.test.tsx > Button > Variants > should render secondary variant
ReferenceError: React is not defined
 ❯ .claude/worktrees/hardcore-noether-c55378/client/src/components/ui/__tests__/button.test.tsx:46:20
     44| 
     45|         it('should render secondary variant', () => {
     46|             render(<Button variant="secondary">Secondary</Button>);
       |                    ^
     47|             expect(screen.getByRole('button')).toBeInTheDocument();
     48|         });

⎯⎯⎯⎯⎯⎯⎯⎯⎯⎯⎯⎯⎯⎯⎯⎯⎯⎯⎯[376/1250]⎯

 FAIL  .claude/worktrees/hardcore-noether-c55378/client/src/components/ui/__tests__/button.test.tsx > Button > Variants > should render ghost variant
ReferenceError: React is not defined
 ❯ .claude/worktrees/hardcore-noether-c55378/client/src/components/ui/__tests__/button.test.tsx:51:20
     49| 
     50|         it('should render ghost variant', () => {
     51|             render(<Button variant="ghost">Ghost</Button>);
       |                    ^
     52|             expect(screen.getByRole('button')).toBeInTheDocument();
     53|         });

⎯⎯⎯⎯⎯⎯⎯⎯⎯⎯⎯⎯⎯⎯⎯⎯⎯⎯⎯[377/1250]⎯

 FAIL  .claude/worktrees/hardcore-noether-c55378/client/src/components/ui/__tests__/button.test.tsx > Button > Variants > should render link variant
ReferenceError: React is not defined
 ❯ .claude/worktrees/hardcore-noether-c55378/client/src/components/ui/__tests__/button.test.tsx:56:20
     54| 
     55|         it('should render link variant', () => {
     56|             render(<Button variant="link">Link</Button>);
       |                    ^
     57|             expect(screen.getByRole('button')).toBeInTheDocument();
     58|         });

⎯⎯⎯⎯⎯⎯⎯⎯⎯⎯⎯⎯⎯⎯⎯⎯⎯⎯⎯[378/1250]⎯

 FAIL  .claude/worktrees/hardcore-noether-c55378/client/src/components/ui/__tests__/button.test.tsx > Button > Sizes > should render default size
ReferenceError: React is not defined
 ❯ .claude/worktrees/hardcore-noether-c55378/client/src/components/ui/__tests__/button.test.tsx:63:20
     61|     describe('Sizes', () => {
     62|         it('should render default size', () => {
     63|             render(<Button size="default">Default</Button>);
       |                    ^
     64|             expect(screen.getByRole('button')).toBeInTheDocument();
     65|         });

⎯⎯⎯⎯⎯⎯⎯⎯⎯⎯⎯⎯⎯⎯⎯⎯⎯⎯⎯[379/1250]⎯

 FAIL  .claude/worktrees/hardcore-noether-c55378/client/src/components/ui/__tests__/button.test.tsx > Button > Sizes > should render small size
ReferenceError: React is not defined
 ❯ .claude/worktrees/hardcore-noether-c55378/client/src/components/ui/__tests__/button.test.tsx:68:20
     66| 
     67|         it('should render small size', () => {
     68|             render(<Button size="sm">Small</Button>);
       |                    ^
     69|             expect(screen.getByRole('button')).toBeInTheDocument();
     70|         });

⎯⎯⎯⎯⎯⎯⎯⎯⎯⎯⎯⎯⎯⎯⎯⎯⎯⎯⎯[380/1250]⎯

 FAIL  .claude/worktrees/hardcore-noether-c55378/client/src/components/ui/__tests__/button.test.tsx > Button > Sizes > should render large size
ReferenceError: React is not defined
 ❯ .claude/worktrees/hardcore-noether-c55378/client/src/components/ui/__tests__/button.test.tsx:73:20
     71| 
     72|         it('should render large size', () => {
     73|             render(<Button size="lg">Large</Button>);
       |                    ^
     74|             expect(screen.getByRole('button')).toBeInTheDocument();
     75|         });

⎯⎯⎯⎯⎯⎯⎯⎯⎯⎯⎯⎯⎯⎯⎯⎯⎯⎯⎯[381/1250]⎯

 FAIL  .claude/worktrees/hardcore-noether-c55378/client/src/components/ui/__tests__/button.test.tsx > Button > Sizes > should render icon size
ReferenceError: React is not defined
 ❯ .claude/worktrees/hardcore-noether-c55378/client/src/components/ui/__tests__/button.test.tsx:78:20
     76| 
     77|         it('should render icon size', () => {
     78|             render(<Button size="icon">🔍</Button>);
       |                    ^
     79|             expect(screen.getByRole('button')).toBeInTheDocument();
     80|         });

⎯⎯⎯⎯⎯⎯⎯⎯⎯⎯⎯⎯⎯⎯⎯⎯⎯⎯⎯[382/1250]⎯

 FAIL  .claude/worktrees/hardcore-noether-c55378/client/src/components/ui/__tests__/button.test.tsx > Button > Interactions > should call onClick when clicked
ReferenceError: React is not defined
 ❯ .claude/worktrees/hardcore-noether-c55378/client/src/components/ui/__tests__/button.test.tsx:88:20
     86|             const handleClick = vi.fn();
     87| 
     88|             render(<Button onClick={handleClick}>Click me</Button>);
       |                    ^
     89|             await user.click(screen.getByRole('button'));
     90| 

⎯⎯⎯⎯⎯⎯⎯⎯⎯⎯⎯⎯⎯⎯⎯⎯⎯⎯⎯[383/1250]⎯

 FAIL  .claude/worktrees/hardcore-noether-c55378/client/src/components/ui/__tests__/button.test.tsx > Button > Interactions > should not call onClick when disabled
ReferenceError: React is not defined
 ❯ .claude/worktrees/hardcore-noether-c55378/client/src/components/ui/__tests__/button.test.tsx:98:20
     96|             const handleClick = vi.fn();
     97| 
     98|             render(<Button onClick={handleClick} disabled>Disabled</Bu…
       |                    ^
     99|             await user.click(screen.getByRole('button'));
    100| 

⎯⎯⎯⎯⎯⎯⎯⎯⎯⎯⎯⎯⎯⎯⎯⎯⎯⎯⎯[384/1250]⎯

 FAIL  .claude/worktrees/hardcore-noether-c55378/client/src/components/ui/__tests__/button.test.tsx > Button > Disabled State > should be disabled when disabled prop is true
ReferenceError: React is not defined
 ❯ .claude/worktrees/hardcore-noether-c55378/client/src/components/ui/__tests__/button.test.tsx:107:20
    105|     describe('Disabled State', () => {
    106|         it('should be disabled when disabled prop is true', () => {
    107|             render(<Button disabled>Disabled</Button>);
       |                    ^
    108|             expect(screen.getByRole('button')).toBeDisabled();
    109|         });

⎯⎯⎯⎯⎯⎯⎯⎯⎯⎯⎯⎯⎯⎯⎯⎯⎯⎯⎯[385/1250]⎯

 FAIL  .claude/worktrees/hardcore-noether-c55378/client/src/components/ui/__tests__/button.test.tsx > Button > Disabled State > should not be disabled by default
ReferenceError: React is not defined
 ❯ .claude/worktrees/hardcore-noether-c55378/client/src/components/ui/__tests__/button.test.tsx:112:20
    110| 
    111|         it('should not be disabled by default', () => {
    112|             render(<Button>Enabled</Button>);
       |                    ^
    113|             expect(screen.getByRole('button')).not.toBeDisabled();
    114|         });

⎯⎯⎯⎯⎯⎯⎯⎯⎯⎯⎯⎯⎯⎯⎯⎯⎯⎯⎯[386/1250]⎯

 FAIL  .claude/worktrees/hardcore-noether-c55378/client/src/components/ui/__tests__/button.test.tsx > Button > As Child (Polymorphism) > should render as child element when asChild is true
ReferenceError: React is not defined
 ❯ .claude/worktrees/hardcore-noether-c55378/client/src/components/ui/__tests__/button.test.tsx:120:17
    118|         it('should render as child element when asChild is true', () =…
    119|             render(
    120|                 <Button asChild>
       |                 ^
    121|                     <a href="/test">Link Button</a>
    122|                 </Button>

⎯⎯⎯⎯⎯⎯⎯⎯⎯⎯⎯⎯⎯⎯⎯⎯⎯⎯⎯[387/1250]⎯

 FAIL  .claude/worktrees/hardcore-noether-c55378/client/src/components/ui/__tests__/button.test.tsx > Button > Accessibility > should have accessible role
ReferenceError: React is not defined
 ❯ .claude/worktrees/hardcore-noether-c55378/client/src/components/ui/__tests__/button.test.tsx:130:20
    128|     describe('Accessibility', () => {
    129|         it('should have accessible role', () => {
    130|             render(<Button>Accessible</Button>);
       |                    ^
    131|             expect(screen.getByRole('button')).toBeInTheDocument();
    132|         });

⎯⎯⎯⎯⎯⎯⎯⎯⎯⎯⎯⎯⎯⎯⎯⎯⎯⎯⎯[388/1250]⎯

 FAIL  .claude/worktrees/hardcore-noether-c55378/client/src/components/ui/__tests__/button.test.tsx > Button > Accessibility > should support aria-label
ReferenceError: React is not defined
 ❯ .claude/worktrees/hardcore-noether-c55378/client/src/components/ui/__tests__/button.test.tsx:135:20
    133| 
    134|         it('should support aria-label', () => {
    135|             render(<Button aria-label="Close dialog">X</Button>);
       |                    ^
    136|             expect(screen.getByLabelText('Close dialog')).toBeInTheDoc…
    137|         });

⎯⎯⎯⎯⎯⎯⎯⎯⎯⎯⎯⎯⎯⎯⎯⎯⎯⎯⎯[389/1250]⎯

 FAIL  .claude/worktrees/hardcore-noether-c55378/client/src/components/ui/__tests__/button.test.tsx > Button > Accessibility > should support type attribute
ReferenceError: React is not defined
 ❯ .claude/worktrees/hardcore-noether-c55378/client/src/components/ui/__tests__/button.test.tsx:140:20
    138| 
    139|         it('should support type attribute', () => {
    140|             render(<Button type="submit">Submit</Button>);
       |                    ^
    141|             expect(screen.getByRole('button')).toHaveAttribute('type',…
    142|         });

⎯⎯⎯⎯⎯⎯⎯⎯⎯⎯⎯⎯⎯⎯⎯⎯⎯⎯⎯[390/1250]⎯

 FAIL  .claude/worktrees/hardcore-noether-c55378/client/src/components/ui/__tests__/card.test.tsx > Card > Card Container > should render with children
ReferenceError: React is not defined
 ❯ .claude/worktrees/hardcore-noether-c55378/client/src/components/ui/__tests__/card.test.tsx:13:20
     11|     describe('Card Container', () => {
     12|         it('should render with children', () => {
     13|             render(<Card>Card content</Card>);
       |                    ^
     14|             expect(screen.getByText('Card content')).toBeInTheDocument…
     15|         });

⎯⎯⎯⎯⎯⎯⎯⎯⎯⎯⎯⎯⎯⎯⎯⎯⎯⎯⎯[391/1250]⎯

 FAIL  .claude/worktrees/hardcore-noether-c55378/client/src/components/ui/__tests__/card.test.tsx > Card > Card Container > should apply custom className
ReferenceError: React is not defined
 ❯ .claude/worktrees/hardcore-noether-c55378/client/src/components/ui/__tests__/card.test.tsx:18:20
     16| 
     17|         it('should apply custom className', () => {
     18|             render(<Card className="custom-card" data-testid="card">Co…
       |                    ^
     19|             expect(screen.getByTestId('card')).toHaveClass('custom-car…
     20|         });

⎯⎯⎯⎯⎯⎯⎯⎯⎯⎯⎯⎯⎯⎯⎯⎯⎯⎯⎯[392/1250]⎯

 FAIL  .claude/worktrees/hardcore-noether-c55378/client/src/components/ui/__tests__/card.test.tsx > Card > Card Container > should render as div by default
ReferenceError: React is not defined
 ❯ .claude/worktrees/hardcore-noether-c55378/client/src/components/ui/__tests__/card.test.tsx:23:20
     21| 
     22|         it('should render as div by default', () => {
     23|             render(<Card data-testid="card">Content</Card>);
       |                    ^
     24|             expect(screen.getByTestId('card').tagName).toBe('DIV');
     25|         });

⎯⎯⎯⎯⎯⎯⎯⎯⎯⎯⎯⎯⎯⎯⎯⎯⎯⎯⎯[393/1250]⎯

 FAIL  .claude/worktrees/hardcore-noether-c55378/client/src/components/ui/__tests__/card.test.tsx > Card > CardHeader > should render header content
ReferenceError: React is not defined
 ❯ .claude/worktrees/hardcore-noether-c55378/client/src/components/ui/__tests__/card.test.tsx:31:17
     29|         it('should render header content', () => {
     30|             render(
     31|                 <Card>
       |                 ^
     32|                     <CardHeader>Header</CardHeader>
     33|                 </Card>

⎯⎯⎯⎯⎯⎯⎯⎯⎯⎯⎯⎯⎯⎯⎯⎯⎯⎯⎯[394/1250]⎯

 FAIL  .claude/worktrees/hardcore-noether-c55378/client/src/components/ui/__tests__/card.test.tsx > Card > CardHeader > should apply custom className
ReferenceError: React is not defined
 ❯ .claude/worktrees/hardcore-noether-c55378/client/src/components/ui/__tests__/card.test.tsx:40:17
     38|         it('should apply custom className', () => {
     39|             render(
     40|                 <Card>
       |                 ^
     41|                     <CardHeader className="custom-header" data-testid=…
     42|                         Header

⎯⎯⎯⎯⎯⎯⎯⎯⎯⎯⎯⎯⎯⎯⎯⎯⎯⎯⎯[395/1250]⎯

 FAIL  .claude/worktrees/hardcore-noether-c55378/client/src/components/ui/__tests__/card.test.tsx > Card > CardTitle > should render title
ReferenceError: React is not defined
 ❯ .claude/worktrees/hardcore-noether-c55378/client/src/components/ui/__tests__/card.test.tsx:53:17
     51|         it('should render title', () => {
     52|             render(
     53|                 <Card>
       |                 ^
     54|                     <CardHeader>
     55|                         <CardTitle>Test Title</CardTitle>

⎯⎯⎯⎯⎯⎯⎯⎯⎯⎯⎯⎯⎯⎯⎯⎯⎯⎯⎯[396/1250]⎯

 FAIL  .claude/worktrees/hardcore-noether-c55378/client/src/components/ui/__tests__/card.test.tsx > Card > CardTitle > should render title text
ReferenceError: React is not defined
 ❯ .claude/worktrees/hardcore-noether-c55378/client/src/components/ui/__tests__/card.test.tsx:64:17
     62|         it('should render title text', () => {
     63|             render(
     64|                 <Card>
       |                 ^
     65|                     <CardHeader>
     66|                         <CardTitle>Title</CardTitle>

⎯⎯⎯⎯⎯⎯⎯⎯⎯⎯⎯⎯⎯⎯⎯⎯⎯⎯⎯[397/1250]⎯

 FAIL  .claude/worktrees/hardcore-noether-c55378/client/src/components/ui/__tests__/card.test.tsx > Card > CardTitle > should apply custom className
ReferenceError: React is not defined
 ❯ .claude/worktrees/hardcore-noether-c55378/client/src/components/ui/__tests__/card.test.tsx:75:17
     73|         it('should apply custom className', () => {
     74|             render(
     75|                 <Card>
       |                 ^
     76|                     <CardHeader>
     77|                         <CardTitle className="custom-title" data-testi…

⎯⎯⎯⎯⎯⎯⎯⎯⎯⎯⎯⎯⎯⎯⎯⎯⎯⎯⎯[398/1250]⎯

 FAIL  .claude/worktrees/hardcore-noether-c55378/client/src/components/ui/__tests__/card.test.tsx > Card > CardDescription > should render description
ReferenceError: React is not defined
 ❯ .claude/worktrees/hardcore-noether-c55378/client/src/components/ui/__tests__/card.test.tsx:88:17
     86|         it('should render description', () => {
     87|             render(
     88|                 <Card>
       |                 ^
     89|                     <CardHeader>
     90|                         <CardDescription>Test Description</CardDescrip…

⎯⎯⎯⎯⎯⎯⎯⎯⎯⎯⎯⎯⎯⎯⎯⎯⎯⎯⎯[399/1250]⎯

 FAIL  .claude/worktrees/hardcore-noether-c55378/client/src/components/ui/__tests__/card.test.tsx > Card > CardDescription > should apply custom className
ReferenceError: React is not defined
 ❯ .claude/worktrees/hardcore-noether-c55378/client/src/components/ui/__tests__/card.test.tsx:99:17
     97|         it('should apply custom className', () => {
     98|             render(
     99|                 <Card>
       |                 ^
    100|                     <CardHeader>
    101|                         <CardDescription className="custom-desc" data-…

⎯⎯⎯⎯⎯⎯⎯⎯⎯⎯⎯⎯⎯⎯⎯⎯⎯⎯⎯[400/1250]⎯

 FAIL  .claude/worktrees/hardcore-noether-c55378/client/src/components/ui/__tests__/card.test.tsx > Card > CardContent > should render content
ReferenceError: React is not defined
 ❯ .claude/worktrees/hardcore-noether-c55378/client/src/components/ui/__tests__/card.test.tsx:114:17
    112|         it('should render content', () => {
    113|             render(
    114|                 <Card>
       |                 ^
    115|                     <CardContent>Main content here</CardContent>
    116|                 </Card>

⎯⎯⎯⎯⎯⎯⎯⎯⎯⎯⎯⎯⎯⎯⎯⎯⎯⎯⎯[401/1250]⎯

 FAIL  .claude/worktrees/hardcore-noether-c55378/client/src/components/ui/__tests__/card.test.tsx > Card > CardContent > should apply custom className
ReferenceError: React is not defined
 ❯ .claude/worktrees/hardcore-noether-c55378/client/src/components/ui/__tests__/card.test.tsx:123:17
    121|         it('should apply custom className', () => {
    122|             render(
    123|                 <Card>
       |                 ^
    124|                     <CardContent className="custom-content" data-testi…
    125|                         Content

⎯⎯⎯⎯⎯⎯⎯⎯⎯⎯⎯⎯⎯⎯⎯⎯⎯⎯⎯[402/1250]⎯

 FAIL  .claude/worktrees/hardcore-noether-c55378/client/src/components/ui/__tests__/card.test.tsx > Card > CardFooter > should render footer
ReferenceError: React is not defined
 ❯ .claude/worktrees/hardcore-noether-c55378/client/src/components/ui/__tests__/card.test.tsx:136:17
    134|         it('should render footer', () => {
    135|             render(
    136|                 <Card>
       |                 ^
    137|                     <CardFooter>Footer content</CardFooter>
    138|                 </Card>

⎯⎯⎯⎯⎯⎯⎯⎯⎯⎯⎯⎯⎯⎯⎯⎯⎯⎯⎯[403/1250]⎯

 FAIL  .claude/worktrees/hardcore-noether-c55378/client/src/components/ui/__tests__/card.test.tsx > Card > CardFooter > should apply custom className
ReferenceError: React is not defined
 ❯ .claude/worktrees/hardcore-noether-c55378/client/src/components/ui/__tests__/card.test.tsx:145:17
    143|         it('should apply custom className', () => {
    144|             render(
    145|                 <Card>
       |                 ^
    146|                     <CardFooter className="custom-footer" data-testid=…
    147|                         Footer

⎯⎯⎯⎯⎯⎯⎯⎯⎯⎯⎯⎯⎯⎯⎯⎯⎯⎯⎯[404/1250]⎯

 FAIL  .claude/worktrees/hardcore-noether-c55378/client/src/components/ui/__tests__/card.test.tsx > Card > Complete Card > should render complete card with all parts
ReferenceError: React is not defined
 ❯ .claude/worktrees/hardcore-noether-c55378/client/src/components/ui/__tests__/card.test.tsx:158:17
    156|         it('should render complete card with all parts', () => {
    157|             render(
    158|                 <Card data-testid="complete-card">
       |                 ^
    159|                     <CardHeader>
    160|                         <CardTitle>Product Name</CardTitle>

⎯⎯⎯⎯⎯⎯⎯⎯⎯⎯⎯⎯⎯⎯⎯⎯⎯⎯⎯[405/1250]⎯

 FAIL  .claude/worktrees/hardcore-noether-c55378/client/src/components/ui/__tests__/card.test.tsx > Card > Complete Card > should maintain proper DOM structure
ReferenceError: React is not defined
 ❯ .claude/worktrees/hardcore-noether-c55378/client/src/components/ui/__tests__/card.test.tsx:180:17
    178|         it('should maintain proper DOM structure', () => {
    179|             render(
    180|                 <Card data-testid="card">
       |                 ^
    181|                     <CardHeader data-testid="header">
    182|                         <CardTitle>Title</CardTitle>

⎯⎯⎯⎯⎯⎯⎯⎯⎯⎯⎯⎯⎯⎯⎯⎯⎯⎯⎯[406/1250]⎯

 FAIL  .claude/worktrees/hardcore-noether-c55378/client/src/components/ui/__tests__/card.test.tsx > Card > Accessibility > should support aria attributes on card
ReferenceError: React is not defined
 ❯ .claude/worktrees/hardcore-noether-c55378/client/src/components/ui/__tests__/card.test.tsx:200:17
    198|         it('should support aria attributes on card', () => {
    199|             render(
    200|                 <Card role="article" aria-label="Product card">
       |                 ^
    201|                     <CardContent>Product info</CardContent>
    202|                 </Card>

⎯⎯⎯⎯⎯⎯⎯⎯⎯⎯⎯⎯⎯⎯⎯⎯⎯⎯⎯[407/1250]⎯

 FAIL  .claude/worktrees/hardcore-noether-c55378/client/src/components/ui/__tests__/card.test.tsx > Card > Accessibility > should render title with proper styling
ReferenceError: React is not defined
 ❯ .claude/worktrees/hardcore-noether-c55378/client/src/components/ui/__tests__/card.test.tsx:209:17
    207|         it('should render title with proper styling', () => {
    208|             render(
    209|                 <Card>
       |                 ^
    210|                     <CardHeader>
    211|                         <CardTitle data-testid="title">Accessible Titl…

⎯⎯⎯⎯⎯⎯⎯⎯⎯⎯⎯⎯⎯⎯⎯⎯⎯⎯⎯[408/1250]⎯

 FAIL  .claude/worktrees/hardcore-noether-c55378/client/src/components/ui/__tests__/dialog.test.tsx > Dialog > Basic Rendering > should not render content when closed
ReferenceError: React is not defined
 ❯ .claude/worktrees/hardcore-noether-c55378/client/src/components/ui/__tests__/dialog.test.tsx:25:17
     23|         it('should not render content when closed', () => {
     24|             render(
     25|                 <Dialog>
       |                 ^
     26|                     <DialogTrigger>Open</DialogTrigger>
     27|                     <DialogContent>

⎯⎯⎯⎯⎯⎯⎯⎯⎯⎯⎯⎯⎯⎯⎯⎯⎯⎯⎯[409/1250]⎯

 FAIL  .claude/worktrees/hardcore-noether-c55378/client/src/components/ui/__tests__/dialog.test.tsx > Dialog > Basic Rendering > should render trigger button
ReferenceError: React is not defined
 ❯ .claude/worktrees/hardcore-noether-c55378/client/src/components/ui/__tests__/dialog.test.tsx:40:17
     38|         it('should render trigger button', () => {
     39|             render(
     40|                 <Dialog>
       |                 ^
     41|                     <DialogTrigger>Open Dialog</DialogTrigger>
     42|                     <DialogContent>

⎯⎯⎯⎯⎯⎯⎯⎯⎯⎯⎯⎯⎯⎯⎯⎯⎯⎯⎯[410/1250]⎯

 FAIL  .claude/worktrees/hardcore-noether-c55378/client/src/components/ui/__tests__/dialog.test.tsx > Dialog > Opening and Closing > should open dialog when trigger clicked
ReferenceError: React is not defined
 ❯ .claude/worktrees/hardcore-noether-c55378/client/src/components/ui/__tests__/dialog.test.tsx:57:17
     55| 
     56|             render(
     57|                 <Dialog>
       |                 ^
     58|                     <DialogTrigger>Open Dialog</DialogTrigger>
     59|                     <DialogContent>

⎯⎯⎯⎯⎯⎯⎯⎯⎯⎯⎯⎯⎯⎯⎯⎯⎯⎯⎯[411/1250]⎯

 FAIL  .claude/worktrees/hardcore-noether-c55378/client/src/components/ui/__tests__/dialog.test.tsx > Dialog > Opening and Closing > should close dialog when close button clicked
ReferenceError: React is not defined
 ❯ .claude/worktrees/hardcore-noether-c55378/client/src/components/ui/__tests__/dialog.test.tsx:78:17
     76| 
     77|             render(
     78|                 <Dialog>
       |                 ^
     79|                     <DialogTrigger>Open</DialogTrigger>
     80|                     <DialogContent>

⎯⎯⎯⎯⎯⎯⎯⎯⎯⎯⎯⎯⎯⎯⎯⎯⎯⎯⎯[412/1250]⎯

 FAIL  .claude/worktrees/hardcore-noether-c55378/client/src/components/ui/__tests__/dialog.test.tsx > Dialog > Controlled Dialog > should work with external state control
ReferenceError: React is not defined
 ❯ .claude/worktrees/hardcore-noether-c55378/client/src/components/ui/__tests__/dialog.test.tsx:106:17
    104| 
    105|             render(
    106|                 <Dialog open={false} onOpenChange={onOpenChange}>
       |                 ^
    107|                     <DialogTrigger>Open</DialogTrigger>
    108|                     <DialogContent>

⎯⎯⎯⎯⎯⎯⎯⎯⎯⎯⎯⎯⎯⎯⎯⎯⎯⎯⎯[413/1250]⎯

 FAIL  .claude/worktrees/hardcore-noether-c55378/client/src/components/ui/__tests__/dialog.test.tsx > Dialog > Dialog Parts > should render header correctly
ReferenceError: React is not defined
 ❯ .claude/worktrees/hardcore-noether-c55378/client/src/components/ui/__tests__/dialog.test.tsx:125:17
    123| 
    124|             render(
    125|                 <Dialog>
       |                 ^
    126|                     <DialogTrigger>Open</DialogTrigger>
    127|                     <DialogContent>

⎯⎯⎯⎯⎯⎯⎯⎯⎯⎯⎯⎯⎯⎯⎯⎯⎯⎯⎯[414/1250]⎯

 FAIL  .claude/worktrees/hardcore-noether-c55378/client/src/components/ui/__tests__/dialog.test.tsx > Dialog > Dialog Parts > should render footer correctly
ReferenceError: React is not defined
 ❯ .claude/worktrees/hardcore-noether-c55378/client/src/components/ui/__tests__/dialog.test.tsx:148:17
    146| 
    147|             render(
    148|                 <Dialog>
       |                 ^
    149|                     <DialogTrigger>Open</DialogTrigger>
    150|                     <DialogContent>

⎯⎯⎯⎯⎯⎯⎯⎯⎯⎯⎯⎯⎯⎯⎯⎯⎯⎯⎯[415/1250]⎯

 FAIL  .claude/worktrees/hardcore-noether-c55378/client/src/components/ui/__tests__/dialog.test.tsx > Dialog > Accessibility > should have dialog role when open
ReferenceError: React is not defined
 ❯ .claude/worktrees/hardcore-noether-c55378/client/src/components/ui/__tests__/dialog.test.tsx:174:17
    172| 
    173|             render(
    174|                 <Dialog>
       |                 ^
    175|                     <DialogTrigger>Open</DialogTrigger>
    176|                     <DialogContent>

⎯⎯⎯⎯⎯⎯⎯⎯⎯⎯⎯⎯⎯⎯⎯⎯⎯⎯⎯[416/1250]⎯

 FAIL  .claude/worktrees/hardcore-noether-c55378/client/src/components/ui/__tests__/dialog.test.tsx > Dialog > Accessibility > should have proper title for screen readers
ReferenceError: React is not defined
 ❯ .claude/worktrees/hardcore-noether-c55378/client/src/components/ui/__tests__/dialog.test.tsx:193:17
    191| 
    192|             render(
    193|                 <Dialog>
       |                 ^
    194|                     <DialogTrigger>Open</DialogTrigger>
    195|                     <DialogContent>

⎯⎯⎯⎯⎯⎯⎯⎯⎯⎯⎯⎯⎯⎯⎯⎯⎯⎯⎯[417/1250]⎯

 FAIL  .claude/worktrees/hardcore-noether-c55378/client/src/components/ui/__tests__/dialog.test.tsx > Dialog > Use Cases > should work as confirmation dialog
ReferenceError: React is not defined
 ❯ .claude/worktrees/hardcore-noether-c55378/client/src/components/ui/__tests__/dialog.test.tsx:215:17
    213| 
    214|             render(
    215|                 <Dialog>
       |                 ^
    216|                     <DialogTrigger>Delete Item</DialogTrigger>
    217|                     <DialogContent>

⎯⎯⎯⎯⎯⎯⎯⎯⎯⎯⎯⎯⎯⎯⎯⎯⎯⎯⎯[418/1250]⎯

 FAIL  .claude/worktrees/hardcore-noether-c55378/client/src/components/ui/__tests__/error-boundary.test.tsx > ErrorBoundary > Error Handling > should catch errors and show fallback UI
 FAIL  .claude/worktrees/hardcore-noether-c55378/client/src/components/ui/__tests__/error-boundary.test.tsx > ErrorBoundary > Error Handling > should show retry button
 FAIL  .claude/worktrees/hardcore-noether-c55378/client/src/components/ui/__tests__/error-boundary.test.tsx > ErrorBoundary > Error Handling > should call onError callback when error occurs
 FAIL  .claude/worktrees/hardcore-noether-c55378/client/src/components/ui/__tests__/error-boundary.test.tsx > ErrorBoundary > Retry Functionality > should have clickable retry button
 FAIL  .claude/worktrees/hardcore-noether-c55378/client/src/components/ui/__tests__/error-boundary.test.tsx > ErrorBoundary > Error Message Display > should show descriptive error message
 FAIL  .claude/worktrees/hardcore-noether-c55378/client/src/components/ui/__tests__/error-boundary.test.tsx > ErrorBoundary > Accessibility > should have accessible retry button
 FAIL  .claude/worktrees/hardcore-noether-c55378/client/src/components/ui/__tests__/error-boundary.test.tsx > ErrorBoundary > Accessibility > should have descriptive error text
ReferenceError: React is not defined
 ❯ ErrorBoundary.render .claude/worktrees/hardcore-noether-c55378/client/src/components/ui/error-boundary.tsx:69:13
     67| 
     68|             // Default fallback UI
     69|             return (
       |             ^
     70|                 <div className="min-h-[300px] flex items-center justif…
     71|                     <div className="text-center space-y-4 p-8 max-w-md…
 ❯ Object.react_stack_bottom_frame node_modules/.pnpm/react-dom@19.2.6_react@19.2.6/node_modules/react-dom/cjs/react-dom-client.development.js:25917:29
 ❯ updateClassComponent node_modules/.pnpm/react-dom@19.2.6_react@19.2.6/node_modules/react-dom/cjs/react-dom-client.development.js:10719:25
 ❯ beginWork node_modules/.pnpm/react-dom@19.2.6_react@19.2.6/node_modules/react-dom/cjs/react-dom-client.development.js:11792:13
 ❯ runWithFiberInDEV node_modules/.pnpm/react-dom@19.2.6_react@19.2.6/node_modules/react-dom/cjs/react-dom-client.development.js:874:13
 ❯ performUnitOfWork node_modules/.pnpm/react-dom@19.2.6_react@19.2.6/node_modules/react-dom/cjs/react-dom-client.development.js:17641:22
 ❯ workLoopSync node_modules/.pnpm/react-dom@19.2.6_react@19.2.6/node_modules/react-dom/cjs/react-dom-client.development.js:17469:41
 ❯ renderRootSync node_modules/.pnpm/react-dom@19.2.6_react@19.2.6/node_modules/react-dom/cjs/react-dom-client.development.js:17450:11
 ❯ performWorkOnRoot node_modules/.pnpm/react-dom@19.2.6_react@19.2.6/node_modules/react-dom/cjs/react-dom-client.development.js:16583:35
 ❯ performWorkOnRootViaSchedulerTask node_modules/.pnpm/react-dom@19.2.6_react@19.2.6/node_modules/react-dom/cjs/react-dom-client.development.js:18957:7

⎯⎯⎯⎯⎯⎯⎯⎯⎯⎯⎯⎯⎯⎯⎯⎯⎯⎯⎯[419/1250]⎯

 FAIL  .claude/worktrees/hardcore-noether-c55378/client/src/components/ui/__tests__/input.test.tsx > Input > Rendering > should render input element
ReferenceError: React is not defined
 ❯ .claude/worktrees/hardcore-noether-c55378/client/src/components/ui/__tests__/input.test.tsx:14:20
     12|     describe('Rendering', () => {
     13|         it('should render input element', () => {
     14|             render(<Input />);
       |                    ^
     15|             expect(screen.getByRole('textbox')).toBeInTheDocument();
     16|         });

⎯⎯⎯⎯⎯⎯⎯⎯⎯⎯⎯⎯⎯⎯⎯⎯⎯⎯⎯[420/1250]⎯

 FAIL  .claude/worktrees/hardcore-noether-c55378/client/src/components/ui/__tests__/input.test.tsx > Input > Rendering > should apply custom className
ReferenceError: React is not defined
 ❯ .claude/worktrees/hardcore-noether-c55378/client/src/components/ui/__tests__/input.test.tsx:19:20
     17| 
     18|         it('should apply custom className', () => {
     19|             render(<Input className="custom-input" />);
       |                    ^
     20|             expect(screen.getByRole('textbox')).toHaveClass('custom-in…
     21|         });

⎯⎯⎯⎯⎯⎯⎯⎯⎯⎯⎯⎯⎯⎯⎯⎯⎯⎯⎯[421/1250]⎯

 FAIL  .claude/worktrees/hardcore-noether-c55378/client/src/components/ui/__tests__/input.test.tsx > Input > Rendering > should render with placeholder
ReferenceError: React is not defined
 ❯ .claude/worktrees/hardcore-noether-c55378/client/src/components/ui/__tests__/input.test.tsx:24:20
     22| 
     23|         it('should render with placeholder', () => {
     24|             render(<Input placeholder="Enter text..." />);
       |                    ^
     25|             expect(screen.getByPlaceholderText('Enter text...')).toBeI…
     26|         });

⎯⎯⎯⎯⎯⎯⎯⎯⎯⎯⎯⎯⎯⎯⎯⎯⎯⎯⎯[422/1250]⎯

 FAIL  .claude/worktrees/hardcore-noether-c55378/client/src/components/ui/__tests__/input.test.tsx > Input > Input Types > should render as textbox by default
ReferenceError: React is not defined
 ❯ .claude/worktrees/hardcore-noether-c55378/client/src/components/ui/__tests__/input.test.tsx:31:20
     29|     describe('Input Types', () => {
     30|         it('should render as textbox by default', () => {
     31|             render(<Input />);
       |                    ^
     32|             // HTML5: type defaults to "text" when not specified, but …
     33|             expect(screen.getByRole('textbox')).toBeInTheDocument();

⎯⎯⎯⎯⎯⎯⎯⎯⎯⎯⎯⎯⎯⎯⎯⎯⎯⎯⎯[423/1250]⎯

 FAIL  .claude/worktrees/hardcore-noether-c55378/client/src/components/ui/__tests__/input.test.tsx > Input > Input Types > should render email input
ReferenceError: React is not defined
 ❯ .claude/worktrees/hardcore-noether-c55378/client/src/components/ui/__tests__/input.test.tsx:37:20
     35| 
     36|         it('should render email input', () => {
     37|             render(<Input type="email" />);
       |                    ^
     38|             expect(screen.getByRole('textbox')).toHaveAttribute('type'…
     39|         });

⎯⎯⎯⎯⎯⎯⎯⎯⎯⎯⎯⎯⎯⎯⎯⎯⎯⎯⎯[424/1250]⎯

 FAIL  .claude/worktrees/hardcore-noether-c55378/client/src/components/ui/__tests__/input.test.tsx > Input > Input Types > should render password input
ReferenceError: React is not defined
 ❯ .claude/worktrees/hardcore-noether-c55378/client/src/components/ui/__tests__/input.test.tsx:42:20
     40| 
     41|         it('should render password input', () => {
     42|             render(<Input type="password" />);
       |                    ^
     43|             // Password inputs don't have textbox role
     44|             expect(document.querySelector('input[type="password"]')).t…

⎯⎯⎯⎯⎯⎯⎯⎯⎯⎯⎯⎯⎯⎯⎯⎯⎯⎯⎯[425/1250]⎯

 FAIL  .claude/worktrees/hardcore-noether-c55378/client/src/components/ui/__tests__/input.test.tsx > Input > Input Types > should render number input
ReferenceError: React is not defined
 ❯ .claude/worktrees/hardcore-noether-c55378/client/src/components/ui/__tests__/input.test.tsx:48:20
     46| 
     47|         it('should render number input', () => {
     48|             render(<Input type="number" />);
       |                    ^
     49|             expect(screen.getByRole('spinbutton')).toBeInTheDocument();
     50|         });

⎯⎯⎯⎯⎯⎯⎯⎯⎯⎯⎯⎯⎯⎯⎯⎯⎯⎯⎯[426/1250]⎯

 FAIL  .claude/worktrees/hardcore-noether-c55378/client/src/components/ui/__tests__/input.test.tsx > Input > Input Types > should render search input
ReferenceError: React is not defined
 ❯ .claude/worktrees/hardcore-noether-c55378/client/src/components/ui/__tests__/input.test.tsx:53:20
     51| 
     52|         it('should render search input', () => {
     53|             render(<Input type="search" />);
       |                    ^
     54|             expect(screen.getByRole('searchbox')).toBeInTheDocument();
     55|         });

⎯⎯⎯⎯⎯⎯⎯⎯⎯⎯⎯⎯⎯⎯⎯⎯⎯⎯⎯[427/1250]⎯

 FAIL  .claude/worktrees/hardcore-noether-c55378/client/src/components/ui/__tests__/input.test.tsx > Input > Input Types > should render tel input
ReferenceError: React is not defined
 ❯ .claude/worktrees/hardcore-noether-c55378/client/src/components/ui/__tests__/input.test.tsx:58:20
     56| 
     57|         it('should render tel input', () => {
     58|             render(<Input type="tel" />);
       |                    ^
     59|             expect(screen.getByRole('textbox')).toHaveAttribute('type'…
     60|         });

⎯⎯⎯⎯⎯⎯⎯⎯⎯⎯⎯⎯⎯⎯⎯⎯⎯⎯⎯[428/1250]⎯

 FAIL  .claude/worktrees/hardcore-noether-c55378/client/src/components/ui/__tests__/input.test.tsx > Input > Value and Change > should display initial value
ReferenceError: React is not defined
 ❯ .claude/worktrees/hardcore-noether-c55378/client/src/components/ui/__tests__/input.test.tsx:65:20
     63|     describe('Value and Change', () => {
     64|         it('should display initial value', () => {
     65|             render(<Input defaultValue="Initial value" />);
       |                    ^
     66|             expect(screen.getByRole('textbox')).toHaveValue('Initial v…
     67|         });

⎯⎯⎯⎯⎯⎯⎯⎯⎯⎯⎯⎯⎯⎯⎯⎯⎯⎯⎯[429/1250]⎯

 FAIL  .claude/worktrees/hardcore-noether-c55378/client/src/components/ui/__tests__/input.test.tsx > Input > Value and Change > should call onChange when value changes
ReferenceError: React is not defined
 ❯ .claude/worktrees/hardcore-noether-c55378/client/src/components/ui/__tests__/input.test.tsx:73:20
     71|             const handleChange = vi.fn();
     72| 
     73|             render(<Input onChange={handleChange} />);
       |                    ^
     74|             await user.type(screen.getByRole('textbox'), 'test');
     75| 

⎯⎯⎯⎯⎯⎯⎯⎯⎯⎯⎯⎯⎯⎯⎯⎯⎯⎯⎯[430/1250]⎯

 FAIL  .claude/worktrees/hardcore-noether-c55378/client/src/components/ui/__tests__/input.test.tsx > Input > Value and Change > should update value on user input
ReferenceError: React is not defined
 ❯ .claude/worktrees/hardcore-noether-c55378/client/src/components/ui/__tests__/input.test.tsx:82:20
     80|             const user = userEvent.setup();
     81| 
     82|             render(<Input />);
       |                    ^
     83|             await user.type(screen.getByRole('textbox'), 'hello');
     84| 

⎯⎯⎯⎯⎯⎯⎯⎯⎯⎯⎯⎯⎯⎯⎯⎯⎯⎯⎯[431/1250]⎯

 FAIL  .claude/worktrees/hardcore-noether-c55378/client/src/components/ui/__tests__/input.test.tsx > Input > Disabled State > should be disabled when disabled prop is true
ReferenceError: React is not defined
 ❯ .claude/worktrees/hardcore-noether-c55378/client/src/components/ui/__tests__/input.test.tsx:91:20
     89|     describe('Disabled State', () => {
     90|         it('should be disabled when disabled prop is true', () => {
     91|             render(<Input disabled />);
       |                    ^
     92|             expect(screen.getByRole('textbox')).toBeDisabled();
     93|         });

⎯⎯⎯⎯⎯⎯⎯⎯⎯⎯⎯⎯⎯⎯⎯⎯⎯⎯⎯[432/1250]⎯

 FAIL  .claude/worktrees/hardcore-noether-c55378/client/src/components/ui/__tests__/input.test.tsx > Input > Disabled State > should not allow input when disabled
ReferenceError: React is not defined
 ❯ .claude/worktrees/hardcore-noether-c55378/client/src/components/ui/__tests__/input.test.tsx:98:20
     96|             const user = userEvent.setup();
     97| 
     98|             render(<Input disabled />);
       |                    ^
     99|             await user.type(screen.getByRole('textbox'), 'test');
    100| 

⎯⎯⎯⎯⎯⎯⎯⎯⎯⎯⎯⎯⎯⎯⎯⎯⎯⎯⎯[433/1250]⎯

 FAIL  .claude/worktrees/hardcore-noether-c55378/client/src/components/ui/__tests__/input.test.tsx > Input > Read Only State > should be readonly when readOnly prop is true
ReferenceError: React is not defined
 ❯ .claude/worktrees/hardcore-noether-c55378/client/src/components/ui/__tests__/input.test.tsx:107:20
    105|     describe('Read Only State', () => {
    106|         it('should be readonly when readOnly prop is true', () => {
    107|             render(<Input readOnly defaultValue="readonly" />);
       |                    ^
    108|             expect(screen.getByRole('textbox')).toHaveAttribute('reado…
    109|         });

⎯⎯⎯⎯⎯⎯⎯⎯⎯⎯⎯⎯⎯⎯⎯⎯⎯⎯⎯[434/1250]⎯

 FAIL  .claude/worktrees/hardcore-noether-c55378/client/src/components/ui/__tests__/input.test.tsx > Input > Required State > should be required when required prop is true
ReferenceError: React is not defined
 ❯ .claude/worktrees/hardcore-noether-c55378/client/src/components/ui/__tests__/input.test.tsx:114:20
    112|     describe('Required State', () => {
    113|         it('should be required when required prop is true', () => {
    114|             render(<Input required />);
       |                    ^
    115|             expect(screen.getByRole('textbox')).toBeRequired();
    116|         });

⎯⎯⎯⎯⎯⎯⎯⎯⎯⎯⎯⎯⎯⎯⎯⎯⎯⎯⎯[435/1250]⎯

 FAIL  .claude/worktrees/hardcore-noether-c55378/client/src/components/ui/__tests__/input.test.tsx > Input > Accessibility > should support aria-label
ReferenceError: React is not defined
 ❯ .claude/worktrees/hardcore-noether-c55378/client/src/components/ui/__tests__/input.test.tsx:121:20
    119|     describe('Accessibility', () => {
    120|         it('should support aria-label', () => {
    121|             render(<Input aria-label="Email address" />);
       |                    ^
    122|             expect(screen.getByLabelText('Email address')).toBeInTheDo…
    123|         });

⎯⎯⎯⎯⎯⎯⎯⎯⎯⎯⎯⎯⎯⎯⎯⎯⎯⎯⎯[436/1250]⎯

 FAIL  .claude/worktrees/hardcore-noether-c55378/client/src/components/ui/__tests__/input.test.tsx > Input > Accessibility > should support aria-describedby
ReferenceError: React is not defined
 ❯ .claude/worktrees/hardcore-noether-c55378/client/src/components/ui/__tests__/input.test.tsx:127:17
    125|         it('should support aria-describedby', () => {
    126|             render(
    127|                 <>
       |                 ^
    128|                     <Input aria-describedby="help-text" />
    129|                     <span id="help-text">Enter your email</span>

⎯⎯⎯⎯⎯⎯⎯⎯⎯⎯⎯⎯⎯⎯⎯⎯⎯⎯⎯[437/1250]⎯

 FAIL  .claude/worktrees/hardcore-noether-c55378/client/src/components/ui/__tests__/input.test.tsx > Input > Accessibility > should support id for label association
ReferenceError: React is not defined
 ❯ .claude/worktrees/hardcore-noether-c55378/client/src/components/ui/__tests__/input.test.tsx:137:17
    135|         it('should support id for label association', () => {
    136|             render(
    137|                 <>
       |                 ^
    138|                     <label htmlFor="email-input">Email</label>
    139|                     <Input id="email-input" />

⎯⎯⎯⎯⎯⎯⎯⎯⎯⎯⎯⎯⎯⎯⎯⎯⎯⎯⎯[438/1250]⎯

 FAIL  .claude/worktrees/hardcore-noether-c55378/client/src/components/ui/__tests__/input.test.tsx > Input > Focus Behavior > should focus when focus method called
ReferenceError: React is not defined
 ❯ .claude/worktrees/hardcore-noether-c55378/client/src/components/ui/__tests__/input.test.tsx:148:20
    146|     describe('Focus Behavior', () => {
    147|         it('should focus when focus method called', () => {
    148|             render(<Input data-testid="focus-input" />);
       |                    ^
    149|             const input = screen.getByTestId('focus-input');
    150| 

⎯⎯⎯⎯⎯⎯⎯⎯⎯⎯⎯⎯⎯⎯⎯⎯⎯⎯⎯[439/1250]⎯

 FAIL  .claude/worktrees/hardcore-noether-c55378/client/src/components/ui/__tests__/input.test.tsx > Input > Focus Behavior > should call onFocus when focused
ReferenceError: React is not defined
 ❯ .claude/worktrees/hardcore-noether-c55378/client/src/components/ui/__tests__/input.test.tsx:159:20
    157|             const handleFocus = vi.fn();
    158| 
    159|             render(<Input onFocus={handleFocus} />);
       |                    ^
    160|             await user.click(screen.getByRole('textbox'));
    161| 

⎯⎯⎯⎯⎯⎯⎯⎯⎯⎯⎯⎯⎯⎯⎯⎯⎯⎯⎯[440/1250]⎯

 FAIL  .claude/worktrees/hardcore-noether-c55378/client/src/components/ui/__tests__/input.test.tsx > Input > Focus Behavior > should call onBlur when blurred
ReferenceError: React is not defined
 ❯ .claude/worktrees/hardcore-noether-c55378/client/src/components/ui/__tests__/input.test.tsx:169:20
    167|             const handleBlur = vi.fn();
    168| 
    169|             render(<Input onBlur={handleBlur} />);
       |                    ^
    170|             const input = screen.getByRole('textbox');
    171|             await user.click(input);

⎯⎯⎯⎯⎯⎯⎯⎯⎯⎯⎯⎯⎯⎯⎯⎯⎯⎯⎯[441/1250]⎯

 FAIL  .claude/worktrees/hardcore-noether-c55378/client/src/components/ui/__tests__/input.test.tsx > Input > Attributes > should support maxLength
ReferenceError: React is not defined
 ❯ .claude/worktrees/hardcore-noether-c55378/client/src/components/ui/__tests__/input.test.tsx:180:20
    178|     describe('Attributes', () => {
    179|         it('should support maxLength', () => {
    180|             render(<Input maxLength={10} />);
       |                    ^
    181|             expect(screen.getByRole('textbox')).toHaveAttribute('maxLe…
    182|         });

⎯⎯⎯⎯⎯⎯⎯⎯⎯⎯⎯⎯⎯⎯⎯⎯⎯⎯⎯[442/1250]⎯

 FAIL  .claude/worktrees/hardcore-noether-c55378/client/src/components/ui/__tests__/input.test.tsx > Input > Attributes > should support minLength
ReferenceError: React is not defined
 ❯ .claude/worktrees/hardcore-noether-c55378/client/src/components/ui/__tests__/input.test.tsx:185:20
    183| 
    184|         it('should support minLength', () => {
    185|             render(<Input minLength={3} />);
       |                    ^
    186|             expect(screen.getByRole('textbox')).toHaveAttribute('minLe…
    187|         });

⎯⎯⎯⎯⎯⎯⎯⎯⎯⎯⎯⎯⎯⎯⎯⎯⎯⎯⎯[443/1250]⎯

 FAIL  .claude/worktrees/hardcore-noether-c55378/client/src/components/ui/__tests__/input.test.tsx > Input > Attributes > should support pattern
ReferenceError: React is not defined
 ❯ .claude/worktrees/hardcore-noether-c55378/client/src/components/ui/__tests__/input.test.tsx:190:20
    188| 
    189|         it('should support pattern', () => {
    190|             render(<Input pattern="[0-9]+" />);
       |                    ^
    191|             expect(screen.getByRole('textbox')).toHaveAttribute('patte…
    192|         });

⎯⎯⎯⎯⎯⎯⎯⎯⎯⎯⎯⎯⎯⎯⎯⎯⎯⎯⎯[444/1250]⎯

 FAIL  .claude/worktrees/hardcore-noether-c55378/client/src/components/ui/__tests__/input.test.tsx > Input > Attributes > should support autoComplete
ReferenceError: React is not defined
 ❯ .claude/worktrees/hardcore-noether-c55378/client/src/components/ui/__tests__/input.test.tsx:195:20
    193| 
    194|         it('should support autoComplete', () => {
    195|             render(<Input autoComplete="email" />);
       |                    ^
    196|             expect(screen.getByRole('textbox')).toHaveAttribute('autoC…
    197|         });

⎯⎯⎯⎯⎯⎯⎯⎯⎯⎯⎯⎯⎯⎯⎯⎯⎯⎯⎯[445/1250]⎯

 FAIL  .claude/worktrees/jovial-germain-89e4df/client/src/components/admin/__tests__/admin.test.tsx > SettingsManagement > should render the settings form
 FAIL  .claude/worktrees/jovial-germain-89e4df/client/src/components/admin/__tests__/admin.test.tsx > SettingsManagement > should display store name input
 FAIL  .claude/worktrees/jovial-germain-89e4df/client/src/components/admin/__tests__/admin.test.tsx > SettingsManagement > should display support email input
 FAIL  .claude/worktrees/jovial-germain-89e4df/client/src/components/admin/__tests__/admin.test.tsx > SettingsManagement > should display maintenance mode switch
 FAIL  .claude/worktrees/jovial-germain-89e4df/client/src/components/admin/__tests__/admin.test.tsx > SettingsManagement > should display orders enabled switch
 FAIL  .claude/worktrees/jovial-germain-89e4df/client/src/components/admin/__tests__/admin.test.tsx > SettingsManagement > should have save button
 FAIL  .claude/worktrees/jovial-germain-89e4df/client/src/components/admin/__tests__/admin.test.tsx > SettingsManagement > should display settings icon in title
 FAIL  .claude/worktrees/jovial-germain-89e4df/client/src/components/admin/__tests__/admin.test.tsx > SettingsManagement > should update store name on input change
 FAIL  .claude/worktrees/jovial-germain-89e4df/client/src/components/admin/__tests__/admin.test.tsx > SettingsManagement > should toggle maintenance mode switch
ReferenceError: React is not defined
 ❯ SettingsManagement .claude/worktrees/jovial-germain-89e4df/client/src/components/admin/settings-management.tsx:155:5
    153|     const dangerCfg = pendingSwitch ? DANGER_CONFIG[pendingSwitch.key]…
    154| 
    155|     return (
       |     ^
    156|         <>
    157|             {/* Confirmation dialog for dangerous switches */}
 ❯ Object.react_stack_bottom_frame node_modules/.pnpm/react-dom@19.2.6_react@19.2.6/node_modules/react-dom/cjs/react-dom-client.development.js:25904:20
 ❯ renderWithHooks node_modules/.pnpm/react-dom@19.2.6_react@19.2.6/node_modules/react-dom/cjs/react-dom-client.development.js:7662:22
 ❯ updateFunctionComponent node_modules/.pnpm/react-dom@19.2.6_react@19.2.6/node_modules/react-dom/cjs/react-dom-client.development.js:10166:19
 ❯ beginWork node_modules/.pnpm/react-dom@19.2.6_react@19.2.6/node_modules/react-dom/cjs/react-dom-client.development.js:11778:18
 ❯ runWithFiberInDEV node_modules/.pnpm/react-dom@19.2.6_react@19.2.6/node_modules/react-dom/cjs/react-dom-client.development.js:874:13
 ❯ performUnitOfWork node_modules/.pnpm/react-dom@19.2.6_react@19.2.6/node_modules/react-dom/cjs/react-dom-client.development.js:17641:22
 ❯ workLoopSync node_modules/.pnpm/react-dom@19.2.6_react@19.2.6/node_modules/react-dom/cjs/react-dom-client.development.js:17469:41
 ❯ renderRootSync node_modules/.pnpm/react-dom@19.2.6_react@19.2.6/node_modules/react-dom/cjs/react-dom-client.development.js:17450:11
 ❯ performWorkOnRoot node_modules/.pnpm/react-dom@19.2.6_react@19.2.6/node_modules/react-dom/cjs/react-dom-client.development.js:16583:35

⎯⎯⎯⎯⎯⎯⎯⎯⎯⎯⎯⎯⎯⎯⎯⎯⎯⎯⎯[446/1250]⎯

 FAIL  .claude/worktrees/jovial-germain-89e4df/client/src/components/admin/__tests__/admin.test.tsx > SettingsManagement loading state > should show loading state
TypeError: useQuery.mockReturnValue is not a function
 ❯ .claude/worktrees/jovial-germain-89e4df/client/src/components/admin/__tests__/admin.test.tsx:150:18
    148|     beforeEach(() => {
    149|         const { useQuery } = require('@tanstack/react-query');
    150|         useQuery.mockReturnValue({
       |                  ^
    151|             data: null,
    152|             isLoading: true,

⎯⎯⎯⎯⎯⎯⎯⎯⎯⎯⎯⎯⎯⎯⎯⎯⎯⎯⎯[447/1250]⎯

 FAIL  .claude/worktrees/jovial-germain-89e4df/client/src/components/admin/__tests__/admin.test.tsx > SettingsManagement error state > should show error message
 FAIL  .claude/worktrees/jovial-germain-89e4df/client/src/components/admin/__tests__/admin.test.tsx > SettingsManagement error state > should have retry button
TypeError: useQuery.mockReturnValue is not a function
 ❯ .claude/worktrees/jovial-germain-89e4df/client/src/components/admin/__tests__/admin.test.tsx:166:18
    164|     beforeEach(() => {
    165|         const { useQuery } = require('@tanstack/react-query');
    166|         useQuery.mockReturnValue({
       |                  ^
    167|             data: null,
    168|             isLoading: false,

⎯⎯⎯⎯⎯⎯⎯⎯⎯⎯⎯⎯⎯⎯⎯⎯⎯⎯⎯[448/1250]⎯

 FAIL  .claude/worktrees/jovial-germain-89e4df/client/src/components/chat/__tests__/ai-chat-bot.test.tsx > AIChatBot Component — واجهة الجات بوت > يعرض زر الفتح العائم
ReferenceError: React is not defined
 ❯ .claude/worktrees/jovial-germain-89e4df/client/src/components/chat/__tests__/ai-chat-bot.test.tsx:293:16
    291| 
    292|     it("يعرض زر الفتح العائم", () => {
    293|         render(<AIChatBot />);
       |                ^
    294|         const btn = screen.getByRole("button", { name: /فتح مساعد AQUA…
    295|         expect(btn).toBeInTheDocument();

⎯⎯⎯⎯⎯⎯⎯⎯⎯⎯⎯⎯⎯⎯⎯⎯⎯⎯⎯[449/1250]⎯

 FAIL  .claude/worktrees/jovial-germain-89e4df/client/src/components/chat/__tests__/ai-chat-bot.test.tsx > AIChatBot Component — واجهة الجات بوت > يفتح نافذة المحادثة عند الضغط على الزر العائم
ReferenceError: React is not defined
 ❯ .claude/worktrees/jovial-germain-89e4df/client/src/components/chat/__tests__/ai-chat-bot.test.tsx:300:16
    298|     it("يفتح نافذة المحادثة عند الضغط على الزر العائم", async () => {
    299|         const user = userEvent.setup();
    300|         render(<AIChatBot />);
       |                ^
    301| 
    302|         const floatBtn = screen.getByRole("button", { name: /فتح مساعد…

⎯⎯⎯⎯⎯⎯⎯⎯⎯⎯⎯⎯⎯⎯⎯⎯⎯⎯⎯[450/1250]⎯

 FAIL  .claude/worktrees/jovial-germain-89e4df/client/src/components/chat/__tests__/ai-chat-bot.test.tsx > AIChatBot Component — واجهة الجات بوت > يعرض رسالة الترحيب عند الفتح
ReferenceError: React is not defined
 ❯ .claude/worktrees/jovial-germain-89e4df/client/src/components/chat/__tests__/ai-chat-bot.test.tsx:313:16
    311|     it("يعرض رسالة الترحيب عند الفتح", async () => {
    312|         const user = userEvent.setup();
    313|         render(<AIChatBot />);
       |                ^
    314| 
    315|         await user.click(screen.getByRole("button", { name: /فتح مساعد…

⎯⎯⎯⎯⎯⎯⎯⎯⎯⎯⎯⎯⎯⎯⎯⎯⎯⎯⎯[451/1250]⎯

 FAIL  .claude/worktrees/jovial-germain-89e4df/client/src/components/chat/__tests__/ai-chat-bot.test.tsx > AIChatBot Component — واجهة الجات بوت > يظهر الأسئلة السريعة في البداية
ReferenceError: React is not defined
 ❯ .claude/worktrees/jovial-germain-89e4df/client/src/components/chat/__tests__/ai-chat-bot.test.tsx:322:16
    320|     it("يظهر الأسئلة السريعة في البداية", async () => {
    321|         const user = userEvent.setup();
    322|         render(<AIChatBot />);
       |                ^
    323| 
    324|         await user.click(screen.getByRole("button", { name: /فتح مساعد…

⎯⎯⎯⎯⎯⎯⎯⎯⎯⎯⎯⎯⎯⎯⎯⎯⎯⎯⎯[452/1250]⎯

 FAIL  .claude/worktrees/jovial-germain-89e4df/client/src/components/chat/__tests__/ai-chat-bot.test.tsx > AIChatBot Component — واجهة الجات بوت > يُعبئ حقل الإدخال عند الضغط على سؤال سريع
ReferenceError: React is not defined
 ❯ .claude/worktrees/jovial-germain-89e4df/client/src/components/chat/__tests__/ai-chat-bot.test.tsx:332:16
    330|     it("يُعبئ حقل الإدخال عند الضغط على سؤال سريع", async () => {
    331|         const user = userEvent.setup();
    332|         render(<AIChatBot />);
       |                ^
    333| 
    334|         await user.click(screen.getByRole("button", { name: /فتح مساعد…

⎯⎯⎯⎯⎯⎯⎯⎯⎯⎯⎯⎯⎯⎯⎯⎯⎯⎯⎯[453/1250]⎯

 FAIL  .claude/worktrees/jovial-germain-89e4df/client/src/components/chat/__tests__/ai-chat-bot.test.tsx > AIChatBot Component — واجهة الجات بوت > يغلق النافذة عند الضغط على X
ReferenceError: React is not defined
 ❯ .claude/worktrees/jovial-germain-89e4df/client/src/components/chat/__tests__/ai-chat-bot.test.tsx:345:16
    343|     it("يغلق النافذة عند الضغط على X", async () => {
    344|         const user = userEvent.setup();
    345|         render(<AIChatBot />);
       |                ^
    346| 
    347|         await user.click(screen.getByRole("button", { name: /فتح مساعد…

⎯⎯⎯⎯⎯⎯⎯⎯⎯⎯⎯⎯⎯⎯⎯⎯⎯⎯⎯[454/1250]⎯

 FAIL  .claude/worktrees/jovial-germain-89e4df/client/src/components/chat/__tests__/ai-chat-bot.test.tsx > AIChatBot Component — واجهة الجات بوت > يُعطّل الإدخال أثناء الـ streaming
ReferenceError: React is not defined
 ❯ .claude/worktrees/jovial-germain-89e4df/client/src/components/chat/__tests__/ai-chat-bot.test.tsx:374:16
    372| 
    373|         const user = userEvent.setup();
    374|         render(<AIChatBot />);
       |                ^
    375| 
    376|         await user.click(screen.getByRole("button", { name: /فتح مساعد…

⎯⎯⎯⎯⎯⎯⎯⎯⎯⎯⎯⎯⎯⎯⎯⎯⎯⎯⎯[455/1250]⎯

 FAIL  .claude/worktrees/jovial-germain-89e4df/client/src/components/chat/__tests__/ai-chat-bot.test.tsx > AIChatBot Component — واجهة الجات بوت > يُرسل رسالة المستخدم لـ /api/ai/chat/stream
ReferenceError: React is not defined
 ❯ .claude/worktrees/jovial-germain-89e4df/client/src/components/chat/__tests__/ai-chat-bot.test.tsx:404:16
    402|         );
    403| 
    404|         render(<AIChatBot />);
       |                ^
    405|         await user.click(screen.getByRole("button", { name: /فتح مساعد…
    406| 

⎯⎯⎯⎯⎯⎯⎯⎯⎯⎯⎯⎯⎯⎯⎯⎯⎯⎯⎯[456/1250]⎯

 FAIL  .claude/worktrees/jovial-germain-89e4df/client/src/components/chat/__tests__/ai-chat-bot.test.tsx > AIChatBot Component — واجهة الجات بوت > يعرض رد البوت بعد انتهاء الـ streaming
ReferenceError: React is not defined
 ❯ .claude/worktrees/jovial-germain-89e4df/client/src/components/chat/__tests__/ai-chat-bot.test.tsx:434:16
    432|         );
    433| 
    434|         render(<AIChatBot />);
       |                ^
    435|         await user.click(screen.getByRole("button", { name: /فتح مساعد…
    436| 

⎯⎯⎯⎯⎯⎯⎯⎯⎯⎯⎯⎯⎯⎯⎯⎯⎯⎯⎯[457/1250]⎯

 FAIL  .claude/worktrees/jovial-germain-89e4df/client/src/components/chat/__tests__/ai-chat-bot.test.tsx > AIChatBot Component — واجهة الجات بوت > يطبق النص المصحح (normalizedText) عند انتهاء الـ streaming
ReferenceError: React is not defined
 ❯ .claude/worktrees/jovial-germain-89e4df/client/src/components/chat/__tests__/ai-chat-bot.test.tsx:462:38
    460|         } as unknown as Response);
    461| 
    462|         const { container } = render(<AIChatBot />);
       |                                      ^
    463|         await user.click(screen.getByRole("button", { name: /فتح مساعد…
    464| 

⎯⎯⎯⎯⎯⎯⎯⎯⎯⎯⎯⎯⎯⎯⎯⎯⎯⎯⎯[458/1250]⎯

 FAIL  .claude/worktrees/jovial-germain-89e4df/client/src/components/chat/__tests__/ai-chat-bot.test.tsx > AIChatBot Component — واجهة الجات بوت > يعرض رسالة خطأ عند فشل الـ fetch
ReferenceError: React is not defined
 ❯ .claude/worktrees/jovial-germain-89e4df/client/src/components/chat/__tests__/ai-chat-bot.test.tsx:483:16
    481|         mockFetch.mockResolvedValue({ ok: false, body: null } as unkno…
    482| 
    483|         render(<AIChatBot />);
       |                ^
    484|         await user.click(screen.getByRole("button", { name: /فتح مساعد…
    485| 

⎯⎯⎯⎯⎯⎯⎯⎯⎯⎯⎯⎯⎯⎯⎯⎯⎯⎯⎯[459/1250]⎯

 FAIL  .claude/worktrees/jovial-germain-89e4df/client/src/components/chat/__tests__/ai-chat-bot.test.tsx > AIChatBot Component — واجهة الجات بوت > يُفرغ حقل الإدخال بعد الإرسال
ReferenceError: React is not defined
 ❯ .claude/worktrees/jovial-germain-89e4df/client/src/components/chat/__tests__/ai-chat-bot.test.tsx:497:16
    495|     it("يُفرغ حقل الإدخال بعد الإرسال", async () => {
    496|         const user = userEvent.setup();
    497|         render(<AIChatBot />);
       |                ^
    498| 
    499|         await user.click(screen.getByRole("button", { name: /فتح مساعد…

⎯⎯⎯⎯⎯⎯⎯⎯⎯⎯⎯⎯⎯⎯⎯⎯⎯⎯⎯[460/1250]⎯

 FAIL  .claude/worktrees/jovial-germain-89e4df/client/src/components/chat/__tests__/ai-chat-bot.test.tsx > AIChatBot Component — واجهة الجات بوت > لا يرسل رسالة فارغة
ReferenceError: React is not defined
 ❯ .claude/worktrees/jovial-germain-89e4df/client/src/components/chat/__tests__/ai-chat-bot.test.tsx:512:16
    510|     it("لا يرسل رسالة فارغة", async () => {
    511|         const user = userEvent.setup();
    512|         render(<AIChatBot />);
       |                ^
    513| 
    514|         await user.click(screen.getByRole("button", { name: /فتح مساعد…

⎯⎯⎯⎯⎯⎯⎯⎯⎯⎯⎯⎯⎯⎯⎯⎯⎯⎯⎯[461/1250]⎯

 FAIL  .claude/worktrees/jovial-germain-89e4df/client/src/components/products/__tests__/product-card.test.tsx > ProductCard Component > should render product card
 FAIL  .claude/worktrees/jovial-germain-89e4df/client/src/components/products/__tests__/product-card.test.tsx > ProductCard Component > should display product name
 FAIL  .claude/worktrees/jovial-germain-89e4df/client/src/components/products/__tests__/product-card.test.tsx > ProductCard Component > should link to product details page
ReferenceError: React is not defined
 ❯ ProductCard2 .claude/worktrees/jovial-germain-89e4df/client/src/components/products/product-card.tsx:74:3
     72|     : (product.stock ?? 0) <= 0;
     73| 
     74|   return (
       |   ^
     75|     <>
     76|       <Link href={`/products/${product.slug}`} aria-label={`عرض تفاصيل…
 ❯ Object.react_stack_bottom_frame node_modules/.pnpm/react-dom@19.2.6_react@19.2.6/node_modules/react-dom/cjs/react-dom-client.development.js:25904:20
 ❯ renderWithHooks node_modules/.pnpm/react-dom@19.2.6_react@19.2.6/node_modules/react-dom/cjs/react-dom-client.development.js:7662:22
 ❯ updateFunctionComponent node_modules/.pnpm/react-dom@19.2.6_react@19.2.6/node_modules/react-dom/cjs/react-dom-client.development.js:10166:19
 ❯ updateSimpleMemoComponent node_modules/.pnpm/react-dom@19.2.6_react@19.2.6/node_modules/react-dom/cjs/react-dom-client.development.js:9830:14
 ❯ updateMemoComponent node_modules/.pnpm/react-dom@19.2.6_react@19.2.6/node_modules/react-dom/cjs/react-dom-client.development.js:9763:13
 ❯ beginWork node_modules/.pnpm/react-dom@19.2.6_react@19.2.6/node_modules/react-dom/cjs/react-dom-client.development.js:12204:18
 ❯ runWithFiberInDEV node_modules/.pnpm/react-dom@19.2.6_react@19.2.6/node_modules/react-dom/cjs/react-dom-client.development.js:874:13
 ❯ performUnitOfWork node_modules/.pnpm/react-dom@19.2.6_react@19.2.6/node_modules/react-dom/cjs/react-dom-client.development.js:17641:22
 ❯ workLoopSync node_modules/.pnpm/react-dom@19.2.6_react@19.2.6/node_modules/react-dom/cjs/react-dom-client.development.js:17469:41

⎯⎯⎯⎯⎯⎯⎯⎯⎯⎯⎯⎯⎯⎯⎯⎯⎯⎯⎯[462/1250]⎯

 FAIL  .claude/worktrees/jovial-germain-89e4df/client/src/components/effects/__tests__/effects.test.tsx > ScrollProgress > should render the progress bar
 FAIL  .claude/worktrees/jovial-germain-89e4df/client/src/components/effects/__tests__/effects.test.tsx > ScrollProgress > should have fixed positioning
 FAIL  .claude/worktrees/jovial-germain-89e4df/client/src/components/effects/__tests__/effects.test.tsx > ScrollProgress > should start with 0% width
 FAIL  .claude/worktrees/jovial-germain-89e4df/client/src/components/effects/__tests__/effects.test.tsx > ScrollProgress > should update progress on scroll
 FAIL  .claude/worktrees/jovial-germain-89e4df/client/src/components/effects/__tests__/effects.test.tsx > ScrollProgress > should have correct z-index for visibility
 FAIL  .claude/worktrees/jovial-germain-89e4df/client/src/components/effects/__tests__/effects.test.tsx > ScrollProgress > should be pointer-events-none
ReferenceError: React is not defined
 ❯ ScrollProgress .claude/worktrees/jovial-germain-89e4df/client/src/components/effects/scroll-progress.tsx:27:3
     25|   }, [handleScroll]);
     26| 
     27|   return (
       |   ^
     28|     <div className="fixed top-0 left-0 right-0 h-[3px] bg-transparent …
     29|       <div
 ❯ Object.react_stack_bottom_frame node_modules/.pnpm/react-dom@19.2.6_react@19.2.6/node_modules/react-dom/cjs/react-dom-client.development.js:25904:20
 ❯ renderWithHooks node_modules/.pnpm/react-dom@19.2.6_react@19.2.6/node_modules/react-dom/cjs/react-dom-client.development.js:7662:22
 ❯ updateFunctionComponent node_modules/.pnpm/react-dom@19.2.6_react@19.2.6/node_modules/react-dom/cjs/react-dom-client.development.js:10166:19
 ❯ beginWork node_modules/.pnpm/react-dom@19.2.6_react@19.2.6/node_modules/react-dom/cjs/react-dom-client.development.js:11778:18
 ❯ runWithFiberInDEV node_modules/.pnpm/react-dom@19.2.6_react@19.2.6/node_modules/react-dom/cjs/react-dom-client.development.js:874:13
 ❯ performUnitOfWork node_modules/.pnpm/react-dom@19.2.6_react@19.2.6/node_modules/react-dom/cjs/react-dom-client.development.js:17641:22
 ❯ workLoopSync node_modules/.pnpm/react-dom@19.2.6_react@19.2.6/node_modules/react-dom/cjs/react-dom-client.development.js:17469:41
 ❯ renderRootSync node_modules/.pnpm/react-dom@19.2.6_react@19.2.6/node_modules/react-dom/cjs/react-dom-client.development.js:17450:11
 ❯ performWorkOnRoot node_modules/.pnpm/react-dom@19.2.6_react@19.2.6/node_modules/react-dom/cjs/react-dom-client.development.js:16583:35

⎯⎯⎯⎯⎯⎯⎯⎯⎯⎯⎯⎯⎯⎯⎯⎯⎯⎯⎯[463/1250]⎯

 FAIL  .claude/worktrees/jovial-germain-89e4df/client/src/components/effects/__tests__/effects.test.tsx > FloatingActionButton > should render the FAB container
 FAIL  .claude/worktrees/jovial-germain-89e4df/client/src/components/effects/__tests__/effects.test.tsx > FloatingActionButton > should have fixed positioning
 FAIL  .claude/worktrees/jovial-germain-89e4df/client/src/components/effects/__tests__/effects.test.tsx > FloatingActionButton > should be hidden initially when not scrolled
 FAIL  .claude/worktrees/jovial-germain-89e4df/client/src/components/effects/__tests__/effects.test.tsx > FloatingActionButton > should show button after scrolling past threshold
 FAIL  .claude/worktrees/jovial-germain-89e4df/client/src/components/effects/__tests__/effects.test.tsx > FloatingActionButton > should call scrollTo when clicked
 FAIL  .claude/worktrees/jovial-germain-89e4df/client/src/components/effects/__tests__/effects.test.tsx > FloatingActionButton > should have aria-label for accessibility
 FAIL  .claude/worktrees/jovial-germain-89e4df/client/src/components/effects/__tests__/effects.test.tsx > FloatingActionButton > should have LTR direction
 FAIL  .claude/worktrees/jovial-germain-89e4df/client/src/components/effects/__tests__/effects.test.tsx > FloatingActionButton > should have rounded button
ReferenceError: React is not defined
 ❯ FloatingActionButton .claude/worktrees/jovial-germain-89e4df/client/src/components/effects/floating-action-button.tsx:22:3
     20|   };
     21| 
     22|   return (
       |   ^
     23|     <div className="fixed bottom-8 left-8 flex flex-col gap-3 z-40" di…
     24|       {/* Scroll to Top Button */}
 ❯ Object.react_stack_bottom_frame node_modules/.pnpm/react-dom@19.2.6_react@19.2.6/node_modules/react-dom/cjs/react-dom-client.development.js:25904:20
 ❯ renderWithHooks node_modules/.pnpm/react-dom@19.2.6_react@19.2.6/node_modules/react-dom/cjs/react-dom-client.development.js:7662:22
 ❯ updateFunctionComponent node_modules/.pnpm/react-dom@19.2.6_react@19.2.6/node_modules/react-dom/cjs/react-dom-client.development.js:10166:19
 ❯ beginWork node_modules/.pnpm/react-dom@19.2.6_react@19.2.6/node_modules/react-dom/cjs/react-dom-client.development.js:11778:18
 ❯ runWithFiberInDEV node_modules/.pnpm/react-dom@19.2.6_react@19.2.6/node_modules/react-dom/cjs/react-dom-client.development.js:874:13
 ❯ performUnitOfWork node_modules/.pnpm/react-dom@19.2.6_react@19.2.6/node_modules/react-dom/cjs/react-dom-client.development.js:17641:22
 ❯ workLoopSync node_modules/.pnpm/react-dom@19.2.6_react@19.2.6/node_modules/react-dom/cjs/react-dom-client.development.js:17469:41
 ❯ renderRootSync node_modules/.pnpm/react-dom@19.2.6_react@19.2.6/node_modules/react-dom/cjs/react-dom-client.development.js:17450:11
 ❯ performWorkOnRoot node_modules/.pnpm/react-dom@19.2.6_react@19.2.6/node_modules/react-dom/cjs/react-dom-client.development.js:16583:35

⎯⎯⎯⎯⎯⎯⎯⎯⎯⎯⎯⎯⎯⎯⎯⎯⎯⎯⎯[464/1250]⎯

 FAIL  .claude/worktrees/jovial-germain-89e4df/client/src/components/effects/__tests__/effects.test.tsx > Effects components integration > ScrollProgress renders without crashing
AssertionError: expected [Function] to not throw an error but 'ReferenceError: React is not defined' was thrown

- Expected: 
undefined

+ Received: 
"ReferenceError: React is not defined"

 ❯ .claude/worktrees/jovial-germain-89e4df/client/src/components/effects/__tests__/effects.test.tsx:153:54
    151| describe('Effects components integration', () => {
    152|     it('ScrollProgress renders without crashing', () => {
    153|         expect(() => render(<ScrollProgress />)).not.toThrow();
       |                                                      ^
    154|     });
    155| 

⎯⎯⎯⎯⎯⎯⎯⎯⎯⎯⎯⎯⎯⎯⎯⎯⎯⎯⎯[465/1250]⎯

 FAIL  .claude/worktrees/jovial-germain-89e4df/client/src/components/effects/__tests__/effects.test.tsx > Effects components integration > FloatingActionButton renders without crashing
AssertionError: expected [Function] to not throw an error but 'ReferenceError: React is not defined' was thrown

- Expected: 
undefined

+ Received: 
"ReferenceError: React is not defined"

 ❯ .claude/worktrees/jovial-germain-89e4df/client/src/components/effects/__tests__/effects.test.tsx:157:60
    155| 
    156|     it('FloatingActionButton renders without crashing', () => {
    157|         expect(() => render(<FloatingActionButton />)).not.toThrow();
       |                                                            ^
    158|     });
    159| });

⎯⎯⎯⎯⎯⎯⎯⎯⎯⎯⎯⎯⎯⎯⎯⎯⎯⎯⎯[466/1250]⎯

 FAIL  .claude/worktrees/jovial-germain-89e4df/client/src/components/calculators/__tests__/calculators.test.tsx > TankSizeCalculator > should render the calculator
 FAIL  .claude/worktrees/jovial-germain-89e4df/client/src/components/calculators/__tests__/calculators.test.tsx > TankSizeCalculator > should have input fields for dimensions
 FAIL  .claude/worktrees/jovial-germain-89e4df/client/src/components/calculators/__tests__/calculators.test.tsx > TankSizeCalculator > should have a calculate button
 FAIL  .claude/worktrees/jovial-germain-89e4df/client/src/components/calculators/__tests__/calculators.test.tsx > TankSizeCalculator > should display title and description
 FAIL  .claude/worktrees/jovial-germain-89e4df/client/src/components/calculators/__tests__/calculators.test.tsx > TankSizeCalculator > should have unit selectors
 FAIL  .claude/worktrees/jovial-germain-89e4df/client/src/components/calculators/__tests__/calculators.test.tsx > TankSizeCalculator > should accept numeric input in fields
 FAIL  .claude/worktrees/jovial-germain-89e4df/client/src/components/calculators/__tests__/calculators.test.tsx > TankSizeCalculator > should have calculator icon in title
ReferenceError: React is not defined
 ❯ TankSizeCalculator .claude/worktrees/jovial-germain-89e4df/client/src/components/calculators/tank-size-calculator.tsx:60:5
     58|     };
     59| 
     60|     return (
       |     ^
     61|         <Card>
     62|             <CardHeader>
 ❯ Object.react_stack_bottom_frame node_modules/.pnpm/react-dom@19.2.6_react@19.2.6/node_modules/react-dom/cjs/react-dom-client.development.js:25904:20
 ❯ renderWithHooks node_modules/.pnpm/react-dom@19.2.6_react@19.2.6/node_modules/react-dom/cjs/react-dom-client.development.js:7662:22
 ❯ updateFunctionComponent node_modules/.pnpm/react-dom@19.2.6_react@19.2.6/node_modules/react-dom/cjs/react-dom-client.development.js:10166:19
 ❯ beginWork node_modules/.pnpm/react-dom@19.2.6_react@19.2.6/node_modules/react-dom/cjs/react-dom-client.development.js:11778:18
 ❯ runWithFiberInDEV node_modules/.pnpm/react-dom@19.2.6_react@19.2.6/node_modules/react-dom/cjs/react-dom-client.development.js:874:13
 ❯ performUnitOfWork node_modules/.pnpm/react-dom@19.2.6_react@19.2.6/node_modules/react-dom/cjs/react-dom-client.development.js:17641:22
 ❯ workLoopSync node_modules/.pnpm/react-dom@19.2.6_react@19.2.6/node_modules/react-dom/cjs/react-dom-client.development.js:17469:41
 ❯ renderRootSync node_modules/.pnpm/react-dom@19.2.6_react@19.2.6/node_modules/react-dom/cjs/react-dom-client.development.js:17450:11
 ❯ performWorkOnRoot node_modules/.pnpm/react-dom@19.2.6_react@19.2.6/node_modules/react-dom/cjs/react-dom-client.development.js:16583:35

⎯⎯⎯⎯⎯⎯⎯⎯⎯⎯⎯⎯⎯⎯⎯⎯⎯⎯⎯[467/1250]⎯

 FAIL  .claude/worktrees/jovial-germain-89e4df/client/src/components/calculators/__tests__/calculators.test.tsx > Calculator Components Integration > TankSizeCalculator renders without crashing
AssertionError: expected [Function] to not throw an error but 'ReferenceError: React is not defined' was thrown

- Expected: 
undefined

+ Received: 
"ReferenceError: React is not defined"

 ❯ .claude/worktrees/jovial-germain-89e4df/client/src/components/calculators/__tests__/calculators.test.tsx:107:58
    105| describe('Calculator Components Integration', () => {
    106|     it('TankSizeCalculator renders without crashing', () => {
    107|         expect(() => render(<TankSizeCalculator />)).not.toThrow();
       |                                                          ^
    108|     });
    109| });

⎯⎯⎯⎯⎯⎯⎯⎯⎯⎯⎯⎯⎯⎯⎯⎯⎯⎯⎯[468/1250]⎯

 FAIL  .claude/worktrees/jovial-germain-89e4df/client/src/components/reviews/__tests__/reviews.test.tsx > RatingStars > should render correct number of full stars
 FAIL  .claude/worktrees/jovial-germain-89e4df/client/src/components/reviews/__tests__/reviews.test.tsx > RatingStars > should render half star when rating has decimal >= 0.5
 FAIL  .claude/worktrees/jovial-germain-89e4df/client/src/components/reviews/__tests__/reviews.test.tsx > RatingStars > should render all empty stars for rating 0
 FAIL  .claude/worktrees/jovial-germain-89e4df/client/src/components/reviews/__tests__/reviews.test.tsx > RatingStars > should render all full stars for rating 5
 FAIL  .claude/worktrees/jovial-germain-89e4df/client/src/components/reviews/__tests__/reviews.test.tsx > RatingStars > should show numeric value when showValue is true
 FAIL  .claude/worktrees/jovial-germain-89e4df/client/src/components/reviews/__tests__/reviews.test.tsx > RatingStars > should not show numeric value when showValue is false
 FAIL  .claude/worktrees/jovial-germain-89e4df/client/src/components/reviews/__tests__/reviews.test.tsx > RatingStars > should use custom maxRating
 FAIL  .claude/worktrees/jovial-germain-89e4df/client/src/components/reviews/__tests__/reviews.test.tsx > RatingStars > should apply small size classes
 FAIL  .claude/worktrees/jovial-germain-89e4df/client/src/components/reviews/__tests__/reviews.test.tsx > RatingStars > should apply large size classes
 FAIL  .claude/worktrees/jovial-germain-89e4df/client/src/components/reviews/__tests__/reviews.test.tsx > RatingStars > should be interactive when interactive prop is true
 FAIL  .claude/worktrees/jovial-germain-89e4df/client/src/components/reviews/__tests__/reviews.test.tsx > RatingStars > should call onRatingChange when star is clicked in interactive mode
 FAIL  .claude/worktrees/jovial-germain-89e4df/client/src/components/reviews/__tests__/reviews.test.tsx > RatingStars > should not call onRatingChange when not interactive
 FAIL  .claude/worktrees/jovial-germain-89e4df/client/src/components/reviews/__tests__/reviews.test.tsx > RatingStars > should apply custom className
 FAIL  .claude/worktrees/jovial-germain-89e4df/client/src/components/reviews/__tests__/reviews.test.tsx > RatingStars > should have RTL direction on stars container
 FAIL  .claude/worktrees/jovial-germain-89e4df/client/src/components/reviews/__tests__/reviews.test.tsx > RatingStars edge cases > should handle decimal rating correctly
 FAIL  .claude/worktrees/jovial-germain-89e4df/client/src/components/reviews/__tests__/reviews.test.tsx > RatingStars edge cases > should handle rating of 0.4 without half star
ReferenceError: React is not defined
 ❯ RatingStars .claude/worktrees/jovial-germain-89e4df/client/src/components/reviews/rating-stars.tsx:45:5
     43|     };
     44| 
     45|     return (
       |     ^
     46|         <div className={cn("flex items-center gap-1", className)}>
     47|             <div className="flex" dir="ltr">
 ❯ Object.react_stack_bottom_frame node_modules/.pnpm/react-dom@19.2.6_react@19.2.6/node_modules/react-dom/cjs/react-dom-client.development.js:25904:20
 ❯ renderWithHooks node_modules/.pnpm/react-dom@19.2.6_react@19.2.6/node_modules/react-dom/cjs/react-dom-client.development.js:7662:22
 ❯ updateFunctionComponent node_modules/.pnpm/react-dom@19.2.6_react@19.2.6/node_modules/react-dom/cjs/react-dom-client.development.js:10166:19
 ❯ beginWork node_modules/.pnpm/react-dom@19.2.6_react@19.2.6/node_modules/react-dom/cjs/react-dom-client.development.js:11778:18
 ❯ runWithFiberInDEV node_modules/.pnpm/react-dom@19.2.6_react@19.2.6/node_modules/react-dom/cjs/react-dom-client.development.js:874:13
 ❯ performUnitOfWork node_modules/.pnpm/react-dom@19.2.6_react@19.2.6/node_modules/react-dom/cjs/react-dom-client.development.js:17641:22
 ❯ workLoopSync node_modules/.pnpm/react-dom@19.2.6_react@19.2.6/node_modules/react-dom/cjs/react-dom-client.development.js:17469:41
 ❯ renderRootSync node_modules/.pnpm/react-dom@19.2.6_react@19.2.6/node_modules/react-dom/cjs/react-dom-client.development.js:17450:11
 ❯ performWorkOnRoot node_modules/.pnpm/react-dom@19.2.6_react@19.2.6/node_modules/react-dom/cjs/react-dom-client.development.js:16583:35

⎯⎯⎯⎯⎯⎯⎯⎯⎯⎯⎯⎯⎯⎯⎯⎯⎯⎯⎯[469/1250]⎯

 FAIL  .claude/worktrees/jovial-germain-89e4df/client/src/components/reviews/__tests__/reviews.test.tsx > RatingStars edge cases > should handle rating greater than maxRating
AssertionError: expected [Function] to not throw an error but 'ReferenceError: React is not defined' was thrown

- Expected: 
undefined

+ Received: 
"ReferenceError: React is not defined"

 ❯ .claude/worktrees/jovial-germain-89e4df/client/src/components/reviews/__tests__/reviews.test.tsx:142:77
    140| 
    141|     it('should handle rating greater than maxRating', () => {
    142|         expect(() => render(<RatingStars rating={10} maxRating={5} />)…
       |                                                                             ^
    143|     });
    144| 

⎯⎯⎯⎯⎯⎯⎯⎯⎯⎯⎯⎯⎯⎯⎯⎯⎯⎯⎯[470/1250]⎯

 FAIL  .claude/worktrees/jovial-germain-89e4df/client/src/components/ui/__tests__/badge.test.tsx > Badge > Rendering > should render with children
ReferenceError: React is not defined
 ❯ .claude/worktrees/jovial-germain-89e4df/client/src/components/ui/__tests__/badge.test.tsx:13:20
     11|     describe('Rendering', () => {
     12|         it('should render with children', () => {
     13|             render(<Badge>New</Badge>);
       |                    ^
     14|             expect(screen.getByText('New')).toBeInTheDocument();
     15|         });

⎯⎯⎯⎯⎯⎯⎯⎯⎯⎯⎯⎯⎯⎯⎯⎯⎯⎯⎯[471/1250]⎯

 FAIL  .claude/worktrees/jovial-germain-89e4df/client/src/components/ui/__tests__/badge.test.tsx > Badge > Rendering > should apply custom className
ReferenceError: React is not defined
 ❯ .claude/worktrees/jovial-germain-89e4df/client/src/components/ui/__tests__/badge.test.tsx:18:20
     16| 
     17|         it('should apply custom className', () => {
     18|             render(<Badge className="custom-badge">Custom</Badge>);
       |                    ^
     19|             const badge = screen.getByText('Custom');
     20|             expect(badge).toHaveClass('custom-badge');

⎯⎯⎯⎯⎯⎯⎯⎯⎯⎯⎯⎯⎯⎯⎯⎯⎯⎯⎯[472/1250]⎯

 FAIL  .claude/worktrees/jovial-germain-89e4df/client/src/components/ui/__tests__/badge.test.tsx > Badge > Variants > should render default variant
ReferenceError: React is not defined
 ❯ .claude/worktrees/jovial-germain-89e4df/client/src/components/ui/__tests__/badge.test.tsx:26:20
     24|     describe('Variants', () => {
     25|         it('should render default variant', () => {
     26|             render(<Badge variant="default">Default</Badge>);
       |                    ^
     27|             expect(screen.getByText('Default')).toBeInTheDocument();
     28|         });

⎯⎯⎯⎯⎯⎯⎯⎯⎯⎯⎯⎯⎯⎯⎯⎯⎯⎯⎯[473/1250]⎯

 FAIL  .claude/worktrees/jovial-germain-89e4df/client/src/components/ui/__tests__/badge.test.tsx > Badge > Variants > should render secondary variant
ReferenceError: React is not defined
 ❯ .claude/worktrees/jovial-germain-89e4df/client/src/components/ui/__tests__/badge.test.tsx:31:20
     29| 
     30|         it('should render secondary variant', () => {
     31|             render(<Badge variant="secondary">Secondary</Badge>);
       |                    ^
     32|             expect(screen.getByText('Secondary')).toBeInTheDocument();
     33|         });

⎯⎯⎯⎯⎯⎯⎯⎯⎯⎯⎯⎯⎯⎯⎯⎯⎯⎯⎯[474/1250]⎯

 FAIL  .claude/worktrees/jovial-germain-89e4df/client/src/components/ui/__tests__/badge.test.tsx > Badge > Variants > should render destructive variant
ReferenceError: React is not defined
 ❯ .claude/worktrees/jovial-germain-89e4df/client/src/components/ui/__tests__/badge.test.tsx:36:20
     34| 
     35|         it('should render destructive variant', () => {
     36|             render(<Badge variant="destructive">Error</Badge>);
       |                    ^
     37|             expect(screen.getByText('Error')).toBeInTheDocument();
     38|         });

⎯⎯⎯⎯⎯⎯⎯⎯⎯⎯⎯⎯⎯⎯⎯⎯⎯⎯⎯[475/1250]⎯

 FAIL  .claude/worktrees/jovial-germain-89e4df/client/src/components/ui/__tests__/badge.test.tsx > Badge > Variants > should render outline variant
ReferenceError: React is not defined
 ❯ .claude/worktrees/jovial-germain-89e4df/client/src/components/ui/__tests__/badge.test.tsx:41:20
     39| 
     40|         it('should render outline variant', () => {
     41|             render(<Badge variant="outline">Outline</Badge>);
       |                    ^
     42|             expect(screen.getByText('Outline')).toBeInTheDocument();
     43|         });

⎯⎯⎯⎯⎯⎯⎯⎯⎯⎯⎯⎯⎯⎯⎯⎯⎯⎯⎯[476/1250]⎯

 FAIL  .claude/worktrees/jovial-germain-89e4df/client/src/components/ui/__tests__/badge.test.tsx > Badge > Use Cases > should work for new product badge
ReferenceError: React is not defined
 ❯ .claude/worktrees/jovial-germain-89e4df/client/src/components/ui/__tests__/badge.test.tsx:48:20
     46|     describe('Use Cases', () => {
     47|         it('should work for new product badge', () => {
     48|             render(<Badge>جديد</Badge>);
       |                    ^
     49|             expect(screen.getByText('جديد')).toBeInTheDocument();
     50|         });

⎯⎯⎯⎯⎯⎯⎯⎯⎯⎯⎯⎯⎯⎯⎯⎯⎯⎯⎯[477/1250]⎯

 FAIL  .claude/worktrees/jovial-germain-89e4df/client/src/components/ui/__tests__/badge.test.tsx > Badge > Use Cases > should work for sale badge
ReferenceError: React is not defined
 ❯ .claude/worktrees/jovial-germain-89e4df/client/src/components/ui/__tests__/badge.test.tsx:53:20
     51| 
     52|         it('should work for sale badge', () => {
     53|             render(<Badge variant="destructive">خصم 20%</Badge>);
       |                    ^
     54|             expect(screen.getByText('خصم 20%')).toBeInTheDocument();
     55|         });

⎯⎯⎯⎯⎯⎯⎯⎯⎯⎯⎯⎯⎯⎯⎯⎯⎯⎯⎯[478/1250]⎯

 FAIL  .claude/worktrees/jovial-germain-89e4df/client/src/components/ui/__tests__/badge.test.tsx > Badge > Use Cases > should work for stock status
ReferenceError: React is not defined
 ❯ .claude/worktrees/jovial-germain-89e4df/client/src/components/ui/__tests__/badge.test.tsx:58:20
     56| 
     57|         it('should work for stock status', () => {
     58|             render(<Badge variant="secondary">متوفر</Badge>);
       |                    ^
     59|             expect(screen.getByText('متوفر')).toBeInTheDocument();
     60|         });

⎯⎯⎯⎯⎯⎯⎯⎯⎯⎯⎯⎯⎯⎯⎯⎯⎯⎯⎯[479/1250]⎯

 FAIL  .claude/worktrees/jovial-germain-89e4df/client/src/components/ui/__tests__/button.test.tsx > Button > Rendering > should render with children
ReferenceError: React is not defined
 ❯ .claude/worktrees/jovial-germain-89e4df/client/src/components/ui/__tests__/button.test.tsx:14:20
     12|     describe('Rendering', () => {
     13|         it('should render with children', () => {
     14|             render(<Button>Click me</Button>);
       |                    ^
     15|             expect(screen.getByRole('button')).toHaveTextContent('Clic…
     16|         });

⎯⎯⎯⎯⎯⎯⎯⎯⎯⎯⎯⎯⎯⎯⎯⎯⎯⎯⎯[480/1250]⎯

 FAIL  .claude/worktrees/jovial-germain-89e4df/client/src/components/ui/__tests__/button.test.tsx > Button > Rendering > should render as button by default
ReferenceError: React is not defined
 ❯ .claude/worktrees/jovial-germain-89e4df/client/src/components/ui/__tests__/button.test.tsx:19:20
     17| 
     18|         it('should render as button by default', () => {
     19|             render(<Button>Test</Button>);
       |                    ^
     20|             expect(screen.getByRole('button')).toBeInTheDocument();
     21|         });

⎯⎯⎯⎯⎯⎯⎯⎯⎯⎯⎯⎯⎯⎯⎯⎯⎯⎯⎯[481/1250]⎯

 FAIL  .claude/worktrees/jovial-germain-89e4df/client/src/components/ui/__tests__/button.test.tsx > Button > Rendering > should apply custom className
ReferenceError: React is not defined
 ❯ .claude/worktrees/jovial-germain-89e4df/client/src/components/ui/__tests__/button.test.tsx:24:20
     22| 
     23|         it('should apply custom className', () => {
     24|             render(<Button className="custom-class">Test</Button>);
       |                    ^
     25|             expect(screen.getByRole('button')).toHaveClass('custom-cla…
     26|         });

⎯⎯⎯⎯⎯⎯⎯⎯⎯⎯⎯⎯⎯⎯⎯⎯⎯⎯⎯[482/1250]⎯

 FAIL  .claude/worktrees/jovial-germain-89e4df/client/src/components/ui/__tests__/button.test.tsx > Button > Variants > should render default variant
ReferenceError: React is not defined
 ❯ .claude/worktrees/jovial-germain-89e4df/client/src/components/ui/__tests__/button.test.tsx:31:20
     29|     describe('Variants', () => {
     30|         it('should render default variant', () => {
     31|             render(<Button variant="default">Default</Button>);
       |                    ^
     32|             expect(screen.getByRole('button')).toBeInTheDocument();
     33|         });

⎯⎯⎯⎯⎯⎯⎯⎯⎯⎯⎯⎯⎯⎯⎯⎯⎯⎯⎯[483/1250]⎯

 FAIL  .claude/worktrees/jovial-germain-89e4df/client/src/components/ui/__tests__/button.test.tsx > Button > Variants > should render destructive variant
ReferenceError: React is not defined
 ❯ .claude/worktrees/jovial-germain-89e4df/client/src/components/ui/__tests__/button.test.tsx:36:20
     34| 
     35|         it('should render destructive variant', () => {
     36|             render(<Button variant="destructive">Delete</Button>);
       |                    ^
     37|             expect(screen.getByRole('button')).toBeInTheDocument();
     38|         });

⎯⎯⎯⎯⎯⎯⎯⎯⎯⎯⎯⎯⎯⎯⎯⎯⎯⎯⎯[484/1250]⎯

 FAIL  .claude/worktrees/jovial-germain-89e4df/client/src/components/ui/__tests__/button.test.tsx > Button > Variants > should render outline variant
ReferenceError: React is not defined
 ❯ .claude/worktrees/jovial-germain-89e4df/client/src/components/ui/__tests__/button.test.tsx:41:20
     39| 
     40|         it('should render outline variant', () => {
     41|             render(<Button variant="outline">Outline</Button>);
       |                    ^
     42|             expect(screen.getByRole('button')).toBeInTheDocument();
     43|         });

⎯⎯⎯⎯⎯⎯⎯⎯⎯⎯⎯⎯⎯⎯⎯⎯⎯⎯⎯[485/1250]⎯

 FAIL  .claude/worktrees/jovial-germain-89e4df/client/src/components/ui/__tests__/button.test.tsx > Button > Variants > should render secondary variant
ReferenceError: React is not defined
 ❯ .claude/worktrees/jovial-germain-89e4df/client/src/components/ui/__tests__/button.test.tsx:46:20
     44| 
     45|         it('should render secondary variant', () => {
     46|             render(<Button variant="secondary">Secondary</Button>);
       |                    ^
     47|             expect(screen.getByRole('button')).toBeInTheDocument();
     48|         });

⎯⎯⎯⎯⎯⎯⎯⎯⎯⎯⎯⎯⎯⎯⎯⎯⎯⎯⎯[486/1250]⎯

 FAIL  .claude/worktrees/jovial-germain-89e4df/client/src/components/ui/__tests__/button.test.tsx > Button > Variants > should render ghost variant
ReferenceError: React is not defined
 ❯ .claude/worktrees/jovial-germain-89e4df/client/src/components/ui/__tests__/button.test.tsx:51:20
     49| 
     50|         it('should render ghost variant', () => {
     51|             render(<Button variant="ghost">Ghost</Button>);
       |                    ^
     52|             expect(screen.getByRole('button')).toBeInTheDocument();
     53|         });

⎯⎯⎯⎯⎯⎯⎯⎯⎯⎯⎯⎯⎯⎯⎯⎯⎯⎯⎯[487/1250]⎯

 FAIL  .claude/worktrees/jovial-germain-89e4df/client/src/components/ui/__tests__/button.test.tsx > Button > Variants > should render link variant
ReferenceError: React is not defined
 ❯ .claude/worktrees/jovial-germain-89e4df/client/src/components/ui/__tests__/button.test.tsx:56:20
     54| 
     55|         it('should render link variant', () => {
     56|             render(<Button variant="link">Link</Button>);
       |                    ^
     57|             expect(screen.getByRole('button')).toBeInTheDocument();
     58|         });

⎯⎯⎯⎯⎯⎯⎯⎯⎯⎯⎯⎯⎯⎯⎯⎯⎯⎯⎯[488/1250]⎯

 FAIL  .claude/worktrees/jovial-germain-89e4df/client/src/components/ui/__tests__/button.test.tsx > Button > Sizes > should render default size
ReferenceError: React is not defined
 ❯ .claude/worktrees/jovial-germain-89e4df/client/src/components/ui/__tests__/button.test.tsx:63:20
     61|     describe('Sizes', () => {
     62|         it('should render default size', () => {
     63|             render(<Button size="default">Default</Button>);
       |                    ^
     64|             expect(screen.getByRole('button')).toBeInTheDocument();
     65|         });

⎯⎯⎯⎯⎯⎯⎯⎯⎯⎯⎯⎯⎯⎯⎯⎯⎯⎯⎯[489/1250]⎯

 FAIL  .claude/worktrees/jovial-germain-89e4df/client/src/components/ui/__tests__/button.test.tsx > Button > Sizes > should render small size
ReferenceError: React is not defined
 ❯ .claude/worktrees/jovial-germain-89e4df/client/src/components/ui/__tests__/button.test.tsx:68:20
     66| 
     67|         it('should render small size', () => {
     68|             render(<Button size="sm">Small</Button>);
       |                    ^
     69|             expect(screen.getByRole('button')).toBeInTheDocument();
     70|         });

⎯⎯⎯⎯⎯⎯⎯⎯⎯⎯⎯⎯⎯⎯⎯⎯⎯⎯⎯[490/1250]⎯

 FAIL  .claude/worktrees/jovial-germain-89e4df/client/src/components/ui/__tests__/button.test.tsx > Button > Sizes > should render large size
ReferenceError: React is not defined
 ❯ .claude/worktrees/jovial-germain-89e4df/client/src/components/ui/__tests__/button.test.tsx:73:20
     71| 
     72|         it('should render large size', () => {
     73|             render(<Button size="lg">Large</Button>);
       |                    ^
     74|             expect(screen.getByRole('button')).toBeInTheDocument();
     75|         });

⎯⎯⎯⎯⎯⎯⎯⎯⎯⎯⎯⎯⎯⎯⎯⎯⎯⎯⎯[491/1250]⎯

 FAIL  .claude/worktrees/jovial-germain-89e4df/client/src/components/ui/__tests__/button.test.tsx > Button > Sizes > should render icon size
ReferenceError: React is not defined
 ❯ .claude/worktrees/jovial-germain-89e4df/client/src/components/ui/__tests__/button.test.tsx:78:20
     76| 
     77|         it('should render icon size', () => {
     78|             render(<Button size="icon">🔍</Button>);
       |                    ^
     79|             expect(screen.getByRole('button')).toBeInTheDocument();
     80|         });

⎯⎯⎯⎯⎯⎯⎯⎯⎯⎯⎯⎯⎯⎯⎯⎯⎯⎯⎯[492/1250]⎯

 FAIL  .claude/worktrees/jovial-germain-89e4df/client/src/components/ui/__tests__/button.test.tsx > Button > Interactions > should call onClick when clicked
ReferenceError: React is not defined
 ❯ .claude/worktrees/jovial-germain-89e4df/client/src/components/ui/__tests__/button.test.tsx:88:20
     86|             const handleClick = vi.fn();
     87| 
     88|             render(<Button onClick={handleClick}>Click me</Button>);
       |                    ^
     89|             await user.click(screen.getByRole('button'));
     90| 

⎯⎯⎯⎯⎯⎯⎯⎯⎯⎯⎯⎯⎯⎯⎯⎯⎯⎯⎯[493/1250]⎯

 FAIL  .claude/worktrees/jovial-germain-89e4df/client/src/components/ui/__tests__/button.test.tsx > Button > Interactions > should not call onClick when disabled
ReferenceError: React is not defined
 ❯ .claude/worktrees/jovial-germain-89e4df/client/src/components/ui/__tests__/button.test.tsx:98:20
     96|             const handleClick = vi.fn();
     97| 
     98|             render(<Button onClick={handleClick} disabled>Disabled</Bu…
       |                    ^
     99|             await user.click(screen.getByRole('button'));
    100| 

⎯⎯⎯⎯⎯⎯⎯⎯⎯⎯⎯⎯⎯⎯⎯⎯⎯⎯⎯[494/1250]⎯

 FAIL  .claude/worktrees/jovial-germain-89e4df/client/src/components/ui/__tests__/button.test.tsx > Button > Disabled State > should be disabled when disabled prop is true
ReferenceError: React is not defined
 ❯ .claude/worktrees/jovial-germain-89e4df/client/src/components/ui/__tests__/button.test.tsx:107:20
    105|     describe('Disabled State', () => {
    106|         it('should be disabled when disabled prop is true', () => {
    107|             render(<Button disabled>Disabled</Button>);
       |                    ^
    108|             expect(screen.getByRole('button')).toBeDisabled();
    109|         });

⎯⎯⎯⎯⎯⎯⎯⎯⎯⎯⎯⎯⎯⎯⎯⎯⎯⎯⎯[495/1250]⎯

 FAIL  .claude/worktrees/jovial-germain-89e4df/client/src/components/ui/__tests__/button.test.tsx > Button > Disabled State > should not be disabled by default
ReferenceError: React is not defined
 ❯ .claude/worktrees/jovial-germain-89e4df/client/src/components/ui/__tests__/button.test.tsx:112:20
    110| 
    111|         it('should not be disabled by default', () => {
    112|             render(<Button>Enabled</Button>);
       |                    ^
    113|             expect(screen.getByRole('button')).not.toBeDisabled();
    114|         });

⎯⎯⎯⎯⎯⎯⎯⎯⎯⎯⎯⎯⎯⎯⎯⎯⎯⎯⎯[496/1250]⎯

 FAIL  .claude/worktrees/jovial-germain-89e4df/client/src/components/ui/__tests__/button.test.tsx > Button > As Child (Polymorphism) > should render as child element when asChild is true
ReferenceError: React is not defined
 ❯ .claude/worktrees/jovial-germain-89e4df/client/src/components/ui/__tests__/button.test.tsx:120:17
    118|         it('should render as child element when asChild is true', () =…
    119|             render(
    120|                 <Button asChild>
       |                 ^
    121|                     <a href="/test">Link Button</a>
    122|                 </Button>

⎯⎯⎯⎯⎯⎯⎯⎯⎯⎯⎯⎯⎯⎯⎯⎯⎯⎯⎯[497/1250]⎯

 FAIL  .claude/worktrees/jovial-germain-89e4df/client/src/components/ui/__tests__/button.test.tsx > Button > Accessibility > should have accessible role
ReferenceError: React is not defined
 ❯ .claude/worktrees/jovial-germain-89e4df/client/src/components/ui/__tests__/button.test.tsx:130:20
    128|     describe('Accessibility', () => {
    129|         it('should have accessible role', () => {
    130|             render(<Button>Accessible</Button>);
       |                    ^
    131|             expect(screen.getByRole('button')).toBeInTheDocument();
    132|         });

⎯⎯⎯⎯⎯⎯⎯⎯⎯⎯⎯⎯⎯⎯⎯⎯⎯⎯⎯[498/1250]⎯

 FAIL  .claude/worktrees/jovial-germain-89e4df/client/src/components/ui/__tests__/button.test.tsx > Button > Accessibility > should support aria-label
ReferenceError: React is not defined
 ❯ .claude/worktrees/jovial-germain-89e4df/client/src/components/ui/__tests__/button.test.tsx:135:20
    133| 
    134|         it('should support aria-label', () => {
    135|             render(<Button aria-label="Close dialog">X</Button>);
       |                    ^
    136|             expect(screen.getByLabelText('Close dialog')).toBeInTheDoc…
    137|         });

⎯⎯⎯⎯⎯⎯⎯⎯⎯⎯⎯⎯⎯⎯⎯⎯⎯⎯⎯[499/1250]⎯

 FAIL  .claude/worktrees/jovial-germain-89e4df/client/src/components/ui/__tests__/button.test.tsx > Button > Accessibility > should support type attribute
ReferenceError: React is not defined
 ❯ .claude/worktrees/jovial-germain-89e4df/client/src/components/ui/__tests__/button.test.tsx:140:20
    138| 
    139|         it('should support type attribute', () => {
    140|             render(<Button type="submit">Submit</Button>);
       |                    ^
    141|             expect(screen.getByRole('button')).toHaveAttribute('type',…
    142|         });

⎯⎯⎯⎯⎯⎯⎯⎯⎯⎯⎯⎯⎯⎯⎯⎯⎯⎯⎯[500/1250]⎯

 FAIL  .claude/worktrees/jovial-germain-89e4df/client/src/components/ui/__tests__/card.test.tsx > Card > Card Container > should render with children
ReferenceError: React is not defined
 ❯ .claude/worktrees/jovial-germain-89e4df/client/src/components/ui/__tests__/card.test.tsx:13:20
     11|     describe('Card Container', () => {
     12|         it('should render with children', () => {
     13|             render(<Card>Card content</Card>);
       |                    ^
     14|             expect(screen.getByText('Card content')).toBeInTheDocument…
     15|         });

⎯⎯⎯⎯⎯⎯⎯⎯⎯⎯⎯⎯⎯⎯⎯⎯⎯⎯⎯[501/1250]⎯

 FAIL  .claude/worktrees/jovial-germain-89e4df/client/src/components/ui/__tests__/card.test.tsx > Card > Card Container > should apply custom className
ReferenceError: React is not defined
 ❯ .claude/worktrees/jovial-germain-89e4df/client/src/components/ui/__tests__/card.test.tsx:18:20
     16| 
     17|         it('should apply custom className', () => {
     18|             render(<Card className="custom-card" data-testid="card">Co…
       |                    ^
     19|             expect(screen.getByTestId('card')).toHaveClass('custom-car…
     20|         });

⎯⎯⎯⎯⎯⎯⎯⎯⎯⎯⎯⎯⎯⎯⎯⎯⎯⎯⎯[502/1250]⎯

 FAIL  .claude/worktrees/jovial-germain-89e4df/client/src/components/ui/__tests__/card.test.tsx > Card > Card Container > should render as div by default
ReferenceError: React is not defined
 ❯ .claude/worktrees/jovial-germain-89e4df/client/src/components/ui/__tests__/card.test.tsx:23:20
     21| 
     22|         it('should render as div by default', () => {
     23|             render(<Card data-testid="card">Content</Card>);
       |                    ^
     24|             expect(screen.getByTestId('card').tagName).toBe('DIV');
     25|         });

⎯⎯⎯⎯⎯⎯⎯⎯⎯⎯⎯⎯⎯⎯⎯⎯⎯⎯⎯[503/1250]⎯

 FAIL  .claude/worktrees/jovial-germain-89e4df/client/src/components/ui/__tests__/card.test.tsx > Card > CardHeader > should render header content
ReferenceError: React is not defined
 ❯ .claude/worktrees/jovial-germain-89e4df/client/src/components/ui/__tests__/card.test.tsx:31:17
     29|         it('should render header content', () => {
     30|             render(
     31|                 <Card>
       |                 ^
     32|                     <CardHeader>Header</CardHeader>
     33|                 </Card>

⎯⎯⎯⎯⎯⎯⎯⎯⎯⎯⎯⎯⎯⎯⎯⎯⎯⎯⎯[504/1250]⎯

 FAIL  .claude/worktrees/jovial-germain-89e4df/client/src/components/ui/__tests__/card.test.tsx > Card > CardHeader > should apply custom className
ReferenceError: React is not defined
 ❯ .claude/worktrees/jovial-germain-89e4df/client/src/components/ui/__tests__/card.test.tsx:40:17
     38|         it('should apply custom className', () => {
     39|             render(
     40|                 <Card>
       |                 ^
     41|                     <CardHeader className="custom-header" data-testid=…
     42|                         Header

⎯⎯⎯⎯⎯⎯⎯⎯⎯⎯⎯⎯⎯⎯⎯⎯⎯⎯⎯[505/1250]⎯

 FAIL  .claude/worktrees/jovial-germain-89e4df/client/src/components/ui/__tests__/card.test.tsx > Card > CardTitle > should render title
ReferenceError: React is not defined
 ❯ .claude/worktrees/jovial-germain-89e4df/client/src/components/ui/__tests__/card.test.tsx:53:17
     51|         it('should render title', () => {
     52|             render(
     53|                 <Card>
       |                 ^
     54|                     <CardHeader>
     55|                         <CardTitle>Test Title</CardTitle>

⎯⎯⎯⎯⎯⎯⎯⎯⎯⎯⎯⎯⎯⎯⎯⎯⎯⎯⎯[506/1250]⎯

 FAIL  .claude/worktrees/jovial-germain-89e4df/client/src/components/ui/__tests__/card.test.tsx > Card > CardTitle > should render title text
ReferenceError: React is not defined
 ❯ .claude/worktrees/jovial-germain-89e4df/client/src/components/ui/__tests__/card.test.tsx:64:17
     62|         it('should render title text', () => {
     63|             render(
     64|                 <Card>
       |                 ^
     65|                     <CardHeader>
     66|                         <CardTitle>Title</CardTitle>

⎯⎯⎯⎯⎯⎯⎯⎯⎯⎯⎯⎯⎯⎯⎯⎯⎯⎯⎯[507/1250]⎯

 FAIL  .claude/worktrees/jovial-germain-89e4df/client/src/components/ui/__tests__/card.test.tsx > Card > CardTitle > should apply custom className
ReferenceError: React is not defined
 ❯ .claude/worktrees/jovial-germain-89e4df/client/src/components/ui/__tests__/card.test.tsx:75:17
     73|         it('should apply custom className', () => {
     74|             render(
     75|                 <Card>
       |                 ^
     76|                     <CardHeader>
     77|                         <CardTitle className="custom-title" data-testi…

⎯⎯⎯⎯⎯⎯⎯⎯⎯⎯⎯⎯⎯⎯⎯⎯⎯⎯⎯[508/1250]⎯

 FAIL  .claude/worktrees/jovial-germain-89e4df/client/src/components/ui/__tests__/card.test.tsx > Card > CardDescription > should render description
ReferenceError: React is not defined
 ❯ .claude/worktrees/jovial-germain-89e4df/client/src/components/ui/__tests__/card.test.tsx:88:17
     86|         it('should render description', () => {
     87|             render(
     88|                 <Card>
       |                 ^
     89|                     <CardHeader>
     90|                         <CardDescription>Test Description</CardDescrip…

⎯⎯⎯⎯⎯⎯⎯⎯⎯⎯⎯⎯⎯⎯⎯⎯⎯⎯⎯[509/1250]⎯

 FAIL  .claude/worktrees/jovial-germain-89e4df/client/src/components/ui/__tests__/card.test.tsx > Card > CardDescription > should apply custom className
ReferenceError: React is not defined
 ❯ .claude/worktrees/jovial-germain-89e4df/client/src/components/ui/__tests__/card.test.tsx:99:17
     97|         it('should apply custom className', () => {
     98|             render(
     99|                 <Card>
       |                 ^
    100|                     <CardHeader>
    101|                         <CardDescription className="custom-desc" data-…

⎯⎯⎯⎯⎯⎯⎯⎯⎯⎯⎯⎯⎯⎯⎯⎯⎯⎯⎯[510/1250]⎯

 FAIL  .claude/worktrees/jovial-germain-89e4df/client/src/components/ui/__tests__/card.test.tsx > Card > CardContent > should render content
ReferenceError: React is not defined
 ❯ .claude/worktrees/jovial-germain-89e4df/client/src/components/ui/__tests__/card.test.tsx:114:17
    112|         it('should render content', () => {
    113|             render(
    114|                 <Card>
       |                 ^
    115|                     <CardContent>Main content here</CardContent>
    116|                 </Card>

⎯⎯⎯⎯⎯⎯⎯⎯⎯⎯⎯⎯⎯⎯⎯⎯⎯⎯⎯[511/1250]⎯

 FAIL  .claude/worktrees/jovial-germain-89e4df/client/src/components/ui/__tests__/card.test.tsx > Card > CardContent > should apply custom className
ReferenceError: React is not defined
 ❯ .claude/worktrees/jovial-germain-89e4df/client/src/components/ui/__tests__/card.test.tsx:123:17
    121|         it('should apply custom className', () => {
    122|             render(
    123|                 <Card>
       |                 ^
    124|                     <CardContent className="custom-content" data-testi…
    125|                         Content

⎯⎯⎯⎯⎯⎯⎯⎯⎯⎯⎯⎯⎯⎯⎯⎯⎯⎯⎯[512/1250]⎯

 FAIL  .claude/worktrees/jovial-germain-89e4df/client/src/components/ui/__tests__/card.test.tsx > Card > CardFooter > should render footer
ReferenceError: React is not defined
 ❯ .claude/worktrees/jovial-germain-89e4df/client/src/components/ui/__tests__/card.test.tsx:136:17
    134|         it('should render footer', () => {
    135|             render(
    136|                 <Card>
       |                 ^
    137|                     <CardFooter>Footer content</CardFooter>
    138|                 </Card>

⎯⎯⎯⎯⎯⎯⎯⎯⎯⎯⎯⎯⎯⎯⎯⎯⎯⎯⎯[513/1250]⎯

 FAIL  .claude/worktrees/jovial-germain-89e4df/client/src/components/ui/__tests__/card.test.tsx > Card > CardFooter > should apply custom className
ReferenceError: React is not defined
 ❯ .claude/worktrees/jovial-germain-89e4df/client/src/components/ui/__tests__/card.test.tsx:145:17
    143|         it('should apply custom className', () => {
    144|             render(
    145|                 <Card>
       |                 ^
    146|                     <CardFooter className="custom-footer" data-testid=…
    147|                         Footer

⎯⎯⎯⎯⎯⎯⎯⎯⎯⎯⎯⎯⎯⎯⎯⎯⎯⎯⎯[514/1250]⎯

 FAIL  .claude/worktrees/jovial-germain-89e4df/client/src/components/ui/__tests__/card.test.tsx > Card > Complete Card > should render complete card with all parts
ReferenceError: React is not defined
 ❯ .claude/worktrees/jovial-germain-89e4df/client/src/components/ui/__tests__/card.test.tsx:158:17
    156|         it('should render complete card with all parts', () => {
    157|             render(
    158|                 <Card data-testid="complete-card">
       |                 ^
    159|                     <CardHeader>
    160|                         <CardTitle>Product Name</CardTitle>

⎯⎯⎯⎯⎯⎯⎯⎯⎯⎯⎯⎯⎯⎯⎯⎯⎯⎯⎯[515/1250]⎯

 FAIL  .claude/worktrees/jovial-germain-89e4df/client/src/components/ui/__tests__/card.test.tsx > Card > Complete Card > should maintain proper DOM structure
ReferenceError: React is not defined
 ❯ .claude/worktrees/jovial-germain-89e4df/client/src/components/ui/__tests__/card.test.tsx:180:17
    178|         it('should maintain proper DOM structure', () => {
    179|             render(
    180|                 <Card data-testid="card">
       |                 ^
    181|                     <CardHeader data-testid="header">
    182|                         <CardTitle>Title</CardTitle>

⎯⎯⎯⎯⎯⎯⎯⎯⎯⎯⎯⎯⎯⎯⎯⎯⎯⎯⎯[516/1250]⎯

 FAIL  .claude/worktrees/jovial-germain-89e4df/client/src/components/ui/__tests__/card.test.tsx > Card > Accessibility > should support aria attributes on card
ReferenceError: React is not defined
 ❯ .claude/worktrees/jovial-germain-89e4df/client/src/components/ui/__tests__/card.test.tsx:200:17
    198|         it('should support aria attributes on card', () => {
    199|             render(
    200|                 <Card role="article" aria-label="Product card">
       |                 ^
    201|                     <CardContent>Product info</CardContent>
    202|                 </Card>

⎯⎯⎯⎯⎯⎯⎯⎯⎯⎯⎯⎯⎯⎯⎯⎯⎯⎯⎯[517/1250]⎯

 FAIL  .claude/worktrees/jovial-germain-89e4df/client/src/components/ui/__tests__/card.test.tsx > Card > Accessibility > should render title with proper styling
ReferenceError: React is not defined
 ❯ .claude/worktrees/jovial-germain-89e4df/client/src/components/ui/__tests__/card.test.tsx:209:17
    207|         it('should render title with proper styling', () => {
    208|             render(
    209|                 <Card>
       |                 ^
    210|                     <CardHeader>
    211|                         <CardTitle data-testid="title">Accessible Titl…

⎯⎯⎯⎯⎯⎯⎯⎯⎯⎯⎯⎯⎯⎯⎯⎯⎯⎯⎯[518/1250]⎯

 FAIL  .claude/worktrees/jovial-germain-89e4df/client/src/components/ui/__tests__/dialog.test.tsx > Dialog > Basic Rendering > should not render content when closed
ReferenceError: React is not defined
 ❯ .claude/worktrees/jovial-germain-89e4df/client/src/components/ui/__tests__/dialog.test.tsx:25:17
     23|         it('should not render content when closed', () => {
     24|             render(
     25|                 <Dialog>
       |                 ^
     26|                     <DialogTrigger>Open</DialogTrigger>
     27|                     <DialogContent>

⎯⎯⎯⎯⎯⎯⎯⎯⎯⎯⎯⎯⎯⎯⎯⎯⎯⎯⎯[519/1250]⎯

 FAIL  .claude/worktrees/jovial-germain-89e4df/client/src/components/ui/__tests__/dialog.test.tsx > Dialog > Basic Rendering > should render trigger button
ReferenceError: React is not defined
 ❯ .claude/worktrees/jovial-germain-89e4df/client/src/components/ui/__tests__/dialog.test.tsx:40:17
     38|         it('should render trigger button', () => {
     39|             render(
     40|                 <Dialog>
       |                 ^
     41|                     <DialogTrigger>Open Dialog</DialogTrigger>
     42|                     <DialogContent>

⎯⎯⎯⎯⎯⎯⎯⎯⎯⎯⎯⎯⎯⎯⎯⎯⎯⎯⎯[520/1250]⎯

 FAIL  .claude/worktrees/jovial-germain-89e4df/client/src/components/ui/__tests__/dialog.test.tsx > Dialog > Opening and Closing > should open dialog when trigger clicked
ReferenceError: React is not defined
 ❯ .claude/worktrees/jovial-germain-89e4df/client/src/components/ui/__tests__/dialog.test.tsx:57:17
     55| 
     56|             render(
     57|                 <Dialog>
       |                 ^
     58|                     <DialogTrigger>Open Dialog</DialogTrigger>
     59|                     <DialogContent>

⎯⎯⎯⎯⎯⎯⎯⎯⎯⎯⎯⎯⎯⎯⎯⎯⎯⎯⎯[521/1250]⎯

 FAIL  .claude/worktrees/jovial-germain-89e4df/client/src/components/ui/__tests__/dialog.test.tsx > Dialog > Opening and Closing > should close dialog when close button clicked
ReferenceError: React is not defined
 ❯ .claude/worktrees/jovial-germain-89e4df/client/src/components/ui/__tests__/dialog.test.tsx:78:17
     76| 
     77|             render(
     78|                 <Dialog>
       |                 ^
     79|                     <DialogTrigger>Open</DialogTrigger>
     80|                     <DialogContent>

⎯⎯⎯⎯⎯⎯⎯⎯⎯⎯⎯⎯⎯⎯⎯⎯⎯⎯⎯[522/1250]⎯

 FAIL  .claude/worktrees/jovial-germain-89e4df/client/src/components/ui/__tests__/dialog.test.tsx > Dialog > Controlled Dialog > should work with external state control
ReferenceError: React is not defined
 ❯ .claude/worktrees/jovial-germain-89e4df/client/src/components/ui/__tests__/dialog.test.tsx:106:17
    104| 
    105|             render(
    106|                 <Dialog open={false} onOpenChange={onOpenChange}>
       |                 ^
    107|                     <DialogTrigger>Open</DialogTrigger>
    108|                     <DialogContent>

⎯⎯⎯⎯⎯⎯⎯⎯⎯⎯⎯⎯⎯⎯⎯⎯⎯⎯⎯[523/1250]⎯

 FAIL  .claude/worktrees/jovial-germain-89e4df/client/src/components/ui/__tests__/dialog.test.tsx > Dialog > Dialog Parts > should render header correctly
ReferenceError: React is not defined
 ❯ .claude/worktrees/jovial-germain-89e4df/client/src/components/ui/__tests__/dialog.test.tsx:125:17
    123| 
    124|             render(
    125|                 <Dialog>
       |                 ^
    126|                     <DialogTrigger>Open</DialogTrigger>
    127|                     <DialogContent>

⎯⎯⎯⎯⎯⎯⎯⎯⎯⎯⎯⎯⎯⎯⎯⎯⎯⎯⎯[524/1250]⎯

 FAIL  .claude/worktrees/jovial-germain-89e4df/client/src/components/ui/__tests__/dialog.test.tsx > Dialog > Dialog Parts > should render footer correctly
ReferenceError: React is not defined
 ❯ .claude/worktrees/jovial-germain-89e4df/client/src/components/ui/__tests__/dialog.test.tsx:148:17
    146| 
    147|             render(
    148|                 <Dialog>
       |                 ^
    149|                     <DialogTrigger>Open</DialogTrigger>
    150|                     <DialogContent>

⎯⎯⎯⎯⎯⎯⎯⎯⎯⎯⎯⎯⎯⎯⎯⎯⎯⎯⎯[525/1250]⎯

 FAIL  .claude/worktrees/jovial-germain-89e4df/client/src/components/ui/__tests__/dialog.test.tsx > Dialog > Accessibility > should have dialog role when open
ReferenceError: React is not defined
 ❯ .claude/worktrees/jovial-germain-89e4df/client/src/components/ui/__tests__/dialog.test.tsx:174:17
    172| 
    173|             render(
    174|                 <Dialog>
       |                 ^
    175|                     <DialogTrigger>Open</DialogTrigger>
    176|                     <DialogContent>

⎯⎯⎯⎯⎯⎯⎯⎯⎯⎯⎯⎯⎯⎯⎯⎯⎯⎯⎯[526/1250]⎯

 FAIL  .claude/worktrees/jovial-germain-89e4df/client/src/components/ui/__tests__/dialog.test.tsx > Dialog > Accessibility > should have proper title for screen readers
ReferenceError: React is not defined
 ❯ .claude/worktrees/jovial-germain-89e4df/client/src/components/ui/__tests__/dialog.test.tsx:193:17
    191| 
    192|             render(
    193|                 <Dialog>
       |                 ^
    194|                     <DialogTrigger>Open</DialogTrigger>
    195|                     <DialogContent>

⎯⎯⎯⎯⎯⎯⎯⎯⎯⎯⎯⎯⎯⎯⎯⎯⎯⎯⎯[527/1250]⎯

 FAIL  .claude/worktrees/jovial-germain-89e4df/client/src/components/ui/__tests__/dialog.test.tsx > Dialog > Use Cases > should work as confirmation dialog
ReferenceError: React is not defined
 ❯ .claude/worktrees/jovial-germain-89e4df/client/src/components/ui/__tests__/dialog.test.tsx:215:17
    213| 
    214|             render(
    215|                 <Dialog>
       |                 ^
    216|                     <DialogTrigger>Delete Item</DialogTrigger>
    217|                     <DialogContent>

⎯⎯⎯⎯⎯⎯⎯⎯⎯⎯⎯⎯⎯⎯⎯⎯⎯⎯⎯[528/1250]⎯

 FAIL  .claude/worktrees/jovial-germain-89e4df/client/src/components/ui/__tests__/error-boundary.test.tsx > ErrorBoundary > Error Handling > should catch errors and show fallback UI
 FAIL  .claude/worktrees/jovial-germain-89e4df/client/src/components/ui/__tests__/error-boundary.test.tsx > ErrorBoundary > Error Handling > should show retry button
 FAIL  .claude/worktrees/jovial-germain-89e4df/client/src/components/ui/__tests__/error-boundary.test.tsx > ErrorBoundary > Error Handling > should call onError callback when error occurs
 FAIL  .claude/worktrees/jovial-germain-89e4df/client/src/components/ui/__tests__/error-boundary.test.tsx > ErrorBoundary > Retry Functionality > should have clickable retry button
 FAIL  .claude/worktrees/jovial-germain-89e4df/client/src/components/ui/__tests__/error-boundary.test.tsx > ErrorBoundary > Error Message Display > should show descriptive error message
 FAIL  .claude/worktrees/jovial-germain-89e4df/client/src/components/ui/__tests__/error-boundary.test.tsx > ErrorBoundary > Accessibility > should have accessible retry button
 FAIL  .claude/worktrees/jovial-germain-89e4df/client/src/components/ui/__tests__/error-boundary.test.tsx > ErrorBoundary > Accessibility > should have descriptive error text
ReferenceError: React is not defined
 ❯ ErrorBoundary.render .claude/worktrees/jovial-germain-89e4df/client/src/components/ui/error-boundary.tsx:69:13
     67| 
     68|             // Default fallback UI
     69|             return (
       |             ^
     70|                 <div className="min-h-[300px] flex items-center justif…
     71|                     <div className="text-center space-y-4 p-8 max-w-md…
 ❯ Object.react_stack_bottom_frame node_modules/.pnpm/react-dom@19.2.6_react@19.2.6/node_modules/react-dom/cjs/react-dom-client.development.js:25917:29
 ❯ updateClassComponent node_modules/.pnpm/react-dom@19.2.6_react@19.2.6/node_modules/react-dom/cjs/react-dom-client.development.js:10719:25
 ❯ beginWork node_modules/.pnpm/react-dom@19.2.6_react@19.2.6/node_modules/react-dom/cjs/react-dom-client.development.js:11792:13
 ❯ runWithFiberInDEV node_modules/.pnpm/react-dom@19.2.6_react@19.2.6/node_modules/react-dom/cjs/react-dom-client.development.js:874:13
 ❯ performUnitOfWork node_modules/.pnpm/react-dom@19.2.6_react@19.2.6/node_modules/react-dom/cjs/react-dom-client.development.js:17641:22
 ❯ workLoopSync node_modules/.pnpm/react-dom@19.2.6_react@19.2.6/node_modules/react-dom/cjs/react-dom-client.development.js:17469:41
 ❯ renderRootSync node_modules/.pnpm/react-dom@19.2.6_react@19.2.6/node_modules/react-dom/cjs/react-dom-client.development.js:17450:11
 ❯ performWorkOnRoot node_modules/.pnpm/react-dom@19.2.6_react@19.2.6/node_modules/react-dom/cjs/react-dom-client.development.js:16583:35
 ❯ performWorkOnRootViaSchedulerTask node_modules/.pnpm/react-dom@19.2.6_react@19.2.6/node_modules/react-dom/cjs/react-dom-client.development.js:18957:7

⎯⎯⎯⎯⎯⎯⎯⎯⎯⎯⎯⎯⎯⎯⎯⎯⎯⎯⎯[529/1250]⎯

 FAIL  .claude/worktrees/jovial-germain-89e4df/client/src/components/ui/__tests__/input.test.tsx > Input > Rendering > should render input element
ReferenceError: React is not defined
 ❯ .claude/worktrees/jovial-germain-89e4df/client/src/components/ui/__tests__/input.test.tsx:14:20
     12|     describe('Rendering', () => {
     13|         it('should render input element', () => {
     14|             render(<Input />);
       |                    ^
     15|             expect(screen.getByRole('textbox')).toBeInTheDocument();
     16|         });

⎯⎯⎯⎯⎯⎯⎯⎯⎯⎯⎯⎯⎯⎯⎯⎯⎯⎯⎯[530/1250]⎯

 FAIL  .claude/worktrees/jovial-germain-89e4df/client/src/components/ui/__tests__/input.test.tsx > Input > Rendering > should apply custom className
ReferenceError: React is not defined
 ❯ .claude/worktrees/jovial-germain-89e4df/client/src/components/ui/__tests__/input.test.tsx:19:20
     17| 
     18|         it('should apply custom className', () => {
     19|             render(<Input className="custom-input" />);
       |                    ^
     20|             expect(screen.getByRole('textbox')).toHaveClass('custom-in…
     21|         });

⎯⎯⎯⎯⎯⎯⎯⎯⎯⎯⎯⎯⎯⎯⎯⎯⎯⎯⎯[531/1250]⎯

 FAIL  .claude/worktrees/jovial-germain-89e4df/client/src/components/ui/__tests__/input.test.tsx > Input > Rendering > should render with placeholder
ReferenceError: React is not defined
 ❯ .claude/worktrees/jovial-germain-89e4df/client/src/components/ui/__tests__/input.test.tsx:24:20
     22| 
     23|         it('should render with placeholder', () => {
     24|             render(<Input placeholder="Enter text..." />);
       |                    ^
     25|             expect(screen.getByPlaceholderText('Enter text...')).toBeI…
     26|         });

⎯⎯⎯⎯⎯⎯⎯⎯⎯⎯⎯⎯⎯⎯⎯⎯⎯⎯⎯[532/1250]⎯

 FAIL  .claude/worktrees/jovial-germain-89e4df/client/src/components/ui/__tests__/input.test.tsx > Input > Input Types > should render as textbox by default
ReferenceError: React is not defined
 ❯ .claude/worktrees/jovial-germain-89e4df/client/src/components/ui/__tests__/input.test.tsx:31:20
     29|     describe('Input Types', () => {
     30|         it('should render as textbox by default', () => {
     31|             render(<Input />);
       |                    ^
     32|             // HTML5: type defaults to "text" when not specified, but …
     33|             expect(screen.getByRole('textbox')).toBeInTheDocument();

⎯⎯⎯⎯⎯⎯⎯⎯⎯⎯⎯⎯⎯⎯⎯⎯⎯⎯⎯[533/1250]⎯

 FAIL  .claude/worktrees/jovial-germain-89e4df/client/src/components/ui/__tests__/input.test.tsx > Input > Input Types > should render email input
ReferenceError: React is not defined
 ❯ .claude/worktrees/jovial-germain-89e4df/client/src/components/ui/__tests__/input.test.tsx:37:20
     35| 
     36|         it('should render email input', () => {
     37|             render(<Input type="email" />);
       |                    ^
     38|             expect(screen.getByRole('textbox')).toHaveAttribute('type'…
     39|         });

⎯⎯⎯⎯⎯⎯⎯⎯⎯⎯⎯⎯⎯⎯⎯⎯⎯⎯⎯[534/1250]⎯

 FAIL  .claude/worktrees/jovial-germain-89e4df/client/src/components/ui/__tests__/input.test.tsx > Input > Input Types > should render password input
ReferenceError: React is not defined
 ❯ .claude/worktrees/jovial-germain-89e4df/client/src/components/ui/__tests__/input.test.tsx:42:20
     40| 
     41|         it('should render password input', () => {
     42|             render(<Input type="password" />);
       |                    ^
     43|             // Password inputs don't have textbox role
     44|             expect(document.querySelector('input[type="password"]')).t…

⎯⎯⎯⎯⎯⎯⎯⎯⎯⎯⎯⎯⎯⎯⎯⎯⎯⎯⎯[535/1250]⎯

 FAIL  .claude/worktrees/jovial-germain-89e4df/client/src/components/ui/__tests__/input.test.tsx > Input > Input Types > should render number input
ReferenceError: React is not defined
 ❯ .claude/worktrees/jovial-germain-89e4df/client/src/components/ui/__tests__/input.test.tsx:48:20
     46| 
     47|         it('should render number input', () => {
     48|             render(<Input type="number" />);
       |                    ^
     49|             expect(screen.getByRole('spinbutton')).toBeInTheDocument();
     50|         });

⎯⎯⎯⎯⎯⎯⎯⎯⎯⎯⎯⎯⎯⎯⎯⎯⎯⎯⎯[536/1250]⎯

 FAIL  .claude/worktrees/jovial-germain-89e4df/client/src/components/ui/__tests__/input.test.tsx > Input > Input Types > should render search input
ReferenceError: React is not defined
 ❯ .claude/worktrees/jovial-germain-89e4df/client/src/components/ui/__tests__/input.test.tsx:53:20
     51| 
     52|         it('should render search input', () => {
     53|             render(<Input type="search" />);
       |                    ^
     54|             expect(screen.getByRole('searchbox')).toBeInTheDocument();
     55|         });

⎯⎯⎯⎯⎯⎯⎯⎯⎯⎯⎯⎯⎯⎯⎯⎯⎯⎯⎯[537/1250]⎯

 FAIL  .claude/worktrees/jovial-germain-89e4df/client/src/components/ui/__tests__/input.test.tsx > Input > Input Types > should render tel input
ReferenceError: React is not defined
 ❯ .claude/worktrees/jovial-germain-89e4df/client/src/components/ui/__tests__/input.test.tsx:58:20
     56| 
     57|         it('should render tel input', () => {
     58|             render(<Input type="tel" />);
       |                    ^
     59|             expect(screen.getByRole('textbox')).toHaveAttribute('type'…
     60|         });

⎯⎯⎯⎯⎯⎯⎯⎯⎯⎯⎯⎯⎯⎯⎯⎯⎯⎯⎯[538/1250]⎯

 FAIL  .claude/worktrees/jovial-germain-89e4df/client/src/components/ui/__tests__/input.test.tsx > Input > Value and Change > should display initial value
ReferenceError: React is not defined
 ❯ .claude/worktrees/jovial-germain-89e4df/client/src/components/ui/__tests__/input.test.tsx:65:20
     63|     describe('Value and Change', () => {
     64|         it('should display initial value', () => {
     65|             render(<Input defaultValue="Initial value" />);
       |                    ^
     66|             expect(screen.getByRole('textbox')).toHaveValue('Initial v…
     67|         });

⎯⎯⎯⎯⎯⎯⎯⎯⎯⎯⎯⎯⎯⎯⎯⎯⎯⎯⎯[539/1250]⎯

 FAIL  .claude/worktrees/jovial-germain-89e4df/client/src/components/ui/__tests__/input.test.tsx > Input > Value and Change > should call onChange when value changes
ReferenceError: React is not defined
 ❯ .claude/worktrees/jovial-germain-89e4df/client/src/components/ui/__tests__/input.test.tsx:73:20
     71|             const handleChange = vi.fn();
     72| 
     73|             render(<Input onChange={handleChange} />);
       |                    ^
     74|             await user.type(screen.getByRole('textbox'), 'test');
     75| 

⎯⎯⎯⎯⎯⎯⎯⎯⎯⎯⎯⎯⎯⎯⎯⎯⎯⎯⎯[540/1250]⎯

 FAIL  .claude/worktrees/jovial-germain-89e4df/client/src/components/ui/__tests__/input.test.tsx > Input > Value and Change > should update value on user input
ReferenceError: React is not defined
 ❯ .claude/worktrees/jovial-germain-89e4df/client/src/components/ui/__tests__/input.test.tsx:82:20
     80|             const user = userEvent.setup();
     81| 
     82|             render(<Input />);
       |                    ^
     83|             await user.type(screen.getByRole('textbox'), 'hello');
     84| 

⎯⎯⎯⎯⎯⎯⎯⎯⎯⎯⎯⎯⎯⎯⎯⎯⎯⎯⎯[541/1250]⎯

 FAIL  .claude/worktrees/jovial-germain-89e4df/client/src/components/ui/__tests__/input.test.tsx > Input > Disabled State > should be disabled when disabled prop is true
ReferenceError: React is not defined
 ❯ .claude/worktrees/jovial-germain-89e4df/client/src/components/ui/__tests__/input.test.tsx:91:20
     89|     describe('Disabled State', () => {
     90|         it('should be disabled when disabled prop is true', () => {
     91|             render(<Input disabled />);
       |                    ^
     92|             expect(screen.getByRole('textbox')).toBeDisabled();
     93|         });

⎯⎯⎯⎯⎯⎯⎯⎯⎯⎯⎯⎯⎯⎯⎯⎯⎯⎯⎯[542/1250]⎯

 FAIL  .claude/worktrees/jovial-germain-89e4df/client/src/components/ui/__tests__/input.test.tsx > Input > Disabled State > should not allow input when disabled
ReferenceError: React is not defined
 ❯ .claude/worktrees/jovial-germain-89e4df/client/src/components/ui/__tests__/input.test.tsx:98:20
     96|             const user = userEvent.setup();
     97| 
     98|             render(<Input disabled />);
       |                    ^
     99|             await user.type(screen.getByRole('textbox'), 'test');
    100| 

⎯⎯⎯⎯⎯⎯⎯⎯⎯⎯⎯⎯⎯⎯⎯⎯⎯⎯⎯[543/1250]⎯

 FAIL  .claude/worktrees/jovial-germain-89e4df/client/src/components/ui/__tests__/input.test.tsx > Input > Read Only State > should be readonly when readOnly prop is true
ReferenceError: React is not defined
 ❯ .claude/worktrees/jovial-germain-89e4df/client/src/components/ui/__tests__/input.test.tsx:107:20
    105|     describe('Read Only State', () => {
    106|         it('should be readonly when readOnly prop is true', () => {
    107|             render(<Input readOnly defaultValue="readonly" />);
       |                    ^
    108|             expect(screen.getByRole('textbox')).toHaveAttribute('reado…
    109|         });

⎯⎯⎯⎯⎯⎯⎯⎯⎯⎯⎯⎯⎯⎯⎯⎯⎯⎯⎯[544/1250]⎯

 FAIL  .claude/worktrees/jovial-germain-89e4df/client/src/components/ui/__tests__/input.test.tsx > Input > Required State > should be required when required prop is true
ReferenceError: React is not defined
 ❯ .claude/worktrees/jovial-germain-89e4df/client/src/components/ui/__tests__/input.test.tsx:114:20
    112|     describe('Required State', () => {
    113|         it('should be required when required prop is true', () => {
    114|             render(<Input required />);
       |                    ^
    115|             expect(screen.getByRole('textbox')).toBeRequired();
    116|         });

⎯⎯⎯⎯⎯⎯⎯⎯⎯⎯⎯⎯⎯⎯⎯⎯⎯⎯⎯[545/1250]⎯

 FAIL  .claude/worktrees/jovial-germain-89e4df/client/src/components/ui/__tests__/input.test.tsx > Input > Accessibility > should support aria-label
ReferenceError: React is not defined
 ❯ .claude/worktrees/jovial-germain-89e4df/client/src/components/ui/__tests__/input.test.tsx:121:20
    119|     describe('Accessibility', () => {
    120|         it('should support aria-label', () => {
    121|             render(<Input aria-label="Email address" />);
       |                    ^
    122|             expect(screen.getByLabelText('Email address')).toBeInTheDo…
    123|         });

⎯⎯⎯⎯⎯⎯⎯⎯⎯⎯⎯⎯⎯⎯⎯⎯⎯⎯⎯[546/1250]⎯

 FAIL  .claude/worktrees/jovial-germain-89e4df/client/src/components/ui/__tests__/input.test.tsx > Input > Accessibility > should support aria-describedby
ReferenceError: React is not defined
 ❯ .claude/worktrees/jovial-germain-89e4df/client/src/components/ui/__tests__/input.test.tsx:127:17
    125|         it('should support aria-describedby', () => {
    126|             render(
    127|                 <>
       |                 ^
    128|                     <Input aria-describedby="help-text" />
    129|                     <span id="help-text">Enter your email</span>

⎯⎯⎯⎯⎯⎯⎯⎯⎯⎯⎯⎯⎯⎯⎯⎯⎯⎯⎯[547/1250]⎯

 FAIL  .claude/worktrees/jovial-germain-89e4df/client/src/components/ui/__tests__/input.test.tsx > Input > Accessibility > should support id for label association
ReferenceError: React is not defined
 ❯ .claude/worktrees/jovial-germain-89e4df/client/src/components/ui/__tests__/input.test.tsx:137:17
    135|         it('should support id for label association', () => {
    136|             render(
    137|                 <>
       |                 ^
    138|                     <label htmlFor="email-input">Email</label>
    139|                     <Input id="email-input" />

⎯⎯⎯⎯⎯⎯⎯⎯⎯⎯⎯⎯⎯⎯⎯⎯⎯⎯⎯[548/1250]⎯

 FAIL  .claude/worktrees/jovial-germain-89e4df/client/src/components/ui/__tests__/input.test.tsx > Input > Focus Behavior > should focus when focus method called
ReferenceError: React is not defined
 ❯ .claude/worktrees/jovial-germain-89e4df/client/src/components/ui/__tests__/input.test.tsx:148:20
    146|     describe('Focus Behavior', () => {
    147|         it('should focus when focus method called', () => {
    148|             render(<Input data-testid="focus-input" />);
       |                    ^
    149|             const input = screen.getByTestId('focus-input');
    150| 

⎯⎯⎯⎯⎯⎯⎯⎯⎯⎯⎯⎯⎯⎯⎯⎯⎯⎯⎯[549/1250]⎯

 FAIL  .claude/worktrees/jovial-germain-89e4df/client/src/components/ui/__tests__/input.test.tsx > Input > Focus Behavior > should call onFocus when focused
ReferenceError: React is not defined
 ❯ .claude/worktrees/jovial-germain-89e4df/client/src/components/ui/__tests__/input.test.tsx:159:20
    157|             const handleFocus = vi.fn();
    158| 
    159|             render(<Input onFocus={handleFocus} />);
       |                    ^
    160|             await user.click(screen.getByRole('textbox'));
    161| 

⎯⎯⎯⎯⎯⎯⎯⎯⎯⎯⎯⎯⎯⎯⎯⎯⎯⎯⎯[550/1250]⎯

 FAIL  .claude/worktrees/jovial-germain-89e4df/client/src/components/ui/__tests__/input.test.tsx > Input > Focus Behavior > should call onBlur when blurred
ReferenceError: React is not defined
 ❯ .claude/worktrees/jovial-germain-89e4df/client/src/components/ui/__tests__/input.test.tsx:169:20
    167|             const handleBlur = vi.fn();
    168| 
    169|             render(<Input onBlur={handleBlur} />);
       |                    ^
    170|             const input = screen.getByRole('textbox');
    171|             await user.click(input);

⎯⎯⎯⎯⎯⎯⎯⎯⎯⎯⎯⎯⎯⎯⎯⎯⎯⎯⎯[551/1250]⎯

 FAIL  .claude/worktrees/jovial-germain-89e4df/client/src/components/ui/__tests__/input.test.tsx > Input > Attributes > should support maxLength
ReferenceError: React is not defined
 ❯ .claude/worktrees/jovial-germain-89e4df/client/src/components/ui/__tests__/input.test.tsx:180:20
    178|     describe('Attributes', () => {
    179|         it('should support maxLength', () => {
    180|             render(<Input maxLength={10} />);
       |                    ^
    181|             expect(screen.getByRole('textbox')).toHaveAttribute('maxLe…
    182|         });

⎯⎯⎯⎯⎯⎯⎯⎯⎯⎯⎯⎯⎯⎯⎯⎯⎯⎯⎯[552/1250]⎯

 FAIL  .claude/worktrees/jovial-germain-89e4df/client/src/components/ui/__tests__/input.test.tsx > Input > Attributes > should support minLength
ReferenceError: React is not defined
 ❯ .claude/worktrees/jovial-germain-89e4df/client/src/components/ui/__tests__/input.test.tsx:185:20
    183| 
    184|         it('should support minLength', () => {
    185|             render(<Input minLength={3} />);
       |                    ^
    186|             expect(screen.getByRole('textbox')).toHaveAttribute('minLe…
    187|         });

⎯⎯⎯⎯⎯⎯⎯⎯⎯⎯⎯⎯⎯⎯⎯⎯⎯⎯⎯[553/1250]⎯

 FAIL  .claude/worktrees/jovial-germain-89e4df/client/src/components/ui/__tests__/input.test.tsx > Input > Attributes > should support pattern
ReferenceError: React is not defined
 ❯ .claude/worktrees/jovial-germain-89e4df/client/src/components/ui/__tests__/input.test.tsx:190:20
    188| 
    189|         it('should support pattern', () => {
    190|             render(<Input pattern="[0-9]+" />);
       |                    ^
    191|             expect(screen.getByRole('textbox')).toHaveAttribute('patte…
    192|         });

⎯⎯⎯⎯⎯⎯⎯⎯⎯⎯⎯⎯⎯⎯⎯⎯⎯⎯⎯[554/1250]⎯

 FAIL  .claude/worktrees/jovial-germain-89e4df/client/src/components/ui/__tests__/input.test.tsx > Input > Attributes > should support autoComplete
ReferenceError: React is not defined
 ❯ .claude/worktrees/jovial-germain-89e4df/client/src/components/ui/__tests__/input.test.tsx:195:20
    193| 
    194|         it('should support autoComplete', () => {
    195|             render(<Input autoComplete="email" />);
       |                    ^
    196|             expect(screen.getByRole('textbox')).toHaveAttribute('autoC…
    197|         });

⎯⎯⎯⎯⎯⎯⎯⎯⎯⎯⎯⎯⎯⎯⎯⎯⎯⎯⎯[555/1250]⎯

⎯⎯⎯⎯⎯⎯ Unhandled Errors ⎯⎯⎯⎯⎯⎯

Vitest caught 16 unhandled errors during the test run.
This might cause false positive tests. Resolve unhandled errors to make sure your tests are not affected.

⎯⎯⎯⎯ Unhandled Rejection ⎯⎯⎯⎯⎯
NetworkError: Failed to execute "fetch()" on "Window" with URL "http://localhost:3000/login": The operation was aborted.
 ❯ Fetch.onError node_modules/.pnpm/happy-dom@20.0.11/node_modules/happy-dom/lib/fetch/Fetch.js:540:21
 ❯ ClientRequest.emit node:events:530:35
 ❯ emitErrorEvent node:_http_client:104:11
 ❯ Socket.socketErrorListener node:_http_client:518:5
 ❯ Socket.emit node:events:518:28
 ❯ emitErrorNT node:internal/streams/destroy:170:8
 ❯ emitErrorCloseNT node:internal/streams/destroy:129:3
 ❯ processTicksAndRejections node:internal/process/task_queues:90:21

This error originated in ".claude/worktrees/jovial-germain-89e4df/client/src/contexts/__tests__/wishlist-context.test.tsx" test file. It doesn't mean the error was thrown inside the file itself, but while it was running.

⎯⎯⎯⎯ Unhandled Rejection ⎯⎯⎯⎯⎯
NetworkError: Failed to execute "fetch()" on "Window" with URL "http://localhost:3000/login": The operation was aborted.
 ❯ Fetch.onError node_modules/.pnpm/happy-dom@20.0.11/node_modules/happy-dom/lib/fetch/Fetch.js:540:21
 ❯ ClientRequest.emit node:events:530:35
 ❯ emitErrorEvent node:_http_client:104:11
 ❯ Socket.socketErrorListener node:_http_client:518:5
 ❯ Socket.emit node:events:518:28
 ❯ emitErrorNT node:internal/streams/destroy:170:8
 ❯ emitErrorCloseNT node:internal/streams/destroy:129:3
 ❯ processTicksAndRejections node:internal/process/task_queues:90:21

This error originated in ".claude/worktrees/jovial-germain-89e4df/client/src/contexts/__tests__/wishlist-context.test.tsx" test file. It doesn't mean the error was thrown inside the file itself, but while it was running.

⎯⎯⎯⎯ Unhandled Rejection ⎯⎯⎯⎯⎯
NetworkError: Failed to execute "fetch()" on "Window" with URL "http://localhost:3000/login": The operation was aborted.
 ❯ Fetch.onError node_modules/.pnpm/happy-dom@20.0.11/node_modules/happy-dom/lib/fetch/Fetch.js:540:21
 ❯ ClientRequest.emit node:events:530:35
 ❯ emitErrorEvent node:_http_client:104:11
 ❯ Socket.socketErrorListener node:_http_client:518:5
 ❯ Socket.emit node:events:518:28
 ❯ emitErrorNT node:internal/streams/destroy:170:8
 ❯ emitErrorCloseNT node:internal/streams/destroy:129:3
 ❯ processTicksAndRejections node:internal/process/task_queues:90:21

This error originated in ".claude/worktrees/jovial-germain-89e4df/client/src/contexts/__tests__/wishlist-context.test.tsx" test file. It doesn't mean the error was thrown inside the file itself, but while it was running.

⎯⎯⎯⎯ Unhandled Rejection ⎯⎯⎯⎯⎯
NetworkError: Failed to execute "fetch()" on "Window" with URL "http://localhost:3000/login": The operation was aborted.
 ❯ Fetch.onError node_modules/.pnpm/happy-dom@20.0.11/node_modules/happy-dom/lib/fetch/Fetch.js:540:21
 ❯ ClientRequest.emit node:events:530:35
 ❯ emitErrorEvent node:_http_client:104:11
 ❯ Socket.socketErrorListener node:_http_client:518:5
 ❯ Socket.emit node:events:518:28
 ❯ emitErrorNT node:internal/streams/destroy:170:8
 ❯ emitErrorCloseNT node:internal/streams/destroy:129:3
 ❯ processTicksAndRejections node:internal/process/task_queues:90:21

This error originated in ".claude/worktrees/jovial-germain-89e4df/client/src/contexts/__tests__/wishlist-context.test.tsx" test file. It doesn't mean the error was thrown inside the file itself, but while it was running.

⎯⎯⎯⎯ Unhandled Rejection ⎯⎯⎯⎯⎯
NetworkError: Failed to execute "fetch()" on "Window" with URL "http://localhost:3000/login": The operation was aborted.
 ❯ Fetch.onError node_modules/.pnpm/happy-dom@20.0.11/node_modules/happy-dom/lib/fetch/Fetch.js:540:21
 ❯ ClientRequest.emit node:events:530:35
 ❯ emitErrorEvent node:_http_client:104:11
 ❯ Socket.socketErrorListener node:_http_client:518:5
 ❯ Socket.emit node:events:518:28
 ❯ emitErrorNT node:internal/streams/destroy:170:8
 ❯ emitErrorCloseNT node:internal/streams/destroy:129:3
 ❯ processTicksAndRejections node:internal/process/task_queues:90:21

This error originated in ".claude/worktrees/jovial-germain-89e4df/client/src/contexts/__tests__/wishlist-context.test.tsx" test file. It doesn't mean the error was thrown inside the file itself, but while it was running.

⎯⎯⎯⎯ Unhandled Rejection ⎯⎯⎯⎯⎯
NetworkError: Failed to execute "fetch()" on "Window" with URL "http://localhost:3000/login": The operation was aborted.
 ❯ Fetch.onError node_modules/.pnpm/happy-dom@20.0.11/node_modules/happy-dom/lib/fetch/Fetch.js:540:21
 ❯ ClientRequest.emit node:events:530:35
 ❯ emitErrorEvent node:_http_client:104:11
 ❯ Socket.socketErrorListener node:_http_client:518:5
 ❯ Socket.emit node:events:518:28
 ❯ emitErrorNT node:internal/streams/destroy:170:8
 ❯ emitErrorCloseNT node:internal/streams/destroy:129:3
 ❯ processTicksAndRejections node:internal/process/task_queues:90:21

This error originated in ".claude/worktrees/jovial-germain-89e4df/client/src/contexts/__tests__/wishlist-context.test.tsx" test file. It doesn't mean the error was thrown inside the file itself, but while it was running.

⎯⎯⎯⎯ Unhandled Rejection ⎯⎯⎯⎯⎯
NetworkError: Failed to execute "fetch()" on "Window" with URL "http://localhost:3000/api/capi/event": The operation was aborted.
 ❯ Fetch.onError node_modules/.pnpm/happy-dom@20.0.11/node_modules/happy-dom/lib/fetch/Fetch.js:540:21
 ❯ ClientRequest.emit node:events:530:35
 ❯ emitErrorEvent node:_http_client:104:11
 ❯ Socket.socketErrorListener node:_http_client:518:5
 ❯ Socket.emit node:events:518:28
 ❯ emitErrorNT node:internal/streams/destroy:170:8
 ❯ emitErrorCloseNT node:internal/streams/destroy:129:3
 ❯ processTicksAndRejections node:internal/process/task_queues:90:21

This error originated in "client/src/contexts/__tests__/wishlist-context.test.tsx" test file. It doesn't mean the error was thrown inside the file itself, but while it was running.

⎯⎯⎯⎯ Unhandled Rejection ⎯⎯⎯⎯⎯
NetworkError: Failed to execute "fetch()" on "Window" with URL "http://localhost:3000/api/capi/event": The operation was aborted.
 ❯ Fetch.onError node_modules/.pnpm/happy-dom@20.0.11/node_modules/happy-dom/lib/fetch/Fetch.js:540:21
 ❯ ClientRequest.emit node:events:530:35
 ❯ emitErrorEvent node:_http_client:104:11
 ❯ Socket.socketErrorListener node:_http_client:518:5
 ❯ Socket.emit node:events:518:28
 ❯ emitErrorNT node:internal/streams/destroy:170:8
 ❯ emitErrorCloseNT node:internal/streams/destroy:129:3
 ❯ processTicksAndRejections node:internal/process/task_queues:90:21

This error originated in "client/src/contexts/__tests__/wishlist-context.test.tsx" test file. It doesn't mean the error was thrown inside the file itself, but while it was running.

⎯⎯⎯⎯ Unhandled Rejection ⎯⎯⎯⎯⎯
NetworkError: Failed to execute "fetch()" on "Window" with URL "http://localhost:3000/api/capi/event": The operation was aborted.
 ❯ Fetch.onError node_modules/.pnpm/happy-dom@20.0.11/node_modules/happy-dom/lib/fetch/Fetch.js:540:21
 ❯ ClientRequest.emit node:events:530:35
 ❯ emitErrorEvent node:_http_client:104:11
 ❯ Socket.socketErrorListener node:_http_client:518:5
 ❯ Socket.emit node:events:518:28
 ❯ emitErrorNT node:internal/streams/destroy:170:8
 ❯ emitErrorCloseNT node:internal/streams/destroy:129:3
 ❯ processTicksAndRejections node:internal/process/task_queues:90:21

This error originated in "client/src/contexts/__tests__/wishlist-context.test.tsx" test file. It doesn't mean the error was thrown inside the file itself, but while it was running.

⎯⎯⎯⎯ Unhandled Rejection ⎯⎯⎯⎯⎯
NetworkError: Failed to execute "fetch()" on "Window" with URL "http://localhost:3000/api/capi/event": The operation was aborted.
 ❯ Fetch.onError node_modules/.pnpm/happy-dom@20.0.11/node_modules/happy-dom/lib/fetch/Fetch.js:540:21
 ❯ ClientRequest.emit node:events:530:35
 ❯ emitErrorEvent node:_http_client:104:11
 ❯ Socket.socketErrorListener node:_http_client:518:5
 ❯ Socket.emit node:events:518:28
 ❯ emitErrorNT node:internal/streams/destroy:170:8
 ❯ emitErrorCloseNT node:internal/streams/destroy:129:3
 ❯ processTicksAndRejections node:internal/process/task_queues:90:21

This error originated in "client/src/contexts/__tests__/wishlist-context.test.tsx" test file. It doesn't mean the error was thrown inside the file itself, but while it was running.

⎯⎯⎯⎯ Unhandled Rejection ⎯⎯⎯⎯⎯
NetworkError: Failed to execute "fetch()" on "Window" with URL "http://localhost:3000/api/capi/event": The operation was aborted.
 ❯ Fetch.onError node_modules/.pnpm/happy-dom@20.0.11/node_modules/happy-dom/lib/fetch/Fetch.js:540:21
 ❯ ClientRequest.emit node:events:530:35
 ❯ emitErrorEvent node:_http_client:104:11
 ❯ Socket.socketErrorListener node:_http_client:518:5
 ❯ Socket.emit node:events:518:28
 ❯ emitErrorNT node:internal/streams/destroy:170:8
 ❯ emitErrorCloseNT node:internal/streams/destroy:129:3
 ❯ processTicksAndRejections node:internal/process/task_queues:90:21

This error originated in "client/src/contexts/__tests__/wishlist-context.test.tsx" test file. It doesn't mean the error was thrown inside the file itself, but while it was running.

⎯⎯⎯⎯ Unhandled Rejection ⎯⎯⎯⎯⎯
NetworkError: Failed to execute "fetch()" on "Window" with URL "http://localhost:3000/api/capi/event": The operation was aborted.
 ❯ Fetch.onError node_modules/.pnpm/happy-dom@20.0.11/node_modules/happy-dom/lib/fetch/Fetch.js:540:21
 ❯ ClientRequest.emit node:events:530:35
 ❯ emitErrorEvent node:_http_client:104:11
 ❯ Socket.socketErrorListener node:_http_client:518:5
 ❯ Socket.emit node:events:518:28
 ❯ emitErrorNT node:internal/streams/destroy:170:8
 ❯ emitErrorCloseNT node:internal/streams/destroy:129:3
 ❯ processTicksAndRejections node:internal/process/task_queues:90:21

This error originated in "client/src/contexts/__tests__/wishlist-context.test.tsx" test file. It doesn't mean the error was thrown inside the file itself, but while it was running.

⎯⎯⎯⎯ Unhandled Rejection ⎯⎯⎯⎯⎯
NetworkError: Failed to execute "fetch()" on "Window" with URL "http://localhost:3000/api/capi/event": The operation was aborted.
 ❯ Fetch.onError node_modules/.pnpm/happy-dom@20.0.11/node_modules/happy-dom/lib/fetch/Fetch.js:540:21
 ❯ ClientRequest.emit node:events:530:35
 ❯ emitErrorEvent node:_http_client:104:11
 ❯ Socket.socketErrorListener node:_http_client:518:5
 ❯ Socket.emit node:events:518:28
 ❯ emitErrorNT node:internal/streams/destroy:170:8
 ❯ emitErrorCloseNT node:internal/streams/destroy:129:3
 ❯ processTicksAndRejections node:internal/process/task_queues:90:21

This error originated in ".claude/worktrees/hardcore-noether-c55378/client/src/contexts/__tests__/wishlist-context.test.tsx" test file. It doesn't mean the error was thrown inside the file itself, but while it was running.

⎯⎯⎯⎯ Unhandled Rejection ⎯⎯⎯⎯⎯
NetworkError: Failed to execute "fetch()" on "Window" with URL "http://localhost:3000/api/capi/event": The operation was aborted.
 ❯ Fetch.onError node_modules/.pnpm/happy-dom@20.0.11/node_modules/happy-dom/lib/fetch/Fetch.js:540:21
 ❯ ClientRequest.emit node:events:530:35
 ❯ emitErrorEvent node:_http_client:104:11
 ❯ Socket.socketErrorListener node:_http_client:518:5
 ❯ Socket.emit node:events:518:28
 ❯ emitErrorNT node:internal/streams/destroy:170:8
 ❯ emitErrorCloseNT node:internal/streams/destroy:129:3
 ❯ processTicksAndRejections node:internal/process/task_queues:90:21

This error originated in ".claude/worktrees/hardcore-noether-c55378/client/src/contexts/__tests__/wishlist-context.test.tsx" test file. It doesn't mean the error was thrown inside the file itself, but while it was running.

⎯⎯⎯⎯ Unhandled Rejection ⎯⎯⎯⎯⎯
NetworkError: Failed to execute "fetch()" on "Window" with URL "http://localhost:3000/login": The operation was aborted.
 ❯ Fetch.onError node_modules/.pnpm/happy-dom@20.0.11/node_modules/happy-dom/lib/fetch/Fetch.js:540:21
 ❯ ClientRequest.emit node:events:530:35
 ❯ emitErrorEvent node:_http_client:104:11
 ❯ Socket.socketErrorListener node:_http_client:518:5
 ❯ Socket.emit node:events:518:28
 ❯ emitErrorNT node:internal/streams/destroy:170:8
 ❯ emitErrorCloseNT node:internal/streams/destroy:129:3
 ❯ processTicksAndRejections node:internal/process/task_queues:90:21

This error originated in ".claude/worktrees/hardcore-noether-c55378/client/src/contexts/__tests__/wishlist-context.test.tsx" test file. It doesn't mean the error was thrown inside the file itself, but while it was running.

⎯⎯⎯⎯ Unhandled Rejection ⎯⎯⎯⎯⎯
NetworkError: Failed to execute "fetch()" on "Window" with URL "http://localhost:3000/login": The operation was aborted.
 ❯ Fetch.onError node_modules/.pnpm/happy-dom@20.0.11/node_modules/happy-dom/lib/fetch/Fetch.js:540:21
 ❯ ClientRequest.emit node:events:530:35
 ❯ emitErrorEvent node:_http_client:104:11
 ❯ Socket.socketErrorListener node:_http_client:518:5
 ❯ Socket.emit node:events:518:28
 ❯ emitErrorNT node:internal/streams/destroy:170:8
 ❯ emitErrorCloseNT node:internal/streams/destroy:129:3
 ❯ processTicksAndRejections node:internal/process/task_queues:90:21

This error originated in ".claude/worktrees/hardcore-noether-c55378/client/src/contexts/__tests__/wishlist-context.test.tsx" test file. It doesn't mean the error was thrown inside the file itself, but while it was running.
⎯⎯⎯⎯⎯⎯⎯⎯⎯⎯⎯⎯⎯⎯⎯⎯⎯⎯⎯⎯⎯⎯⎯⎯⎯⎯⎯⎯⎯⎯


[2m Test Files [22m [1m[31m247 failed[39m[22m[2m | [22m[1m[32m66 passed[39m[22m[90m (313)[39m
[2m      Tests [22m [1m[31m1155 failed[39m[22m[2m | [22m[1m[32m1463 passed[39m[22m[90m (2618)[39m
[2m     Errors [22m [1m[31m16 errors[39m[22m
[2m   Start at [22m 12:22:48
[2m   Duration [22m 129.29s[2m (transform 83.42s, setup 757.07s, import 311.23s, tests 68.50s, environment 637.36s)[22m

